[2026-04-11T01:41:57.155+0530][0.009s][info][gc,init] Initializing The Z Garbage Collector
[2026-04-11T01:41:57.155+0530][0.009s][info][gc,init] Version: 21.0.10+8-LTS-217 (release)
[2026-04-11T01:41:57.155+0530][0.009s][info][gc,init] Using legacy single-generation mode
[2026-04-11T01:41:57.155+0530][0.009s][info][gc,init] NUMA Support: Disabled
[2026-04-11T01:41:57.155+0530][0.009s][info][gc,init] CPUs: 12 total, 12 available
[2026-04-11T01:41:57.155+0530][0.009s][info][gc,init] Memory: 16076M
[2026-04-11T01:41:57.155+0530][0.009s][info][gc,init] Large Page Support: Disabled
[2026-04-11T01:41:57.155+0530][0.009s][info][gc,init] GC Workers: 3 (dynamic)
[2026-04-11T01:41:57.155+0530][0.010s][info][gc,init] Address Space Type: Contiguous/Unrestricted/Complete
[2026-04-11T01:41:57.158+0530][0.012s][info][gc,init] Address Space Size: 131072M x 3 = 393216M
[2026-04-11T01:41:57.158+0530][0.012s][info][gc,init] Min Capacity: 4096M
[2026-04-11T01:41:57.158+0530][0.012s][info][gc,init] Initial Capacity: 4096M
[2026-04-11T01:41:57.158+0530][0.012s][info][gc,init] Max Capacity: 8192M
[2026-04-11T01:41:57.158+0530][0.012s][info][gc,init] Medium Page Size: 32M
[2026-04-11T01:41:57.158+0530][0.012s][info][gc,init] Pre-touch: Enabled
[2026-04-11T01:41:57.158+0530][0.012s][info][gc,init] Uncommit: Enabled
[2026-04-11T01:41:57.158+0530][0.012s][info][gc,init] Uncommit Delay: 300s
[2026-04-11T01:41:58.525+0530][1.379s][info][gc,init] Runtime Workers: 8
[2026-04-11T01:41:58.526+0530][1.380s][info][gc     ] Using The Z Garbage Collector
[2026-04-11T01:41:58.541+0530][1.394s][info][gc,metaspace] CDS archive(s) mapped at: [0x000001f50f000000-0x000001f50fc90000-0x000001f50fc90000), size 13172736, SharedBaseAddress: 0x000001f50f000000, ArchiveRelocationMode: 1.
[2026-04-11T01:41:58.541+0530][1.395s][info][gc,metaspace] Compressed class space mapped at: 0x000001f510000000-0x000001f550000000, reserved size: 1073741824
[2026-04-11T01:41:58.541+0530][1.395s][info][gc,metaspace] Narrow klass base: 0x000001f50f000000, Narrow klass shift: 0, Narrow klass range: 0x100000000
[2026-04-11T01:42:00.564+0530][3.418s][info][gc,start    ] GC(0) Garbage Collection (Warmup)
[2026-04-11T01:42:00.564+0530][3.418s][info][gc,task     ] GC(0) Using 3 workers
[2026-04-11T01:42:00.564+0530][3.418s][info][gc,phases   ] GC(0) Pause Mark Start 0.011ms
[2026-04-11T01:42:00.658+0530][3.511s][info][gc,phases   ] GC(0) Concurrent Mark 92.860ms
[2026-04-11T01:42:00.658+0530][3.512s][info][gc,phases   ] GC(0) Pause Mark End 0.042ms
[2026-04-11T01:42:00.659+0530][3.513s][info][gc,phases   ] GC(0) Concurrent Mark Free 0.002ms
[2026-04-11T01:42:00.666+0530][3.519s][info][gc,phases   ] GC(0) Concurrent Process Non-Strong References 6.369ms
[2026-04-11T01:42:00.666+0530][3.519s][info][gc,phases   ] GC(0) Concurrent Reset Relocation Set 0.001ms
[2026-04-11T01:42:00.685+0530][3.538s][info][gc,phases   ] GC(0) Concurrent Select Relocation Set 18.651ms
[2026-04-11T01:42:00.685+0530][3.538s][info][gc,phases   ] GC(0) Pause Relocate Start 0.016ms
[2026-04-11T01:42:00.726+0530][3.580s][info][gc,phases   ] GC(0) Concurrent Relocate 41.680ms
[2026-04-11T01:42:00.726+0530][3.581s][info][gc,load     ] GC(0) Load: 0.00/0.00/0.00
[2026-04-11T01:42:00.726+0530][3.581s][info][gc,mmu      ] GC(0) MMU: 2ms/97.9%, 5ms/99.2%, 10ms/99.6%, 20ms/99.8%, 50ms/99.9%, 100ms/99.9%
[2026-04-11T01:42:00.726+0530][3.581s][info][gc,marking  ] GC(0) Mark: 2 stripe(s), 2 proactive flush(es), 1 terminate flush(es), 0 completion(s), 0 continuation(s) 
[2026-04-11T01:42:00.726+0530][3.581s][info][gc,marking  ] GC(0) Mark Stack Usage: 32M
[2026-04-11T01:42:00.726+0530][3.581s][info][gc,nmethod  ] GC(0) NMethods: 1407 registered, 380 unregistered
[2026-04-11T01:42:00.726+0530][3.581s][info][gc,metaspace] GC(0) Metaspace: 6M used, 6M committed, 1088M reserved
[2026-04-11T01:42:00.726+0530][3.581s][info][gc,ref      ] GC(0) Soft: 280 encountered, 0 discovered, 0 enqueued
[2026-04-11T01:42:00.728+0530][3.581s][info][gc,ref      ] GC(0) Weak: 858 encountered, 606 discovered, 262 enqueued
[2026-04-11T01:42:00.728+0530][3.581s][info][gc,ref      ] GC(0) Final: 0 encountered, 0 discovered, 0 enqueued
[2026-04-11T01:42:00.728+0530][3.582s][info][gc,ref      ] GC(0) Phantom: 136 encountered, 73 discovered, 0 enqueued
[2026-04-11T01:42:00.728+0530][3.582s][info][gc,reloc    ] GC(0) Small Pages: 402 / 804M, Empty: 148M, Relocated: 41M, In-Place: 0
[2026-04-11T01:42:00.728+0530][3.582s][info][gc,reloc    ] GC(0) Medium Pages: 1 / 32M, Empty: 0M, Relocated: 0M, In-Place: 0
[2026-04-11T01:42:00.728+0530][3.582s][info][gc,reloc    ] GC(0) Large Pages: 0 / 0M, Empty: 0M, Relocated: 0M, In-Place: 0
[2026-04-11T01:42:00.728+0530][3.582s][info][gc,reloc    ] GC(0) Forwarding Usage: 15M
[2026-04-11T01:42:00.728+0530][3.582s][info][gc,heap     ] GC(0) Min Capacity: 4096M(50%)
[2026-04-11T01:42:00.728+0530][3.582s][info][gc,heap     ] GC(0) Max Capacity: 8192M(100%)
[2026-04-11T01:42:00.728+0530][3.582s][info][gc,heap     ] GC(0) Soft Max Capacity: 8192M(100%)
[2026-04-11T01:42:00.728+0530][3.582s][info][gc,heap     ] GC(0)                Mark Start          Mark End        Relocate Start      Relocate End           High               Low         
[2026-04-11T01:42:00.729+0530][3.582s][info][gc,heap     ] GC(0)  Capacity:     4096M (50%)        4096M (50%)        4096M (50%)        4096M (50%)        4096M (50%)        4096M (50%)    
[2026-04-11T01:42:00.729+0530][3.582s][info][gc,heap     ] GC(0)      Free:     7356M (90%)        7294M (89%)        7432M (91%)        7982M (97%)        8004M (98%)        7290M (89%)    
[2026-04-11T01:42:00.729+0530][3.582s][info][gc,heap     ] GC(0)      Used:      836M (10%)         898M (11%)         760M (9%)          210M (3%)          902M (11%)         188M (2%)     
[2026-04-11T01:42:00.729+0530][3.582s][info][gc,heap     ] GC(0)      Live:         -                54M (1%)           54M (1%)           54M (1%)             -                  -          
[2026-04-11T01:42:00.729+0530][3.582s][info][gc,heap     ] GC(0) Allocated:         -                62M (1%)           72M (1%)          125M (2%)             -                  -          
[2026-04-11T01:42:00.729+0530][3.582s][info][gc,heap     ] GC(0)   Garbage:         -               781M (10%)         633M (8%)           30M (0%)             -                  -          
[2026-04-11T01:42:00.729+0530][3.582s][info][gc,heap     ] GC(0) Reclaimed:         -                  -               148M (2%)          751M (9%)             -                  -          
[2026-04-11T01:42:00.729+0530][3.582s][info][gc          ] GC(0) Garbage Collection (Warmup) 836M(10%)->210M(3%)
[2026-04-11T01:42:02.757+0530][5.611s][info][gc,start    ] GC(1) Garbage Collection (Warmup)
[2026-04-11T01:42:02.757+0530][5.611s][info][gc,task     ] GC(1) Using 3 workers
[2026-04-11T01:42:02.757+0530][5.611s][info][gc,phases   ] GC(1) Pause Mark Start 0.011ms
[2026-04-11T01:42:02.913+0530][5.767s][info][gc,phases   ] GC(1) Concurrent Mark 155.382ms
[2026-04-11T01:42:02.913+0530][5.767s][info][gc,phases   ] GC(1) Pause Mark End 0.025ms
[2026-04-11T01:42:02.914+0530][5.767s][info][gc,phases   ] GC(1) Concurrent Mark Free 0.001ms
[2026-04-11T01:42:02.916+0530][5.770s][info][gc,phases   ] GC(1) Concurrent Process Non-Strong References 2.262ms
[2026-04-11T01:42:02.916+0530][5.770s][info][gc,phases   ] GC(1) Concurrent Reset Relocation Set 0.019ms
[2026-04-11T01:42:02.920+0530][5.774s][info][gc,phases   ] GC(1) Concurrent Select Relocation Set 4.689ms
[2026-04-11T01:42:02.920+0530][5.775s][info][gc,phases   ] GC(1) Pause Relocate Start 0.013ms
[2026-04-11T01:42:02.943+0530][5.796s][info][gc,phases   ] GC(1) Concurrent Relocate 21.308ms
[2026-04-11T01:42:02.943+0530][5.796s][info][gc,load     ] GC(1) Load: 0.00/0.00/0.00
[2026-04-11T01:42:02.943+0530][5.796s][info][gc,mmu      ] GC(1) MMU: 2ms/97.9%, 5ms/99.2%, 10ms/99.6%, 20ms/99.8%, 50ms/99.9%, 100ms/99.9%
[2026-04-11T01:42:02.943+0530][5.797s][info][gc,marking  ] GC(1) Mark: 2 stripe(s), 2 proactive flush(es), 1 terminate flush(es), 0 completion(s), 0 continuation(s) 
[2026-04-11T01:42:02.943+0530][5.797s][info][gc,marking  ] GC(1) Mark Stack Usage: 32M
[2026-04-11T01:42:02.943+0530][5.797s][info][gc,nmethod  ] GC(1) NMethods: 1417 registered, 415 unregistered
[2026-04-11T01:42:02.943+0530][5.797s][info][gc,metaspace] GC(1) Metaspace: 6M used, 6M committed, 1088M reserved
[2026-04-11T01:42:02.943+0530][5.797s][info][gc,ref      ] GC(1) Soft: 280 encountered, 0 discovered, 0 enqueued
[2026-04-11T01:42:02.943+0530][5.797s][info][gc,ref      ] GC(1) Weak: 596 encountered, 385 discovered, 0 enqueued
[2026-04-11T01:42:02.943+0530][5.797s][info][gc,ref      ] GC(1) Final: 0 encountered, 0 discovered, 0 enqueued
[2026-04-11T01:42:02.943+0530][5.797s][info][gc,ref      ] GC(1) Phantom: 136 encountered, 45 discovered, 0 enqueued
[2026-04-11T01:42:02.943+0530][5.797s][info][gc,reloc    ] GC(1) Small Pages: 816 / 1632M, Empty: 398M, Relocated: 36M, In-Place: 0
[2026-04-11T01:42:02.943+0530][5.797s][info][gc,reloc    ] GC(1) Medium Pages: 2 / 64M, Empty: 32M, Relocated: 0M, In-Place: 0
[2026-04-11T01:42:02.943+0530][5.797s][info][gc,reloc    ] GC(1) Large Pages: 4 / 24M, Empty: 0M, Relocated: 0M, In-Place: 0
[2026-04-11T01:42:02.943+0530][5.797s][info][gc,reloc    ] GC(1) Forwarding Usage: 9M
[2026-04-11T01:42:02.943+0530][5.797s][info][gc,heap     ] GC(1) Min Capacity: 4096M(50%)
[2026-04-11T01:42:02.943+0530][5.797s][info][gc,heap     ] GC(1) Max Capacity: 8192M(100%)
[2026-04-11T01:42:02.943+0530][5.797s][info][gc,heap     ] GC(1) Soft Max Capacity: 8192M(100%)
[2026-04-11T01:42:02.944+0530][5.797s][info][gc,heap     ] GC(1)                Mark Start          Mark End        Relocate Start      Relocate End           High               Low         
[2026-04-11T01:42:02.944+0530][5.797s][info][gc,heap     ] GC(1)  Capacity:     4096M (50%)        4096M (50%)        4096M (50%)        4096M (50%)        4096M (50%)        4096M (50%)    
[2026-04-11T01:42:02.944+0530][5.797s][info][gc,heap     ] GC(1)      Free:     6472M (79%)        6366M (78%)        6792M (83%)        7924M (97%)        7924M (97%)        6364M (78%)    
[2026-04-11T01:42:02.944+0530][5.797s][info][gc,heap     ] GC(1)      Used:     1720M (21%)        1826M (22%)        1400M (17%)         268M (3%)         1828M (22%)         268M (3%)     
[2026-04-11T01:42:02.944+0530][5.797s][info][gc,heap     ] GC(1)      Live:         -               101M (1%)          101M (1%)          101M (1%)             -                  -          
[2026-04-11T01:42:02.944+0530][5.797s][info][gc,heap     ] GC(1) Allocated:         -               106M (1%)          110M (1%)          129M (2%)             -                  -          
[2026-04-11T01:42:02.944+0530][5.797s][info][gc,heap     ] GC(1)   Garbage:         -              1618M (20%)        1188M (15%)          36M (0%)             -                  -          
[2026-04-11T01:42:02.944+0530][5.797s][info][gc,heap     ] GC(1) Reclaimed:         -                  -               430M (5%)         1581M (19%)            -                  -          
[2026-04-11T01:42:02.944+0530][5.797s][info][gc          ] GC(1) Garbage Collection (Warmup) 1720M(21%)->268M(3%)
[2026-04-11T01:42:05.560+0530][8.413s][info][gc,start    ] GC(2) Garbage Collection (Warmup)
[2026-04-11T01:42:05.560+0530][8.413s][info][gc,task     ] GC(2) Using 3 workers
[2026-04-11T01:42:05.560+0530][8.413s][info][gc,phases   ] GC(2) Pause Mark Start 0.010ms
[2026-04-11T01:42:05.701+0530][8.555s][info][gc,phases   ] GC(2) Concurrent Mark 140.952ms
[2026-04-11T01:42:05.701+0530][8.555s][info][gc,phases   ] GC(2) Pause Mark End 0.019ms
[2026-04-11T01:42:05.701+0530][8.555s][info][gc,phases   ] GC(2) Concurrent Mark Free 0.001ms
[2026-04-11T01:42:05.703+0530][8.557s][info][gc,phases   ] GC(2) Concurrent Process Non-Strong References 2.058ms
[2026-04-11T01:42:05.703+0530][8.557s][info][gc,phases   ] GC(2) Concurrent Reset Relocation Set 0.033ms
[2026-04-11T01:42:05.717+0530][8.570s][info][gc,phases   ] GC(2) Concurrent Select Relocation Set 12.876ms
[2026-04-11T01:42:05.717+0530][8.571s][info][gc,phases   ] GC(2) Pause Relocate Start 0.018ms
[2026-04-11T01:42:05.751+0530][8.605s][info][gc,phases   ] GC(2) Concurrent Relocate 34.462ms
[2026-04-11T01:42:05.751+0530][8.605s][info][gc,load     ] GC(2) Load: 0.00/0.00/0.00
[2026-04-11T01:42:05.751+0530][8.605s][info][gc,mmu      ] GC(2) MMU: 2ms/97.9%, 5ms/99.2%, 10ms/99.6%, 20ms/99.8%, 50ms/99.9%, 100ms/99.9%
[2026-04-11T01:42:05.751+0530][8.605s][info][gc,marking  ] GC(2) Mark: 2 stripe(s), 3 proactive flush(es), 1 terminate flush(es), 0 completion(s), 0 continuation(s) 
[2026-04-11T01:42:05.751+0530][8.606s][info][gc,marking  ] GC(2) Mark Stack Usage: 32M
[2026-04-11T01:42:05.751+0530][8.606s][info][gc,nmethod  ] GC(2) NMethods: 1417 registered, 438 unregistered
[2026-04-11T01:42:05.751+0530][8.606s][info][gc,metaspace] GC(2) Metaspace: 6M used, 6M committed, 1088M reserved
[2026-04-11T01:42:05.751+0530][8.606s][info][gc,ref      ] GC(2) Soft: 280 encountered, 0 discovered, 0 enqueued
[2026-04-11T01:42:05.751+0530][8.606s][info][gc,ref      ] GC(2) Weak: 599 encountered, 292 discovered, 0 enqueued
[2026-04-11T01:42:05.751+0530][8.606s][info][gc,ref      ] GC(2) Final: 0 encountered, 0 discovered, 0 enqueued
[2026-04-11T01:42:05.751+0530][8.606s][info][gc,ref      ] GC(2) Phantom: 136 encountered, 56 discovered, 0 enqueued
[2026-04-11T01:42:05.751+0530][8.606s][info][gc,reloc    ] GC(2) Small Pages: 1234 / 2468M, Empty: 534M, Relocated: 55M, In-Place: 0
[2026-04-11T01:42:05.751+0530][8.606s][info][gc,reloc    ] GC(2) Medium Pages: 1 / 32M, Empty: 0M, Relocated: 0M, In-Place: 0
[2026-04-11T01:42:05.751+0530][8.606s][info][gc,reloc    ] GC(2) Large Pages: 4 / 24M, Empty: 0M, Relocated: 0M, In-Place: 0
[2026-04-11T01:42:05.751+0530][8.606s][info][gc,reloc    ] GC(2) Forwarding Usage: 13M
[2026-04-11T01:42:05.751+0530][8.606s][info][gc,heap     ] GC(2) Min Capacity: 4096M(50%)
[2026-04-11T01:42:05.751+0530][8.606s][info][gc,heap     ] GC(2) Max Capacity: 8192M(100%)
[2026-04-11T01:42:05.751+0530][8.606s][info][gc,heap     ] GC(2) Soft Max Capacity: 8192M(100%)
[2026-04-11T01:42:05.751+0530][8.606s][info][gc,heap     ] GC(2)                Mark Start          Mark End        Relocate Start      Relocate End           High               Low         
[2026-04-11T01:42:05.751+0530][8.606s][info][gc,heap     ] GC(2)  Capacity:     4096M (50%)        4096M (50%)        4096M (50%)        4096M (50%)        4096M (50%)        4096M (50%)    
[2026-04-11T01:42:05.751+0530][8.606s][info][gc,heap     ] GC(2)      Free:     5668M (69%)        5560M (68%)        6084M (74%)        7914M (97%)        7914M (97%)        5558M (68%)    
[2026-04-11T01:42:05.751+0530][8.606s][info][gc,heap     ] GC(2)      Used:     2524M (31%)        2632M (32%)        2108M (26%)         278M (3%)         2634M (32%)         278M (3%)     
[2026-04-11T01:42:05.751+0530][8.606s][info][gc,heap     ] GC(2)      Live:         -               106M (1%)          106M (1%)          106M (1%)             -                  -          
[2026-04-11T01:42:05.751+0530][8.606s][info][gc,heap     ] GC(2) Allocated:         -               108M (1%)          118M (1%)          137M (2%)             -                  -          
[2026-04-11T01:42:05.751+0530][8.606s][info][gc,heap     ] GC(2)   Garbage:         -              2417M (30%)        1883M (23%)          33M (0%)             -                  -          
[2026-04-11T01:42:05.751+0530][8.606s][info][gc,heap     ] GC(2) Reclaimed:         -                  -               534M (7%)         2383M (29%)            -                  -          
[2026-04-11T01:42:05.751+0530][8.606s][info][gc          ] GC(2) Garbage Collection (Warmup) 2524M(31%)->278M(3%)
[2026-04-11T01:42:07.551+0530][10.404s][info][gc,stats    ] === Garbage Collection Statistics =======================================================================================================================
[2026-04-11T01:42:07.551+0530][10.404s][info][gc,stats    ]                                                              Last 10s              Last 10m              Last 10h                Total
[2026-04-11T01:42:07.551+0530][10.404s][info][gc,stats    ]                                                              Avg / Max             Avg / Max             Avg / Max             Avg / Max
[2026-04-11T01:42:07.551+0530][10.404s][info][gc,stats    ]   Collector: Garbage Collection Cycle                    180.415 / 192.428     180.415 / 192.428     180.415 / 192.428     180.415 / 192.428     ms
[2026-04-11T01:42:07.551+0530][10.405s][info][gc,stats    ]  Contention: Mark Segment Reset Contention                     2 / 13                2 / 13                2 / 13                2 / 13          ops/s
[2026-04-11T01:42:07.551+0530][10.405s][info][gc,stats    ]  Contention: Mark SeqNum Reset Contention                      0 / 0                 0 / 0                 0 / 0                 0 / 0           ops/s
[2026-04-11T01:42:07.551+0530][10.405s][info][gc,stats    ]    Critical: Allocation Stall                                  0 / 0                 0 / 0                 0 / 0                 0 / 0           ops/s
[2026-04-11T01:42:07.551+0530][10.405s][info][gc,stats    ]    Critical: Allocation Stall                              0.000 / 0.000         0.000 / 0.000         0.000 / 0.000         0.000 / 0.000       ms
[2026-04-11T01:42:07.551+0530][10.405s][info][gc,stats    ]    Critical: GC Locker Stall                                   0 / 0                 0 / 0                 0 / 0                 0 / 0           ops/s
[2026-04-11T01:42:07.551+0530][10.405s][info][gc,stats    ]    Critical: GC Locker Stall                               0.000 / 0.000         0.000 / 0.000         0.000 / 0.000         0.000 / 0.000       ms
[2026-04-11T01:42:07.551+0530][10.405s][info][gc,stats    ]    Critical: Relocation Stall                                  0 / 0                 0 / 0                 0 / 0                 0 / 0           ops/s
[2026-04-11T01:42:07.551+0530][10.405s][info][gc,stats    ]    Critical: Relocation Stall                              0.000 / 0.000         0.000 / 0.000         0.000 / 0.000         0.000 / 0.000       ms
[2026-04-11T01:42:07.551+0530][10.405s][info][gc,stats    ]      Memory: Allocation Rate                                 733 / 918             733 / 918             733 / 918             733 / 918         MB/s
[2026-04-11T01:42:07.551+0530][10.405s][info][gc,stats    ]      Memory: Defragment                                        0 / 0                 0 / 0                 0 / 0                 0 / 0           ops/s
[2026-04-11T01:42:07.551+0530][10.405s][info][gc,stats    ]      Memory: Out Of Memory                                     0 / 0                 0 / 0                 0 / 0                 0 / 0           ops/s
[2026-04-11T01:42:07.551+0530][10.405s][info][gc,stats    ]      Memory: Page Cache Flush                                  0 / 0                 0 / 0                 0 / 0                 0 / 0           MB/s
[2026-04-11T01:42:07.551+0530][10.405s][info][gc,stats    ]      Memory: Page Cache Hit L1                               226 / 458             226 / 458             226 / 458             226 / 458         ops/s
[2026-04-11T01:42:07.551+0530][10.405s][info][gc,stats    ]      Memory: Page Cache Hit L2                                 0 / 0                 0 / 0                 0 / 0                 0 / 0           ops/s
[2026-04-11T01:42:07.551+0530][10.405s][info][gc,stats    ]      Memory: Page Cache Hit L3                               143 / 364             143 / 364             143 / 364             143 / 364         ops/s
[2026-04-11T01:42:07.552+0530][10.405s][info][gc,stats    ]      Memory: Page Cache Miss                                   0 / 1                 0 / 1                 0 / 1                 0 / 1           ops/s
[2026-04-11T01:42:07.552+0530][10.405s][info][gc,stats    ]      Memory: Uncommit                                          0 / 0                 0 / 0                 0 / 0                 0 / 0           MB/s
[2026-04-11T01:42:07.552+0530][10.405s][info][gc,stats    ]      Memory: Undo Object Allocation Failed                     0 / 0                 0 / 0                 0 / 0                 0 / 0           ops/s
[2026-04-11T01:42:07.552+0530][10.405s][info][gc,stats    ]      Memory: Undo Object Allocation Succeeded                  0 / 2                 0 / 2                 0 / 2                 0 / 2           ops/s
[2026-04-11T01:42:07.552+0530][10.405s][info][gc,stats    ]      Memory: Undo Page Allocation                              0 / 0                 0 / 0                 0 / 0                 0 / 0           ops/s
[2026-04-11T01:42:07.552+0530][10.405s][info][gc,stats    ]       Phase: Concurrent Mark                             129.731 / 155.382     129.731 / 155.382     129.731 / 155.382     129.731 / 155.382     ms
[2026-04-11T01:42:07.552+0530][10.405s][info][gc,stats    ]       Phase: Concurrent Mark Continue                      0.000 / 0.000         0.000 / 0.000         0.000 / 0.000         0.000 / 0.000       ms
[2026-04-11T01:42:07.552+0530][10.405s][info][gc,stats    ]       Phase: Concurrent Mark Free                          0.002 / 0.002         0.002 / 0.002         0.002 / 0.002         0.002 / 0.002       ms
[2026-04-11T01:42:07.552+0530][10.405s][info][gc,stats    ]       Phase: Concurrent Process Non-Strong References      3.563 / 6.369         3.563 / 6.369         3.563 / 6.369         3.563 / 6.369       ms
[2026-04-11T01:42:07.552+0530][10.405s][info][gc,stats    ]       Phase: Concurrent Relocate                          32.483 / 41.680       32.483 / 41.680       32.483 / 41.680       32.483 / 41.680      ms
[2026-04-11T01:42:07.552+0530][10.405s][info][gc,stats    ]       Phase: Concurrent Reset Relocation Set               0.018 / 0.033         0.018 / 0.033         0.018 / 0.033         0.018 / 0.033       ms
[2026-04-11T01:42:07.552+0530][10.405s][info][gc,stats    ]       Phase: Concurrent Select Relocation Set             12.072 / 18.651       12.072 / 18.651       12.072 / 18.651       12.072 / 18.651      ms
[2026-04-11T01:42:07.552+0530][10.405s][info][gc,stats    ]       Phase: Pause Mark End                                0.029 / 0.042         0.029 / 0.042         0.029 / 0.042         0.029 / 0.042       ms
[2026-04-11T01:42:07.552+0530][10.405s][info][gc,stats    ]       Phase: Pause Mark Start                              0.011 / 0.011         0.011 / 0.011         0.011 / 0.011         0.011 / 0.011       ms
[2026-04-11T01:42:07.552+0530][10.405s][info][gc,stats    ]       Phase: Pause Relocate Start                          0.015 / 0.018         0.015 / 0.018         0.015 / 0.018         0.015 / 0.018       ms
[2026-04-11T01:42:07.552+0530][10.405s][info][gc,stats    ]    Subphase: Concurrent Classes Purge                      0.570 / 1.367         0.570 / 1.367         0.570 / 1.367         0.570 / 1.367       ms
[2026-04-11T01:42:07.552+0530][10.405s][info][gc,stats    ]    Subphase: Concurrent Classes Unlink                     2.288 / 4.139         2.288 / 4.139         2.288 / 4.139         2.288 / 4.139       ms
[2026-04-11T01:42:07.552+0530][10.405s][info][gc,stats    ]    Subphase: Concurrent Mark                             127.611 / 154.739     127.611 / 154.739     127.611 / 154.739     127.611 / 154.739     ms
[2026-04-11T01:42:07.552+0530][10.405s][info][gc,stats    ]    Subphase: Concurrent Mark Try Flush                     0.143 / 0.219         0.143 / 0.219         0.143 / 0.219         0.143 / 0.219       ms
[2026-04-11T01:42:07.552+0530][10.405s][info][gc,stats    ]    Subphase: Concurrent Mark Try Terminate                 6.452 / 15.701        6.452 / 15.701        6.452 / 15.701        6.452 / 15.701      ms
[2026-04-11T01:42:07.552+0530][10.405s][info][gc,stats    ]    Subphase: Concurrent References Enqueue                 0.007 / 0.019         0.007 / 0.019         0.007 / 0.019         0.007 / 0.019       ms
[2026-04-11T01:42:07.552+0530][10.405s][info][gc,stats    ]    Subphase: Concurrent References Process                 0.145 / 0.254         0.145 / 0.254         0.145 / 0.254         0.145 / 0.254       ms
[2026-04-11T01:42:07.552+0530][10.405s][info][gc,stats    ]    Subphase: Concurrent Roots ClassLoaderDataGraph         0.124 / 0.331         0.124 / 0.331         0.124 / 0.331         0.124 / 0.331       ms
[2026-04-11T01:42:07.552+0530][10.405s][info][gc,stats    ]    Subphase: Concurrent Roots CodeCache                    0.000 / 0.000         0.000 / 0.000         0.000 / 0.000         0.000 / 0.000       ms
[2026-04-11T01:42:07.552+0530][10.406s][info][gc,stats    ]    Subphase: Concurrent Roots JavaThreads                  0.367 / 0.597         0.367 / 0.597         0.367 / 0.597         0.367 / 0.597       ms
[2026-04-11T01:42:07.552+0530][10.406s][info][gc,stats    ]    Subphase: Concurrent Roots OopStorageSet                0.040 / 0.117         0.040 / 0.117         0.040 / 0.117         0.040 / 0.117       ms
[2026-04-11T01:42:07.552+0530][10.406s][info][gc,stats    ]    Subphase: Concurrent Weak Roots OopStorageSet           0.305 / 0.457         0.305 / 0.457         0.305 / 0.457         0.305 / 0.457       ms
[2026-04-11T01:42:07.552+0530][10.406s][info][gc,stats    ]    Subphase: Pause Mark Try Complete                       0.000 / 0.000         0.000 / 0.000         0.000 / 0.000         0.000 / 0.000       ms
[2026-04-11T01:42:07.552+0530][10.406s][info][gc,stats    ]      System: Java Threads                                     18 / 20               18 / 20               18 / 20               18 / 20          threads
[2026-04-11T01:42:07.552+0530][10.406s][info][gc,stats    ] =========================================================================================================================================================
[2026-04-11T01:42:17.061+0530][19.915s][info][gc,start    ] GC(3) Garbage Collection (Proactive)
[2026-04-11T01:42:17.061+0530][19.915s][info][gc,task     ] GC(3) Using 3 workers
[2026-04-11T01:42:17.061+0530][19.915s][info][gc,phases   ] GC(3) Pause Mark Start 0.018ms
[2026-04-11T01:42:17.348+0530][20.201s][info][gc,phases   ] GC(3) Concurrent Mark 285.633ms
[2026-04-11T01:42:17.348+0530][20.201s][info][gc,phases   ] GC(3) Pause Mark End 0.024ms
[2026-04-11T01:42:17.348+0530][20.202s][info][gc,phases   ] GC(3) Concurrent Mark Free 0.002ms
[2026-04-11T01:42:17.351+0530][20.205s][info][gc,phases   ] GC(3) Concurrent Process Non-Strong References 2.903ms
[2026-04-11T01:42:17.351+0530][20.205s][info][gc,phases   ] GC(3) Concurrent Reset Relocation Set 0.281ms
[2026-04-11T01:42:17.358+0530][20.212s][info][gc,phases   ] GC(3) Concurrent Select Relocation Set 7.114ms
[2026-04-11T01:42:17.363+0530][20.216s][info][gc,phases   ] GC(3) Pause Relocate Start 0.029ms
[2026-04-11T01:42:17.423+0530][20.277s][info][gc,phases   ] GC(3) Concurrent Relocate 60.183ms
[2026-04-11T01:42:17.423+0530][20.277s][info][gc,load     ] GC(3) Load: 0.00/0.00/0.00
[2026-04-11T01:42:17.423+0530][20.277s][info][gc,mmu      ] GC(3) MMU: 2ms/97.9%, 5ms/99.2%, 10ms/99.6%, 20ms/99.7%, 50ms/99.9%, 100ms/99.9%
[2026-04-11T01:42:17.423+0530][20.277s][info][gc,marking  ] GC(3) Mark: 2 stripe(s), 2 proactive flush(es), 1 terminate flush(es), 0 completion(s), 0 continuation(s) 
[2026-04-11T01:42:17.423+0530][20.277s][info][gc,marking  ] GC(3) Mark Stack Usage: 32M
[2026-04-11T01:42:17.423+0530][20.277s][info][gc,nmethod  ] GC(3) NMethods: 1425 registered, 468 unregistered
[2026-04-11T01:42:17.423+0530][20.277s][info][gc,metaspace] GC(3) Metaspace: 6M used, 6M committed, 1088M reserved
[2026-04-11T01:42:17.423+0530][20.277s][info][gc,ref      ] GC(3) Soft: 282 encountered, 0 discovered, 0 enqueued
[2026-04-11T01:42:17.423+0530][20.277s][info][gc,ref      ] GC(3) Weak: 610 encountered, 142 discovered, 4 enqueued
[2026-04-11T01:42:17.423+0530][20.277s][info][gc,ref      ] GC(3) Final: 0 encountered, 0 discovered, 0 enqueued
[2026-04-11T01:42:17.423+0530][20.277s][info][gc,ref      ] GC(3) Phantom: 136 encountered, 93 discovered, 0 enqueued
[2026-04-11T01:42:17.423+0530][20.277s][info][gc,reloc    ] GC(3) Small Pages: 3037 / 6074M, Empty: 1680M, Relocated: 50M, In-Place: 0
[2026-04-11T01:42:17.423+0530][20.277s][info][gc,reloc    ] GC(3) Medium Pages: 1 / 32M, Empty: 0M, Relocated: 0M, In-Place: 0
[2026-04-11T01:42:17.423+0530][20.277s][info][gc,reloc    ] GC(3) Large Pages: 4 / 24M, Empty: 0M, Relocated: 0M, In-Place: 0
[2026-04-11T01:42:17.423+0530][20.277s][info][gc,reloc    ] GC(3) Forwarding Usage: 11M
[2026-04-11T01:42:17.423+0530][20.277s][info][gc,heap     ] GC(3) Min Capacity: 4096M(50%)
[2026-04-11T01:42:17.423+0530][20.277s][info][gc,heap     ] GC(3) Max Capacity: 8192M(100%)
[2026-04-11T01:42:17.423+0530][20.277s][info][gc,heap     ] GC(3) Soft Max Capacity: 8192M(100%)
[2026-04-11T01:42:17.423+0530][20.277s][info][gc,heap     ] GC(3)                Mark Start          Mark End        Relocate Start      Relocate End           High               Low         
[2026-04-11T01:42:17.423+0530][20.277s][info][gc,heap     ] GC(3)  Capacity:     6130M (75%)        6228M (76%)        6228M (76%)        6228M (76%)        6228M (76%)        6130M (75%)    
[2026-04-11T01:42:17.423+0530][20.278s][info][gc,heap     ] GC(3)      Free:     2062M (25%)        1964M (24%)        3644M (44%)        7928M (97%)        7928M (97%)        1964M (24%)    
[2026-04-11T01:42:17.423+0530][20.278s][info][gc,heap     ] GC(3)      Used:     6130M (75%)        6228M (76%)        4548M (56%)         264M (3%)         6228M (76%)         264M (3%)     
[2026-04-11T01:42:17.423+0530][20.278s][info][gc,heap     ] GC(3)      Live:         -               104M (1%)          104M (1%)          104M (1%)             -                  -          
[2026-04-11T01:42:17.424+0530][20.278s][info][gc,heap     ] GC(3) Allocated:         -                98M (1%)           98M (1%)          125M (2%)             -                  -          
[2026-04-11T01:42:17.424+0530][20.278s][info][gc,heap     ] GC(3)   Garbage:         -              6025M (74%)        4345M (53%)          34M (0%)             -                  -          
[2026-04-11T01:42:17.424+0530][20.278s][info][gc,heap     ] GC(3) Reclaimed:         -                  -              1680M (21%)        5991M (73%)            -                  -          
[2026-04-11T01:42:17.424+0530][20.278s][info][gc          ] GC(3) Garbage Collection (Proactive) 6130M(75%)->264M(3%)
[2026-04-11T01:42:17.550+0530][20.404s][info][gc,stats    ] === Garbage Collection Statistics =======================================================================================================================
[2026-04-11T01:42:17.550+0530][20.404s][info][gc,stats    ]                                                              Last 10s              Last 10m              Last 10h                Total
[2026-04-11T01:42:17.550+0530][20.404s][info][gc,stats    ]                                                              Avg / Max             Avg / Max             Avg / Max             Avg / Max
[2026-04-11T01:42:17.550+0530][20.404s][info][gc,stats    ]   Collector: Garbage Collection Cycle                    362.045 / 362.045     225.823 / 362.045     225.823 / 362.045     225.823 / 362.045     ms
[2026-04-11T01:42:17.550+0530][20.404s][info][gc,stats    ]  Contention: Mark Segment Reset Contention                     0 / 3                 1 / 13                1 / 13                1 / 13          ops/s
[2026-04-11T01:42:17.550+0530][20.404s][info][gc,stats    ]  Contention: Mark SeqNum Reset Contention                      0 / 0                 0 / 0                 0 / 0                 0 / 0           ops/s
[2026-04-11T01:42:17.550+0530][20.404s][info][gc,stats    ]    Critical: Allocation Stall                                  0 / 0                 0 / 0                 0 / 0                 0 / 0           ops/s
[2026-04-11T01:42:17.550+0530][20.404s][info][gc,stats    ]    Critical: Allocation Stall                              0.000 / 0.000         0.000 / 0.000         0.000 / 0.000         0.000 / 0.000       ms
[2026-04-11T01:42:17.550+0530][20.404s][info][gc,stats    ]    Critical: GC Locker Stall                                   0 / 0                 0 / 0                 0 / 0                 0 / 0           ops/s
[2026-04-11T01:42:17.550+0530][20.404s][info][gc,stats    ]    Critical: GC Locker Stall                               0.000 / 0.000         0.000 / 0.000         0.000 / 0.000         0.000 / 0.000       ms
[2026-04-11T01:42:17.550+0530][20.404s][info][gc,stats    ]    Critical: Relocation Stall                                  0 / 0                 0 / 0                 0 / 0                 0 / 0           ops/s
[2026-04-11T01:42:17.550+0530][20.404s][info][gc,stats    ]    Critical: Relocation Stall                              0.000 / 0.000         0.000 / 0.000         0.000 / 0.000         0.000 / 0.000       ms
[2026-04-11T01:42:17.550+0530][20.404s][info][gc,stats    ]      Memory: Allocation Rate                                 446 / 918             582 / 918             582 / 918             582 / 918         MB/s
[2026-04-11T01:42:17.550+0530][20.404s][info][gc,stats    ]      Memory: Defragment                                        0 / 0                 0 / 0                 0 / 0                 0 / 0           ops/s
[2026-04-11T01:42:17.550+0530][20.404s][info][gc,stats    ]      Memory: Out Of Memory                                     0 / 0                 0 / 0                 0 / 0                 0 / 0           ops/s
[2026-04-11T01:42:17.550+0530][20.404s][info][gc,stats    ]      Memory: Page Cache Flush                                  0 / 0                 0 / 0                 0 / 0                 0 / 0           MB/s
[2026-04-11T01:42:17.550+0530][20.404s][info][gc,stats    ]      Memory: Page Cache Hit L1                                46 / 374             131 / 458             131 / 458             131 / 458         ops/s
[2026-04-11T01:42:17.550+0530][20.405s][info][gc,stats    ]      Memory: Page Cache Hit L2                                 0 / 0                 0 / 0                 0 / 0                 0 / 0           ops/s
[2026-04-11T01:42:17.550+0530][20.405s][info][gc,stats    ]      Memory: Page Cache Hit L3                                72 / 445             106 / 445             106 / 445             106 / 445         ops/s
[2026-04-11T01:42:17.550+0530][20.405s][info][gc,stats    ]      Memory: Page Cache Miss                                 106 / 271              56 / 271              56 / 271              56 / 271         ops/s
[2026-04-11T01:42:17.550+0530][20.405s][info][gc,stats    ]      Memory: Uncommit                                          0 / 0                 0 / 0                 0 / 0                 0 / 0           MB/s
[2026-04-11T01:42:17.550+0530][20.405s][info][gc,stats    ]      Memory: Undo Object Allocation Failed                     0 / 0                 0 / 0                 0 / 0                 0 / 0           ops/s
[2026-04-11T01:42:17.550+0530][20.405s][info][gc,stats    ]      Memory: Undo Object Allocation Succeeded                  0 / 4                 0 / 4                 0 / 4                 0 / 4           ops/s
[2026-04-11T01:42:17.550+0530][20.405s][info][gc,stats    ]      Memory: Undo Page Allocation                              0 / 0                 0 / 0                 0 / 0                 0 / 0           ops/s
[2026-04-11T01:42:17.550+0530][20.405s][info][gc,stats    ]       Phase: Concurrent Mark                             285.633 / 285.633     168.707 / 285.633     168.707 / 285.633     168.707 / 285.633     ms
[2026-04-11T01:42:17.550+0530][20.405s][info][gc,stats    ]       Phase: Concurrent Mark Continue                      0.000 / 0.000         0.000 / 0.000         0.000 / 0.000         0.000 / 0.000       ms
[2026-04-11T01:42:17.550+0530][20.405s][info][gc,stats    ]       Phase: Concurrent Mark Free                          0.002 / 0.002         0.002 / 0.002         0.002 / 0.002         0.002 / 0.002       ms
[2026-04-11T01:42:17.550+0530][20.405s][info][gc,stats    ]       Phase: Concurrent Process Non-Strong References      2.903 / 2.903         3.398 / 6.369         3.398 / 6.369         3.398 / 6.369       ms
[2026-04-11T01:42:17.550+0530][20.405s][info][gc,stats    ]       Phase: Concurrent Relocate                          60.183 / 60.183       39.408 / 60.183       39.408 / 60.183       39.408 / 60.183      ms
[2026-04-11T01:42:17.550+0530][20.405s][info][gc,stats    ]       Phase: Concurrent Reset Relocation Set               0.281 / 0.281         0.083 / 0.281         0.083 / 0.281         0.083 / 0.281       ms
[2026-04-11T01:42:17.550+0530][20.405s][info][gc,stats    ]       Phase: Concurrent Select Relocation Set              7.114 / 7.114        10.832 / 18.651       10.832 / 18.651       10.832 / 18.651      ms
[2026-04-11T01:42:17.550+0530][20.405s][info][gc,stats    ]       Phase: Pause Mark End                                0.024 / 0.024         0.028 / 0.042         0.028 / 0.042         0.028 / 0.042       ms
[2026-04-11T01:42:17.550+0530][20.405s][info][gc,stats    ]       Phase: Pause Mark Start                              0.018 / 0.018         0.013 / 0.018         0.013 / 0.018         0.013 / 0.018       ms
[2026-04-11T01:42:17.550+0530][20.405s][info][gc,stats    ]       Phase: Pause Relocate Start                          0.029 / 0.029         0.019 / 0.029         0.019 / 0.029         0.019 / 0.029       ms
[2026-04-11T01:42:17.550+0530][20.405s][info][gc,stats    ]    Subphase: Concurrent Classes Purge                      0.203 / 0.203         0.478 / 1.367         0.478 / 1.367         0.478 / 1.367       ms
[2026-04-11T01:42:17.550+0530][20.405s][info][gc,stats    ]    Subphase: Concurrent Classes Unlink                     1.874 / 1.874         2.185 / 4.139         2.185 / 4.139         2.185 / 4.139       ms
[2026-04-11T01:42:17.550+0530][20.405s][info][gc,stats    ]    Subphase: Concurrent Mark                             283.906 / 284.725     166.685 / 284.725     166.685 / 284.725     166.685 / 284.725     ms
[2026-04-11T01:42:17.550+0530][20.405s][info][gc,stats    ]    Subphase: Concurrent Mark Try Flush                     0.155 / 0.217         0.146 / 0.219         0.146 / 0.219         0.146 / 0.219       ms
[2026-04-11T01:42:17.550+0530][20.405s][info][gc,stats    ]    Subphase: Concurrent Mark Try Terminate                 3.606 / 7.359         5.819 / 15.701        5.819 / 15.701        5.819 / 15.701      ms
[2026-04-11T01:42:17.550+0530][20.405s][info][gc,stats    ]    Subphase: Concurrent References Enqueue                 0.009 / 0.009         0.007 / 0.019         0.007 / 0.019         0.007 / 0.019       ms
[2026-04-11T01:42:17.550+0530][20.405s][info][gc,stats    ]    Subphase: Concurrent References Process                 0.125 / 0.125         0.140 / 0.254         0.140 / 0.254         0.140 / 0.254       ms
[2026-04-11T01:42:17.550+0530][20.405s][info][gc,stats    ]    Subphase: Concurrent Roots ClassLoaderDataGraph         0.188 / 0.504         0.143 / 0.504         0.143 / 0.504         0.143 / 0.504       ms
[2026-04-11T01:42:17.550+0530][20.405s][info][gc,stats    ]    Subphase: Concurrent Roots CodeCache                    0.000 / 0.000         0.000 / 0.000         0.000 / 0.000         0.000 / 0.000       ms
[2026-04-11T01:42:17.550+0530][20.405s][info][gc,stats    ]    Subphase: Concurrent Roots JavaThreads                  0.374 / 0.571         0.369 / 0.597         0.369 / 0.597         0.369 / 0.597       ms
[2026-04-11T01:42:17.550+0530][20.405s][info][gc,stats    ]    Subphase: Concurrent Roots OopStorageSet                0.065 / 0.084         0.045 / 0.117         0.045 / 0.117         0.045 / 0.117       ms
[2026-04-11T01:42:17.550+0530][20.405s][info][gc,stats    ]    Subphase: Concurrent Weak Roots OopStorageSet           0.432 / 0.436         0.337 / 0.457         0.337 / 0.457         0.337 / 0.457       ms
[2026-04-11T01:42:17.552+0530][20.405s][info][gc,stats    ]    Subphase: Pause Mark Try Complete                       0.000 / 0.000         0.000 / 0.000         0.000 / 0.000         0.000 / 0.000       ms
[2026-04-11T01:42:17.552+0530][20.405s][info][gc,stats    ]      System: Java Threads                                     18 / 18               18 / 20               18 / 20               18 / 20          threads
[2026-04-11T01:42:17.552+0530][20.405s][info][gc,stats    ] =========================================================================================================================================================
[2026-04-11T01:42:25.666+0530][28.520s][info][gc,start    ] GC(4) Garbage Collection (Allocation Rate)
[2026-04-11T01:42:25.666+0530][28.520s][info][gc,task     ] GC(4) Using 1 workers
[2026-04-11T01:42:25.666+0530][28.520s][info][gc,phases   ] GC(4) Pause Mark Start 0.010ms
[2026-04-11T01:42:26.639+0530][29.493s][info][gc,phases   ] GC(4) Concurrent Mark 972.947ms
[2026-04-11T01:42:26.639+0530][29.493s][info][gc,phases   ] GC(4) Pause Mark End 0.023ms
[2026-04-11T01:42:26.639+0530][29.494s][info][gc,phases   ] GC(4) Concurrent Mark Free 0.001ms
[2026-04-11T01:42:26.645+0530][29.500s][info][gc,phases   ] GC(4) Concurrent Process Non-Strong References 6.284ms
[2026-04-11T01:42:26.647+0530][29.500s][info][gc,phases   ] GC(4) Concurrent Reset Relocation Set 0.123ms
[2026-04-11T01:42:26.678+0530][29.532s][info][gc,phases   ] GC(4) Concurrent Select Relocation Set 31.588ms
[2026-04-11T01:42:26.678+0530][29.532s][info][gc,phases   ] GC(4) Pause Relocate Start 0.015ms
[2026-04-11T01:42:26.790+0530][29.645s][info][gc,phases   ] GC(4) Concurrent Relocate 112.607ms
[2026-04-11T01:42:26.792+0530][29.646s][info][gc,load     ] GC(4) Load: 0.00/0.00/0.00
[2026-04-11T01:42:26.792+0530][29.646s][info][gc,mmu      ] GC(4) MMU: 2ms/97.9%, 5ms/99.2%, 10ms/99.6%, 20ms/99.7%, 50ms/99.9%, 100ms/99.9%
[2026-04-11T01:42:26.792+0530][29.646s][info][gc,marking  ] GC(4) Mark: 1 stripe(s), 2 proactive flush(es), 1 terminate flush(es), 0 completion(s), 0 continuation(s) 
[2026-04-11T01:42:26.792+0530][29.646s][info][gc,marking  ] GC(4) Mark Stack Usage: 32M
[2026-04-11T01:42:26.792+0530][29.646s][info][gc,nmethod  ] GC(4) NMethods: 1430 registered, 507 unregistered
[2026-04-11T01:42:26.792+0530][29.646s][info][gc,metaspace] GC(4) Metaspace: 6M used, 6M committed, 1088M reserved
[2026-04-11T01:42:26.792+0530][29.646s][info][gc,ref      ] GC(4) Soft: 282 encountered, 0 discovered, 0 enqueued
[2026-04-11T01:42:26.792+0530][29.646s][info][gc,ref      ] GC(4) Weak: 606 encountered, 6 discovered, 0 enqueued
[2026-04-11T01:42:26.792+0530][29.646s][info][gc,ref      ] GC(4) Final: 0 encountered, 0 discovered, 0 enqueued
[2026-04-11T01:42:26.792+0530][29.646s][info][gc,ref      ] GC(4) Phantom: 136 encountered, 92 discovered, 0 enqueued
[2026-04-11T01:42:26.792+0530][29.646s][info][gc,reloc    ] GC(4) Small Pages: 3242 / 6484M, Empty: 2416M, Relocated: 54M, In-Place: 0
[2026-04-11T01:42:26.792+0530][29.646s][info][gc,reloc    ] GC(4) Medium Pages: 1 / 32M, Empty: 0M, Relocated: 0M, In-Place: 0
[2026-04-11T01:42:26.792+0530][29.646s][info][gc,reloc    ] GC(4) Large Pages: 4 / 24M, Empty: 0M, Relocated: 0M, In-Place: 0
[2026-04-11T01:42:26.792+0530][29.646s][info][gc,reloc    ] GC(4) Forwarding Usage: 13M
[2026-04-11T01:42:26.792+0530][29.646s][info][gc,heap     ] GC(4) Min Capacity: 4096M(50%)
[2026-04-11T01:42:26.792+0530][29.646s][info][gc,heap     ] GC(4) Max Capacity: 8192M(100%)
[2026-04-11T01:42:26.792+0530][29.646s][info][gc,heap     ] GC(4) Soft Max Capacity: 8192M(100%)
[2026-04-11T01:42:26.792+0530][29.646s][info][gc,heap     ] GC(4)                Mark Start          Mark End        Relocate Start      Relocate End           High               Low         
[2026-04-11T01:42:26.792+0530][29.646s][info][gc,heap     ] GC(4)  Capacity:     6540M (80%)        6818M (83%)        6820M (83%)        6820M (83%)        6820M (83%)        6540M (80%)    
[2026-04-11T01:42:26.792+0530][29.646s][info][gc,heap     ] GC(4)      Free:     1652M (20%)        1374M (17%)        3780M (46%)        7706M (94%)        7710M (94%)        1372M (17%)    
[2026-04-11T01:42:26.792+0530][29.646s][info][gc,heap     ] GC(4)      Used:     6540M (80%)        6818M (83%)        4412M (54%)         486M (6%)         6820M (83%)         482M (6%)     
[2026-04-11T01:42:26.792+0530][29.646s][info][gc,heap     ] GC(4)      Live:         -               113M (1%)          113M (1%)          113M (1%)             -                  -          
[2026-04-11T01:42:26.792+0530][29.646s][info][gc,heap     ] GC(4) Allocated:         -               278M (3%)          288M (4%)          338M (4%)             -                  -          
[2026-04-11T01:42:26.792+0530][29.646s][info][gc,heap     ] GC(4)   Garbage:         -              6426M (78%)        4010M (49%)          33M (0%)             -                  -          
[2026-04-11T01:42:26.792+0530][29.646s][info][gc,heap     ] GC(4) Reclaimed:         -                  -              2416M (29%)        6392M (78%)            -                  -          
[2026-04-11T01:42:26.792+0530][29.646s][info][gc          ] GC(4) Garbage Collection (Allocation Rate) 6540M(80%)->486M(6%)
[2026-04-11T01:42:27.457+0530][30.311s][info][gc,start    ] GC(5) Garbage Collection (Allocation Rate)
[2026-04-11T01:42:27.457+0530][30.311s][info][gc,task     ] GC(5) Using 2 workers
[2026-04-11T01:42:27.457+0530][30.311s][info][gc,phases   ] GC(5) Pause Mark Start 0.013ms
[2026-04-11T01:42:27.550+0530][30.404s][info][gc,stats    ] === Garbage Collection Statistics =======================================================================================================================
[2026-04-11T01:42:27.550+0530][30.404s][info][gc,stats    ]                                                              Last 10s              Last 10m              Last 10h                Total
[2026-04-11T01:42:27.550+0530][30.404s][info][gc,stats    ]                                                              Avg / Max             Avg / Max             Avg / Max             Avg / Max
[2026-04-11T01:42:27.550+0530][30.404s][info][gc,stats    ]   Collector: Garbage Collection Cycle                   1125.476 / 1125.476    405.753 / 1125.476    405.753 / 1125.476    405.753 / 1125.476    ms
[2026-04-11T01:42:27.550+0530][30.404s][info][gc,stats    ]  Contention: Mark Segment Reset Contention                     0 / 0                 0 / 13                0 / 13                0 / 13          ops/s
[2026-04-11T01:42:27.550+0530][30.404s][info][gc,stats    ]  Contention: Mark SeqNum Reset Contention                      0 / 0                 0 / 0                 0 / 0                 0 / 0           ops/s
[2026-04-11T01:42:27.550+0530][30.404s][info][gc,stats    ]    Critical: Allocation Stall                                  0 / 0                 0 / 0                 0 / 0                 0 / 0           ops/s
[2026-04-11T01:42:27.550+0530][30.404s][info][gc,stats    ]    Critical: Allocation Stall                              0.000 / 0.000         0.000 / 0.000         0.000 / 0.000         0.000 / 0.000       ms
[2026-04-11T01:42:27.550+0530][30.404s][info][gc,stats    ]    Critical: GC Locker Stall                                   0 / 0                 0 / 0                 0 / 0                 0 / 0           ops/s
[2026-04-11T01:42:27.550+0530][30.404s][info][gc,stats    ]    Critical: GC Locker Stall                               0.000 / 0.000         0.000 / 0.000         0.000 / 0.000         0.000 / 0.000       ms
[2026-04-11T01:42:27.550+0530][30.404s][info][gc,stats    ]    Critical: Relocation Stall                                  0 / 0                 0 / 0                 0 / 0                 0 / 0           ops/s
[2026-04-11T01:42:27.550+0530][30.404s][info][gc,stats    ]    Critical: Relocation Stall                              0.000 / 0.000         0.000 / 0.000         0.000 / 0.000         0.000 / 0.000       ms
[2026-04-11T01:42:27.550+0530][30.404s][info][gc,stats    ]      Memory: Allocation Rate                                 689 / 848             619 / 918             619 / 918             619 / 918         MB/s
[2026-04-11T01:42:27.550+0530][30.404s][info][gc,stats    ]      Memory: Defragment                                        0 / 0                 0 / 0                 0 / 0                 0 / 0           ops/s
[2026-04-11T01:42:27.550+0530][30.404s][info][gc,stats    ]      Memory: Out Of Memory                                     0 / 0                 0 / 0                 0 / 0                 0 / 0           ops/s
[2026-04-11T01:42:27.550+0530][30.404s][info][gc,stats    ]      Memory: Page Cache Flush                                  0 / 0                 0 / 0                 0 / 0                 0 / 0           MB/s
[2026-04-11T01:42:27.550+0530][30.404s][info][gc,stats    ]      Memory: Page Cache Hit L1                               317 / 424             195 / 458             195 / 458             195 / 458         ops/s
[2026-04-11T01:42:27.550+0530][30.404s][info][gc,stats    ]      Memory: Page Cache Hit L2                                 0 / 0                 0 / 0                 0 / 0                 0 / 0           ops/s
[2026-04-11T01:42:27.550+0530][30.404s][info][gc,stats    ]      Memory: Page Cache Hit L3                                 0 / 0                69 / 445              69 / 445              69 / 445         ops/s
[2026-04-11T01:42:27.550+0530][30.405s][info][gc,stats    ]      Memory: Page Cache Miss                                  29 / 153              47 / 271              47 / 271              47 / 271         ops/s
[2026-04-11T01:42:27.550+0530][30.405s][info][gc,stats    ]      Memory: Uncommit                                          0 / 0                 0 / 0                 0 / 0                 0 / 0           MB/s
[2026-04-11T01:42:27.550+0530][30.405s][info][gc,stats    ]      Memory: Undo Object Allocation Failed                     0 / 0                 0 / 0                 0 / 0                 0 / 0           ops/s
[2026-04-11T01:42:27.550+0530][30.405s][info][gc,stats    ]      Memory: Undo Object Allocation Succeeded                  0 / 2                 0 / 4                 0 / 4                 0 / 4           ops/s
[2026-04-11T01:42:27.550+0530][30.405s][info][gc,stats    ]      Memory: Undo Page Allocation                              0 / 0                 0 / 0                 0 / 0                 0 / 0           ops/s
[2026-04-11T01:42:27.550+0530][30.405s][info][gc,stats    ]       Phase: Concurrent Mark                             972.947 / 972.947     329.555 / 972.947     329.555 / 972.947     329.555 / 972.947     ms
[2026-04-11T01:42:27.550+0530][30.405s][info][gc,stats    ]       Phase: Concurrent Mark Continue                      0.000 / 0.000         0.000 / 0.000         0.000 / 0.000         0.000 / 0.000       ms
[2026-04-11T01:42:27.551+0530][30.405s][info][gc,stats    ]       Phase: Concurrent Mark Free                          0.001 / 0.001         0.002 / 0.002         0.002 / 0.002         0.002 / 0.002       ms
[2026-04-11T01:42:27.551+0530][30.405s][info][gc,stats    ]       Phase: Concurrent Process Non-Strong References      6.284 / 6.284         3.975 / 6.369         3.975 / 6.369         3.975 / 6.369       ms
[2026-04-11T01:42:27.551+0530][30.405s][info][gc,stats    ]       Phase: Concurrent Relocate                         112.607 / 112.607      54.048 / 112.607      54.048 / 112.607      54.048 / 112.607     ms
[2026-04-11T01:42:27.551+0530][30.405s][info][gc,stats    ]       Phase: Concurrent Reset Relocation Set               0.123 / 0.123         0.091 / 0.281         0.091 / 0.281         0.091 / 0.281       ms
[2026-04-11T01:42:27.551+0530][30.405s][info][gc,stats    ]       Phase: Concurrent Select Relocation Set             31.588 / 31.588       14.984 / 31.588       14.984 / 31.588       14.984 / 31.588      ms
[2026-04-11T01:42:27.551+0530][30.405s][info][gc,stats    ]       Phase: Pause Mark End                                0.023 / 0.023         0.027 / 0.042         0.027 / 0.042         0.027 / 0.042       ms
[2026-04-11T01:42:27.551+0530][30.405s][info][gc,stats    ]       Phase: Pause Mark Start                              0.012 / 0.013         0.012 / 0.018         0.012 / 0.018         0.012 / 0.018       ms
[2026-04-11T01:42:27.551+0530][30.405s][info][gc,stats    ]       Phase: Pause Relocate Start                          0.015 / 0.015         0.018 / 0.029         0.018 / 0.029         0.018 / 0.029       ms
[2026-04-11T01:42:27.551+0530][30.405s][info][gc,stats    ]    Subphase: Concurrent Classes Purge                      0.208 / 0.208         0.424 / 1.367         0.424 / 1.367         0.424 / 1.367       ms
[2026-04-11T01:42:27.551+0530][30.405s][info][gc,stats    ]    Subphase: Concurrent Classes Unlink                     4.104 / 4.104         2.569 / 4.139         2.569 / 4.139         2.569 / 4.139       ms
[2026-04-11T01:42:27.551+0530][30.405s][info][gc,stats    ]    Subphase: Concurrent Mark                             971.382 / 971.382     228.585 / 971.382     228.585 / 971.382     228.585 / 971.382     ms
[2026-04-11T01:42:27.551+0530][30.405s][info][gc,stats    ]    Subphase: Concurrent Mark Try Flush                     3.195 / 9.301         0.718 / 9.301         0.718 / 9.301         0.718 / 9.301       ms
[2026-04-11T01:42:27.551+0530][30.405s][info][gc,stats    ]    Subphase: Concurrent Mark Try Terminate                 0.064 / 0.127         5.244 / 15.701        5.244 / 15.701        5.244 / 15.701      ms
[2026-04-11T01:42:27.551+0530][30.405s][info][gc,stats    ]    Subphase: Concurrent References Enqueue                 0.001 / 0.001         0.006 / 0.019         0.006 / 0.019         0.006 / 0.019       ms
[2026-04-11T01:42:27.551+0530][30.405s][info][gc,stats    ]    Subphase: Concurrent References Process                 0.097 / 0.097         0.132 / 0.254         0.132 / 0.254         0.132 / 0.254       ms
[2026-04-11T01:42:27.551+0530][30.405s][info][gc,stats    ]    Subphase: Concurrent Roots ClassLoaderDataGraph         0.248 / 0.385         0.167 / 0.504         0.167 / 0.504         0.167 / 0.504       ms
[2026-04-11T01:42:27.551+0530][30.405s][info][gc,stats    ]    Subphase: Concurrent Roots CodeCache                    0.000 / 0.000         0.000 / 0.000         0.000 / 0.000         0.000 / 0.000       ms
[2026-04-11T01:42:27.552+0530][30.405s][info][gc,stats    ]    Subphase: Concurrent Roots JavaThreads                  0.978 / 1.260         0.491 / 1.260         0.491 / 1.260         0.491 / 1.260       ms
[2026-04-11T01:42:27.552+0530][30.405s][info][gc,stats    ]    Subphase: Concurrent Roots OopStorageSet                0.040 / 0.063         0.044 / 0.117         0.044 / 0.117         0.044 / 0.117       ms
[2026-04-11T01:42:27.552+0530][30.405s][info][gc,stats    ]    Subphase: Concurrent Weak Roots OopStorageSet           1.319 / 1.319         0.412 / 1.319         0.412 / 1.319         0.412 / 1.319       ms
[2026-04-11T01:42:27.552+0530][30.405s][info][gc,stats    ]    Subphase: Pause Mark Try Complete                       0.000 / 0.000         0.000 / 0.000         0.000 / 0.000         0.000 / 0.000       ms
[2026-04-11T01:42:27.552+0530][30.405s][info][gc,stats    ]      System: Java Threads                                     18 / 18               18 / 20               18 / 20               18 / 20          threads
[2026-04-11T01:42:27.552+0530][30.405s][info][gc,stats    ] =========================================================================================================================================================
[2026-04-11T01:42:28.049+0530][30.902s][info][gc,phases   ] GC(5) Concurrent Mark 590.912ms
[2026-04-11T01:42:28.049+0530][30.903s][info][gc,phases   ] GC(5) Pause Mark End 0.023ms
[2026-04-11T01:42:28.049+0530][30.903s][info][gc,phases   ] GC(5) Concurrent Mark Free 0.002ms
[2026-04-11T01:42:28.052+0530][30.906s][info][gc,phases   ] GC(5) Concurrent Process Non-Strong References 3.463ms
[2026-04-11T01:42:28.053+0530][30.907s][info][gc,phases   ] GC(5) Concurrent Reset Relocation Set 0.160ms
[2026-04-11T01:42:28.058+0530][30.912s][info][gc,phases   ] GC(5) Concurrent Select Relocation Set 5.418ms
[2026-04-11T01:42:28.059+0530][30.912s][info][gc,phases   ] GC(5) Pause Relocate Start 0.015ms
[2026-04-11T01:42:28.114+0530][30.968s][info][gc,phases   ] GC(5) Concurrent Relocate 55.168ms
[2026-04-11T01:42:28.114+0530][30.968s][info][gc,load     ] GC(5) Load: 0.00/0.00/0.00
[2026-04-11T01:42:28.114+0530][30.968s][info][gc,mmu      ] GC(5) MMU: 2ms/97.9%, 5ms/99.2%, 10ms/99.6%, 20ms/99.7%, 50ms/99.9%, 100ms/99.9%
[2026-04-11T01:42:28.114+0530][30.968s][info][gc,marking  ] GC(5) Mark: 2 stripe(s), 2 proactive flush(es), 1 terminate flush(es), 0 completion(s), 0 continuation(s) 
[2026-04-11T01:42:28.114+0530][30.968s][info][gc,marking  ] GC(5) Mark Stack Usage: 32M
[2026-04-11T01:42:28.114+0530][30.968s][info][gc,nmethod  ] GC(5) NMethods: 1430 registered, 507 unregistered
[2026-04-11T01:42:28.114+0530][30.968s][info][gc,metaspace] GC(5) Metaspace: 6M used, 6M committed, 1088M reserved
[2026-04-11T01:42:28.114+0530][30.968s][info][gc,ref      ] GC(5) Soft: 282 encountered, 0 discovered, 0 enqueued
[2026-04-11T01:42:28.114+0530][30.968s][info][gc,ref      ] GC(5) Weak: 606 encountered, 322 discovered, 0 enqueued
[2026-04-11T01:42:28.114+0530][30.968s][info][gc,ref      ] GC(5) Final: 0 encountered, 0 discovered, 0 enqueued
[2026-04-11T01:42:28.114+0530][30.968s][info][gc,ref      ] GC(5) Phantom: 136 encountered, 136 discovered, 0 enqueued
[2026-04-11T01:42:28.114+0530][30.968s][info][gc,reloc    ] GC(5) Small Pages: 387 / 774M, Empty: 136M, Relocated: 20M, In-Place: 0
[2026-04-11T01:42:28.114+0530][30.968s][info][gc,reloc    ] GC(5) Medium Pages: 1 / 32M, Empty: 0M, Relocated: 0M, In-Place: 0
[2026-04-11T01:42:28.114+0530][30.968s][info][gc,reloc    ] GC(5) Large Pages: 4 / 24M, Empty: 0M, Relocated: 0M, In-Place: 0
[2026-04-11T01:42:28.114+0530][30.968s][info][gc,reloc    ] GC(5) Forwarding Usage: 5M
[2026-04-11T01:42:28.114+0530][30.969s][info][gc,heap     ] GC(5) Min Capacity: 4096M(50%)
[2026-04-11T01:42:28.114+0530][30.969s][info][gc,heap     ] GC(5) Max Capacity: 8192M(100%)
[2026-04-11T01:42:28.114+0530][30.969s][info][gc,heap     ] GC(5) Soft Max Capacity: 8192M(100%)
[2026-04-11T01:42:28.114+0530][30.969s][info][gc,heap     ] GC(5)                Mark Start          Mark End        Relocate Start      Relocate End           High               Low         
[2026-04-11T01:42:28.114+0530][30.969s][info][gc,heap     ] GC(5)  Capacity:     6820M (83%)        6820M (83%)        6820M (83%)        6820M (83%)        6820M (83%)        6820M (83%)    
[2026-04-11T01:42:28.114+0530][30.969s][info][gc,heap     ] GC(5)      Free:     7362M (90%)        7200M (88%)        7332M (90%)        7844M (96%)        7844M (96%)        7198M (88%)    
[2026-04-11T01:42:28.114+0530][30.969s][info][gc,heap     ] GC(5)      Used:      830M (10%)         992M (12%)         860M (10%)         348M (4%)          994M (12%)         348M (4%)     
[2026-04-11T01:42:28.114+0530][30.969s][info][gc,heap     ] GC(5)      Live:         -               115M (1%)          115M (1%)          115M (1%)             -                  -          
[2026-04-11T01:42:28.114+0530][30.969s][info][gc,heap     ] GC(5) Allocated:         -               162M (2%)          166M (2%)          195M (2%)             -                  -          
[2026-04-11T01:42:28.114+0530][30.969s][info][gc,heap     ] GC(5)   Garbage:         -               714M (9%)          578M (7%)           36M (0%)             -                  -          
[2026-04-11T01:42:28.114+0530][30.969s][info][gc,heap     ] GC(5) Reclaimed:         -                  -               136M (2%)          677M (8%)             -                  -          
[2026-04-11T01:42:28.114+0530][30.969s][info][gc          ] GC(5) Garbage Collection (Allocation Rate) 830M(10%)->348M(4%)
[2026-04-11T01:42:37.552+0530][40.406s][info][gc,stats    ] === Garbage Collection Statistics =======================================================================================================================
[2026-04-11T01:42:37.552+0530][40.406s][info][gc,stats    ]                                                              Last 10s              Last 10m              Last 10h                Total
[2026-04-11T01:42:37.552+0530][40.406s][info][gc,stats    ]                                                              Avg / Max             Avg / Max             Avg / Max             Avg / Max
[2026-04-11T01:42:37.552+0530][40.406s][info][gc,stats    ]   Collector: Garbage Collection Cycle                    657.147 / 657.147     447.652 / 1125.476    447.652 / 1125.476    447.652 / 1125.476    ms
[2026-04-11T01:42:37.552+0530][40.406s][info][gc,stats    ]  Contention: Mark Segment Reset Contention                     0 / 0                 0 / 13                0 / 13                0 / 13          ops/s
[2026-04-11T01:42:37.552+0530][40.406s][info][gc,stats    ]  Contention: Mark SeqNum Reset Contention                      0 / 0                 0 / 0                 0 / 0                 0 / 0           ops/s
[2026-04-11T01:42:37.552+0530][40.406s][info][gc,stats    ]    Critical: Allocation Stall                                  0 / 0                 0 / 0                 0 / 0                 0 / 0           ops/s
[2026-04-11T01:42:37.552+0530][40.406s][info][gc,stats    ]    Critical: Allocation Stall                              0.000 / 0.000         0.000 / 0.000         0.000 / 0.000         0.000 / 0.000       ms
[2026-04-11T01:42:37.552+0530][40.406s][info][gc,stats    ]    Critical: GC Locker Stall                                   0 / 0                 0 / 0                 0 / 0                 0 / 0           ops/s
[2026-04-11T01:42:37.552+0530][40.406s][info][gc,stats    ]    Critical: GC Locker Stall                               0.000 / 0.000         0.000 / 0.000         0.000 / 0.000         0.000 / 0.000       ms
[2026-04-11T01:42:37.552+0530][40.406s][info][gc,stats    ]    Critical: Relocation Stall                                  0 / 0                 0 / 0                 0 / 0                 0 / 0           ops/s
[2026-04-11T01:42:37.552+0530][40.406s][info][gc,stats    ]    Critical: Relocation Stall                              0.000 / 0.000         0.000 / 0.000         0.000 / 0.000         0.000 / 0.000       ms
[2026-04-11T01:42:37.552+0530][40.406s][info][gc,stats    ]      Memory: Allocation Rate                                 627 / 822             621 / 918             621 / 918             621 / 918         MB/s
[2026-04-11T01:42:37.552+0530][40.406s][info][gc,stats    ]      Memory: Defragment                                        0 / 0                 0 / 0                 0 / 0                 0 / 0           ops/s
[2026-04-11T01:42:37.552+0530][40.406s][info][gc,stats    ]      Memory: Out Of Memory                                     0 / 0                 0 / 0                 0 / 0                 0 / 0           ops/s
[2026-04-11T01:42:37.552+0530][40.406s][info][gc,stats    ]      Memory: Page Cache Flush                                  0 / 0                 0 / 0                 0 / 0                 0 / 0           MB/s
[2026-04-11T01:42:37.552+0530][40.407s][info][gc,stats    ]      Memory: Page Cache Hit L1                               311 / 393             225 / 458             225 / 458             225 / 458         ops/s
[2026-04-11T01:42:37.552+0530][40.407s][info][gc,stats    ]      Memory: Page Cache Hit L2                                 0 / 0                 0 / 0                 0 / 0                 0 / 0           ops/s
[2026-04-11T01:42:37.552+0530][40.407s][info][gc,stats    ]      Memory: Page Cache Hit L3                                 0 / 0                51 / 445              51 / 445              51 / 445         ops/s
[2026-04-11T01:42:37.552+0530][40.407s][info][gc,stats    ]      Memory: Page Cache Miss                                   0 / 2                35 / 271              35 / 271              35 / 271         ops/s
[2026-04-11T01:42:37.552+0530][40.407s][info][gc,stats    ]      Memory: Uncommit                                          0 / 0                 0 / 0                 0 / 0                 0 / 0           MB/s
[2026-04-11T01:42:37.552+0530][40.407s][info][gc,stats    ]      Memory: Undo Object Allocation Failed                     0 / 0                 0 / 0                 0 / 0                 0 / 0           ops/s
[2026-04-11T01:42:37.552+0530][40.407s][info][gc,stats    ]      Memory: Undo Object Allocation Succeeded                  0 / 2                 0 / 4                 0 / 4                 0 / 4           ops/s
[2026-04-11T01:42:37.552+0530][40.407s][info][gc,stats    ]      Memory: Undo Page Allocation                              0 / 0                 0 / 0                 0 / 0                 0 / 0           ops/s
[2026-04-11T01:42:37.552+0530][40.407s][info][gc,stats    ]       Phase: Concurrent Mark                             590.912 / 590.912     373.114 / 972.947     373.114 / 972.947     373.114 / 972.947     ms
[2026-04-11T01:42:37.552+0530][40.407s][info][gc,stats    ]       Phase: Concurrent Mark Continue                      0.000 / 0.000         0.000 / 0.000         0.000 / 0.000         0.000 / 0.000       ms
[2026-04-11T01:42:37.552+0530][40.407s][info][gc,stats    ]       Phase: Concurrent Mark Free                          0.002 / 0.002         0.002 / 0.002         0.002 / 0.002         0.002 / 0.002       ms
[2026-04-11T01:42:37.552+0530][40.407s][info][gc,stats    ]       Phase: Concurrent Process Non-Strong References      3.463 / 3.463         3.890 / 6.369         3.890 / 6.369         3.890 / 6.369       ms
[2026-04-11T01:42:37.552+0530][40.407s][info][gc,stats    ]       Phase: Concurrent Relocate                          55.168 / 55.168       54.234 / 112.607      54.234 / 112.607      54.234 / 112.607     ms
[2026-04-11T01:42:37.552+0530][40.407s][info][gc,stats    ]       Phase: Concurrent Reset Relocation Set               0.160 / 0.160         0.103 / 0.281         0.103 / 0.281         0.103 / 0.281       ms
[2026-04-11T01:42:37.552+0530][40.407s][info][gc,stats    ]       Phase: Concurrent Select Relocation Set              5.418 / 5.418        13.389 / 31.588       13.389 / 31.588       13.389 / 31.588      ms
[2026-04-11T01:42:37.552+0530][40.407s][info][gc,stats    ]       Phase: Pause Mark End                                0.023 / 0.023         0.026 / 0.042         0.026 / 0.042         0.026 / 0.042       ms
[2026-04-11T01:42:37.553+0530][40.407s][info][gc,stats    ]       Phase: Pause Mark Start                              0.000 / 0.000         0.012 / 0.018         0.012 / 0.018         0.012 / 0.018       ms
[2026-04-11T01:42:37.553+0530][40.407s][info][gc,stats    ]       Phase: Pause Relocate Start                          0.015 / 0.015         0.018 / 0.029         0.018 / 0.029         0.018 / 0.029       ms
[2026-04-11T01:42:37.553+0530][40.407s][info][gc,stats    ]    Subphase: Concurrent Classes Purge                      0.018 / 0.018         0.356 / 1.367         0.356 / 1.367         0.356 / 1.367       ms
[2026-04-11T01:42:37.553+0530][40.407s][info][gc,stats    ]    Subphase: Concurrent Classes Unlink                     2.259 / 2.259         2.517 / 4.139         2.517 / 4.139         2.517 / 4.139       ms
[2026-04-11T01:42:37.553+0530][40.407s][info][gc,stats    ]    Subphase: Concurrent Mark                             588.219 / 589.411     276.536 / 971.382     276.536 / 971.382     276.536 / 971.382     ms
[2026-04-11T01:42:37.553+0530][40.407s][info][gc,stats    ]    Subphase: Concurrent Mark Try Flush                     0.311 / 0.633         0.653 / 9.301         0.653 / 9.301         0.653 / 9.301       ms
[2026-04-11T01:42:37.553+0530][40.407s][info][gc,stats    ]    Subphase: Concurrent Mark Try Terminate                 3.670 / 10.825        5.038 / 15.701        5.038 / 15.701        5.038 / 15.701      ms
[2026-04-11T01:42:37.553+0530][40.408s][info][gc,stats    ]    Subphase: Concurrent References Enqueue                 0.001 / 0.001         0.005 / 0.019         0.005 / 0.019         0.005 / 0.019       ms
[2026-04-11T01:42:37.553+0530][40.408s][info][gc,stats    ]    Subphase: Concurrent References Process                 0.162 / 0.162         0.137 / 0.254         0.137 / 0.254         0.137 / 0.254       ms
[2026-04-11T01:42:37.553+0530][40.408s][info][gc,stats    ]    Subphase: Concurrent Roots ClassLoaderDataGraph         0.000 / 0.000         0.167 / 0.504         0.167 / 0.504         0.167 / 0.504       ms
[2026-04-11T01:42:37.553+0530][40.408s][info][gc,stats    ]    Subphase: Concurrent Roots CodeCache                    0.000 / 0.000         0.000 / 0.000         0.000 / 0.000         0.000 / 0.000       ms
[2026-04-11T01:42:37.553+0530][40.408s][info][gc,stats    ]    Subphase: Concurrent Roots JavaThreads                  0.000 / 0.000         0.491 / 1.260         0.491 / 1.260         0.491 / 1.260       ms
[2026-04-11T01:42:37.553+0530][40.408s][info][gc,stats    ]    Subphase: Concurrent Roots OopStorageSet                0.000 / 0.000         0.044 / 0.117         0.044 / 0.117         0.044 / 0.117       ms
[2026-04-11T01:42:37.553+0530][40.408s][info][gc,stats    ]    Subphase: Concurrent Weak Roots OopStorageSet           0.657 / 0.659         0.445 / 1.319         0.445 / 1.319         0.445 / 1.319       ms
[2026-04-11T01:42:37.553+0530][40.408s][info][gc,stats    ]    Subphase: Pause Mark Try Complete                       0.000 / 0.000         0.000 / 0.000         0.000 / 0.000         0.000 / 0.000       ms
[2026-04-11T01:42:37.553+0530][40.408s][info][gc,stats    ]      System: Java Threads                                     18 / 18               18 / 20               18 / 20               18 / 20          threads
[2026-04-11T01:42:37.553+0530][40.408s][info][gc,stats    ] =========================================================================================================================================================
[2026-04-11T01:42:38.757+0530][41.611s][info][gc,start    ] GC(6) Garbage Collection (Allocation Rate)
[2026-04-11T01:42:38.757+0530][41.611s][info][gc,task     ] GC(6) Using 2 workers
[2026-04-11T01:42:38.760+0530][41.615s][info][gc,phases   ] GC(6) Pause Mark Start 0.497ms
[2026-04-11T01:42:40.791+0530][43.645s][info][gc,phases   ] GC(6) Concurrent Mark 2030.088ms
[2026-04-11T01:42:40.792+0530][43.646s][info][gc,phases   ] GC(6) Pause Mark End 0.032ms
[2026-04-11T01:42:40.792+0530][43.646s][info][gc,phases   ] GC(6) Concurrent Mark Free 0.001ms
[2026-04-11T01:42:40.843+0530][43.697s][info][gc,phases   ] GC(6) Concurrent Process Non-Strong References 51.309ms
[2026-04-11T01:42:40.843+0530][43.697s][info][gc,phases   ] GC(6) Concurrent Reset Relocation Set 0.020ms
[2026-04-11T01:42:40.870+0530][43.729s][info][gc,phases   ] GC(6) Concurrent Select Relocation Set 31.719ms
[2026-04-11T01:42:40.870+0530][43.729s][info][gc,phases   ] GC(6) Pause Relocate Start 0.014ms
[2026-04-11T01:42:41.124+0530][43.980s][info][gc,phases   ] GC(6) Concurrent Relocate 250.050ms
[2026-04-11T01:42:41.124+0530][43.980s][info][gc,load     ] GC(6) Load: 0.00/0.00/0.00
[2026-04-11T01:42:41.124+0530][43.980s][info][gc,mmu      ] GC(6) MMU: 2ms/75.2%, 5ms/90.1%, 10ms/95.0%, 20ms/97.5%, 50ms/99.0%, 100ms/99.5%
[2026-04-11T01:42:41.124+0530][43.980s][info][gc,marking  ] GC(6) Mark: 2 stripe(s), 5 proactive flush(es), 1 terminate flush(es), 0 completion(s), 0 continuation(s) 
[2026-04-11T01:42:41.124+0530][43.980s][info][gc,marking  ] GC(6) Mark Stack Usage: 32M
[2026-04-11T01:42:41.124+0530][43.980s][info][gc,nmethod  ] GC(6) NMethods: 1439 registered, 516 unregistered
[2026-04-11T01:42:41.124+0530][43.981s][info][gc,metaspace] GC(6) Metaspace: 6M used, 6M committed, 1088M reserved
[2026-04-11T01:42:41.124+0530][43.981s][info][gc,ref      ] GC(6) Soft: 282 encountered, 0 discovered, 0 enqueued
[2026-04-11T01:42:41.124+0530][43.981s][info][gc,ref      ] GC(6) Weak: 606 encountered, 10 discovered, 0 enqueued
[2026-04-11T01:42:41.124+0530][43.981s][info][gc,ref      ] GC(6) Final: 0 encountered, 0 discovered, 0 enqueued
[2026-04-11T01:42:41.124+0530][43.981s][info][gc,ref      ] GC(6) Phantom: 136 encountered, 92 discovered, 0 enqueued
[2026-04-11T01:42:41.124+0530][43.981s][info][gc,reloc    ] GC(6) Small Pages: 3511 / 7022M, Empty: 1558M, Relocated: 120M, In-Place: 0
[2026-04-11T01:42:41.127+0530][43.981s][info][gc,reloc    ] GC(6) Medium Pages: 1 / 32M, Empty: 0M, Relocated: 0M, In-Place: 0
[2026-04-11T01:42:41.127+0530][43.981s][info][gc,reloc    ] GC(6) Large Pages: 10 / 100M, Empty: 44M, Relocated: 0M, In-Place: 0
[2026-04-11T01:42:41.127+0530][43.982s][info][gc,reloc    ] GC(6) Forwarding Usage: 24M
[2026-04-11T01:42:41.127+0530][43.982s][info][gc,heap     ] GC(6) Min Capacity: 4096M(50%)
[2026-04-11T01:42:41.128+0530][43.982s][info][gc,heap     ] GC(6) Max Capacity: 8192M(100%)
[2026-04-11T01:42:41.128+0530][43.982s][info][gc,heap     ] GC(6) Soft Max Capacity: 8192M(100%)
[2026-04-11T01:42:41.128+0530][43.982s][info][gc,heap     ] GC(6)                Mark Start          Mark End        Relocate Start      Relocate End           High               Low         
[2026-04-11T01:42:41.128+0530][43.982s][info][gc,heap     ] GC(6)  Capacity:     7154M (87%)        7842M (96%)        7858M (96%)        7894M (96%)        7894M (96%)        7154M (87%)    
[2026-04-11T01:42:41.129+0530][43.982s][info][gc,heap     ] GC(6)      Free:     1038M (13%)         350M (4%)         1928M (24%)        7048M (86%)        7048M (86%)         334M (4%)     
[2026-04-11T01:42:41.129+0530][43.982s][info][gc,heap     ] GC(6)      Used:     7154M (87%)        7842M (96%)        6264M (76%)        1144M (14%)        7858M (96%)        1144M (14%)    
[2026-04-11T01:42:41.129+0530][43.982s][info][gc,heap     ] GC(6)      Live:         -               258M (3%)          258M (3%)          258M (3%)             -                  -          
[2026-04-11T01:42:41.129+0530][43.982s][info][gc,heap     ] GC(6) Allocated:         -               688M (8%)          712M (9%)          841M (10%)            -                  -          
[2026-04-11T01:42:41.129+0530][43.982s][info][gc,heap     ] GC(6)   Garbage:         -              6895M (84%)        5293M (65%)          44M (1%)             -                  -          
[2026-04-11T01:42:41.129+0530][43.983s][info][gc,heap     ] GC(6) Reclaimed:         -                  -              1602M (20%)        6851M (84%)            -                  -          
[2026-04-11T01:42:41.129+0530][43.983s][info][gc          ] GC(6) Garbage Collection (Allocation Rate) 7154M(87%)->1144M(14%)
[2026-04-11T01:42:42.060+0530][44.914s][info][gc,start    ] GC(7) Garbage Collection (Allocation Rate)
[2026-04-11T01:42:42.060+0530][44.914s][info][gc,task     ] GC(7) Using 3 workers
[2026-04-11T01:42:42.076+0530][44.931s][info][gc,phases   ] GC(7) Pause Mark Start 0.013ms
[2026-04-11T01:42:42.896+0530][45.750s][info][gc,phases   ] GC(7) Concurrent Mark 819.256ms
[2026-04-11T01:42:42.896+0530][45.750s][info][gc,phases   ] GC(7) Pause Mark End 0.022ms
[2026-04-11T01:42:42.896+0530][45.750s][info][gc,phases   ] GC(7) Concurrent Mark Free 0.001ms
[2026-04-11T01:42:42.898+0530][45.752s][info][gc,phases   ] GC(7) Concurrent Process Non-Strong References 1.900ms
[2026-04-11T01:42:42.898+0530][45.753s][info][gc,phases   ] GC(7) Concurrent Reset Relocation Set 0.106ms
[2026-04-11T01:42:42.905+0530][45.760s][info][gc,phases   ] GC(7) Concurrent Select Relocation Set 6.854ms
[2026-04-11T01:42:42.905+0530][45.760s][info][gc,phases   ] GC(7) Pause Relocate Start 0.013ms
[2026-04-11T01:42:43.041+0530][45.895s][info][gc,phases   ] GC(7) Concurrent Relocate 135.133ms
[2026-04-11T01:42:43.041+0530][45.895s][info][gc,load     ] GC(7) Load: 0.00/0.00/0.00
[2026-04-11T01:42:43.042+0530][45.896s][info][gc,mmu      ] GC(7) MMU: 2ms/75.2%, 5ms/90.1%, 10ms/95.0%, 20ms/97.5%, 50ms/99.0%, 100ms/99.5%
[2026-04-11T01:42:43.042+0530][45.896s][info][gc,marking  ] GC(7) Mark: 2 stripe(s), 2 proactive flush(es), 1 terminate flush(es), 0 completion(s), 0 continuation(s) 
[2026-04-11T01:42:43.042+0530][45.896s][info][gc,marking  ] GC(7) Mark Stack Usage: 32M
[2026-04-11T01:42:43.042+0530][45.896s][info][gc,nmethod  ] GC(7) NMethods: 1439 registered, 516 unregistered
[2026-04-11T01:42:43.042+0530][45.896s][info][gc,metaspace] GC(7) Metaspace: 6M used, 6M committed, 1088M reserved
[2026-04-11T01:42:43.042+0530][45.896s][info][gc,ref      ] GC(7) Soft: 282 encountered, 0 discovered, 0 enqueued
[2026-04-11T01:42:43.042+0530][45.896s][info][gc,ref      ] GC(7) Weak: 606 encountered, 220 discovered, 0 enqueued
[2026-04-11T01:42:43.042+0530][45.896s][info][gc,ref      ] GC(7) Final: 0 encountered, 0 discovered, 0 enqueued
[2026-04-11T01:42:43.042+0530][45.896s][info][gc,ref      ] GC(7) Phantom: 136 encountered, 123 discovered, 0 enqueued
[2026-04-11T01:42:43.042+0530][45.896s][info][gc,reloc    ] GC(7) Small Pages: 869 / 1738M, Empty: 318M, Relocated: 40M, In-Place: 0
[2026-04-11T01:42:43.042+0530][45.896s][info][gc,reloc    ] GC(7) Medium Pages: 1 / 32M, Empty: 0M, Relocated: 0M, In-Place: 0
[2026-04-11T01:42:43.042+0530][45.896s][info][gc,reloc    ] GC(7) Large Pages: 6 / 92M, Empty: 20M, Relocated: 0M, In-Place: 0
[2026-04-11T01:42:43.042+0530][45.896s][info][gc,reloc    ] GC(7) Forwarding Usage: 9M
[2026-04-11T01:42:43.042+0530][45.896s][info][gc,heap     ] GC(7) Min Capacity: 4096M(50%)
[2026-04-11T01:42:43.042+0530][45.896s][info][gc,heap     ] GC(7) Max Capacity: 8192M(100%)
[2026-04-11T01:42:43.042+0530][45.896s][info][gc,heap     ] GC(7) Soft Max Capacity: 8192M(100%)
[2026-04-11T01:42:43.042+0530][45.896s][info][gc,heap     ] GC(7)                Mark Start          Mark End        Relocate Start      Relocate End           High               Low         
[2026-04-11T01:42:43.042+0530][45.896s][info][gc,heap     ] GC(7)  Capacity:     7894M (96%)        7894M (96%)        7894M (96%)        7894M (96%)        7894M (96%)        7894M (96%)    
[2026-04-11T01:42:43.042+0530][45.896s][info][gc,heap     ] GC(7)      Free:     6330M (77%)        5996M (73%)        6332M (77%)        7444M (91%)        7444M (91%)        5996M (73%)    
[2026-04-11T01:42:43.042+0530][45.896s][info][gc,heap     ] GC(7)      Used:     1862M (23%)        2196M (27%)        1860M (23%)         748M (9%)         2196M (27%)         748M (9%)     
[2026-04-11T01:42:43.042+0530][45.896s][info][gc,heap     ] GC(7)      Live:         -               303M (4%)          303M (4%)          303M (4%)             -                  -          
[2026-04-11T01:42:43.042+0530][45.896s][info][gc,heap     ] GC(7) Allocated:         -               334M (4%)          336M (4%)          401M (5%)             -                  -          
[2026-04-11T01:42:43.042+0530][45.896s][info][gc,heap     ] GC(7)   Garbage:         -              1558M (19%)        1220M (15%)          43M (1%)             -                  -          
[2026-04-11T01:42:43.042+0530][45.896s][info][gc,heap     ] GC(7) Reclaimed:         -                  -               338M (4%)         1515M (19%)            -                  -          
[2026-04-11T01:42:43.042+0530][45.896s][info][gc          ] GC(7) Garbage Collection (Allocation Rate) 1862M(23%)->748M(9%)
[2026-04-11T01:42:47.559+0530][50.414s][info][gc,stats    ] === Garbage Collection Statistics =======================================================================================================================
[2026-04-11T01:42:47.559+0530][50.414s][info][gc,stats    ]                                                              Last 10s              Last 10m              Last 10h                Total
[2026-04-11T01:42:47.559+0530][50.414s][info][gc,stats    ]                                                              Avg / Max             Avg / Max             Avg / Max             Avg / Max
[2026-04-11T01:42:47.559+0530][50.414s][info][gc,stats    ]   Collector: Garbage Collection Cycle                   1675.293 / 2369.028    754.562 / 2369.028    754.562 / 2369.028    754.562 / 2369.028    ms
[2026-04-11T01:42:47.559+0530][50.414s][info][gc,stats    ]  Contention: Mark Segment Reset Contention                     0 / 1                 0 / 13                0 / 13                0 / 13          ops/s
[2026-04-11T01:42:47.559+0530][50.414s][info][gc,stats    ]  Contention: Mark SeqNum Reset Contention                      0 / 0                 0 / 0                 0 / 0                 0 / 0           ops/s
[2026-04-11T01:42:47.559+0530][50.414s][info][gc,stats    ]    Critical: Allocation Stall                                  0 / 0                 0 / 0                 0 / 0                 0 / 0           ops/s
[2026-04-11T01:42:47.559+0530][50.414s][info][gc,stats    ]    Critical: Allocation Stall                              0.000 / 0.000         0.000 / 0.000         0.000 / 0.000         0.000 / 0.000       ms
[2026-04-11T01:42:47.559+0530][50.414s][info][gc,stats    ]    Critical: GC Locker Stall                                   0 / 0                 0 / 0                 0 / 0                 0 / 0           ops/s
[2026-04-11T01:42:47.559+0530][50.414s][info][gc,stats    ]    Critical: GC Locker Stall                               0.000 / 0.000         0.000 / 0.000         0.000 / 0.000         0.000 / 0.000       ms
[2026-04-11T01:42:47.559+0530][50.414s][info][gc,stats    ]    Critical: Relocation Stall                                  0 / 0                 0 / 0                 0 / 0                 0 / 0           ops/s
[2026-04-11T01:42:47.559+0530][50.414s][info][gc,stats    ]    Critical: Relocation Stall                              0.000 / 0.000         0.000 / 0.000         0.000 / 0.000         0.000 / 0.000       ms
[2026-04-11T01:42:47.559+0530][50.414s][info][gc,stats    ]      Memory: Allocation Rate                                 616 / 866             620 / 918             620 / 918             620 / 918         MB/s
[2026-04-11T01:42:47.559+0530][50.414s][info][gc,stats    ]      Memory: Defragment                                        0 / 0                 0 / 0                 0 / 0                 0 / 0           ops/s
[2026-04-11T01:42:47.559+0530][50.414s][info][gc,stats    ]      Memory: Out Of Memory                                     0 / 0                 0 / 0                 0 / 0                 0 / 0           ops/s
[2026-04-11T01:42:47.559+0530][50.414s][info][gc,stats    ]      Memory: Page Cache Flush                                  0 / 0                 0 / 0                 0 / 0                 0 / 0           MB/s
[2026-04-11T01:42:47.559+0530][50.414s][info][gc,stats    ]      Memory: Page Cache Hit L1                               266 / 433             233 / 458             233 / 458             233 / 458         ops/s
[2026-04-11T01:42:47.559+0530][50.414s][info][gc,stats    ]      Memory: Page Cache Hit L2                                 0 / 0                 0 / 0                 0 / 0                 0 / 0           ops/s
[2026-04-11T01:42:47.559+0530][50.414s][info][gc,stats    ]      Memory: Page Cache Hit L3                                 0 / 0                41 / 445              41 / 445              41 / 445         ops/s
[2026-04-11T01:42:47.559+0530][50.414s][info][gc,stats    ]      Memory: Page Cache Miss                                  48 / 181              37 / 271              37 / 271              37 / 271         ops/s
[2026-04-11T01:42:47.559+0530][50.414s][info][gc,stats    ]      Memory: Uncommit                                          0 / 0                 0 / 0                 0 / 0                 0 / 0           MB/s
[2026-04-11T01:42:47.559+0530][50.414s][info][gc,stats    ]      Memory: Undo Object Allocation Failed                     0 / 0                 0 / 0                 0 / 0                 0 / 0           ops/s
[2026-04-11T01:42:47.559+0530][50.414s][info][gc,stats    ]      Memory: Undo Object Allocation Succeeded                  0 / 1                 0 / 4                 0 / 4                 0 / 4           ops/s
[2026-04-11T01:42:47.559+0530][50.414s][info][gc,stats    ]      Memory: Undo Page Allocation                              0 / 0                 0 / 0                 0 / 0                 0 / 0           ops/s
[2026-04-11T01:42:47.559+0530][50.414s][info][gc,stats    ]       Phase: Concurrent Mark                            1424.672 / 2030.088    636.004 / 2030.088    636.004 / 2030.088    636.004 / 2030.088    ms
[2026-04-11T01:42:47.559+0530][50.414s][info][gc,stats    ]       Phase: Concurrent Mark Continue                      0.000 / 0.000         0.000 / 0.000         0.000 / 0.000         0.000 / 0.000       ms
[2026-04-11T01:42:47.559+0530][50.414s][info][gc,stats    ]       Phase: Concurrent Mark Free                          0.001 / 0.001         0.001 / 0.002         0.001 / 0.002         0.001 / 0.002       ms
[2026-04-11T01:42:47.559+0530][50.414s][info][gc,stats    ]       Phase: Concurrent Process Non-Strong References     26.605 / 51.309        9.569 / 51.309        9.569 / 51.309        9.569 / 51.309      ms
[2026-04-11T01:42:47.559+0530][50.414s][info][gc,stats    ]       Phase: Concurrent Relocate                         192.592 / 250.050      88.824 / 250.050      88.824 / 250.050      88.824 / 250.050     ms
[2026-04-11T01:42:47.559+0530][50.414s][info][gc,stats    ]       Phase: Concurrent Reset Relocation Set               0.063 / 0.106         0.093 / 0.281         0.093 / 0.281         0.093 / 0.281       ms
[2026-04-11T01:42:47.559+0530][50.414s][info][gc,stats    ]       Phase: Concurrent Select Relocation Set             19.287 / 31.719       14.864 / 31.719       14.864 / 31.719       14.864 / 31.719      ms
[2026-04-11T01:42:47.560+0530][50.414s][info][gc,stats    ]       Phase: Pause Mark End                                0.027 / 0.032         0.026 / 0.042         0.026 / 0.042         0.026 / 0.042       ms
[2026-04-11T01:42:47.560+0530][50.414s][info][gc,stats    ]       Phase: Pause Mark Start                              0.255 / 0.497         0.073 / 0.497         0.073 / 0.497         0.073 / 0.497       ms
[2026-04-11T01:42:47.560+0530][50.414s][info][gc,stats    ]       Phase: Pause Relocate Start                          0.013 / 0.014         0.017 / 0.029         0.017 / 0.029         0.017 / 0.029       ms
[2026-04-11T01:42:47.560+0530][50.414s][info][gc,stats    ]    Subphase: Concurrent Classes Purge                      0.410 / 0.805         0.370 / 1.367         0.370 / 1.367         0.370 / 1.367       ms
[2026-04-11T01:42:47.560+0530][50.414s][info][gc,stats    ]    Subphase: Concurrent Classes Unlink                    23.361 / 45.355        7.728 / 45.355        7.728 / 45.355        7.728 / 45.355      ms
[2026-04-11T01:42:47.560+0530][50.414s][info][gc,stats    ]    Subphase: Concurrent Mark                            1296.663 / 2027.929    531.568 / 2027.929    531.568 / 2027.929    531.568 / 2027.929    ms
[2026-04-11T01:42:47.560+0530][50.415s][info][gc,stats    ]    Subphase: Concurrent Mark Try Flush                     0.238 / 0.640         0.520 / 9.301         0.520 / 9.301         0.520 / 9.301       ms
[2026-04-11T01:42:47.560+0530][50.415s][info][gc,stats    ]    Subphase: Concurrent Mark Try Terminate                 8.199 / 15.648        5.996 / 15.701        5.996 / 15.701        5.996 / 15.701      ms
[2026-04-11T01:42:47.560+0530][50.415s][info][gc,stats    ]    Subphase: Concurrent References Enqueue                 0.001 / 0.001         0.004 / 0.019         0.004 / 0.019         0.004 / 0.019       ms
[2026-04-11T01:42:47.560+0530][50.415s][info][gc,stats    ]    Subphase: Concurrent References Process                 0.131 / 0.153         0.135 / 0.254         0.135 / 0.254         0.135 / 0.254       ms
[2026-04-11T01:42:47.560+0530][50.415s][info][gc,stats    ]    Subphase: Concurrent Roots ClassLoaderDataGraph         0.142 / 0.334         0.161 / 0.504         0.161 / 0.504         0.161 / 0.504       ms
[2026-04-11T01:42:47.560+0530][50.415s][info][gc,stats    ]    Subphase: Concurrent Roots CodeCache                    0.000 / 0.000         0.000 / 0.000         0.000 / 0.000         0.000 / 0.000       ms
[2026-04-11T01:42:47.560+0530][50.415s][info][gc,stats    ]    Subphase: Concurrent Roots JavaThreads                  1.041 / 1.433         0.628 / 1.433         0.628 / 1.433         0.628 / 1.433       ms
[2026-04-11T01:42:47.560+0530][50.415s][info][gc,stats    ]    Subphase: Concurrent Roots OopStorageSet                0.282 / 0.422         0.091 / 0.422         0.091 / 0.422         0.091 / 0.422       ms
[2026-04-11T01:42:47.560+0530][50.415s][info][gc,stats    ]    Subphase: Concurrent Weak Roots OopStorageSet           1.292 / 2.929         0.657 / 2.929         0.657 / 2.929         0.657 / 2.929       ms
[2026-04-11T01:42:47.560+0530][50.415s][info][gc,stats    ]    Subphase: Pause Mark Try Complete                       0.000 / 0.000         0.000 / 0.000         0.000 / 0.000         0.000 / 0.000       ms
[2026-04-11T01:42:47.560+0530][50.415s][info][gc,stats    ]      System: Java Threads                                     18 / 18               18 / 20               18 / 20               18 / 20          threads
[2026-04-11T01:42:47.560+0530][50.415s][info][gc,stats    ] =========================================================================================================================================================
[2026-04-11T01:42:48.150+0530][51.004s][info][gc,start    ] GC(8) Garbage Collection (Allocation Rate)
[2026-04-11T01:42:48.150+0530][51.004s][info][gc,task     ] GC(8) Using 2 workers
[2026-04-11T01:42:48.150+0530][51.004s][info][gc,phases   ] GC(8) Pause Mark Start 0.014ms
[2026-04-11T01:42:49.593+0530][52.447s][info][gc,phases   ] GC(8) Concurrent Mark 1442.782ms
[2026-04-11T01:42:49.593+0530][52.448s][info][gc,phases   ] GC(8) Pause Mark End 0.020ms
[2026-04-11T01:42:49.594+0530][52.448s][info][gc,phases   ] GC(8) Concurrent Mark Free 0.001ms
[2026-04-11T01:42:49.596+0530][52.451s][info][gc,phases   ] GC(8) Concurrent Process Non-Strong References 2.586ms
[2026-04-11T01:42:49.596+0530][52.451s][info][gc,phases   ] GC(8) Concurrent Reset Relocation Set 0.040ms
[2026-04-11T01:42:49.621+0530][52.475s][info][gc,phases   ] GC(8) Concurrent Select Relocation Set 24.438ms
[2026-04-11T01:42:49.621+0530][52.476s][info][gc,phases   ] GC(8) Pause Relocate Start 0.013ms
[2026-04-11T01:42:49.725+0530][52.581s][info][gc,phases   ] GC(8) Concurrent Relocate 104.848ms
[2026-04-11T01:42:49.725+0530][52.581s][info][gc,load     ] GC(8) Load: 0.00/0.00/0.00
[2026-04-11T01:42:49.725+0530][52.581s][info][gc,mmu      ] GC(8) MMU: 2ms/75.2%, 5ms/90.1%, 10ms/95.0%, 20ms/97.5%, 50ms/99.0%, 100ms/99.5%
[2026-04-11T01:42:49.725+0530][52.581s][info][gc,marking  ] GC(8) Mark: 2 stripe(s), 2 proactive flush(es), 1 terminate flush(es), 0 completion(s), 0 continuation(s) 
[2026-04-11T01:42:49.725+0530][52.581s][info][gc,marking  ] GC(8) Mark Stack Usage: 32M
[2026-04-11T01:42:49.727+0530][52.581s][info][gc,nmethod  ] GC(8) NMethods: 1440 registered, 516 unregistered
[2026-04-11T01:42:49.727+0530][52.581s][info][gc,metaspace] GC(8) Metaspace: 6M used, 6M committed, 1088M reserved
[2026-04-11T01:42:49.727+0530][52.581s][info][gc,ref      ] GC(8) Soft: 282 encountered, 0 discovered, 0 enqueued
[2026-04-11T01:42:49.727+0530][52.581s][info][gc,ref      ] GC(8) Weak: 606 encountered, 7 discovered, 0 enqueued
[2026-04-11T01:42:49.727+0530][52.581s][info][gc,ref      ] GC(8) Final: 0 encountered, 0 discovered, 0 enqueued
[2026-04-11T01:42:49.727+0530][52.581s][info][gc,ref      ] GC(8) Phantom: 136 encountered, 92 discovered, 0 enqueued
[2026-04-11T01:42:49.727+0530][52.581s][info][gc,reloc    ] GC(8) Small Pages: 2252 / 4504M, Empty: 952M, Relocated: 89M, In-Place: 0
[2026-04-11T01:42:49.727+0530][52.581s][info][gc,reloc    ] GC(8) Medium Pages: 1 / 32M, Empty: 0M, Relocated: 0M, In-Place: 0
[2026-04-11T01:42:49.727+0530][52.581s][info][gc,reloc    ] GC(8) Large Pages: 4 / 72M, Empty: 0M, Relocated: 0M, In-Place: 0
[2026-04-11T01:42:49.727+0530][52.581s][info][gc,reloc    ] GC(8) Forwarding Usage: 18M
[2026-04-11T01:42:49.727+0530][52.581s][info][gc,heap     ] GC(8) Min Capacity: 4096M(50%)
[2026-04-11T01:42:49.727+0530][52.581s][info][gc,heap     ] GC(8) Max Capacity: 8192M(100%)
[2026-04-11T01:42:49.727+0530][52.581s][info][gc,heap     ] GC(8) Soft Max Capacity: 8192M(100%)
[2026-04-11T01:42:49.727+0530][52.581s][info][gc,heap     ] GC(8)                Mark Start          Mark End        Relocate Start      Relocate End           High               Low         
[2026-04-11T01:42:49.727+0530][52.581s][info][gc,heap     ] GC(8)  Capacity:     7894M (96%)        7894M (96%)        7894M (96%)        7894M (96%)        7894M (96%)        7894M (96%)    
[2026-04-11T01:42:49.727+0530][52.581s][info][gc,heap     ] GC(8)      Free:     3584M (44%)        2938M (36%)        3876M (47%)        7028M (86%)        7028M (86%)        2936M (36%)    
[2026-04-11T01:42:49.727+0530][52.581s][info][gc,heap     ] GC(8)      Used:     4608M (56%)        5254M (64%)        4316M (53%)        1164M (14%)        5256M (64%)        1164M (14%)    
[2026-04-11T01:42:49.727+0530][52.581s][info][gc,heap     ] GC(8)      Live:         -               388M (5%)          388M (5%)          388M (5%)             -                  -          
[2026-04-11T01:42:49.727+0530][52.582s][info][gc,heap     ] GC(8) Allocated:         -               646M (8%)          660M (8%)          729M (9%)             -                  -          
[2026-04-11T01:42:49.727+0530][52.582s][info][gc,heap     ] GC(8)   Garbage:         -              4219M (52%)        3267M (40%)          45M (1%)             -                  -          
[2026-04-11T01:42:49.727+0530][52.582s][info][gc,heap     ] GC(8) Reclaimed:         -                  -               952M (12%)        4173M (51%)            -                  -          
[2026-04-11T01:42:49.727+0530][52.582s][info][gc          ] GC(8) Garbage Collection (Allocation Rate) 4608M(56%)->1164M(14%)
[2026-04-11T01:42:55.665+0530][58.519s][info][gc,start    ] GC(9) Garbage Collection (Allocation Rate)
[2026-04-11T01:42:55.665+0530][58.519s][info][gc,task     ] GC(9) Using 2 workers
[2026-04-11T01:42:55.665+0530][58.519s][info][gc,phases   ] GC(9) Pause Mark Start 0.011ms
[2026-04-11T01:42:57.565+0530][60.419s][info][gc,stats    ] === Garbage Collection Statistics =======================================================================================================================
[2026-04-11T01:42:57.565+0530][60.420s][info][gc,stats    ]                                                              Last 10s              Last 10m              Last 10h                Total
[2026-04-11T01:42:57.565+0530][60.420s][info][gc,stats    ]                                                              Avg / Max             Avg / Max             Avg / Max             Avg / Max
[2026-04-11T01:42:57.565+0530][60.420s][info][gc,stats    ]   Collector: Garbage Collection Cycle                   1576.764 / 1576.764    845.918 / 2369.028    845.918 / 2369.028    845.918 / 2369.028    ms
[2026-04-11T01:42:57.565+0530][60.420s][info][gc,stats    ]  Contention: Mark Segment Reset Contention                     0 / 3                 0 / 13                0 / 13                0 / 13          ops/s
[2026-04-11T01:42:57.565+0530][60.420s][info][gc,stats    ]  Contention: Mark SeqNum Reset Contention                      0 / 0                 0 / 0                 0 / 0                 0 / 0           ops/s
[2026-04-11T01:42:57.565+0530][60.420s][info][gc,stats    ]    Critical: Allocation Stall                                  0 / 0                 0 / 0                 0 / 0                 0 / 0           ops/s
[2026-04-11T01:42:57.565+0530][60.420s][info][gc,stats    ]    Critical: Allocation Stall                              0.000 / 0.000         0.000 / 0.000         0.000 / 0.000         0.000 / 0.000       ms
[2026-04-11T01:42:57.565+0530][60.420s][info][gc,stats    ]    Critical: GC Locker Stall                                   0 / 0                 0 / 0                 0 / 0                 0 / 0           ops/s
[2026-04-11T01:42:57.565+0530][60.420s][info][gc,stats    ]    Critical: GC Locker Stall                               0.000 / 0.000         0.000 / 0.000         0.000 / 0.000         0.000 / 0.000       ms
[2026-04-11T01:42:57.565+0530][60.420s][info][gc,stats    ]    Critical: Relocation Stall                                  0 / 0                 0 / 0                 0 / 0                 0 / 0           ops/s
[2026-04-11T01:42:57.565+0530][60.420s][info][gc,stats    ]    Critical: Relocation Stall                              0.000 / 0.000         0.000 / 0.000         0.000 / 0.000         0.000 / 0.000       ms
[2026-04-11T01:42:57.565+0530][60.420s][info][gc,stats    ]      Memory: Allocation Rate                                 678 / 856             630 / 918             630 / 918             630 / 918         MB/s
[2026-04-11T01:42:57.565+0530][60.420s][info][gc,stats    ]      Memory: Defragment                                        0 / 0                 0 / 0                 0 / 0                 0 / 0           ops/s
[2026-04-11T01:42:57.565+0530][60.420s][info][gc,stats    ]      Memory: Out Of Memory                                     0 / 0                 0 / 0                 0 / 0                 0 / 0           ops/s
[2026-04-11T01:42:57.565+0530][60.420s][info][gc,stats    ]      Memory: Page Cache Flush                                  0 / 0                 0 / 0                 0 / 0                 0 / 0           MB/s
[2026-04-11T01:42:57.565+0530][60.420s][info][gc,stats    ]      Memory: Page Cache Hit L1                               336 / 428             251 / 458             251 / 458             251 / 458         ops/s
[2026-04-11T01:42:57.565+0530][60.420s][info][gc,stats    ]      Memory: Page Cache Hit L2                                 0 / 0                 0 / 0                 0 / 0                 0 / 0           ops/s
[2026-04-11T01:42:57.565+0530][60.420s][info][gc,stats    ]      Memory: Page Cache Hit L3                                 0 / 0                34 / 445              34 / 445              34 / 445         ops/s
[2026-04-11T01:42:57.565+0530][60.420s][info][gc,stats    ]      Memory: Page Cache Miss                                   0 / 2                31 / 271              31 / 271              31 / 271         ops/s
[2026-04-11T01:42:57.565+0530][60.420s][info][gc,stats    ]      Memory: Uncommit                                          0 / 0                 0 / 0                 0 / 0                 0 / 0           MB/s
[2026-04-11T01:42:57.565+0530][60.420s][info][gc,stats    ]      Memory: Undo Object Allocation Failed                     0 / 0                 0 / 0                 0 / 0                 0 / 0           ops/s
[2026-04-11T01:42:57.566+0530][60.420s][info][gc,stats    ]      Memory: Undo Object Allocation Succeeded                  0 / 4                 0 / 4                 0 / 4                 0 / 4           ops/s
[2026-04-11T01:42:57.566+0530][60.420s][info][gc,stats    ]      Memory: Undo Page Allocation                              0 / 0                 0 / 0                 0 / 0                 0 / 0           ops/s
[2026-04-11T01:42:57.566+0530][60.420s][info][gc,stats    ]       Phase: Concurrent Mark                            1442.782 / 1442.782    725.646 / 2030.088    725.646 / 2030.088    725.646 / 2030.088    ms
[2026-04-11T01:42:57.566+0530][60.420s][info][gc,stats    ]       Phase: Concurrent Mark Continue                      0.000 / 0.000         0.000 / 0.000         0.000 / 0.000         0.000 / 0.000       ms
[2026-04-11T01:42:57.566+0530][60.420s][info][gc,stats    ]       Phase: Concurrent Mark Free                          0.001 / 0.001         0.001 / 0.002         0.001 / 0.002         0.001 / 0.002       ms
[2026-04-11T01:42:57.566+0530][60.420s][info][gc,stats    ]       Phase: Concurrent Process Non-Strong References      2.586 / 2.586         8.793 / 51.309        8.793 / 51.309        8.793 / 51.309      ms
[2026-04-11T01:42:57.566+0530][60.420s][info][gc,stats    ]       Phase: Concurrent Relocate                         104.848 / 104.848      90.604 / 250.050      90.604 / 250.050      90.604 / 250.050     ms
[2026-04-11T01:42:57.566+0530][60.421s][info][gc,stats    ]       Phase: Concurrent Reset Relocation Set               0.040 / 0.040         0.087 / 0.281         0.087 / 0.281         0.087 / 0.281       ms
[2026-04-11T01:42:57.566+0530][60.421s][info][gc,stats    ]       Phase: Concurrent Select Relocation Set             24.438 / 24.438       15.928 / 31.719       15.928 / 31.719       15.928 / 31.719      ms
[2026-04-11T01:42:57.566+0530][60.421s][info][gc,stats    ]       Phase: Pause Mark End                                0.020 / 0.020         0.026 / 0.042         0.026 / 0.042         0.026 / 0.042       ms
[2026-04-11T01:42:57.566+0530][60.421s][info][gc,stats    ]       Phase: Pause Mark Start                              0.013 / 0.014         0.061 / 0.497         0.061 / 0.497         0.061 / 0.497       ms
[2026-04-11T01:42:57.566+0530][60.421s][info][gc,stats    ]       Phase: Pause Relocate Start                          0.013 / 0.013         0.016 / 0.029         0.016 / 0.029         0.016 / 0.029       ms
[2026-04-11T01:42:57.566+0530][60.421s][info][gc,stats    ]    Subphase: Concurrent Classes Purge                      0.023 / 0.023         0.331 / 1.367         0.331 / 1.367         0.331 / 1.367       ms
[2026-04-11T01:42:57.566+0530][60.421s][info][gc,stats    ]    Subphase: Concurrent Classes Unlink                     1.812 / 1.812         7.071 / 45.355        7.071 / 45.355        7.071 / 45.355      ms
[2026-04-11T01:42:57.566+0530][60.421s][info][gc,stats    ]    Subphase: Concurrent Mark                            1436.746 / 1441.124    613.857 / 2027.929    613.857 / 2027.929    613.857 / 2027.929    ms
[2026-04-11T01:42:57.566+0530][60.421s][info][gc,stats    ]    Subphase: Concurrent Mark Try Flush                     0.423 / 0.752         0.511 / 9.301         0.511 / 9.301         0.511 / 9.301       ms
[2026-04-11T01:42:57.566+0530][60.421s][info][gc,stats    ]    Subphase: Concurrent Mark Try Terminate                 3.603 / 10.054        5.797 / 15.701        5.797 / 15.701        5.797 / 15.701      ms
[2026-04-11T01:42:57.566+0530][60.421s][info][gc,stats    ]    Subphase: Concurrent References Enqueue                 0.001 / 0.001         0.004 / 0.019         0.004 / 0.019         0.004 / 0.019       ms
[2026-04-11T01:42:57.566+0530][60.421s][info][gc,stats    ]    Subphase: Concurrent References Process                 0.113 / 0.113         0.133 / 0.254         0.133 / 0.254         0.133 / 0.254       ms
[2026-04-11T01:42:57.566+0530][60.421s][info][gc,stats    ]    Subphase: Concurrent Roots ClassLoaderDataGraph         0.107 / 0.215         0.151 / 0.504         0.151 / 0.504         0.151 / 0.504       ms
[2026-04-11T01:42:57.566+0530][60.421s][info][gc,stats    ]    Subphase: Concurrent Roots CodeCache                    0.000 / 0.000         0.000 / 0.000         0.000 / 0.000         0.000 / 0.000       ms
[2026-04-11T01:42:57.566+0530][60.421s][info][gc,stats    ]    Subphase: Concurrent Roots JavaThreads                  0.828 / 1.338         0.662 / 1.433         0.662 / 1.433         0.662 / 1.433       ms
[2026-04-11T01:42:57.566+0530][60.421s][info][gc,stats    ]    Subphase: Concurrent Roots OopStorageSet                0.031 / 0.040         0.081 / 0.422         0.081 / 0.422         0.081 / 0.422       ms
[2026-04-11T01:42:57.566+0530][60.421s][info][gc,stats    ]    Subphase: Concurrent Weak Roots OopStorageSet           0.276 / 0.276         0.622 / 2.929         0.622 / 2.929         0.622 / 2.929       ms
[2026-04-11T01:42:57.566+0530][60.421s][info][gc,stats    ]    Subphase: Pause Mark Try Complete                       0.000 / 0.000         0.000 / 0.000         0.000 / 0.000         0.000 / 0.000       ms
[2026-04-11T01:42:57.566+0530][60.421s][info][gc,stats    ]      System: Java Threads                                     18 / 18               18 / 20               18 / 20               18 / 20          threads
[2026-04-11T01:42:57.567+0530][60.421s][info][gc,stats    ] =========================================================================================================================================================
[2026-04-11T01:42:57.893+0530][60.747s][info][gc,phases   ] GC(9) Concurrent Mark 2227.842ms
[2026-04-11T01:42:57.893+0530][60.747s][info][gc,phases   ] GC(9) Pause Mark End 0.054ms
[2026-04-11T01:42:57.893+0530][60.748s][info][gc,phases   ] GC(9) Concurrent Mark Free 0.002ms
[2026-04-11T01:42:57.897+0530][60.751s][info][gc,phases   ] GC(9) Concurrent Process Non-Strong References 3.529ms
[2026-04-11T01:42:57.897+0530][60.751s][info][gc,phases   ] GC(9) Concurrent Reset Relocation Set 0.117ms
[2026-04-11T01:42:57.931+0530][60.785s][info][gc,phases   ] GC(9) Concurrent Select Relocation Set 33.374ms
[2026-04-11T01:42:57.931+0530][60.785s][info][gc,phases   ] GC(9) Pause Relocate Start 0.015ms
[2026-04-11T01:42:58.081+0530][60.936s][info][gc,phases   ] GC(9) Concurrent Relocate 150.844ms
[2026-04-11T01:42:58.081+0530][60.936s][info][gc,load     ] GC(9) Load: 0.00/0.00/0.00
[2026-04-11T01:42:58.081+0530][60.936s][info][gc,mmu      ] GC(9) MMU: 2ms/75.2%, 5ms/90.1%, 10ms/95.0%, 20ms/97.5%, 50ms/99.0%, 100ms/99.5%
[2026-04-11T01:42:58.081+0530][60.937s][info][gc,marking  ] GC(9) Mark: 2 stripe(s), 2 proactive flush(es), 1 terminate flush(es), 0 completion(s), 0 continuation(s) 
[2026-04-11T01:42:58.081+0530][60.937s][info][gc,marking  ] GC(9) Mark Stack Usage: 32M
[2026-04-11T01:42:58.081+0530][60.937s][info][gc,nmethod  ] GC(9) NMethods: 1440 registered, 516 unregistered
[2026-04-11T01:42:58.082+0530][60.937s][info][gc,metaspace] GC(9) Metaspace: 6M used, 6M committed, 1088M reserved
[2026-04-11T01:42:58.082+0530][60.937s][info][gc,ref      ] GC(9) Soft: 282 encountered, 0 discovered, 0 enqueued
[2026-04-11T01:42:58.082+0530][60.937s][info][gc,ref      ] GC(9) Weak: 606 encountered, 23 discovered, 0 enqueued
[2026-04-11T01:42:58.082+0530][60.937s][info][gc,ref      ] GC(9) Final: 0 encountered, 0 discovered, 0 enqueued
[2026-04-11T01:42:58.082+0530][60.937s][info][gc,ref      ] GC(9) Phantom: 136 encountered, 92 discovered, 0 enqueued
[2026-04-11T01:42:58.082+0530][60.937s][info][gc,reloc    ] GC(9) Small Pages: 2869 / 5738M, Empty: 1214M, Relocated: 131M, In-Place: 0
[2026-04-11T01:42:58.082+0530][60.937s][info][gc,reloc    ] GC(9) Medium Pages: 1 / 32M, Empty: 0M, Relocated: 0M, In-Place: 0
[2026-04-11T01:42:58.082+0530][60.937s][info][gc,reloc    ] GC(9) Large Pages: 8 / 208M, Empty: 72M, Relocated: 0M, In-Place: 0
[2026-04-11T01:42:58.082+0530][60.937s][info][gc,reloc    ] GC(9) Forwarding Usage: 28M
[2026-04-11T01:42:58.082+0530][60.937s][info][gc,heap     ] GC(9) Min Capacity: 4096M(50%)
[2026-04-11T01:42:58.082+0530][60.937s][info][gc,heap     ] GC(9) Max Capacity: 8192M(100%)
[2026-04-11T01:42:58.082+0530][60.937s][info][gc,heap     ] GC(9) Soft Max Capacity: 8192M(100%)
[2026-04-11T01:42:58.082+0530][60.937s][info][gc,heap     ] GC(9)                Mark Start          Mark End        Relocate Start      Relocate End           High               Low         
[2026-04-11T01:42:58.082+0530][60.937s][info][gc,heap     ] GC(9)  Capacity:     8030M (98%)        8030M (98%)        8030M (98%)        8030M (98%)        8030M (98%)        8030M (98%)    
[2026-04-11T01:42:58.082+0530][60.937s][info][gc,heap     ] GC(9)      Free:     2214M (27%)        1194M (15%)        2464M (30%)        6464M (79%)        6468M (79%)        1192M (15%)    
[2026-04-11T01:42:58.082+0530][60.937s][info][gc,heap     ] GC(9)      Used:     5978M (73%)        6998M (85%)        5728M (70%)        1728M (21%)        7000M (85%)        1724M (21%)    
[2026-04-11T01:42:58.082+0530][60.937s][info][gc,heap     ] GC(9)      Live:         -               567M (7%)          567M (7%)          567M (7%)             -                  -          
[2026-04-11T01:42:58.082+0530][60.937s][info][gc,heap     ] GC(9) Allocated:         -              1020M (12%)        1036M (13%)        1115M (14%)            -                  -          
[2026-04-11T01:42:58.082+0530][60.937s][info][gc,heap     ] GC(9)   Garbage:         -              5410M (66%)        4124M (50%)          45M (1%)             -                  -          
[2026-04-11T01:42:58.082+0530][60.937s][info][gc,heap     ] GC(9) Reclaimed:         -                  -              1286M (16%)        5365M (65%)            -                  -          
[2026-04-11T01:42:58.082+0530][60.937s][info][gc          ] GC(9) Garbage Collection (Allocation Rate) 5978M(73%)->1728M(21%)
[2026-04-11T01:43:01.855+0530][64.709s][info][gc,start    ] GC(10) Garbage Collection (Allocation Rate)
[2026-04-11T01:43:01.855+0530][64.709s][info][gc,task     ] GC(10) Using 2 workers
[2026-04-11T01:43:01.855+0530][64.709s][info][gc,phases   ] GC(10) Pause Mark Start 0.013ms
[2026-04-11T01:43:03.793+0530][66.648s][info][gc,phases   ] GC(10) Concurrent Mark 1938.191ms
[2026-04-11T01:43:03.793+0530][66.648s][info][gc,phases   ] GC(10) Pause Mark End 0.026ms
[2026-04-11T01:43:03.793+0530][66.649s][info][gc,phases   ] GC(10) Concurrent Mark Free 0.002ms
[2026-04-11T01:43:03.797+0530][66.651s][info][gc,phases   ] GC(10) Concurrent Process Non-Strong References 2.784ms
[2026-04-11T01:43:03.797+0530][66.652s][info][gc,phases   ] GC(10) Concurrent Reset Relocation Set 0.169ms
[2026-04-11T01:43:03.806+0530][66.660s][info][gc,phases   ] GC(10) Concurrent Select Relocation Set 8.685ms
[2026-04-11T01:43:03.806+0530][66.661s][info][gc,phases   ] GC(10) Pause Relocate Start 0.013ms
[2026-04-11T01:43:03.906+0530][66.761s][info][gc,phases   ] GC(10) Concurrent Relocate 99.859ms
[2026-04-11T01:43:03.906+0530][66.761s][info][gc,load     ] GC(10) Load: 0.00/0.00/0.00
[2026-04-11T01:43:03.906+0530][66.762s][info][gc,mmu      ] GC(10) MMU: 2ms/75.2%, 5ms/90.1%, 10ms/95.0%, 20ms/97.5%, 50ms/99.0%, 100ms/99.5%
[2026-04-11T01:43:03.906+0530][66.762s][info][gc,marking  ] GC(10) Mark: 2 stripe(s), 2 proactive flush(es), 1 terminate flush(es), 0 completion(s), 0 continuation(s) 
[2026-04-11T01:43:03.906+0530][66.762s][info][gc,marking  ] GC(10) Mark Stack Usage: 32M
[2026-04-11T01:43:03.906+0530][66.762s][info][gc,nmethod  ] GC(10) NMethods: 1444 registered, 516 unregistered
[2026-04-11T01:43:03.906+0530][66.762s][info][gc,metaspace] GC(10) Metaspace: 6M used, 6M committed, 1088M reserved
[2026-04-11T01:43:03.906+0530][66.762s][info][gc,ref      ] GC(10) Soft: 282 encountered, 0 discovered, 0 enqueued
[2026-04-11T01:43:03.906+0530][66.762s][info][gc,ref      ] GC(10) Weak: 606 encountered, 4 discovered, 0 enqueued
[2026-04-11T01:43:03.906+0530][66.762s][info][gc,ref      ] GC(10) Final: 0 encountered, 0 discovered, 0 enqueued
[2026-04-11T01:43:03.906+0530][66.762s][info][gc,ref      ] GC(10) Phantom: 136 encountered, 92 discovered, 0 enqueued
[2026-04-11T01:43:03.908+0530][66.762s][info][gc,reloc    ] GC(10) Small Pages: 2365 / 4730M, Empty: 948M, Relocated: 104M, In-Place: 0
[2026-04-11T01:43:03.908+0530][66.762s][info][gc,reloc    ] GC(10) Medium Pages: 1 / 32M, Empty: 0M, Relocated: 0M, In-Place: 0
[2026-04-11T01:43:03.908+0530][66.762s][info][gc,reloc    ] GC(10) Large Pages: 4 / 136M, Empty: 0M, Relocated: 0M, In-Place: 0
[2026-04-11T01:43:03.908+0530][66.762s][info][gc,reloc    ] GC(10) Forwarding Usage: 21M
[2026-04-11T01:43:03.908+0530][66.762s][info][gc,heap     ] GC(10) Min Capacity: 4096M(50%)
[2026-04-11T01:43:03.908+0530][66.762s][info][gc,heap     ] GC(10) Max Capacity: 8192M(100%)
[2026-04-11T01:43:03.908+0530][66.762s][info][gc,heap     ] GC(10) Soft Max Capacity: 8192M(100%)
[2026-04-11T01:43:03.908+0530][66.762s][info][gc,heap     ] GC(10)                Mark Start          Mark End        Relocate Start      Relocate End           High               Low         
[2026-04-11T01:43:03.908+0530][66.762s][info][gc,heap     ] GC(10)  Capacity:     8030M (98%)        8030M (98%)        8030M (98%)        8030M (98%)        8030M (98%)        8030M (98%)    
[2026-04-11T01:43:03.908+0530][66.762s][info][gc,heap     ] GC(10)      Free:     3294M (40%)        2144M (26%)        3080M (38%)        6272M (77%)        6272M (77%)        2140M (26%)    
[2026-04-11T01:43:03.908+0530][66.762s][info][gc,heap     ] GC(10)      Used:     4898M (60%)        6048M (74%)        5112M (62%)        1920M (23%)        6052M (74%)        1920M (23%)    
[2026-04-11T01:43:03.908+0530][66.762s][info][gc,heap     ] GC(10)      Live:         -               662M (8%)          662M (8%)          662M (8%)             -                  -          
[2026-04-11T01:43:03.908+0530][66.762s][info][gc,heap     ] GC(10) Allocated:         -              1150M (14%)        1162M (14%)        1211M (15%)            -                  -          
[2026-04-11T01:43:03.908+0530][66.762s][info][gc,heap     ] GC(10)   Garbage:         -              4235M (52%)        3287M (40%)          45M (1%)             -                  -          
[2026-04-11T01:43:03.908+0530][66.762s][info][gc,heap     ] GC(10) Reclaimed:         -                  -               948M (12%)        4189M (51%)            -                  -          
[2026-04-11T01:43:03.908+0530][66.762s][info][gc          ] GC(10) Garbage Collection (Allocation Rate) 4898M(60%)->1920M(23%)
[2026-04-11T01:43:07.554+0530][70.409s][info][gc,stats    ] === Garbage Collection Statistics =======================================================================================================================
[2026-04-11T01:43:07.554+0530][70.409s][info][gc,stats    ]                                                              Last 10s              Last 10m              Last 10h                Total
[2026-04-11T01:43:07.554+0530][70.409s][info][gc,stats    ]                                                              Avg / Max             Avg / Max             Avg / Max             Avg / Max
[2026-04-11T01:43:07.554+0530][70.409s][info][gc,stats    ]   Collector: Garbage Collection Cycle                   2234.864 / 2417.656   1098.454 / 2417.656   1098.454 / 2417.656   1098.454 / 2417.656    ms
[2026-04-11T01:43:07.554+0530][70.409s][info][gc,stats    ]  Contention: Mark Segment Reset Contention                     0 / 2                 0 / 13                0 / 13                0 / 13          ops/s
[2026-04-11T01:43:07.554+0530][70.409s][info][gc,stats    ]  Contention: Mark SeqNum Reset Contention                      0 / 0                 0 / 0                 0 / 0                 0 / 0           ops/s
[2026-04-11T01:43:07.554+0530][70.409s][info][gc,stats    ]    Critical: Allocation Stall                                  0 / 0                 0 / 0                 0 / 0                 0 / 0           ops/s
[2026-04-11T01:43:07.554+0530][70.409s][info][gc,stats    ]    Critical: Allocation Stall                              0.000 / 0.000         0.000 / 0.000         0.000 / 0.000         0.000 / 0.000       ms
[2026-04-11T01:43:07.554+0530][70.409s][info][gc,stats    ]    Critical: GC Locker Stall                                   0 / 0                 0 / 0                 0 / 0                 0 / 0           ops/s
[2026-04-11T01:43:07.554+0530][70.409s][info][gc,stats    ]    Critical: GC Locker Stall                               0.000 / 0.000         0.000 / 0.000         0.000 / 0.000         0.000 / 0.000       ms
[2026-04-11T01:43:07.554+0530][70.409s][info][gc,stats    ]    Critical: Relocation Stall                                  0 / 0                 0 / 0                 0 / 0                 0 / 0           ops/s
[2026-04-11T01:43:07.554+0530][70.409s][info][gc,stats    ]    Critical: Relocation Stall                              0.000 / 0.000         0.000 / 0.000         0.000 / 0.000         0.000 / 0.000       ms
[2026-04-11T01:43:07.554+0530][70.409s][info][gc,stats    ]      Memory: Allocation Rate                                 732 / 890             645 / 918             645 / 918             645 / 918         MB/s
[2026-04-11T01:43:07.554+0530][70.409s][info][gc,stats    ]      Memory: Defragment                                        0 / 0                 0 / 0                 0 / 0                 0 / 0           ops/s
[2026-04-11T01:43:07.554+0530][70.409s][info][gc,stats    ]      Memory: Out Of Memory                                     0 / 0                 0 / 0                 0 / 0                 0 / 0           ops/s
[2026-04-11T01:43:07.554+0530][70.409s][info][gc,stats    ]      Memory: Page Cache Flush                                  0 / 0                 0 / 0                 0 / 0                 0 / 0           MB/s
[2026-04-11T01:43:07.554+0530][70.409s][info][gc,stats    ]      Memory: Page Cache Hit L1                               378 / 445             269 / 458             269 / 458             269 / 458         ops/s
[2026-04-11T01:43:07.554+0530][70.409s][info][gc,stats    ]      Memory: Page Cache Hit L2                                 0 / 0                 0 / 0                 0 / 0                 0 / 0           ops/s
[2026-04-11T01:43:07.554+0530][70.409s][info][gc,stats    ]      Memory: Page Cache Hit L3                                 0 / 0                29 / 445              29 / 445              29 / 445         ops/s
[2026-04-11T01:43:07.554+0530][70.409s][info][gc,stats    ]      Memory: Page Cache Miss                                   0 / 0                26 / 271              26 / 271              26 / 271         ops/s
[2026-04-11T01:43:07.554+0530][70.409s][info][gc,stats    ]      Memory: Uncommit                                          0 / 0                 0 / 0                 0 / 0                 0 / 0           MB/s
[2026-04-11T01:43:07.554+0530][70.409s][info][gc,stats    ]      Memory: Undo Object Allocation Failed                     0 / 0                 0 / 0                 0 / 0                 0 / 0           ops/s
[2026-04-11T01:43:07.554+0530][70.409s][info][gc,stats    ]      Memory: Undo Object Allocation Succeeded                  0 / 2                 0 / 4                 0 / 4                 0 / 4           ops/s
[2026-04-11T01:43:07.554+0530][70.410s][info][gc,stats    ]      Memory: Undo Page Allocation                              0 / 0                 0 / 0                 0 / 0                 0 / 0           ops/s
[2026-04-11T01:43:07.554+0530][70.410s][info][gc,stats    ]       Phase: Concurrent Mark                            2083.016 / 2227.842    972.440 / 2227.842    972.440 / 2227.842    972.440 / 2227.842    ms
[2026-04-11T01:43:07.554+0530][70.410s][info][gc,stats    ]       Phase: Concurrent Mark Continue                      0.000 / 0.000         0.000 / 0.000         0.000 / 0.000         0.000 / 0.000       ms
[2026-04-11T01:43:07.554+0530][70.410s][info][gc,stats    ]       Phase: Concurrent Mark Free                          0.002 / 0.002         0.002 / 0.002         0.002 / 0.002         0.002 / 0.002       ms
[2026-04-11T01:43:07.554+0530][70.410s][info][gc,stats    ]       Phase: Concurrent Process Non-Strong References      3.156 / 3.529         7.768 / 51.309        7.768 / 51.309        7.768 / 51.309      ms
[2026-04-11T01:43:07.554+0530][70.410s][info][gc,stats    ]       Phase: Concurrent Relocate                         125.352 / 150.844      96.922 / 250.050      96.922 / 250.050      96.922 / 250.050     ms
[2026-04-11T01:43:07.554+0530][70.410s][info][gc,stats    ]       Phase: Concurrent Reset Relocation Set               0.143 / 0.169         0.097 / 0.281         0.097 / 0.281         0.097 / 0.281       ms
[2026-04-11T01:43:07.554+0530][70.410s][info][gc,stats    ]       Phase: Concurrent Select Relocation Set             21.029 / 33.374       16.855 / 33.374       16.855 / 33.374       16.855 / 33.374      ms
[2026-04-11T01:43:07.554+0530][70.410s][info][gc,stats    ]       Phase: Pause Mark End                                0.040 / 0.054         0.028 / 0.054         0.028 / 0.054         0.028 / 0.054       ms
[2026-04-11T01:43:07.554+0530][70.410s][info][gc,stats    ]       Phase: Pause Mark Start                              0.013 / 0.013         0.056 / 0.497         0.056 / 0.497         0.056 / 0.497       ms
[2026-04-11T01:43:07.554+0530][70.410s][info][gc,stats    ]       Phase: Pause Relocate Start                          0.014 / 0.015         0.016 / 0.029         0.016 / 0.029         0.016 / 0.029       ms
[2026-04-11T01:43:07.554+0530][70.410s][info][gc,stats    ]    Subphase: Concurrent Classes Purge                      0.020 / 0.024         0.275 / 1.367         0.275 / 1.367         0.275 / 1.367       ms
[2026-04-11T01:43:07.554+0530][70.410s][info][gc,stats    ]    Subphase: Concurrent Classes Unlink                     2.358 / 2.703         6.214 / 45.355        6.214 / 45.355        6.214 / 45.355      ms
[2026-04-11T01:43:07.554+0530][70.410s][info][gc,stats    ]    Subphase: Concurrent Mark                            2080.452 / 2226.907    839.487 / 2226.907    839.487 / 2226.907    839.487 / 2226.907    ms
[2026-04-11T01:43:07.554+0530][70.410s][info][gc,stats    ]    Subphase: Concurrent Mark Try Flush                     0.174 / 0.263         0.456 / 9.301         0.456 / 9.301         0.456 / 9.301       ms
[2026-04-11T01:43:07.554+0530][70.410s][info][gc,stats    ]    Subphase: Concurrent Mark Try Terminate                 5.914 / 15.336        5.820 / 15.701        5.820 / 15.701        5.820 / 15.701      ms
[2026-04-11T01:43:07.554+0530][70.410s][info][gc,stats    ]    Subphase: Concurrent References Enqueue                 0.001 / 0.002         0.003 / 0.019         0.003 / 0.019         0.003 / 0.019       ms
[2026-04-11T01:43:07.554+0530][70.410s][info][gc,stats    ]    Subphase: Concurrent References Process                 0.138 / 0.165         0.134 / 0.254         0.134 / 0.254         0.134 / 0.254       ms
[2026-04-11T01:43:07.554+0530][70.410s][info][gc,stats    ]    Subphase: Concurrent Roots ClassLoaderDataGraph         0.114 / 0.221         0.148 / 0.504         0.148 / 0.504         0.148 / 0.504       ms
[2026-04-11T01:43:07.554+0530][70.410s][info][gc,stats    ]    Subphase: Concurrent Roots CodeCache                    0.000 / 0.000         0.000 / 0.000         0.000 / 0.000         0.000 / 0.000       ms
[2026-04-11T01:43:07.554+0530][70.410s][info][gc,stats    ]    Subphase: Concurrent Roots JavaThreads                  0.697 / 0.838         0.664 / 1.433         0.664 / 1.433         0.664 / 1.433       ms
[2026-04-11T01:43:07.554+0530][70.410s][info][gc,stats    ]    Subphase: Concurrent Roots OopStorageSet                0.029 / 0.029         0.079 / 0.422         0.079 / 0.422         0.079 / 0.422       ms
[2026-04-11T01:43:07.554+0530][70.410s][info][gc,stats    ]    Subphase: Concurrent Weak Roots OopStorageSet           0.303 / 0.322         0.573 / 2.929         0.573 / 2.929         0.573 / 2.929       ms
[2026-04-11T01:43:07.554+0530][70.410s][info][gc,stats    ]    Subphase: Pause Mark Try Complete                       0.000 / 0.000         0.000 / 0.000         0.000 / 0.000         0.000 / 0.000       ms
[2026-04-11T01:43:07.554+0530][70.410s][info][gc,stats    ]      System: Java Threads                                     18 / 18               18 / 20               18 / 20               18 / 20          threads
[2026-04-11T01:43:07.554+0530][70.410s][info][gc,stats    ] =========================================================================================================================================================
[2026-04-11T01:43:09.053+0530][71.908s][info][gc,start    ] GC(11) Garbage Collection (Allocation Rate)
[2026-04-11T01:43:09.053+0530][71.908s][info][gc,task     ] GC(11) Using 3 workers
[2026-04-11T01:43:09.053+0530][71.908s][info][gc,phases   ] GC(11) Pause Mark Start 0.015ms
[2026-04-11T01:43:10.736+0530][73.591s][info][gc,phases   ] GC(11) Concurrent Mark 1681.991ms
[2026-04-11T01:43:10.736+0530][73.591s][info][gc,phases   ] GC(11) Pause Mark End 0.023ms
[2026-04-11T01:43:10.736+0530][73.591s][info][gc,phases   ] GC(11) Concurrent Mark Free 0.002ms
[2026-04-11T01:43:10.738+0530][73.593s][info][gc,phases   ] GC(11) Concurrent Process Non-Strong References 1.869ms
[2026-04-11T01:43:10.739+0530][73.593s][info][gc,phases   ] GC(11) Concurrent Reset Relocation Set 0.116ms
[2026-04-11T01:43:10.762+0530][73.618s][info][gc,phases   ] GC(11) Concurrent Select Relocation Set 24.330ms
[2026-04-11T01:43:10.762+0530][73.618s][info][gc,phases   ] GC(11) Pause Relocate Start 0.014ms
[2026-04-11T01:43:10.831+0530][73.686s][info][gc,phases   ] GC(11) Concurrent Relocate 67.676ms
[2026-04-11T01:43:10.831+0530][73.686s][info][gc,load     ] GC(11) Load: 0.00/0.00/0.00
[2026-04-11T01:43:10.831+0530][73.686s][info][gc,mmu      ] GC(11) MMU: 2ms/75.2%, 5ms/90.1%, 10ms/95.0%, 20ms/97.5%, 50ms/99.0%, 100ms/99.5%
[2026-04-11T01:43:10.831+0530][73.686s][info][gc,marking  ] GC(11) Mark: 2 stripe(s), 3 proactive flush(es), 1 terminate flush(es), 0 completion(s), 0 continuation(s) 
[2026-04-11T01:43:10.831+0530][73.686s][info][gc,marking  ] GC(11) Mark Stack Usage: 32M
[2026-04-11T01:43:10.831+0530][73.686s][info][gc,nmethod  ] GC(11) NMethods: 1454 registered, 516 unregistered
[2026-04-11T01:43:10.831+0530][73.686s][info][gc,metaspace] GC(11) Metaspace: 6M used, 6M committed, 1088M reserved
[2026-04-11T01:43:10.831+0530][73.686s][info][gc,ref      ] GC(11) Soft: 282 encountered, 0 discovered, 0 enqueued
[2026-04-11T01:43:10.831+0530][73.686s][info][gc,ref      ] GC(11) Weak: 606 encountered, 5 discovered, 0 enqueued
[2026-04-11T01:43:10.831+0530][73.686s][info][gc,ref      ] GC(11) Final: 0 encountered, 0 discovered, 0 enqueued
[2026-04-11T01:43:10.831+0530][73.686s][info][gc,ref      ] GC(11) Phantom: 136 encountered, 92 discovered, 0 enqueued
[2026-04-11T01:43:10.831+0530][73.686s][info][gc,reloc    ] GC(11) Small Pages: 2713 / 5426M, Empty: 1100M, Relocated: 124M, In-Place: 0
[2026-04-11T01:43:10.831+0530][73.686s][info][gc,reloc    ] GC(11) Medium Pages: 1 / 32M, Empty: 0M, Relocated: 0M, In-Place: 0
[2026-04-11T01:43:10.831+0530][73.686s][info][gc,reloc    ] GC(11) Large Pages: 6 / 268M, Empty: 68M, Relocated: 0M, In-Place: 0
[2026-04-11T01:43:10.831+0530][73.686s][info][gc,reloc    ] GC(11) Forwarding Usage: 26M
[2026-04-11T01:43:10.831+0530][73.686s][info][gc,heap     ] GC(11) Min Capacity: 4096M(50%)
[2026-04-11T01:43:10.831+0530][73.686s][info][gc,heap     ] GC(11) Max Capacity: 8192M(100%)
[2026-04-11T01:43:10.831+0530][73.686s][info][gc,heap     ] GC(11) Soft Max Capacity: 8192M(100%)
[2026-04-11T01:43:10.831+0530][73.686s][info][gc,heap     ] GC(11)                Mark Start          Mark End        Relocate Start      Relocate End           High               Low         
[2026-04-11T01:43:10.831+0530][73.686s][info][gc,heap     ] GC(11)  Capacity:     8162M (100%)       8162M (100%)       8162M (100%)       8162M (100%)       8162M (100%)       8162M (100%)   
[2026-04-11T01:43:10.831+0530][73.686s][info][gc,heap     ] GC(11)      Free:     2466M (30%)        1638M (20%)        2790M (34%)        6422M (78%)        6422M (78%)        1634M (20%)    
[2026-04-11T01:43:10.831+0530][73.686s][info][gc,heap     ] GC(11)      Used:     5726M (70%)        6554M (80%)        5402M (66%)        1770M (22%)        6558M (80%)        1770M (22%)    
[2026-04-11T01:43:10.831+0530][73.686s][info][gc,heap     ] GC(11)      Live:         -               842M (10%)         842M (10%)         842M (10%)            -                  -          
[2026-04-11T01:43:10.831+0530][73.686s][info][gc,heap     ] GC(11) Allocated:         -               828M (10%)         844M (10%)         883M (11%)            -                  -          
[2026-04-11T01:43:10.831+0530][73.686s][info][gc,heap     ] GC(11)   Garbage:         -              4883M (60%)        3715M (45%)          43M (1%)             -                  -          
[2026-04-11T01:43:10.831+0530][73.686s][info][gc,heap     ] GC(11) Reclaimed:         -                  -              1168M (14%)        4839M (59%)            -                  -          
[2026-04-11T01:43:10.831+0530][73.686s][info][gc          ] GC(11) Garbage Collection (Allocation Rate) 5726M(70%)->1770M(22%)
[2026-04-11T01:43:15.360+0530][78.214s][info][gc,start    ] GC(12) Garbage Collection (Allocation Rate)
[2026-04-11T01:43:15.360+0530][78.215s][info][gc,task     ] GC(12) Using 3 workers
[2026-04-11T01:43:15.360+0530][78.215s][info][gc,phases   ] GC(12) Pause Mark Start 0.013ms
[2026-04-11T01:43:17.144+0530][79.998s][info][gc,phases   ] GC(12) Concurrent Mark 1783.436ms
[2026-04-11T01:43:17.144+0530][79.999s][info][gc,phases   ] GC(12) Pause Mark End 0.028ms
[2026-04-11T01:43:17.144+0530][79.999s][info][gc,phases   ] GC(12) Concurrent Mark Free 0.002ms
[2026-04-11T01:43:17.146+0530][80.001s][info][gc,phases   ] GC(12) Concurrent Process Non-Strong References 2.034ms
[2026-04-11T01:43:17.146+0530][80.001s][info][gc,phases   ] GC(12) Concurrent Reset Relocation Set 0.130ms
[2026-04-11T01:43:17.154+0530][80.010s][info][gc,phases   ] GC(12) Concurrent Select Relocation Set 8.541ms
[2026-04-11T01:43:17.156+0530][80.010s][info][gc,phases   ] GC(12) Pause Relocate Start 0.013ms
[2026-04-11T01:43:17.213+0530][80.068s][info][gc,phases   ] GC(12) Concurrent Relocate 57.513ms
[2026-04-11T01:43:17.213+0530][80.068s][info][gc,load     ] GC(12) Load: 0.00/0.00/0.00
[2026-04-11T01:43:17.213+0530][80.068s][info][gc,mmu      ] GC(12) MMU: 2ms/75.2%, 5ms/90.1%, 10ms/95.0%, 20ms/97.5%, 50ms/99.0%, 100ms/99.5%
[2026-04-11T01:43:17.213+0530][80.068s][info][gc,marking  ] GC(12) Mark: 2 stripe(s), 2 proactive flush(es), 1 terminate flush(es), 0 completion(s), 0 continuation(s) 
[2026-04-11T01:43:17.213+0530][80.068s][info][gc,marking  ] GC(12) Mark Stack Usage: 32M
[2026-04-11T01:43:17.213+0530][80.068s][info][gc,nmethod  ] GC(12) NMethods: 1452 registered, 518 unregistered
[2026-04-11T01:43:17.213+0530][80.068s][info][gc,metaspace] GC(12) Metaspace: 6M used, 6M committed, 1088M reserved
[2026-04-11T01:43:17.213+0530][80.069s][info][gc,ref      ] GC(12) Soft: 282 encountered, 0 discovered, 0 enqueued
[2026-04-11T01:43:17.213+0530][80.069s][info][gc,ref      ] GC(12) Weak: 606 encountered, 39 discovered, 0 enqueued
[2026-04-11T01:43:17.213+0530][80.069s][info][gc,ref      ] GC(12) Final: 0 encountered, 0 discovered, 0 enqueued
[2026-04-11T01:43:17.213+0530][80.069s][info][gc,ref      ] GC(12) Phantom: 136 encountered, 92 discovered, 0 enqueued
[2026-04-11T01:43:17.213+0530][80.069s][info][gc,reloc    ] GC(12) Small Pages: 2626 / 5252M, Empty: 1018M, Relocated: 115M, In-Place: 0
[2026-04-11T01:43:17.213+0530][80.069s][info][gc,reloc    ] GC(12) Medium Pages: 1 / 32M, Empty: 0M, Relocated: 0M, In-Place: 0
[2026-04-11T01:43:17.214+0530][80.069s][info][gc,reloc    ] GC(12) Large Pages: 6 / 332M, Empty: 68M, Relocated: 0M, In-Place: 0
[2026-04-11T01:43:17.214+0530][80.069s][info][gc,reloc    ] GC(12) Forwarding Usage: 24M
[2026-04-11T01:43:17.214+0530][80.069s][info][gc,heap     ] GC(12) Min Capacity: 4096M(50%)
[2026-04-11T01:43:17.214+0530][80.069s][info][gc,heap     ] GC(12) Max Capacity: 8192M(100%)
[2026-04-11T01:43:17.214+0530][80.069s][info][gc,heap     ] GC(12) Soft Max Capacity: 8192M(100%)
[2026-04-11T01:43:17.214+0530][80.069s][info][gc,heap     ] GC(12)                Mark Start          Mark End        Relocate Start      Relocate End           High               Low         
[2026-04-11T01:43:17.214+0530][80.069s][info][gc,heap     ] GC(12)  Capacity:     8192M (100%)       8192M (100%)       8192M (100%)       8192M (100%)       8192M (100%)       8192M (100%)   
[2026-04-11T01:43:17.214+0530][80.069s][info][gc,heap     ] GC(12)      Free:     2576M (31%)        1590M (19%)        2668M (33%)        6108M (75%)        6108M (75%)        1588M (19%)    
[2026-04-11T01:43:17.214+0530][80.069s][info][gc,heap     ] GC(12)      Used:     5616M (69%)        6602M (81%)        5524M (67%)        2084M (25%)        6604M (81%)        2084M (25%)    
[2026-04-11T01:43:17.214+0530][80.069s][info][gc,heap     ] GC(12)      Live:         -              1010M (12%)        1010M (12%)        1010M (12%)            -                  -          
[2026-04-11T01:43:17.214+0530][80.069s][info][gc,heap     ] GC(12) Allocated:         -               986M (12%)         994M (12%)        1027M (13%)            -                  -          
[2026-04-11T01:43:17.214+0530][80.069s][info][gc,heap     ] GC(12)   Garbage:         -              4605M (56%)        3519M (43%)          45M (1%)             -                  -          
[2026-04-11T01:43:17.214+0530][80.069s][info][gc,heap     ] GC(12) Reclaimed:         -                  -              1086M (13%)        4559M (56%)            -                  -          
[2026-04-11T01:43:17.214+0530][80.069s][info][gc          ] GC(12) Garbage Collection (Allocation Rate) 5616M(69%)->2084M(25%)
[2026-04-11T01:43:17.549+0530][80.404s][info][gc,stats    ] === Garbage Collection Statistics =======================================================================================================================
[2026-04-11T01:43:17.549+0530][80.404s][info][gc,stats    ]                                                              Last 10s              Last 10m              Last 10h                Total
[2026-04-11T01:43:17.549+0530][80.404s][info][gc,stats    ]                                                              Avg / Max             Avg / Max             Avg / Max             Avg / Max
[2026-04-11T01:43:17.549+0530][80.404s][info][gc,stats    ]   Collector: Garbage Collection Cycle                   1815.900 / 1853.841   1208.830 / 2417.656   1208.830 / 2417.656   1208.830 / 2417.656    ms
[2026-04-11T01:43:17.549+0530][80.404s][info][gc,stats    ]  Contention: Mark Segment Reset Contention                     0 / 4                 0 / 13                0 / 13                0 / 13          ops/s
[2026-04-11T01:43:17.549+0530][80.404s][info][gc,stats    ]  Contention: Mark SeqNum Reset Contention                      0 / 0                 0 / 0                 0 / 0                 0 / 0           ops/s
[2026-04-11T01:43:17.549+0530][80.404s][info][gc,stats    ]    Critical: Allocation Stall                                  0 / 0                 0 / 0                 0 / 0                 0 / 0           ops/s
[2026-04-11T01:43:17.549+0530][80.404s][info][gc,stats    ]    Critical: Allocation Stall                              0.000 / 0.000         0.000 / 0.000         0.000 / 0.000         0.000 / 0.000       ms
[2026-04-11T01:43:17.549+0530][80.404s][info][gc,stats    ]    Critical: GC Locker Stall                                   0 / 0                 0 / 0                 0 / 0                 0 / 0           ops/s
[2026-04-11T01:43:17.549+0530][80.404s][info][gc,stats    ]    Critical: GC Locker Stall                               0.000 / 0.000         0.000 / 0.000         0.000 / 0.000         0.000 / 0.000       ms
[2026-04-11T01:43:17.549+0530][80.404s][info][gc,stats    ]    Critical: Relocation Stall                                  0 / 0                 0 / 0                 0 / 0                 0 / 0           ops/s
[2026-04-11T01:43:17.549+0530][80.404s][info][gc,stats    ]    Critical: Relocation Stall                              0.000 / 0.000         0.000 / 0.000         0.000 / 0.000         0.000 / 0.000       ms
[2026-04-11T01:43:17.550+0530][80.404s][info][gc,stats    ]      Memory: Allocation Rate                                 714 / 882             653 / 918             653 / 918             653 / 918         MB/s
[2026-04-11T01:43:17.550+0530][80.404s][info][gc,stats    ]      Memory: Defragment                                        0 / 0                 0 / 0                 0 / 0                 0 / 0           ops/s
[2026-04-11T01:43:17.550+0530][80.404s][info][gc,stats    ]      Memory: Out Of Memory                                     0 / 0                 0 / 0                 0 / 0                 0 / 0           ops/s
[2026-04-11T01:43:17.550+0530][80.405s][info][gc,stats    ]      Memory: Page Cache Flush                                 10 / 102               1 / 102               1 / 102               1 / 102         MB/s
[2026-04-11T01:43:17.550+0530][80.405s][info][gc,stats    ]      Memory: Page Cache Hit L1                               356 / 436             280 / 458             280 / 458             280 / 458         ops/s
[2026-04-11T01:43:17.550+0530][80.405s][info][gc,stats    ]      Memory: Page Cache Hit L2                                 0 / 0                 0 / 0                 0 / 0                 0 / 0           ops/s
[2026-04-11T01:43:17.550+0530][80.405s][info][gc,stats    ]      Memory: Page Cache Hit L3                                 0 / 0                25 / 445              25 / 445              25 / 445         ops/s
[2026-04-11T01:43:17.550+0530][80.405s][info][gc,stats    ]      Memory: Page Cache Miss                                   0 / 2                23 / 271              23 / 271              23 / 271         ops/s
[2026-04-11T01:43:17.550+0530][80.405s][info][gc,stats    ]      Memory: Uncommit                                          0 / 0                 0 / 0                 0 / 0                 0 / 0           MB/s
[2026-04-11T01:43:17.550+0530][80.405s][info][gc,stats    ]      Memory: Undo Object Allocation Failed                     0 / 0                 0 / 0                 0 / 0                 0 / 0           ops/s
[2026-04-11T01:43:17.550+0530][80.405s][info][gc,stats    ]      Memory: Undo Object Allocation Succeeded                  0 / 1                 0 / 4                 0 / 4                 0 / 4           ops/s
[2026-04-11T01:43:17.550+0530][80.405s][info][gc,stats    ]      Memory: Undo Page Allocation                              0 / 0                 0 / 0                 0 / 0                 0 / 0           ops/s
[2026-04-11T01:43:17.550+0530][80.405s][info][gc,stats    ]       Phase: Concurrent Mark                            1732.714 / 1783.436   1089.405 / 2227.842   1089.405 / 2227.842   1089.405 / 2227.842    ms
[2026-04-11T01:43:17.550+0530][80.405s][info][gc,stats    ]       Phase: Concurrent Mark Continue                      0.000 / 0.000         0.000 / 0.000         0.000 / 0.000         0.000 / 0.000       ms
[2026-04-11T01:43:17.550+0530][80.405s][info][gc,stats    ]       Phase: Concurrent Mark Free                          0.002 / 0.002         0.002 / 0.002         0.002 / 0.002         0.002 / 0.002       ms
[2026-04-11T01:43:17.550+0530][80.405s][info][gc,stats    ]       Phase: Concurrent Process Non-Strong References      1.952 / 2.034         6.873 / 51.309        6.873 / 51.309        6.873 / 51.309      ms
[2026-04-11T01:43:17.550+0530][80.405s][info][gc,stats    ]       Phase: Concurrent Relocate                          62.594 / 67.676       91.641 / 250.050      91.641 / 250.050      91.641 / 250.050     ms
[2026-04-11T01:43:17.550+0530][80.405s][info][gc,stats    ]       Phase: Concurrent Reset Relocation Set               0.123 / 0.130         0.101 / 0.281         0.101 / 0.281         0.101 / 0.281       ms
[2026-04-11T01:43:17.550+0530][80.405s][info][gc,stats    ]       Phase: Concurrent Select Relocation Set             16.436 / 24.330       16.791 / 33.374       16.791 / 33.374       16.791 / 33.374      ms
[2026-04-11T01:43:17.550+0530][80.405s][info][gc,stats    ]       Phase: Pause Mark End                                0.025 / 0.028         0.028 / 0.054         0.028 / 0.054         0.028 / 0.054       ms
[2026-04-11T01:43:17.550+0530][80.405s][info][gc,stats    ]       Phase: Pause Mark Start                              0.013 / 0.015         0.050 / 0.497         0.050 / 0.497         0.050 / 0.497       ms
[2026-04-11T01:43:17.551+0530][80.405s][info][gc,stats    ]       Phase: Pause Relocate Start                          0.013 / 0.014         0.015 / 0.029         0.015 / 0.029         0.015 / 0.029       ms
[2026-04-11T01:43:17.551+0530][80.405s][info][gc,stats    ]    Subphase: Concurrent Classes Purge                      0.061 / 0.108         0.242 / 1.367         0.242 / 1.367         0.242 / 1.367       ms
[2026-04-11T01:43:17.551+0530][80.405s][info][gc,stats    ]    Subphase: Concurrent Classes Unlink                     1.318 / 1.331         5.461 / 45.355        5.461 / 45.355        5.461 / 45.355      ms
[2026-04-11T01:43:17.551+0530][80.405s][info][gc,stats    ]    Subphase: Concurrent Mark                            1729.120 / 1781.052   1006.293 / 2226.907   1006.293 / 2226.907   1006.293 / 2226.907    ms
[2026-04-11T01:43:17.551+0530][80.405s][info][gc,stats    ]    Subphase: Concurrent Mark Try Flush                     0.170 / 0.224         0.411 / 9.301         0.411 / 9.301         0.411 / 9.301       ms
[2026-04-11T01:43:17.551+0530][80.405s][info][gc,stats    ]    Subphase: Concurrent Mark Try Terminate                 3.239 / 6.619         5.431 / 15.701        5.431 / 15.701        5.431 / 15.701      ms
[2026-04-11T01:43:17.551+0530][80.405s][info][gc,stats    ]    Subphase: Concurrent References Enqueue                 0.001 / 0.001         0.003 / 0.019         0.003 / 0.019         0.003 / 0.019       ms
[2026-04-11T01:43:17.551+0530][80.405s][info][gc,stats    ]    Subphase: Concurrent References Process                 0.138 / 0.157         0.134 / 0.254         0.134 / 0.254         0.134 / 0.254       ms
[2026-04-11T01:43:17.551+0530][80.405s][info][gc,stats    ]    Subphase: Concurrent Roots ClassLoaderDataGraph         0.067 / 0.200         0.131 / 0.504         0.131 / 0.504         0.131 / 0.504       ms
[2026-04-11T01:43:17.551+0530][80.405s][info][gc,stats    ]    Subphase: Concurrent Roots CodeCache                    0.000 / 0.000         0.000 / 0.000         0.000 / 0.000         0.000 / 0.000       ms
[2026-04-11T01:43:17.551+0530][80.405s][info][gc,stats    ]    Subphase: Concurrent Roots JavaThreads                  0.686 / 2.076         0.669 / 2.076         0.669 / 2.076         0.669 / 2.076       ms
[2026-04-11T01:43:17.551+0530][80.405s][info][gc,stats    ]    Subphase: Concurrent Roots OopStorageSet                0.012 / 0.023         0.063 / 0.422         0.063 / 0.422         0.063 / 0.422       ms
[2026-04-11T01:43:17.551+0530][80.405s][info][gc,stats    ]    Subphase: Concurrent Weak Roots OopStorageSet           0.179 / 0.196         0.499 / 2.929         0.499 / 2.929         0.499 / 2.929       ms
[2026-04-11T01:43:17.551+0530][80.405s][info][gc,stats    ]    Subphase: Pause Mark Try Complete                       0.000 / 0.000         0.000 / 0.000         0.000 / 0.000         0.000 / 0.000       ms
[2026-04-11T01:43:17.551+0530][80.405s][info][gc,stats    ]      System: Java Threads                                     18 / 18               18 / 20               18 / 20               18 / 20          threads
[2026-04-11T01:43:17.551+0530][80.405s][info][gc,stats    ] =========================================================================================================================================================
[2026-04-11T01:43:20.449+0530][83.304s][info][gc,start    ] GC(13) Garbage Collection (Allocation Rate)
[2026-04-11T01:43:20.449+0530][83.304s][info][gc,task     ] GC(13) Using 2 workers
[2026-04-11T01:43:20.449+0530][83.304s][info][gc,phases   ] GC(13) Pause Mark Start 0.012ms
[2026-04-11T01:43:22.994+0530][85.849s][info][gc,phases   ] GC(13) Concurrent Mark 2544.429ms
[2026-04-11T01:43:22.994+0530][85.849s][info][gc,phases   ] GC(13) Pause Mark End 0.022ms
[2026-04-11T01:43:22.994+0530][85.850s][info][gc,phases   ] GC(13) Concurrent Mark Free 0.001ms
[2026-04-11T01:43:22.996+0530][85.852s][info][gc,phases   ] GC(13) Concurrent Process Non-Strong References 2.473ms
[2026-04-11T01:43:22.998+0530][85.852s][info][gc,phases   ] GC(13) Concurrent Reset Relocation Set 0.129ms
[2026-04-11T01:43:23.006+0530][85.861s][info][gc,phases   ] GC(13) Concurrent Select Relocation Set 8.726ms
[2026-04-11T01:43:23.006+0530][85.862s][info][gc,phases   ] GC(13) Pause Relocate Start 0.013ms
[2026-04-11T01:43:23.074+0530][85.928s][info][gc,phases   ] GC(13) Concurrent Relocate 66.709ms
[2026-04-11T01:43:23.074+0530][85.929s][info][gc,load     ] GC(13) Load: 0.00/0.00/0.00
[2026-04-11T01:43:23.074+0530][85.929s][info][gc,mmu      ] GC(13) MMU: 2ms/75.2%, 5ms/90.1%, 10ms/95.0%, 20ms/97.5%, 50ms/99.0%, 100ms/99.5%
[2026-04-11T01:43:23.074+0530][85.929s][info][gc,marking  ] GC(13) Mark: 2 stripe(s), 2 proactive flush(es), 1 terminate flush(es), 0 completion(s), 0 continuation(s) 
[2026-04-11T01:43:23.074+0530][85.929s][info][gc,marking  ] GC(13) Mark Stack Usage: 32M
[2026-04-11T01:43:23.074+0530][85.929s][info][gc,nmethod  ] GC(13) NMethods: 1458 registered, 518 unregistered
[2026-04-11T01:43:23.074+0530][85.929s][info][gc,metaspace] GC(13) Metaspace: 6M used, 6M committed, 1088M reserved
[2026-04-11T01:43:23.074+0530][85.929s][info][gc,ref      ] GC(13) Soft: 282 encountered, 0 discovered, 0 enqueued
[2026-04-11T01:43:23.074+0530][85.929s][info][gc,ref      ] GC(13) Weak: 606 encountered, 5 discovered, 0 enqueued
[2026-04-11T01:43:23.074+0530][85.929s][info][gc,ref      ] GC(13) Final: 0 encountered, 0 discovered, 0 enqueued
[2026-04-11T01:43:23.074+0530][85.929s][info][gc,ref      ] GC(13) Phantom: 136 encountered, 92 discovered, 0 enqueued
[2026-04-11T01:43:23.074+0530][85.929s][info][gc,reloc    ] GC(13) Small Pages: 2230 / 4460M, Empty: 820M, Relocated: 90M, In-Place: 0
[2026-04-11T01:43:23.074+0530][85.929s][info][gc,reloc    ] GC(13) Medium Pages: 1 / 32M, Empty: 0M, Relocated: 0M, In-Place: 0
[2026-04-11T01:43:23.074+0530][85.929s][info][gc,reloc    ] GC(13) Large Pages: 4 / 264M, Empty: 0M, Relocated: 0M, In-Place: 0
[2026-04-11T01:43:23.074+0530][85.929s][info][gc,reloc    ] GC(13) Forwarding Usage: 18M
[2026-04-11T01:43:23.074+0530][85.929s][info][gc,heap     ] GC(13) Min Capacity: 4096M(50%)
[2026-04-11T01:43:23.074+0530][85.929s][info][gc,heap     ] GC(13) Max Capacity: 8192M(100%)
[2026-04-11T01:43:23.074+0530][85.929s][info][gc,heap     ] GC(13) Soft Max Capacity: 8192M(100%)
[2026-04-11T01:43:23.074+0530][85.929s][info][gc,heap     ] GC(13)                Mark Start          Mark End        Relocate Start      Relocate End           High               Low         
[2026-04-11T01:43:23.074+0530][85.929s][info][gc,heap     ] GC(13)  Capacity:     8192M (100%)       8192M (100%)       8192M (100%)       8192M (100%)       8192M (100%)       8192M (100%)   
[2026-04-11T01:43:23.074+0530][85.929s][info][gc,heap     ] GC(13)      Free:     3436M (42%)        1806M (22%)        2620M (32%)        5368M (66%)        5368M (66%)        1804M (22%)    
[2026-04-11T01:43:23.074+0530][85.929s][info][gc,heap     ] GC(13)      Used:     4756M (58%)        6386M (78%)        5572M (68%)        2824M (34%)        6388M (78%)        2824M (34%)    
[2026-04-11T01:43:23.074+0530][85.929s][info][gc,heap     ] GC(13)      Live:         -              1092M (13%)        1092M (13%)        1092M (13%)            -                  -          
[2026-04-11T01:43:23.074+0530][85.929s][info][gc,heap     ] GC(13) Allocated:         -              1630M (20%)        1636M (20%)        1685M (21%)            -                  -          
[2026-04-11T01:43:23.074+0530][85.929s][info][gc,heap     ] GC(13)   Garbage:         -              3663M (45%)        2843M (35%)          45M (1%)             -                  -          
[2026-04-11T01:43:23.074+0530][85.929s][info][gc,heap     ] GC(13) Reclaimed:         -                  -               820M (10%)        3617M (44%)            -                  -          
[2026-04-11T01:43:23.074+0530][85.929s][info][gc          ] GC(13) Garbage Collection (Allocation Rate) 4756M(58%)->2824M(34%)
[2026-04-11T01:43:25.662+0530][88.516s][info][gc,start    ] GC(14) Garbage Collection (Allocation Rate)
[2026-04-11T01:43:25.662+0530][88.517s][info][gc,task     ] GC(14) Using 2 workers
[2026-04-11T01:43:25.662+0530][88.517s][info][gc,phases   ] GC(14) Pause Mark Start 0.011ms
[2026-04-11T01:43:27.564+0530][90.418s][info][gc,stats    ] === Garbage Collection Statistics =======================================================================================================================
[2026-04-11T01:43:27.564+0530][90.419s][info][gc,stats    ]                                                              Last 10s              Last 10m              Last 10h                Total
[2026-04-11T01:43:27.564+0530][90.419s][info][gc,stats    ]                                                              Avg / Max             Avg / Max             Avg / Max             Avg / Max
[2026-04-11T01:43:27.564+0530][90.419s][info][gc,stats    ]   Collector: Garbage Collection Cycle                   2624.669 / 2624.669   1309.961 / 2624.669   1309.961 / 2624.669   1309.961 / 2624.669    ms
[2026-04-11T01:43:27.564+0530][90.419s][info][gc,stats    ]  Contention: Mark Segment Reset Contention                     0 / 0                 0 / 13                0 / 13                0 / 13          ops/s
[2026-04-11T01:43:27.564+0530][90.419s][info][gc,stats    ]  Contention: Mark SeqNum Reset Contention                      0 / 0                 0 / 0                 0 / 0                 0 / 0           ops/s
[2026-04-11T01:43:27.564+0530][90.419s][info][gc,stats    ]    Critical: Allocation Stall                                  0 / 0                 0 / 0                 0 / 0                 0 / 0           ops/s
[2026-04-11T01:43:27.564+0530][90.419s][info][gc,stats    ]    Critical: Allocation Stall                              0.000 / 0.000         0.000 / 0.000         0.000 / 0.000         0.000 / 0.000       ms
[2026-04-11T01:43:27.564+0530][90.419s][info][gc,stats    ]    Critical: GC Locker Stall                                   0 / 0                 0 / 0                 0 / 0                 0 / 0           ops/s
[2026-04-11T01:43:27.564+0530][90.419s][info][gc,stats    ]    Critical: GC Locker Stall                               0.000 / 0.000         0.000 / 0.000         0.000 / 0.000         0.000 / 0.000       ms
[2026-04-11T01:43:27.564+0530][90.419s][info][gc,stats    ]    Critical: Relocation Stall                                  0 / 0                 0 / 0                 0 / 0                 0 / 0           ops/s
[2026-04-11T01:43:27.564+0530][90.419s][info][gc,stats    ]    Critical: Relocation Stall                              0.000 / 0.000         0.000 / 0.000         0.000 / 0.000         0.000 / 0.000       ms
[2026-04-11T01:43:27.564+0530][90.419s][info][gc,stats    ]      Memory: Allocation Rate                                 751 / 894             664 / 918             664 / 918             664 / 918         MB/s
[2026-04-11T01:43:27.564+0530][90.419s][info][gc,stats    ]      Memory: Defragment                                        0 / 0                 0 / 0                 0 / 0                 0 / 0           ops/s
[2026-04-11T01:43:27.564+0530][90.419s][info][gc,stats    ]      Memory: Out Of Memory                                     0 / 0                 0 / 0                 0 / 0                 0 / 0           ops/s
[2026-04-11T01:43:27.564+0530][90.419s][info][gc,stats    ]      Memory: Page Cache Flush                                  0 / 0                 1 / 102               1 / 102               1 / 102         MB/s
[2026-04-11T01:43:27.564+0530][90.419s][info][gc,stats    ]      Memory: Page Cache Hit L1                               380 / 447             291 / 458             291 / 458             291 / 458         ops/s
[2026-04-11T01:43:27.564+0530][90.419s][info][gc,stats    ]      Memory: Page Cache Hit L2                                 0 / 0                 0 / 0                 0 / 0                 0 / 0           ops/s
[2026-04-11T01:43:27.564+0530][90.419s][info][gc,stats    ]      Memory: Page Cache Hit L3                                 0 / 0                22 / 445              22 / 445              22 / 445         ops/s
[2026-04-11T01:43:27.564+0530][90.419s][info][gc,stats    ]      Memory: Page Cache Miss                                   0 / 0                20 / 271              20 / 271              20 / 271         ops/s
[2026-04-11T01:43:27.564+0530][90.419s][info][gc,stats    ]      Memory: Uncommit                                          0 / 0                 0 / 0                 0 / 0                 0 / 0           MB/s
[2026-04-11T01:43:27.564+0530][90.419s][info][gc,stats    ]      Memory: Undo Object Allocation Failed                     0 / 0                 0 / 0                 0 / 0                 0 / 0           ops/s
[2026-04-11T01:43:27.564+0530][90.419s][info][gc,stats    ]      Memory: Undo Object Allocation Succeeded                  0 / 2                 0 / 4                 0 / 4                 0 / 4           ops/s
[2026-04-11T01:43:27.564+0530][90.419s][info][gc,stats    ]      Memory: Undo Page Allocation                              0 / 0                 0 / 0                 0 / 0                 0 / 0           ops/s
[2026-04-11T01:43:27.564+0530][90.419s][info][gc,stats    ]       Phase: Concurrent Mark                            2544.429 / 2544.429   1193.336 / 2544.429   1193.336 / 2544.429   1193.336 / 2544.429    ms
[2026-04-11T01:43:27.564+0530][90.419s][info][gc,stats    ]       Phase: Concurrent Mark Continue                      0.000 / 0.000         0.000 / 0.000         0.000 / 0.000         0.000 / 0.000       ms
[2026-04-11T01:43:27.564+0530][90.419s][info][gc,stats    ]       Phase: Concurrent Mark Free                          0.001 / 0.001         0.002 / 0.002         0.002 / 0.002         0.002 / 0.002       ms
[2026-04-11T01:43:27.564+0530][90.419s][info][gc,stats    ]       Phase: Concurrent Process Non-Strong References      2.473 / 2.473         6.559 / 51.309        6.559 / 51.309        6.559 / 51.309      ms
[2026-04-11T01:43:27.564+0530][90.419s][info][gc,stats    ]       Phase: Concurrent Relocate                          66.709 / 66.709       89.860 / 250.050      89.860 / 250.050      89.860 / 250.050     ms
[2026-04-11T01:43:27.564+0530][90.420s][info][gc,stats    ]       Phase: Concurrent Reset Relocation Set               0.129 / 0.129         0.103 / 0.281         0.103 / 0.281         0.103 / 0.281       ms
[2026-04-11T01:43:27.564+0530][90.420s][info][gc,stats    ]       Phase: Concurrent Select Relocation Set              8.726 / 8.726        16.215 / 33.374       16.215 / 33.374       16.215 / 33.374      ms
[2026-04-11T01:43:27.564+0530][90.420s][info][gc,stats    ]       Phase: Pause Mark End                                0.022 / 0.022         0.027 / 0.054         0.027 / 0.054         0.027 / 0.054       ms
[2026-04-11T01:43:27.564+0530][90.420s][info][gc,stats    ]       Phase: Pause Mark Start                              0.011 / 0.012         0.045 / 0.497         0.045 / 0.497         0.045 / 0.497       ms
[2026-04-11T01:43:27.564+0530][90.420s][info][gc,stats    ]       Phase: Pause Relocate Start                          0.013 / 0.013         0.015 / 0.029         0.015 / 0.029         0.015 / 0.029       ms
[2026-04-11T01:43:27.564+0530][90.420s][info][gc,stats    ]    Subphase: Concurrent Classes Purge                      0.012 / 0.012         0.225 / 1.367         0.225 / 1.367         0.225 / 1.367       ms
[2026-04-11T01:43:27.564+0530][90.420s][info][gc,stats    ]    Subphase: Concurrent Classes Unlink                     1.813 / 1.813         5.200 / 45.355        5.200 / 45.355        5.200 / 45.355      ms
[2026-04-11T01:43:27.564+0530][90.420s][info][gc,stats    ]    Subphase: Concurrent Mark                            2540.048 / 2542.276   1096.514 / 2542.276   1096.514 / 2542.276   1096.514 / 2542.276    ms
[2026-04-11T01:43:27.564+0530][90.420s][info][gc,stats    ]    Subphase: Concurrent Mark Try Flush                     0.142 / 0.177         0.394 / 9.301         0.394 / 9.301         0.394 / 9.301       ms
[2026-04-11T01:43:27.564+0530][90.420s][info][gc,stats    ]    Subphase: Concurrent Mark Try Terminate                 1.719 / 5.015         5.232 / 15.701        5.232 / 15.701        5.232 / 15.701      ms
[2026-04-11T01:43:27.564+0530][90.420s][info][gc,stats    ]    Subphase: Concurrent References Enqueue                 0.000 / 0.000         0.003 / 0.019         0.003 / 0.019         0.003 / 0.019       ms
[2026-04-11T01:43:27.564+0530][90.420s][info][gc,stats    ]    Subphase: Concurrent References Process                 0.149 / 0.149         0.135 / 0.254         0.135 / 0.254         0.135 / 0.254       ms
[2026-04-11T01:43:27.564+0530][90.420s][info][gc,stats    ]    Subphase: Concurrent Roots ClassLoaderDataGraph         0.101 / 0.218         0.127 / 0.504         0.127 / 0.504         0.127 / 0.504       ms
[2026-04-11T01:43:27.564+0530][90.420s][info][gc,stats    ]    Subphase: Concurrent Roots CodeCache                    0.000 / 0.000         0.000 / 0.000         0.000 / 0.000         0.000 / 0.000       ms
[2026-04-11T01:43:27.564+0530][90.420s][info][gc,stats    ]    Subphase: Concurrent Roots JavaThreads                  1.241 / 1.885         0.732 / 2.076         0.732 / 2.076         0.732 / 2.076       ms
[2026-04-11T01:43:27.564+0530][90.420s][info][gc,stats    ]    Subphase: Concurrent Roots OopStorageSet                0.015 / 0.027         0.056 / 0.422         0.056 / 0.422         0.056 / 0.422       ms
[2026-04-11T01:43:27.564+0530][90.420s][info][gc,stats    ]    Subphase: Concurrent Weak Roots OopStorageSet           0.256 / 0.257         0.485 / 2.929         0.485 / 2.929         0.485 / 2.929       ms
[2026-04-11T01:43:27.564+0530][90.420s][info][gc,stats    ]    Subphase: Pause Mark Try Complete                       0.000 / 0.000         0.000 / 0.000         0.000 / 0.000         0.000 / 0.000       ms
[2026-04-11T01:43:27.564+0530][90.420s][info][gc,stats    ]      System: Java Threads                                     18 / 18               18 / 20               18 / 20               18 / 20          threads
[2026-04-11T01:43:27.564+0530][90.420s][info][gc,stats    ] =========================================================================================================================================================
[2026-04-11T01:43:28.348+0530][91.203s][info][gc,phases   ] GC(14) Concurrent Mark 2686.291ms
[2026-04-11T01:43:28.348+0530][91.204s][info][gc,phases   ] GC(14) Pause Mark End 0.019ms
[2026-04-11T01:43:28.349+0530][91.204s][info][gc,phases   ] GC(14) Concurrent Mark Free 0.002ms
[2026-04-11T01:43:28.351+0530][91.206s][info][gc,phases   ] GC(14) Concurrent Process Non-Strong References 2.456ms
[2026-04-11T01:43:28.351+0530][91.207s][info][gc,phases   ] GC(14) Concurrent Reset Relocation Set 0.053ms
[2026-04-11T01:43:28.373+0530][91.228s][info][gc,phases   ] GC(14) Concurrent Select Relocation Set 21.915ms
[2026-04-11T01:43:28.373+0530][91.229s][info][gc,phases   ] GC(14) Pause Relocate Start 0.013ms
[2026-04-11T01:43:28.439+0530][91.295s][info][gc,phases   ] GC(14) Concurrent Relocate 65.454ms
[2026-04-11T01:43:28.439+0530][91.295s][info][gc,load     ] GC(14) Load: 0.00/0.00/0.00
[2026-04-11T01:43:28.439+0530][91.295s][info][gc,mmu      ] GC(14) MMU: 2ms/75.2%, 5ms/90.1%, 10ms/95.0%, 20ms/97.5%, 50ms/99.0%, 100ms/99.5%
[2026-04-11T01:43:28.439+0530][91.295s][info][gc,marking  ] GC(14) Mark: 2 stripe(s), 10 proactive flush(es), 1 terminate flush(es), 0 completion(s), 0 continuation(s) 
[2026-04-11T01:43:28.439+0530][91.295s][info][gc,marking  ] GC(14) Mark Stack Usage: 32M
[2026-04-11T01:43:28.439+0530][91.295s][info][gc,nmethod  ] GC(14) NMethods: 1458 registered, 518 unregistered
[2026-04-11T01:43:28.439+0530][91.295s][info][gc,metaspace] GC(14) Metaspace: 6M used, 6M committed, 1088M reserved
[2026-04-11T01:43:28.439+0530][91.295s][info][gc,ref      ] GC(14) Soft: 282 encountered, 0 discovered, 0 enqueued
[2026-04-11T01:43:28.439+0530][91.295s][info][gc,ref      ] GC(14) Weak: 606 encountered, 181 discovered, 0 enqueued
[2026-04-11T01:43:28.439+0530][91.295s][info][gc,ref      ] GC(14) Final: 0 encountered, 0 discovered, 0 enqueued
[2026-04-11T01:43:28.439+0530][91.295s][info][gc,ref      ] GC(14) Phantom: 136 encountered, 92 discovered, 0 enqueued
[2026-04-11T01:43:28.439+0530][91.295s][info][gc,reloc    ] GC(14) Small Pages: 2359 / 4718M, Empty: 870M, Relocated: 94M, In-Place: 0
[2026-04-11T01:43:28.439+0530][91.295s][info][gc,reloc    ] GC(14) Medium Pages: 1 / 32M, Empty: 0M, Relocated: 0M, In-Place: 0
[2026-04-11T01:43:28.439+0530][91.295s][info][gc,reloc    ] GC(14) Large Pages: 4 / 264M, Empty: 0M, Relocated: 0M, In-Place: 0
[2026-04-11T01:43:28.439+0530][91.295s][info][gc,reloc    ] GC(14) Forwarding Usage: 19M
[2026-04-11T01:43:28.439+0530][91.295s][info][gc,heap     ] GC(14) Min Capacity: 4096M(50%)
[2026-04-11T01:43:28.439+0530][91.295s][info][gc,heap     ] GC(14) Max Capacity: 8192M(100%)
[2026-04-11T01:43:28.439+0530][91.295s][info][gc,heap     ] GC(14) Soft Max Capacity: 8192M(100%)
[2026-04-11T01:43:28.439+0530][91.295s][info][gc,heap     ] GC(14)                Mark Start          Mark End        Relocate Start      Relocate End           High               Low         
[2026-04-11T01:43:28.439+0530][91.295s][info][gc,heap     ] GC(14)  Capacity:     8192M (100%)       8192M (100%)       8192M (100%)       8192M (100%)       8192M (100%)       8192M (100%)   
[2026-04-11T01:43:28.439+0530][91.295s][info][gc,heap     ] GC(14)      Free:     3178M (39%)        1476M (18%)        2324M (28%)        5182M (63%)        5182M (63%)        1476M (18%)    
[2026-04-11T01:43:28.439+0530][91.295s][info][gc,heap     ] GC(14)      Used:     5014M (61%)        6716M (82%)        5868M (72%)        3010M (37%)        6716M (82%)        3010M (37%)    
[2026-04-11T01:43:28.441+0530][91.296s][info][gc,heap     ] GC(14)      Live:         -              1188M (15%)        1188M (15%)        1188M (15%)            -                  -          
[2026-04-11T01:43:28.441+0530][91.296s][info][gc,heap     ] GC(14) Allocated:         -              1702M (21%)        1724M (21%)        1771M (22%)            -                  -          
[2026-04-11T01:43:28.441+0530][91.296s][info][gc,heap     ] GC(14)   Garbage:         -              3825M (47%)        2955M (36%)          50M (1%)             -                  -          
[2026-04-11T01:43:28.441+0530][91.296s][info][gc,heap     ] GC(14) Reclaimed:         -                  -               870M (11%)        3775M (46%)            -                  -          
[2026-04-11T01:43:28.441+0530][91.296s][info][gc          ] GC(14) Garbage Collection (Allocation Rate) 5014M(61%)->3010M(37%)
[2026-04-11T01:43:31.162+0530][94.017s][info][gc,start    ] GC(15) Garbage Collection (Allocation Rate)
[2026-04-11T01:43:31.162+0530][94.017s][info][gc,task     ] GC(15) Using 2 workers
[2026-04-11T01:43:31.162+0530][94.017s][info][gc,phases   ] GC(15) Pause Mark Start 0.010ms
[2026-04-11T01:43:34.223+0530][97.078s][info][gc,phases   ] GC(15) Concurrent Mark 3060.759ms
[2026-04-11T01:43:34.223+0530][97.078s][info][gc,phases   ] GC(15) Pause Mark End 0.024ms
[2026-04-11T01:43:34.224+0530][97.079s][info][gc,phases   ] GC(15) Concurrent Mark Free 0.002ms
[2026-04-11T01:43:34.226+0530][97.081s][info][gc,phases   ] GC(15) Concurrent Process Non-Strong References 2.624ms
[2026-04-11T01:43:34.227+0530][97.082s][info][gc,phases   ] GC(15) Concurrent Reset Relocation Set 0.075ms
[2026-04-11T01:43:34.252+0530][97.108s][info][gc,phases   ] GC(15) Concurrent Select Relocation Set 26.101ms
[2026-04-11T01:43:34.252+0530][97.108s][info][gc,phases   ] GC(15) Pause Relocate Start 0.014ms
[2026-04-11T01:43:34.340+0530][97.195s][info][gc,phases   ] GC(15) Concurrent Relocate 87.100ms
[2026-04-11T01:43:34.340+0530][97.195s][info][gc,load     ] GC(15) Load: 0.00/0.00/0.00
[2026-04-11T01:43:34.340+0530][97.196s][info][gc,mmu      ] GC(15) MMU: 2ms/75.2%, 5ms/90.1%, 10ms/95.0%, 20ms/97.5%, 50ms/99.0%, 100ms/99.5%
[2026-04-11T01:43:34.340+0530][97.196s][info][gc,marking  ] GC(15) Mark: 2 stripe(s), 2 proactive flush(es), 1 terminate flush(es), 0 completion(s), 0 continuation(s) 
[2026-04-11T01:43:34.341+0530][97.196s][info][gc,marking  ] GC(15) Mark Stack Usage: 32M
[2026-04-11T01:43:34.341+0530][97.196s][info][gc,nmethod  ] GC(15) NMethods: 1460 registered, 518 unregistered
[2026-04-11T01:43:34.341+0530][97.196s][info][gc,metaspace] GC(15) Metaspace: 6M used, 6M committed, 1088M reserved
[2026-04-11T01:43:34.341+0530][97.196s][info][gc,ref      ] GC(15) Soft: 282 encountered, 0 discovered, 0 enqueued
[2026-04-11T01:43:34.341+0530][97.196s][info][gc,ref      ] GC(15) Weak: 606 encountered, 5 discovered, 0 enqueued
[2026-04-11T01:43:34.341+0530][97.196s][info][gc,ref      ] GC(15) Final: 0 encountered, 0 discovered, 0 enqueued
[2026-04-11T01:43:34.341+0530][97.196s][info][gc,ref      ] GC(15) Phantom: 136 encountered, 92 discovered, 0 enqueued
[2026-04-11T01:43:34.341+0530][97.196s][info][gc,reloc    ] GC(15) Small Pages: 2503 / 5006M, Empty: 906M, Relocated: 106M, In-Place: 0
[2026-04-11T01:43:34.341+0530][97.196s][info][gc,reloc    ] GC(15) Medium Pages: 1 / 32M, Empty: 0M, Relocated: 0M, In-Place: 0
[2026-04-11T01:43:34.341+0530][97.196s][info][gc,reloc    ] GC(15) Large Pages: 4 / 264M, Empty: 0M, Relocated: 0M, In-Place: 0
[2026-04-11T01:43:34.341+0530][97.196s][info][gc,reloc    ] GC(15) Forwarding Usage: 22M
[2026-04-11T01:43:34.341+0530][97.196s][info][gc,heap     ] GC(15) Min Capacity: 4096M(50%)
[2026-04-11T01:43:34.341+0530][97.196s][info][gc,heap     ] GC(15) Max Capacity: 8192M(100%)
[2026-04-11T01:43:34.341+0530][97.196s][info][gc,heap     ] GC(15) Soft Max Capacity: 8192M(100%)
[2026-04-11T01:43:34.341+0530][97.196s][info][gc,heap     ] GC(15)                Mark Start          Mark End        Relocate Start      Relocate End           High               Low         
[2026-04-11T01:43:34.341+0530][97.196s][info][gc,heap     ] GC(15)  Capacity:     8192M (100%)       8192M (100%)       8192M (100%)       8192M (100%)       8192M (100%)       8192M (100%)   
[2026-04-11T01:43:34.341+0530][97.196s][info][gc,heap     ] GC(15)      Free:     2890M (35%)        1030M (13%)        1916M (23%)        4940M (60%)        4940M (60%)        1028M (13%)    
[2026-04-11T01:43:34.341+0530][97.196s][info][gc,heap     ] GC(15)      Used:     5302M (65%)        7162M (87%)        6276M (77%)        3252M (40%)        7164M (87%)        3252M (40%)    
[2026-04-11T01:43:34.341+0530][97.196s][info][gc,heap     ] GC(15)      Live:         -              1282M (16%)        1282M (16%)        1282M (16%)            -                  -          
[2026-04-11T01:43:34.341+0530][97.196s][info][gc,heap     ] GC(15) Allocated:         -              1860M (23%)        1880M (23%)        1923M (23%)            -                  -          
[2026-04-11T01:43:34.341+0530][97.196s][info][gc,heap     ] GC(15)   Garbage:         -              4019M (49%)        3113M (38%)          46M (1%)             -                  -          
[2026-04-11T01:43:34.341+0530][97.196s][info][gc,heap     ] GC(15) Reclaimed:         -                  -               906M (11%)        3973M (49%)            -                  -          
[2026-04-11T01:43:34.341+0530][97.196s][info][gc          ] GC(15) Garbage Collection (Allocation Rate) 5302M(65%)->3252M(40%)
[2026-04-11T01:43:36.561+0530][99.416s][info][gc,start    ] GC(16) Garbage Collection (Allocation Rate)
[2026-04-11T01:43:36.561+0530][99.416s][info][gc,task     ] GC(16) Using 2 workers
[2026-04-11T01:43:36.561+0530][99.416s][info][gc,phases   ] GC(16) Pause Mark Start 0.014ms
[2026-04-11T01:43:37.560+0530][100.415s][info][gc,stats    ] === Garbage Collection Statistics =======================================================================================================================
[2026-04-11T01:43:37.560+0530][100.415s][info][gc,stats    ]                                                              Last 10s              Last 10m              Last 10h                Total
[2026-04-11T01:43:37.560+0530][100.415s][info][gc,stats    ]                                                              Avg / Max             Avg / Max             Avg / Max             Avg / Max
[2026-04-11T01:43:37.560+0530][100.415s][info][gc,stats    ]   Collector: Garbage Collection Cycle                   2978.458 / 3178.703   1518.523 / 3178.703   1518.523 / 3178.703   1518.523 / 3178.703    ms
[2026-04-11T01:43:37.560+0530][100.415s][info][gc,stats    ]  Contention: Mark Segment Reset Contention                     0 / 0                 0 / 13                0 / 13                0 / 13          ops/s
[2026-04-11T01:43:37.560+0530][100.415s][info][gc,stats    ]  Contention: Mark SeqNum Reset Contention                      0 / 0                 0 / 0                 0 / 0                 0 / 0           ops/s
[2026-04-11T01:43:37.560+0530][100.415s][info][gc,stats    ]    Critical: Allocation Stall                                  0 / 0                 0 / 0                 0 / 0                 0 / 0           ops/s
[2026-04-11T01:43:37.560+0530][100.415s][info][gc,stats    ]    Critical: Allocation Stall                              0.000 / 0.000         0.000 / 0.000         0.000 / 0.000         0.000 / 0.000       ms
[2026-04-11T01:43:37.560+0530][100.415s][info][gc,stats    ]    Critical: GC Locker Stall                                   0 / 0                 0 / 0                 0 / 0                 0 / 0           ops/s
[2026-04-11T01:43:37.560+0530][100.415s][info][gc,stats    ]    Critical: GC Locker Stall                               0.000 / 0.000         0.000 / 0.000         0.000 / 0.000         0.000 / 0.000       ms
[2026-04-11T01:43:37.560+0530][100.415s][info][gc,stats    ]    Critical: Relocation Stall                                  0 / 0                 0 / 0                 0 / 0                 0 / 0           ops/s
[2026-04-11T01:43:37.560+0530][100.415s][info][gc,stats    ]    Critical: Relocation Stall                              0.000 / 0.000         0.000 / 0.000         0.000 / 0.000         0.000 / 0.000       ms
[2026-04-11T01:43:37.560+0530][100.415s][info][gc,stats    ]      Memory: Allocation Rate                                 690 / 868             667 / 918             667 / 918             667 / 918         MB/s
[2026-04-11T01:43:37.560+0530][100.415s][info][gc,stats    ]      Memory: Defragment                                        0 / 0                 0 / 0                 0 / 0                 0 / 0           ops/s
[2026-04-11T01:43:37.560+0530][100.415s][info][gc,stats    ]      Memory: Out Of Memory                                     0 / 0                 0 / 0                 0 / 0                 0 / 0           ops/s
[2026-04-11T01:43:37.560+0530][100.415s][info][gc,stats    ]      Memory: Page Cache Flush                                  0 / 0                 1 / 102               1 / 102               1 / 102         MB/s
[2026-04-11T01:43:37.560+0530][100.415s][info][gc,stats    ]      Memory: Page Cache Hit L1                               355 / 434             298 / 458             298 / 458             298 / 458         ops/s
[2026-04-11T01:43:37.560+0530][100.415s][info][gc,stats    ]      Memory: Page Cache Hit L2                                 0 / 0                 0 / 0                 0 / 0                 0 / 0           ops/s
[2026-04-11T01:43:37.560+0530][100.415s][info][gc,stats    ]      Memory: Page Cache Hit L3                                 0 / 0                20 / 445              20 / 445              20 / 445         ops/s
[2026-04-11T01:43:37.560+0530][100.415s][info][gc,stats    ]      Memory: Page Cache Miss                                   0 / 0                18 / 271              18 / 271              18 / 271         ops/s
[2026-04-11T01:43:37.560+0530][100.415s][info][gc,stats    ]      Memory: Uncommit                                          0 / 0                 0 / 0                 0 / 0                 0 / 0           MB/s
[2026-04-11T01:43:37.560+0530][100.415s][info][gc,stats    ]      Memory: Undo Object Allocation Failed                     0 / 0                 0 / 0                 0 / 0                 0 / 0           ops/s
[2026-04-11T01:43:37.560+0530][100.416s][info][gc,stats    ]      Memory: Undo Object Allocation Succeeded                  0 / 1                 0 / 4                 0 / 4                 0 / 4           ops/s
[2026-04-11T01:43:37.560+0530][100.416s][info][gc,stats    ]      Memory: Undo Page Allocation                              0 / 0                 0 / 0                 0 / 0                 0 / 0           ops/s
[2026-04-11T01:43:37.560+0530][100.416s][info][gc,stats    ]       Phase: Concurrent Mark                            2873.525 / 3060.759   1403.359 / 3060.759   1403.359 / 3060.759   1403.359 / 3060.759    ms
[2026-04-11T01:43:37.560+0530][100.416s][info][gc,stats    ]       Phase: Concurrent Mark Continue                      0.000 / 0.000         0.000 / 0.000         0.000 / 0.000         0.000 / 0.000       ms
[2026-04-11T01:43:37.560+0530][100.416s][info][gc,stats    ]       Phase: Concurrent Mark Free                          0.002 / 0.002         0.002 / 0.002         0.002 / 0.002         0.002 / 0.002       ms
[2026-04-11T01:43:37.560+0530][100.416s][info][gc,stats    ]       Phase: Concurrent Process Non-Strong References      2.540 / 2.624         6.057 / 51.309        6.057 / 51.309        6.057 / 51.309      ms
[2026-04-11T01:43:37.560+0530][100.416s][info][gc,stats    ]       Phase: Concurrent Relocate                          76.277 / 87.100       88.162 / 250.050      88.162 / 250.050      88.162 / 250.050     ms
[2026-04-11T01:43:37.560+0530][100.416s][info][gc,stats    ]       Phase: Concurrent Reset Relocation Set               0.064 / 0.075         0.098 / 0.281         0.098 / 0.281         0.098 / 0.281       ms
[2026-04-11T01:43:37.560+0530][100.416s][info][gc,stats    ]       Phase: Concurrent Select Relocation Set             24.008 / 26.101       17.189 / 33.374       17.189 / 33.374       17.189 / 33.374      ms
[2026-04-11T01:43:37.560+0530][100.416s][info][gc,stats    ]       Phase: Pause Mark End                                0.022 / 0.024         0.027 / 0.054         0.027 / 0.054         0.027 / 0.054       ms
[2026-04-11T01:43:37.561+0530][100.416s][info][gc,stats    ]       Phase: Pause Mark Start                              0.012 / 0.014         0.041 / 0.497         0.041 / 0.497         0.041 / 0.497       ms
[2026-04-11T01:43:37.561+0530][100.416s][info][gc,stats    ]       Phase: Pause Relocate Start                          0.014 / 0.014         0.015 / 0.029         0.015 / 0.029         0.015 / 0.029       ms
[2026-04-11T01:43:37.561+0530][100.416s][info][gc,stats    ]    Subphase: Concurrent Classes Purge                      0.014 / 0.015         0.199 / 1.367         0.199 / 1.367         0.199 / 1.367       ms
[2026-04-11T01:43:37.561+0530][100.416s][info][gc,stats    ]    Subphase: Concurrent Classes Unlink                     1.790 / 1.858         4.774 / 45.355        4.774 / 45.355        4.774 / 45.355      ms
[2026-04-11T01:43:37.561+0530][100.416s][info][gc,stats    ]    Subphase: Concurrent Mark                            2869.641 / 3060.041   1283.159 / 3060.041   1283.159 / 3060.041   1283.159 / 3060.041    ms
[2026-04-11T01:43:37.561+0530][100.416s][info][gc,stats    ]    Subphase: Concurrent Mark Try Flush                     0.180 / 0.366         0.345 / 9.301         0.345 / 9.301         0.345 / 9.301       ms
[2026-04-11T01:43:37.561+0530][100.416s][info][gc,stats    ]    Subphase: Concurrent Mark Try Terminate                10.410 / 16.054        6.491 / 16.054        6.491 / 16.054        6.491 / 16.054      ms
[2026-04-11T01:43:37.561+0530][100.416s][info][gc,stats    ]    Subphase: Concurrent References Enqueue                 0.001 / 0.001         0.002 / 0.019         0.002 / 0.019         0.002 / 0.019       ms
[2026-04-11T01:43:37.561+0530][100.416s][info][gc,stats    ]    Subphase: Concurrent References Process                 0.179 / 0.193         0.141 / 0.254         0.141 / 0.254         0.141 / 0.254       ms
[2026-04-11T01:43:37.561+0530][100.416s][info][gc,stats    ]    Subphase: Concurrent Roots ClassLoaderDataGraph         0.084 / 0.188         0.123 / 0.504         0.123 / 0.504         0.123 / 0.504       ms
[2026-04-11T01:43:37.561+0530][100.416s][info][gc,stats    ]    Subphase: Concurrent Roots CodeCache                    0.000 / 0.000         0.000 / 0.000         0.000 / 0.000         0.000 / 0.000       ms
[2026-04-11T01:43:37.561+0530][100.416s][info][gc,stats    ]    Subphase: Concurrent Roots JavaThreads                  0.458 / 0.534         0.705 / 2.076         0.705 / 2.076         0.705 / 2.076       ms
[2026-04-11T01:43:37.561+0530][100.416s][info][gc,stats    ]    Subphase: Concurrent Roots OopStorageSet                0.023 / 0.046         0.052 / 0.422         0.052 / 0.422         0.052 / 0.422       ms
[2026-04-11T01:43:37.561+0530][100.416s][info][gc,stats    ]    Subphase: Concurrent Weak Roots OopStorageSet           0.265 / 0.307         0.462 / 2.929         0.462 / 2.929         0.462 / 2.929       ms
[2026-04-11T01:43:37.561+0530][100.416s][info][gc,stats    ]    Subphase: Pause Mark Try Complete                       0.000 / 0.000         0.000 / 0.000         0.000 / 0.000         0.000 / 0.000       ms
[2026-04-11T01:43:37.561+0530][100.416s][info][gc,stats    ]      System: Java Threads                                     18 / 18               18 / 20               18 / 20               18 / 20          threads
[2026-04-11T01:43:37.561+0530][100.416s][info][gc,stats    ] =========================================================================================================================================================
[2026-04-11T01:43:39.860+0530][102.715s][info][gc,phases   ] GC(16) Concurrent Mark 3298.184ms
[2026-04-11T01:43:39.860+0530][102.715s][info][gc,phases   ] GC(16) Pause Mark End 0.022ms
[2026-04-11T01:43:39.860+0530][102.715s][info][gc,phases   ] GC(16) Concurrent Mark Free 0.002ms
[2026-04-11T01:43:39.863+0530][102.718s][info][gc,phases   ] GC(16) Concurrent Process Non-Strong References 2.614ms
[2026-04-11T01:43:39.863+0530][102.718s][info][gc,phases   ] GC(16) Concurrent Reset Relocation Set 0.168ms
[2026-04-11T01:43:39.869+0530][102.726s][info][gc,phases   ] GC(16) Concurrent Select Relocation Set 7.562ms
[2026-04-11T01:43:39.869+0530][102.726s][info][gc,phases   ] GC(16) Pause Relocate Start 0.012ms
[2026-04-11T01:43:39.933+0530][102.789s][info][gc,phases   ] GC(16) Concurrent Relocate 62.450ms
[2026-04-11T01:43:39.933+0530][102.789s][info][gc,load     ] GC(16) Load: 0.00/0.00/0.00
[2026-04-11T01:43:39.933+0530][102.789s][info][gc,mmu      ] GC(16) MMU: 2ms/75.2%, 5ms/90.1%, 10ms/95.0%, 20ms/97.5%, 50ms/99.0%, 100ms/99.5%
[2026-04-11T01:43:39.933+0530][102.789s][info][gc,marking  ] GC(16) Mark: 2 stripe(s), 2 proactive flush(es), 1 terminate flush(es), 0 completion(s), 0 continuation(s) 
[2026-04-11T01:43:39.933+0530][102.789s][info][gc,marking  ] GC(16) Mark Stack Usage: 32M
[2026-04-11T01:43:39.933+0530][102.789s][info][gc,nmethod  ] GC(16) NMethods: 1468 registered, 518 unregistered
[2026-04-11T01:43:39.933+0530][102.789s][info][gc,metaspace] GC(16) Metaspace: 6M used, 6M committed, 1088M reserved
[2026-04-11T01:43:39.933+0530][102.789s][info][gc,ref      ] GC(16) Soft: 282 encountered, 0 discovered, 0 enqueued
[2026-04-11T01:43:39.933+0530][102.789s][info][gc,ref      ] GC(16) Weak: 606 encountered, 12 discovered, 0 enqueued
[2026-04-11T01:43:39.933+0530][102.790s][info][gc,ref      ] GC(16) Final: 0 encountered, 0 discovered, 0 enqueued
[2026-04-11T01:43:39.933+0530][102.790s][info][gc,ref      ] GC(16) Phantom: 136 encountered, 92 discovered, 0 enqueued
[2026-04-11T01:43:39.933+0530][102.790s][info][gc,reloc    ] GC(16) Small Pages: 2235 / 4470M, Empty: 766M, Relocated: 90M, In-Place: 0
[2026-04-11T01:43:39.933+0530][102.790s][info][gc,reloc    ] GC(16) Medium Pages: 1 / 32M, Empty: 0M, Relocated: 0M, In-Place: 0
[2026-04-11T01:43:39.933+0530][102.790s][info][gc,reloc    ] GC(16) Large Pages: 4 / 264M, Empty: 0M, Relocated: 0M, In-Place: 0
[2026-04-11T01:43:39.933+0530][102.790s][info][gc,reloc    ] GC(16) Forwarding Usage: 19M
[2026-04-11T01:43:39.933+0530][102.790s][info][gc,heap     ] GC(16) Min Capacity: 4096M(50%)
[2026-04-11T01:43:39.933+0530][102.790s][info][gc,heap     ] GC(16) Max Capacity: 8192M(100%)
[2026-04-11T01:43:39.933+0530][102.790s][info][gc,heap     ] GC(16) Soft Max Capacity: 8192M(100%)
[2026-04-11T01:43:39.933+0530][102.790s][info][gc,heap     ] GC(16)                Mark Start          Mark End        Relocate Start      Relocate End           High               Low         
[2026-04-11T01:43:39.933+0530][102.790s][info][gc,heap     ] GC(16)  Capacity:     8192M (100%)       8192M (100%)       8192M (100%)       8192M (100%)       8192M (100%)       8192M (100%)   
[2026-04-11T01:43:39.933+0530][102.790s][info][gc,heap     ] GC(16)      Free:     3426M (42%)        1286M (16%)        2040M (25%)        4600M (56%)        4600M (56%)        1284M (16%)    
[2026-04-11T01:43:39.933+0530][102.790s][info][gc,heap     ] GC(16)      Used:     4766M (58%)        6906M (84%)        6152M (75%)        3592M (44%)        6908M (84%)        3592M (44%)    
[2026-04-11T01:43:39.933+0530][102.790s][info][gc,heap     ] GC(16)      Live:         -              1361M (17%)        1361M (17%)        1361M (17%)            -                  -          
[2026-04-11T01:43:39.933+0530][102.790s][info][gc,heap     ] GC(16) Allocated:         -              2140M (26%)        2152M (26%)        2183M (27%)            -                  -          
[2026-04-11T01:43:39.933+0530][102.790s][info][gc,heap     ] GC(16)   Garbage:         -              3404M (42%)        2638M (32%)          46M (1%)             -                  -          
[2026-04-11T01:43:39.933+0530][102.790s][info][gc,heap     ] GC(16) Reclaimed:         -                  -               766M (9%)         3357M (41%)            -                  -          
[2026-04-11T01:43:39.933+0530][102.790s][info][gc          ] GC(16) Garbage Collection (Allocation Rate) 4766M(58%)->3592M(44%)
[2026-04-11T01:43:40.459+0530][103.314s][info][gc,start    ] GC(17) Garbage Collection (Allocation Rate)
[2026-04-11T01:43:40.459+0530][103.314s][info][gc,task     ] GC(17) Using 2 workers
[2026-04-11T01:43:40.459+0530][103.314s][info][gc,phases   ] GC(17) Pause Mark Start 0.009ms
[2026-04-11T01:43:43.727+0530][106.582s][info][gc,phases   ] GC(17) Concurrent Mark 3267.801ms
[2026-04-11T01:43:43.727+0530][106.582s][info][gc,phases   ] GC(17) Pause Mark End 0.020ms
[2026-04-11T01:43:43.727+0530][106.582s][info][gc,phases   ] GC(17) Concurrent Mark Free 0.001ms
[2026-04-11T01:43:43.730+0530][106.585s][info][gc,phases   ] GC(17) Concurrent Process Non-Strong References 2.630ms
[2026-04-11T01:43:43.730+0530][106.585s][info][gc,phases   ] GC(17) Concurrent Reset Relocation Set 0.075ms
[2026-04-11T01:43:43.735+0530][106.591s][info][gc,phases   ] GC(17) Concurrent Select Relocation Set 5.711ms
[2026-04-11T01:43:43.736+0530][106.591s][info][gc,phases   ] GC(17) Pause Relocate Start 0.014ms
[2026-04-11T01:43:43.781+0530][106.636s][info][gc,phases   ] GC(17) Concurrent Relocate 44.180ms
[2026-04-11T01:43:43.781+0530][106.636s][info][gc,load     ] GC(17) Load: 0.00/0.00/0.00
[2026-04-11T01:43:43.781+0530][106.636s][info][gc,mmu      ] GC(17) MMU: 2ms/75.2%, 5ms/90.1%, 10ms/95.0%, 20ms/97.5%, 50ms/99.0%, 100ms/99.5%
[2026-04-11T01:43:43.781+0530][106.636s][info][gc,marking  ] GC(17) Mark: 2 stripe(s), 2 proactive flush(es), 1 terminate flush(es), 0 completion(s), 0 continuation(s) 
[2026-04-11T01:43:43.781+0530][106.636s][info][gc,marking  ] GC(17) Mark Stack Usage: 32M
[2026-04-11T01:43:43.781+0530][106.636s][info][gc,nmethod  ] GC(17) NMethods: 1468 registered, 518 unregistered
[2026-04-11T01:43:43.781+0530][106.636s][info][gc,metaspace] GC(17) Metaspace: 6M used, 6M committed, 1088M reserved
[2026-04-11T01:43:43.781+0530][106.636s][info][gc,ref      ] GC(17) Soft: 282 encountered, 0 discovered, 0 enqueued
[2026-04-11T01:43:43.781+0530][106.636s][info][gc,ref      ] GC(17) Weak: 606 encountered, 10 discovered, 0 enqueued
[2026-04-11T01:43:43.781+0530][106.636s][info][gc,ref      ] GC(17) Final: 0 encountered, 0 discovered, 0 enqueued
[2026-04-11T01:43:43.781+0530][106.636s][info][gc,ref      ] GC(17) Phantom: 136 encountered, 92 discovered, 0 enqueued
[2026-04-11T01:43:43.781+0530][106.636s][info][gc,reloc    ] GC(17) Small Pages: 1684 / 3368M, Empty: 488M, Relocated: 61M, In-Place: 0
[2026-04-11T01:43:43.781+0530][106.636s][info][gc,reloc    ] GC(17) Medium Pages: 1 / 32M, Empty: 0M, Relocated: 0M, In-Place: 0
[2026-04-11T01:43:43.781+0530][106.636s][info][gc,reloc    ] GC(17) Large Pages: 6 / 524M, Empty: 132M, Relocated: 0M, In-Place: 0
[2026-04-11T01:43:43.781+0530][106.636s][info][gc,reloc    ] GC(17) Forwarding Usage: 13M
[2026-04-11T01:43:43.781+0530][106.636s][info][gc,heap     ] GC(17) Min Capacity: 4096M(50%)
[2026-04-11T01:43:43.781+0530][106.636s][info][gc,heap     ] GC(17) Max Capacity: 8192M(100%)
[2026-04-11T01:43:43.781+0530][106.636s][info][gc,heap     ] GC(17) Soft Max Capacity: 8192M(100%)
[2026-04-11T01:43:43.781+0530][106.636s][info][gc,heap     ] GC(17)                Mark Start          Mark End        Relocate Start      Relocate End           High               Low         
[2026-04-11T01:43:43.781+0530][106.636s][info][gc,heap     ] GC(17)  Capacity:     8192M (100%)       8192M (100%)       8192M (100%)       8192M (100%)       8192M (100%)       8192M (100%)   
[2026-04-11T01:43:43.781+0530][106.637s][info][gc,heap     ] GC(17)      Free:     4268M (52%)        2182M (27%)        2798M (34%)        4482M (55%)        4482M (55%)        2180M (27%)    
[2026-04-11T01:43:43.782+0530][106.637s][info][gc,heap     ] GC(17)      Used:     3924M (48%)        6010M (73%)        5394M (66%)        3710M (45%)        6012M (73%)        3710M (45%)    
[2026-04-11T01:43:43.782+0530][106.637s][info][gc,heap     ] GC(17)      Live:         -              1542M (19%)        1542M (19%)        1542M (19%)            -                  -          
[2026-04-11T01:43:43.782+0530][106.637s][info][gc,heap     ] GC(17) Allocated:         -              2086M (25%)        2090M (26%)        2117M (26%)            -                  -          
[2026-04-11T01:43:43.782+0530][106.637s][info][gc,heap     ] GC(17)   Garbage:         -              2381M (29%)        1761M (21%)          49M (1%)             -                  -          
[2026-04-11T01:43:43.782+0530][106.637s][info][gc,heap     ] GC(17) Reclaimed:         -                  -               620M (8%)         2331M (28%)            -                  -          
[2026-04-11T01:43:43.782+0530][106.637s][info][gc          ] GC(17) Garbage Collection (Allocation Rate) 3924M(48%)->3710M(45%)
[2026-04-11T01:43:44.550+0530][107.405s][info][gc,start    ] GC(18) Garbage Collection (Allocation Rate)
[2026-04-11T01:43:44.550+0530][107.405s][info][gc,task     ] GC(18) Using 3 workers
[2026-04-11T01:43:44.551+0530][107.405s][info][gc,phases   ] GC(18) Pause Mark Start 0.013ms
[2026-04-11T01:43:47.141+0530][109.996s][info][gc,phases   ] GC(18) Concurrent Mark 2590.657ms
[2026-04-11T01:43:47.141+0530][109.997s][info][gc,phases   ] GC(18) Pause Mark End 0.026ms
[2026-04-11T01:43:47.142+0530][109.997s][info][gc,phases   ] GC(18) Concurrent Mark Free 0.002ms
[2026-04-11T01:43:47.144+0530][109.999s][info][gc,phases   ] GC(18) Concurrent Process Non-Strong References 2.123ms
[2026-04-11T01:43:47.144+0530][109.999s][info][gc,phases   ] GC(18) Concurrent Reset Relocation Set 0.066ms
[2026-04-11T01:43:47.167+0530][110.023s][info][gc,phases   ] GC(18) Concurrent Select Relocation Set 23.464ms
[2026-04-11T01:43:47.167+0530][110.023s][info][gc,phases   ] GC(18) Pause Relocate Start 0.014ms
[2026-04-11T01:43:47.206+0530][110.061s][info][gc,phases   ] GC(18) Concurrent Relocate 37.927ms
[2026-04-11T01:43:47.206+0530][110.062s][info][gc,load     ] GC(18) Load: 0.00/0.00/0.00
[2026-04-11T01:43:47.206+0530][110.062s][info][gc,mmu      ] GC(18) MMU: 2ms/75.2%, 5ms/90.1%, 10ms/95.0%, 20ms/97.5%, 50ms/99.0%, 100ms/99.5%
[2026-04-11T01:43:47.206+0530][110.062s][info][gc,marking  ] GC(18) Mark: 2 stripe(s), 2 proactive flush(es), 1 terminate flush(es), 0 completion(s), 0 continuation(s) 
[2026-04-11T01:43:47.206+0530][110.062s][info][gc,marking  ] GC(18) Mark Stack Usage: 32M
[2026-04-11T01:43:47.206+0530][110.062s][info][gc,nmethod  ] GC(18) NMethods: 1468 registered, 518 unregistered
[2026-04-11T01:43:47.206+0530][110.062s][info][gc,metaspace] GC(18) Metaspace: 6M used, 6M committed, 1088M reserved
[2026-04-11T01:43:47.207+0530][110.062s][info][gc,ref      ] GC(18) Soft: 282 encountered, 0 discovered, 0 enqueued
[2026-04-11T01:43:47.207+0530][110.062s][info][gc,ref      ] GC(18) Weak: 606 encountered, 5 discovered, 0 enqueued
[2026-04-11T01:43:47.207+0530][110.062s][info][gc,ref      ] GC(18) Final: 0 encountered, 0 discovered, 0 enqueued
[2026-04-11T01:43:47.207+0530][110.062s][info][gc,ref      ] GC(18) Phantom: 136 encountered, 92 discovered, 0 enqueued
[2026-04-11T01:43:47.207+0530][110.062s][info][gc,reloc    ] GC(18) Small Pages: 1975 / 3950M, Empty: 628M, Relocated: 73M, In-Place: 0
[2026-04-11T01:43:47.207+0530][110.062s][info][gc,reloc    ] GC(18) Medium Pages: 1 / 32M, Empty: 0M, Relocated: 0M, In-Place: 0
[2026-04-11T01:43:47.207+0530][110.062s][info][gc,reloc    ] GC(18) Large Pages: 4 / 392M, Empty: 0M, Relocated: 0M, In-Place: 0
[2026-04-11T01:43:47.207+0530][110.062s][info][gc,reloc    ] GC(18) Forwarding Usage: 16M
[2026-04-11T01:43:47.207+0530][110.062s][info][gc,heap     ] GC(18) Min Capacity: 4096M(50%)
[2026-04-11T01:43:47.207+0530][110.062s][info][gc,heap     ] GC(18) Max Capacity: 8192M(100%)
[2026-04-11T01:43:47.207+0530][110.062s][info][gc,heap     ] GC(18) Soft Max Capacity: 8192M(100%)
[2026-04-11T01:43:47.207+0530][110.062s][info][gc,heap     ] GC(18)                Mark Start          Mark End        Relocate Start      Relocate End           High               Low         
[2026-04-11T01:43:47.207+0530][110.062s][info][gc,heap     ] GC(18)  Capacity:     8192M (100%)       8192M (100%)       8192M (100%)       8192M (100%)       8192M (100%)       8192M (100%)   
[2026-04-11T01:43:47.207+0530][110.062s][info][gc,heap     ] GC(18)      Free:     3818M (47%)        2242M (27%)        2850M (35%)        4920M (60%)        4922M (60%)        2240M (27%)    
[2026-04-11T01:43:47.207+0530][110.062s][info][gc,heap     ] GC(18)      Used:     4374M (53%)        5950M (73%)        5342M (65%)        3272M (40%)        5952M (73%)        3270M (40%)    
[2026-04-11T01:43:47.207+0530][110.062s][info][gc,heap     ] GC(18)      Live:         -              1604M (20%)        1604M (20%)        1604M (20%)            -                  -          
[2026-04-11T01:43:47.207+0530][110.062s][info][gc,heap     ] GC(18) Allocated:         -              1576M (19%)        1596M (19%)        1619M (20%)            -                  -          
[2026-04-11T01:43:47.207+0530][110.063s][info][gc,heap     ] GC(18)   Garbage:         -              2769M (34%)        2141M (26%)          47M (1%)             -                  -          
[2026-04-11T01:43:47.207+0530][110.063s][info][gc,heap     ] GC(18) Reclaimed:         -                  -               628M (8%)         2721M (33%)            -                  -          
[2026-04-11T01:43:47.207+0530][110.063s][info][gc          ] GC(18) Garbage Collection (Allocation Rate) 4374M(53%)->3272M(40%)
[2026-04-11T01:43:47.555+0530][110.410s][info][gc,stats    ] === Garbage Collection Statistics =======================================================================================================================
[2026-04-11T01:43:47.555+0530][110.411s][info][gc,stats    ]                                                              Last 10s              Last 10m              Last 10h                Total
[2026-04-11T01:43:47.555+0530][110.411s][info][gc,stats    ]                                                              Avg / Max             Avg / Max             Avg / Max             Avg / Max
[2026-04-11T01:43:47.555+0530][110.411s][info][gc,stats    ]   Collector: Garbage Collection Cycle                   3117.408 / 3373.222   1770.979 / 3373.222   1770.979 / 3373.222   1770.979 / 3373.222    ms
[2026-04-11T01:43:47.555+0530][110.411s][info][gc,stats    ]  Contention: Mark Segment Reset Contention                     0 / 2                 0 / 13                0 / 13                0 / 13          ops/s
[2026-04-11T01:43:47.555+0530][110.411s][info][gc,stats    ]  Contention: Mark SeqNum Reset Contention                      0 / 0                 0 / 0                 0 / 0                 0 / 0           ops/s
[2026-04-11T01:43:47.555+0530][110.411s][info][gc,stats    ]    Critical: Allocation Stall                                  0 / 0                 0 / 0                 0 / 0                 0 / 0           ops/s
[2026-04-11T01:43:47.555+0530][110.411s][info][gc,stats    ]    Critical: Allocation Stall                              0.000 / 0.000         0.000 / 0.000         0.000 / 0.000         0.000 / 0.000       ms
[2026-04-11T01:43:47.555+0530][110.411s][info][gc,stats    ]    Critical: GC Locker Stall                                   0 / 0                 0 / 0                 0 / 0                 0 / 0           ops/s
[2026-04-11T01:43:47.555+0530][110.411s][info][gc,stats    ]    Critical: GC Locker Stall                               0.000 / 0.000         0.000 / 0.000         0.000 / 0.000         0.000 / 0.000       ms
[2026-04-11T01:43:47.556+0530][110.411s][info][gc,stats    ]    Critical: Relocation Stall                                  0 / 0                 0 / 0                 0 / 0                 0 / 0           ops/s
[2026-04-11T01:43:47.556+0530][110.411s][info][gc,stats    ]    Critical: Relocation Stall                              0.000 / 0.000         0.000 / 0.000         0.000 / 0.000         0.000 / 0.000       ms
[2026-04-11T01:43:47.556+0530][110.411s][info][gc,stats    ]      Memory: Allocation Rate                                 651 / 852             665 / 918             665 / 918             665 / 918         MB/s
[2026-04-11T01:43:47.556+0530][110.411s][info][gc,stats    ]      Memory: Defragment                                        0 / 0                 0 / 0                 0 / 0                 0 / 0           ops/s
[2026-04-11T01:43:47.556+0530][110.411s][info][gc,stats    ]      Memory: Out Of Memory                                     0 / 0                 0 / 0                 0 / 0                 0 / 0           ops/s
[2026-04-11T01:43:47.556+0530][110.411s][info][gc,stats    ]      Memory: Page Cache Flush                                 26 / 260               3 / 260               3 / 260               3 / 260         MB/s
[2026-04-11T01:43:47.556+0530][110.411s][info][gc,stats    ]      Memory: Page Cache Hit L1                               324 / 432             300 / 458             300 / 458             300 / 458         ops/s
[2026-04-11T01:43:47.556+0530][110.411s][info][gc,stats    ]      Memory: Page Cache Hit L2                                 0 / 0                 0 / 0                 0 / 0                 0 / 0           ops/s
[2026-04-11T01:43:47.556+0530][110.411s][info][gc,stats    ]      Memory: Page Cache Hit L3                                 0 / 0                18 / 445              18 / 445              18 / 445         ops/s
[2026-04-11T01:43:47.556+0530][110.411s][info][gc,stats    ]      Memory: Page Cache Miss                                   0 / 2                17 / 271              17 / 271              17 / 271         ops/s
[2026-04-11T01:43:47.556+0530][110.411s][info][gc,stats    ]      Memory: Uncommit                                          0 / 0                 0 / 0                 0 / 0                 0 / 0           MB/s
[2026-04-11T01:43:47.556+0530][110.411s][info][gc,stats    ]      Memory: Undo Object Allocation Failed                     0 / 0                 0 / 0                 0 / 0                 0 / 0           ops/s
[2026-04-11T01:43:47.556+0530][110.411s][info][gc,stats    ]      Memory: Undo Object Allocation Succeeded                  0 / 4                 0 / 4                 0 / 4                 0 / 4           ops/s
[2026-04-11T01:43:47.556+0530][110.411s][info][gc,stats    ]      Memory: Undo Page Allocation                              0 / 0                 0 / 0                 0 / 0                 0 / 0           ops/s
[2026-04-11T01:43:47.556+0530][110.411s][info][gc,stats    ]       Phase: Concurrent Mark                            3052.214 / 3298.184   1663.705 / 3298.184   1663.705 / 3298.184   1663.705 / 3298.184    ms
[2026-04-11T01:43:47.556+0530][110.411s][info][gc,stats    ]       Phase: Concurrent Mark Continue                      0.000 / 0.000         0.000 / 0.000         0.000 / 0.000         0.000 / 0.000       ms
[2026-04-11T01:43:47.556+0530][110.411s][info][gc,stats    ]       Phase: Concurrent Mark Free                          0.002 / 0.002         0.002 / 0.002         0.002 / 0.002         0.002 / 0.002       ms
[2026-04-11T01:43:47.556+0530][110.411s][info][gc,stats    ]       Phase: Concurrent Process Non-Strong References      2.456 / 2.630         5.488 / 51.309        5.488 / 51.309        5.488 / 51.309      ms
[2026-04-11T01:43:47.556+0530][110.411s][info][gc,stats    ]       Phase: Concurrent Relocate                          48.186 / 62.450       81.850 / 250.050      81.850 / 250.050      81.850 / 250.050     ms
[2026-04-11T01:43:47.556+0530][110.411s][info][gc,stats    ]       Phase: Concurrent Reset Relocation Set               0.103 / 0.168         0.099 / 0.281         0.099 / 0.281         0.099 / 0.281       ms
[2026-04-11T01:43:47.556+0530][110.412s][info][gc,stats    ]       Phase: Concurrent Select Relocation Set             12.246 / 23.464       16.408 / 33.374       16.408 / 33.374       16.408 / 33.374      ms
[2026-04-11T01:43:47.556+0530][110.412s][info][gc,stats    ]       Phase: Pause Mark End                                0.023 / 0.026         0.026 / 0.054         0.026 / 0.054         0.026 / 0.054       ms
[2026-04-11T01:43:47.556+0530][110.412s][info][gc,stats    ]       Phase: Pause Mark Start                              0.011 / 0.013         0.038 / 0.497         0.038 / 0.497         0.038 / 0.497       ms
[2026-04-11T01:43:47.556+0530][110.412s][info][gc,stats    ]       Phase: Pause Relocate Start                          0.013 / 0.014         0.015 / 0.029         0.015 / 0.029         0.015 / 0.029       ms
[2026-04-11T01:43:47.556+0530][110.412s][info][gc,stats    ]    Subphase: Concurrent Classes Purge                      0.036 / 0.061         0.173 / 1.367         0.173 / 1.367         0.173 / 1.367       ms
[2026-04-11T01:43:47.556+0530][110.412s][info][gc,stats    ]    Subphase: Concurrent Classes Unlink                     1.747 / 1.934         4.296 / 45.355        4.296 / 45.355        4.296 / 45.355      ms
[2026-04-11T01:43:47.556+0530][110.412s][info][gc,stats    ]    Subphase: Concurrent Mark                            2982.426 / 3297.226   1547.489 / 3297.226   1547.489 / 3297.226   1547.489 / 3297.226    ms
[2026-04-11T01:43:47.556+0530][110.412s][info][gc,stats    ]    Subphase: Concurrent Mark Try Flush                     0.181 / 0.262         0.323 / 9.301         0.323 / 9.301         0.323 / 9.301       ms
[2026-04-11T01:43:47.556+0530][110.412s][info][gc,stats    ]    Subphase: Concurrent Mark Try Terminate                 4.720 / 16.052        6.262 / 16.054        6.262 / 16.054        6.262 / 16.054      ms
[2026-04-11T01:43:47.556+0530][110.412s][info][gc,stats    ]    Subphase: Concurrent References Enqueue                 0.001 / 0.001         0.002 / 0.019         0.002 / 0.019         0.002 / 0.019       ms
[2026-04-11T01:43:47.556+0530][110.412s][info][gc,stats    ]    Subphase: Concurrent References Process                 0.131 / 0.153         0.139 / 0.254         0.139 / 0.254         0.139 / 0.254       ms
[2026-04-11T01:43:47.556+0530][110.412s][info][gc,stats    ]    Subphase: Concurrent Roots ClassLoaderDataGraph         0.108 / 0.214         0.121 / 0.504         0.121 / 0.504         0.121 / 0.504       ms
[2026-04-11T01:43:47.556+0530][110.412s][info][gc,stats    ]    Subphase: Concurrent Roots CodeCache                    0.000 / 0.000         0.000 / 0.000         0.000 / 0.000         0.000 / 0.000       ms
[2026-04-11T01:43:47.556+0530][110.412s][info][gc,stats    ]    Subphase: Concurrent Roots JavaThreads                  0.466 / 0.810         0.678 / 2.076         0.678 / 2.076         0.678 / 2.076       ms
[2026-04-11T01:43:47.556+0530][110.412s][info][gc,stats    ]    Subphase: Concurrent Roots OopStorageSet                0.021 / 0.031         0.049 / 0.422         0.049 / 0.422         0.049 / 0.422       ms
[2026-04-11T01:43:47.556+0530][110.412s][info][gc,stats    ]    Subphase: Concurrent Weak Roots OopStorageSet           0.231 / 0.256         0.426 / 2.929         0.426 / 2.929         0.426 / 2.929       ms
[2026-04-11T01:43:47.556+0530][110.412s][info][gc,stats    ]    Subphase: Pause Mark Try Complete                       0.000 / 0.000         0.000 / 0.000         0.000 / 0.000         0.000 / 0.000       ms
[2026-04-11T01:43:47.556+0530][110.412s][info][gc,stats    ]      System: Java Threads                                     18 / 18               18 / 20               18 / 20               18 / 20          threads
[2026-04-11T01:43:47.556+0530][110.412s][info][gc,stats    ] =========================================================================================================================================================
[2026-04-11T01:43:49.459+0530][112.315s][info][gc,start    ] GC(19) Garbage Collection (Allocation Rate)
[2026-04-11T01:43:49.462+0530][112.317s][info][gc,task     ] GC(19) Using 3 workers
[2026-04-11T01:43:49.462+0530][112.317s][info][gc,phases   ] GC(19) Pause Mark Start 0.013ms
[2026-04-11T01:43:52.055+0530][114.910s][info][gc,phases   ] GC(19) Concurrent Mark 2592.990ms
[2026-04-11T01:43:52.055+0530][114.911s][info][gc,phases   ] GC(19) Pause Mark End 0.023ms
[2026-04-11T01:43:52.056+0530][114.911s][info][gc,phases   ] GC(19) Concurrent Mark Free 0.001ms
[2026-04-11T01:43:52.058+0530][114.913s][info][gc,phases   ] GC(19) Concurrent Process Non-Strong References 2.010ms
[2026-04-11T01:43:52.058+0530][114.913s][info][gc,phases   ] GC(19) Concurrent Reset Relocation Set 0.067ms
[2026-04-11T01:43:52.078+0530][114.934s][info][gc,phases   ] GC(19) Concurrent Select Relocation Set 20.555ms
[2026-04-11T01:43:52.078+0530][114.934s][info][gc,phases   ] GC(19) Pause Relocate Start 0.015ms
[2026-04-11T01:43:52.120+0530][114.976s][info][gc,phases   ] GC(19) Concurrent Relocate 40.983ms
[2026-04-11T01:43:52.121+0530][114.976s][info][gc,load     ] GC(19) Load: 0.00/0.00/0.00
[2026-04-11T01:43:52.121+0530][114.976s][info][gc,mmu      ] GC(19) MMU: 2ms/75.2%, 5ms/90.1%, 10ms/95.0%, 20ms/97.5%, 50ms/99.0%, 100ms/99.5%
[2026-04-11T01:43:52.121+0530][114.976s][info][gc,marking  ] GC(19) Mark: 2 stripe(s), 2 proactive flush(es), 1 terminate flush(es), 0 completion(s), 0 continuation(s) 
[2026-04-11T01:43:52.121+0530][114.976s][info][gc,marking  ] GC(19) Mark Stack Usage: 32M
[2026-04-11T01:43:52.121+0530][114.976s][info][gc,nmethod  ] GC(19) NMethods: 1470 registered, 519 unregistered
[2026-04-11T01:43:52.121+0530][114.976s][info][gc,metaspace] GC(19) Metaspace: 6M used, 6M committed, 1088M reserved
[2026-04-11T01:43:52.121+0530][114.976s][info][gc,ref      ] GC(19) Soft: 282 encountered, 0 discovered, 0 enqueued
[2026-04-11T01:43:52.121+0530][114.976s][info][gc,ref      ] GC(19) Weak: 606 encountered, 13 discovered, 0 enqueued
[2026-04-11T01:43:52.121+0530][114.976s][info][gc,ref      ] GC(19) Final: 0 encountered, 0 discovered, 0 enqueued
[2026-04-11T01:43:52.121+0530][114.976s][info][gc,ref      ] GC(19) Phantom: 136 encountered, 92 discovered, 0 enqueued
[2026-04-11T01:43:52.121+0530][114.976s][info][gc,reloc    ] GC(19) Small Pages: 2276 / 4552M, Empty: 736M, Relocated: 85M, In-Place: 0
[2026-04-11T01:43:52.121+0530][114.976s][info][gc,reloc    ] GC(19) Medium Pages: 1 / 32M, Empty: 0M, Relocated: 0M, In-Place: 0
[2026-04-11T01:43:52.121+0530][114.976s][info][gc,reloc    ] GC(19) Large Pages: 4 / 392M, Empty: 0M, Relocated: 0M, In-Place: 0
[2026-04-11T01:43:52.121+0530][114.976s][info][gc,reloc    ] GC(19) Forwarding Usage: 18M
[2026-04-11T01:43:52.121+0530][114.976s][info][gc,heap     ] GC(19) Min Capacity: 4096M(50%)
[2026-04-11T01:43:52.121+0530][114.976s][info][gc,heap     ] GC(19) Max Capacity: 8192M(100%)
[2026-04-11T01:43:52.121+0530][114.976s][info][gc,heap     ] GC(19) Soft Max Capacity: 8192M(100%)
[2026-04-11T01:43:52.121+0530][114.976s][info][gc,heap     ] GC(19)                Mark Start          Mark End        Relocate Start      Relocate End           High               Low         
[2026-04-11T01:43:52.121+0530][114.976s][info][gc,heap     ] GC(19)  Capacity:     8192M (100%)       8192M (100%)       8192M (100%)       8192M (100%)       8192M (100%)       8192M (100%)   
[2026-04-11T01:43:52.121+0530][114.976s][info][gc,heap     ] GC(19)      Free:     3216M (39%)        1574M (19%)        2296M (28%)        4780M (58%)        4780M (58%)        1570M (19%)    
[2026-04-11T01:43:52.121+0530][114.976s][info][gc,heap     ] GC(19)      Used:     4976M (61%)        6618M (81%)        5896M (72%)        3412M (42%)        6622M (81%)        3412M (42%)    
[2026-04-11T01:43:52.121+0530][114.976s][info][gc,heap     ] GC(19)      Live:         -              1683M (21%)        1683M (21%)        1683M (21%)            -                  -          
[2026-04-11T01:43:52.121+0530][114.977s][info][gc,heap     ] GC(19) Allocated:         -              1642M (20%)        1656M (20%)        1679M (21%)            -                  -          
[2026-04-11T01:43:52.121+0530][114.977s][info][gc,heap     ] GC(19)   Garbage:         -              3292M (40%)        2556M (31%)          48M (1%)             -                  -          
[2026-04-11T01:43:52.122+0530][114.977s][info][gc,heap     ] GC(19) Reclaimed:         -                  -               736M (9%)         3243M (40%)            -                  -          
[2026-04-11T01:43:52.122+0530][114.977s][info][gc          ] GC(19) Garbage Collection (Allocation Rate) 4976M(61%)->3412M(42%)
[2026-04-11T01:43:54.662+0530][117.517s][info][gc,start    ] GC(20) Garbage Collection (Allocation Rate)
[2026-04-11T01:43:54.662+0530][117.517s][info][gc,task     ] GC(20) Using 3 workers
[2026-04-11T01:43:54.662+0530][117.517s][info][gc,phases   ] GC(20) Pause Mark Start 0.013ms
[2026-04-11T01:43:57.485+0530][120.341s][info][gc,phases   ] GC(20) Concurrent Mark 2822.842ms
[2026-04-11T01:43:57.485+0530][120.341s][info][gc,phases   ] GC(20) Pause Mark End 0.023ms
[2026-04-11T01:43:57.485+0530][120.341s][info][gc,phases   ] GC(20) Concurrent Mark Free 0.002ms
[2026-04-11T01:43:57.487+0530][120.343s][info][gc,phases   ] GC(20) Concurrent Process Non-Strong References 1.947ms
[2026-04-11T01:43:57.487+0530][120.343s][info][gc,phases   ] GC(20) Concurrent Reset Relocation Set 0.079ms
[2026-04-11T01:43:57.512+0530][120.368s][info][gc,phases   ] GC(20) Concurrent Select Relocation Set 24.788ms
[2026-04-11T01:43:57.513+0530][120.369s][info][gc,phases   ] GC(20) Pause Relocate Start 0.014ms
[2026-04-11T01:43:57.564+0530][120.419s][info][gc,stats    ] === Garbage Collection Statistics =======================================================================================================================
[2026-04-11T01:43:57.564+0530][120.419s][info][gc,stats    ]                                                              Last 10s              Last 10m              Last 10h                Total
[2026-04-11T01:43:57.564+0530][120.419s][info][gc,stats    ]                                                              Avg / Max             Avg / Max             Avg / Max             Avg / Max
[2026-04-11T01:43:57.564+0530][120.419s][info][gc,stats    ]   Collector: Garbage Collection Cycle                   2661.132 / 2661.132   1815.486 / 3373.222   1815.486 / 3373.222   1815.486 / 3373.222    ms
[2026-04-11T01:43:57.564+0530][120.419s][info][gc,stats    ]  Contention: Mark Segment Reset Contention                     0 / 3                 0 / 13                0 / 13                0 / 13          ops/s
[2026-04-11T01:43:57.564+0530][120.419s][info][gc,stats    ]  Contention: Mark SeqNum Reset Contention                      0 / 0                 0 / 0                 0 / 0                 0 / 0           ops/s
[2026-04-11T01:43:57.564+0530][120.419s][info][gc,stats    ]    Critical: Allocation Stall                                  0 / 0                 0 / 0                 0 / 0                 0 / 0           ops/s
[2026-04-11T01:43:57.564+0530][120.419s][info][gc,stats    ]    Critical: Allocation Stall                              0.000 / 0.000         0.000 / 0.000         0.000 / 0.000         0.000 / 0.000       ms
[2026-04-11T01:43:57.564+0530][120.419s][info][gc,stats    ]    Critical: GC Locker Stall                                   0 / 0                 0 / 0                 0 / 0                 0 / 0           ops/s
[2026-04-11T01:43:57.564+0530][120.419s][info][gc,stats    ]    Critical: GC Locker Stall                               0.000 / 0.000         0.000 / 0.000         0.000 / 0.000         0.000 / 0.000       ms
[2026-04-11T01:43:57.564+0530][120.419s][info][gc,stats    ]    Critical: Relocation Stall                                  0 / 0                 0 / 0                 0 / 0                 0 / 0           ops/s
[2026-04-11T01:43:57.564+0530][120.419s][info][gc,stats    ]    Critical: Relocation Stall                              0.000 / 0.000         0.000 / 0.000         0.000 / 0.000         0.000 / 0.000       ms
[2026-04-11T01:43:57.564+0530][120.419s][info][gc,stats    ]      Memory: Allocation Rate                                 686 / 802             667 / 918             667 / 918             667 / 918         MB/s
[2026-04-11T01:43:57.564+0530][120.419s][info][gc,stats    ]      Memory: Defragment                                        0 / 0                 0 / 0                 0 / 0                 0 / 0           ops/s
[2026-04-11T01:43:57.564+0530][120.419s][info][gc,stats    ]      Memory: Out Of Memory                                     0 / 0                 0 / 0                 0 / 0                 0 / 0           ops/s
[2026-04-11T01:43:57.564+0530][120.419s][info][gc,stats    ]      Memory: Page Cache Flush                                  0 / 0                 3 / 260               3 / 260               3 / 260         MB/s
[2026-04-11T01:43:57.564+0530][120.419s][info][gc,stats    ]      Memory: Page Cache Hit L1                               351 / 401             304 / 458             304 / 458             304 / 458         ops/s
[2026-04-11T01:43:57.564+0530][120.419s][info][gc,stats    ]      Memory: Page Cache Hit L2                                 0 / 0                 0 / 0                 0 / 0                 0 / 0           ops/s
[2026-04-11T01:43:57.564+0530][120.420s][info][gc,stats    ]      Memory: Page Cache Hit L3                                 0 / 0                17 / 445              17 / 445              17 / 445         ops/s
[2026-04-11T01:43:57.564+0530][120.420s][info][gc,stats    ]      Memory: Page Cache Miss                                   0 / 0                15 / 271              15 / 271              15 / 271         ops/s
[2026-04-11T01:43:57.564+0530][120.420s][info][gc,stats    ]      Memory: Uncommit                                          0 / 0                 0 / 0                 0 / 0                 0 / 0           MB/s
[2026-04-11T01:43:57.564+0530][120.420s][info][gc,stats    ]      Memory: Undo Object Allocation Failed                     0 / 0                 0 / 0                 0 / 0                 0 / 0           ops/s
[2026-04-11T01:43:57.564+0530][120.420s][info][gc,stats    ]      Memory: Undo Object Allocation Succeeded                  0 / 1                 0 / 4                 0 / 4                 0 / 4           ops/s
[2026-04-11T01:43:57.564+0530][120.420s][info][gc,stats    ]      Memory: Undo Page Allocation                              0 / 0                 0 / 0                 0 / 0                 0 / 0           ops/s
[2026-04-11T01:43:57.564+0530][120.420s][info][gc,stats    ]       Phase: Concurrent Mark                            2707.916 / 2822.842   1763.153 / 3298.184   1763.153 / 3298.184   1763.153 / 3298.184    ms
[2026-04-11T01:43:57.564+0530][120.420s][info][gc,stats    ]       Phase: Concurrent Mark Continue                      0.000 / 0.000         0.000 / 0.000         0.000 / 0.000         0.000 / 0.000       ms
[2026-04-11T01:43:57.564+0530][120.420s][info][gc,stats    ]       Phase: Concurrent Mark Free                          0.002 / 0.002         0.002 / 0.002         0.002 / 0.002         0.002 / 0.002       ms
[2026-04-11T01:43:57.564+0530][120.420s][info][gc,stats    ]       Phase: Concurrent Process Non-Strong References      1.978 / 2.010         5.154 / 51.309        5.154 / 51.309        5.154 / 51.309      ms
[2026-04-11T01:43:57.565+0530][120.420s][info][gc,stats    ]       Phase: Concurrent Relocate                          40.983 / 40.983       79.807 / 250.050      79.807 / 250.050      79.807 / 250.050     ms
[2026-04-11T01:43:57.565+0530][120.420s][info][gc,stats    ]       Phase: Concurrent Reset Relocation Set               0.073 / 0.079         0.097 / 0.281         0.097 / 0.281         0.097 / 0.281       ms
[2026-04-11T01:43:57.565+0530][120.420s][info][gc,stats    ]       Phase: Concurrent Select Relocation Set             22.671 / 24.788       17.005 / 33.374       17.005 / 33.374       17.005 / 33.374      ms
[2026-04-11T01:43:57.565+0530][120.420s][info][gc,stats    ]       Phase: Pause Mark End                                0.023 / 0.023         0.026 / 0.054         0.026 / 0.054         0.026 / 0.054       ms
[2026-04-11T01:43:57.565+0530][120.420s][info][gc,stats    ]       Phase: Pause Mark Start                              0.013 / 0.013         0.035 / 0.497         0.035 / 0.497         0.035 / 0.497       ms
[2026-04-11T01:43:57.565+0530][120.420s][info][gc,stats    ]       Phase: Pause Relocate Start                          0.014 / 0.015         0.015 / 0.029         0.015 / 0.029         0.015 / 0.029       ms
[2026-04-11T01:43:57.565+0530][120.420s][info][gc,stats    ]    Subphase: Concurrent Classes Purge                      0.022 / 0.030         0.159 / 1.367         0.159 / 1.367         0.159 / 1.367       ms
[2026-04-11T01:43:57.565+0530][120.420s][info][gc,stats    ]    Subphase: Concurrent Classes Unlink                     1.349 / 1.372         4.015 / 45.355        4.015 / 45.355        4.015 / 45.355      ms
[2026-04-11T01:43:57.565+0530][120.420s][info][gc,stats    ]    Subphase: Concurrent Mark                            2704.330 / 2822.055   1683.588 / 3297.226   1683.588 / 3297.226   1683.588 / 3297.226    ms
[2026-04-11T01:43:57.565+0530][120.420s][info][gc,stats    ]    Subphase: Concurrent Mark Try Flush                     0.145 / 0.213         0.309 / 9.301         0.309 / 9.301         0.309 / 9.301       ms
[2026-04-11T01:43:57.565+0530][120.420s][info][gc,stats    ]    Subphase: Concurrent Mark Try Terminate                 4.752 / 15.774        6.132 / 16.054        6.132 / 16.054        6.132 / 16.054      ms
[2026-04-11T01:43:57.565+0530][120.420s][info][gc,stats    ]    Subphase: Concurrent References Enqueue                 0.001 / 0.001         0.002 / 0.019         0.002 / 0.019         0.002 / 0.019       ms
[2026-04-11T01:43:57.565+0530][120.420s][info][gc,stats    ]    Subphase: Concurrent References Process                 0.129 / 0.152         0.138 / 0.254         0.138 / 0.254         0.138 / 0.254       ms
[2026-04-11T01:43:57.565+0530][120.420s][info][gc,stats    ]    Subphase: Concurrent Roots ClassLoaderDataGraph         0.068 / 0.184         0.115 / 0.504         0.115 / 0.504         0.115 / 0.504       ms
[2026-04-11T01:43:57.565+0530][120.420s][info][gc,stats    ]    Subphase: Concurrent Roots CodeCache                    0.000 / 0.000         0.000 / 0.000         0.000 / 0.000         0.000 / 0.000       ms
[2026-04-11T01:43:57.565+0530][120.420s][info][gc,stats    ]    Subphase: Concurrent Roots JavaThreads                  0.329 / 0.512         0.637 / 2.076         0.637 / 2.076         0.637 / 2.076       ms
[2026-04-11T01:43:57.565+0530][120.420s][info][gc,stats    ]    Subphase: Concurrent Roots OopStorageSet                0.016 / 0.021         0.046 / 0.422         0.046 / 0.422         0.046 / 0.422       ms
[2026-04-11T01:43:57.565+0530][120.420s][info][gc,stats    ]    Subphase: Concurrent Weak Roots OopStorageSet           0.185 / 0.214         0.397 / 2.929         0.397 / 2.929         0.397 / 2.929       ms
[2026-04-11T01:43:57.565+0530][120.420s][info][gc,stats    ]    Subphase: Pause Mark Try Complete                       0.000 / 0.000         0.000 / 0.000         0.000 / 0.000         0.000 / 0.000       ms
[2026-04-11T01:43:57.565+0530][120.420s][info][gc,stats    ]      System: Java Threads                                     18 / 18               18 / 20               18 / 20               18 / 20          threads
[2026-04-11T01:43:57.565+0530][120.420s][info][gc,stats    ] =========================================================================================================================================================
[2026-04-11T01:43:57.566+0530][120.421s][info][gc,phases   ] GC(20) Concurrent Relocate 52.727ms
[2026-04-11T01:43:57.566+0530][120.422s][info][gc,load     ] GC(20) Load: 0.00/0.00/0.00
[2026-04-11T01:43:57.566+0530][120.422s][info][gc,mmu      ] GC(20) MMU: 2ms/75.2%, 5ms/90.1%, 10ms/95.0%, 20ms/97.5%, 50ms/99.0%, 100ms/99.5%
[2026-04-11T01:43:57.566+0530][120.422s][info][gc,marking  ] GC(20) Mark: 2 stripe(s), 2 proactive flush(es), 1 terminate flush(es), 0 completion(s), 0 continuation(s) 
[2026-04-11T01:43:57.566+0530][120.422s][info][gc,marking  ] GC(20) Mark Stack Usage: 32M
[2026-04-11T01:43:57.566+0530][120.422s][info][gc,nmethod  ] GC(20) NMethods: 1470 registered, 519 unregistered
[2026-04-11T01:43:57.566+0530][120.422s][info][gc,metaspace] GC(20) Metaspace: 6M used, 6M committed, 1088M reserved
[2026-04-11T01:43:57.566+0530][120.422s][info][gc,ref      ] GC(20) Soft: 282 encountered, 0 discovered, 0 enqueued
[2026-04-11T01:43:57.566+0530][120.422s][info][gc,ref      ] GC(20) Weak: 606 encountered, 9 discovered, 0 enqueued
[2026-04-11T01:43:57.566+0530][120.422s][info][gc,ref      ] GC(20) Final: 0 encountered, 0 discovered, 0 enqueued
[2026-04-11T01:43:57.566+0530][120.422s][info][gc,ref      ] GC(20) Phantom: 136 encountered, 92 discovered, 0 enqueued
[2026-04-11T01:43:57.566+0530][120.422s][info][gc,reloc    ] GC(20) Small Pages: 2464 / 4928M, Empty: 792M, Relocated: 90M, In-Place: 0
[2026-04-11T01:43:57.566+0530][120.422s][info][gc,reloc    ] GC(20) Medium Pages: 1 / 32M, Empty: 0M, Relocated: 0M, In-Place: 0
[2026-04-11T01:43:57.566+0530][120.422s][info][gc,reloc    ] GC(20) Large Pages: 4 / 392M, Empty: 0M, Relocated: 0M, In-Place: 0
[2026-04-11T01:43:57.566+0530][120.422s][info][gc,reloc    ] GC(20) Forwarding Usage: 19M
[2026-04-11T01:43:57.566+0530][120.422s][info][gc,heap     ] GC(20) Min Capacity: 4096M(50%)
[2026-04-11T01:43:57.566+0530][120.422s][info][gc,heap     ] GC(20) Max Capacity: 8192M(100%)
[2026-04-11T01:43:57.566+0530][120.422s][info][gc,heap     ] GC(20) Soft Max Capacity: 8192M(100%)
[2026-04-11T01:43:57.566+0530][120.422s][info][gc,heap     ] GC(20)                Mark Start          Mark End        Relocate Start      Relocate End           High               Low         
[2026-04-11T01:43:57.566+0530][120.422s][info][gc,heap     ] GC(20)  Capacity:     8192M (100%)       8192M (100%)       8192M (100%)       8192M (100%)       8192M (100%)       8192M (100%)   
[2026-04-11T01:43:57.566+0530][120.422s][info][gc,heap     ] GC(20)      Free:     2840M (35%)        1104M (13%)        1874M (23%)        4592M (56%)        4592M (56%)        1102M (13%)    
[2026-04-11T01:43:57.566+0530][120.422s][info][gc,heap     ] GC(20)      Used:     5352M (65%)        7088M (87%)        6318M (77%)        3600M (44%)        7090M (87%)        3600M (44%)    
[2026-04-11T01:43:57.566+0530][120.422s][info][gc,heap     ] GC(20)      Live:         -              1764M (22%)        1764M (22%)        1764M (22%)            -                  -          
[2026-04-11T01:43:57.566+0530][120.422s][info][gc,heap     ] GC(20) Allocated:         -              1736M (21%)        1758M (21%)        1785M (22%)            -                  -          
[2026-04-11T01:43:57.566+0530][120.422s][info][gc,heap     ] GC(20)   Garbage:         -              3587M (44%)        2795M (34%)          49M (1%)             -                  -          
[2026-04-11T01:43:57.566+0530][120.422s][info][gc,heap     ] GC(20) Reclaimed:         -                  -               792M (10%)        3537M (43%)            -                  -          
[2026-04-11T01:43:57.566+0530][120.422s][info][gc          ] GC(20) Garbage Collection (Allocation Rate) 5352M(65%)->3600M(44%)
[2026-04-11T01:43:58.461+0530][121.316s][info][gc,start    ] GC(21) Garbage Collection (Allocation Rate)
[2026-04-11T01:43:58.461+0530][121.317s][info][gc,task     ] GC(21) Using 3 workers
[2026-04-11T01:43:58.461+0530][121.317s][info][gc,phases   ] GC(21) Pause Mark Start 0.011ms
[2026-04-11T01:44:01.426+0530][124.281s][info][gc,phases   ] GC(21) Concurrent Mark 2964.377ms
[2026-04-11T01:44:01.426+0530][124.282s][info][gc,phases   ] GC(21) Pause Mark End 0.081ms
[2026-04-11T01:44:01.426+0530][124.282s][info][gc,phases   ] GC(21) Concurrent Mark Free 0.002ms
[2026-04-11T01:44:01.429+0530][124.284s][info][gc,phases   ] GC(21) Concurrent Process Non-Strong References 2.047ms
[2026-04-11T01:44:01.429+0530][124.284s][info][gc,phases   ] GC(21) Concurrent Reset Relocation Set 0.097ms
[2026-04-11T01:44:01.434+0530][124.289s][info][gc,phases   ] GC(21) Concurrent Select Relocation Set 4.835ms
[2026-04-11T01:44:01.434+0530][124.290s][info][gc,phases   ] GC(21) Pause Relocate Start 0.013ms
[2026-04-11T01:44:01.473+0530][124.329s][info][gc,phases   ] GC(21) Concurrent Relocate 38.685ms
[2026-04-11T01:44:01.473+0530][124.329s][info][gc,load     ] GC(21) Load: 0.00/0.00/0.00
[2026-04-11T01:44:01.473+0530][124.329s][info][gc,mmu      ] GC(21) MMU: 2ms/75.2%, 5ms/90.1%, 10ms/95.0%, 20ms/97.5%, 50ms/99.0%, 100ms/99.5%
[2026-04-11T01:44:01.473+0530][124.329s][info][gc,marking  ] GC(21) Mark: 2 stripe(s), 2 proactive flush(es), 1 terminate flush(es), 0 completion(s), 0 continuation(s) 
[2026-04-11T01:44:01.473+0530][124.329s][info][gc,marking  ] GC(21) Mark Stack Usage: 32M
[2026-04-11T01:44:01.473+0530][124.329s][info][gc,nmethod  ] GC(21) NMethods: 1481 registered, 519 unregistered
[2026-04-11T01:44:01.473+0530][124.329s][info][gc,metaspace] GC(21) Metaspace: 6M used, 6M committed, 1088M reserved
[2026-04-11T01:44:01.473+0530][124.329s][info][gc,ref      ] GC(21) Soft: 282 encountered, 0 discovered, 0 enqueued
[2026-04-11T01:44:01.473+0530][124.329s][info][gc,ref      ] GC(21) Weak: 606 encountered, 15 discovered, 0 enqueued
[2026-04-11T01:44:01.473+0530][124.329s][info][gc,ref      ] GC(21) Final: 0 encountered, 0 discovered, 0 enqueued
[2026-04-11T01:44:01.473+0530][124.329s][info][gc,ref      ] GC(21) Phantom: 136 encountered, 92 discovered, 0 enqueued
[2026-04-11T01:44:01.473+0530][124.329s][info][gc,reloc    ] GC(21) Small Pages: 1952 / 3904M, Empty: 566M, Relocated: 64M, In-Place: 0
[2026-04-11T01:44:01.473+0530][124.329s][info][gc,reloc    ] GC(21) Medium Pages: 1 / 32M, Empty: 0M, Relocated: 0M, In-Place: 0
[2026-04-11T01:44:01.473+0530][124.329s][info][gc,reloc    ] GC(21) Large Pages: 4 / 392M, Empty: 0M, Relocated: 0M, In-Place: 0
[2026-04-11T01:44:01.473+0530][124.329s][info][gc,reloc    ] GC(21) Forwarding Usage: 13M
[2026-04-11T01:44:01.473+0530][124.329s][info][gc,heap     ] GC(21) Min Capacity: 4096M(50%)
[2026-04-11T01:44:01.474+0530][124.329s][info][gc,heap     ] GC(21) Max Capacity: 8192M(100%)
[2026-04-11T01:44:01.474+0530][124.329s][info][gc,heap     ] GC(21) Soft Max Capacity: 8192M(100%)
[2026-04-11T01:44:01.474+0530][124.329s][info][gc,heap     ] GC(21)                Mark Start          Mark End        Relocate Start      Relocate End           High               Low         
[2026-04-11T01:44:01.474+0530][124.329s][info][gc,heap     ] GC(21)  Capacity:     8192M (100%)       8192M (100%)       8192M (100%)       8192M (100%)       8192M (100%)       8192M (100%)   
[2026-04-11T01:44:01.474+0530][124.329s][info][gc,heap     ] GC(21)      Free:     3864M (47%)        2038M (25%)        2602M (32%)        4460M (54%)        4460M (54%)        2036M (25%)    
[2026-04-11T01:44:01.474+0530][124.329s][info][gc,heap     ] GC(21)      Used:     4328M (53%)        6154M (75%)        5590M (68%)        3732M (46%)        6156M (75%)        3732M (46%)    
[2026-04-11T01:44:01.474+0530][124.329s][info][gc,heap     ] GC(21)      Live:         -              1829M (22%)        1829M (22%)        1829M (22%)            -                  -          
[2026-04-11T01:44:01.474+0530][124.329s][info][gc,heap     ] GC(21) Allocated:         -              1826M (22%)        1828M (22%)        1847M (23%)            -                  -          
[2026-04-11T01:44:01.474+0530][124.329s][info][gc,heap     ] GC(21)   Garbage:         -              2498M (31%)        1932M (24%)          55M (1%)             -                  -          
[2026-04-11T01:44:01.474+0530][124.329s][info][gc,heap     ] GC(21) Reclaimed:         -                  -               566M (7%)         2443M (30%)            -                  -          
[2026-04-11T01:44:01.474+0530][124.329s][info][gc          ] GC(21) Garbage Collection (Allocation Rate) 4328M(53%)->3732M(46%)
[2026-04-11T01:44:02.359+0530][125.214s][info][gc,start    ] GC(22) Garbage Collection (Allocation Rate)
[2026-04-11T01:44:02.359+0530][125.215s][info][gc,task     ] GC(22) Using 3 workers
[2026-04-11T01:44:02.359+0530][125.215s][info][gc,phases   ] GC(22) Pause Mark Start 0.011ms
[2026-04-11T01:44:05.276+0530][128.131s][info][gc,phases   ] GC(22) Concurrent Mark 2916.423ms
[2026-04-11T01:44:05.276+0530][128.132s][info][gc,phases   ] GC(22) Pause Mark End 0.024ms
[2026-04-11T01:44:05.277+0530][128.132s][info][gc,phases   ] GC(22) Concurrent Mark Free 0.002ms
[2026-04-11T01:44:05.279+0530][128.134s][info][gc,phases   ] GC(22) Concurrent Process Non-Strong References 2.149ms
[2026-04-11T01:44:05.279+0530][128.134s][info][gc,phases   ] GC(22) Concurrent Reset Relocation Set 0.060ms
[2026-04-11T01:44:05.284+0530][128.139s][info][gc,phases   ] GC(22) Concurrent Select Relocation Set 4.741ms
[2026-04-11T01:44:05.284+0530][128.140s][info][gc,phases   ] GC(22) Pause Relocate Start 0.013ms
[2026-04-11T01:44:05.310+0530][128.166s][info][gc,phases   ] GC(22) Concurrent Relocate 26.598ms
[2026-04-11T01:44:05.311+0530][128.166s][info][gc,load     ] GC(22) Load: 0.00/0.00/0.00
[2026-04-11T01:44:05.311+0530][128.167s][info][gc,mmu      ] GC(22) MMU: 2ms/75.2%, 5ms/90.1%, 10ms/95.0%, 20ms/97.5%, 50ms/99.0%, 100ms/99.5%
[2026-04-11T01:44:05.311+0530][128.167s][info][gc,marking  ] GC(22) Mark: 2 stripe(s), 2 proactive flush(es), 1 terminate flush(es), 0 completion(s), 0 continuation(s) 
[2026-04-11T01:44:05.311+0530][128.167s][info][gc,marking  ] GC(22) Mark Stack Usage: 32M
[2026-04-11T01:44:05.311+0530][128.167s][info][gc,nmethod  ] GC(22) NMethods: 1475 registered, 525 unregistered
[2026-04-11T01:44:05.311+0530][128.167s][info][gc,metaspace] GC(22) Metaspace: 6M used, 6M committed, 1088M reserved
[2026-04-11T01:44:05.311+0530][128.167s][info][gc,ref      ] GC(22) Soft: 282 encountered, 0 discovered, 0 enqueued
[2026-04-11T01:44:05.311+0530][128.167s][info][gc,ref      ] GC(22) Weak: 606 encountered, 5 discovered, 0 enqueued
[2026-04-11T01:44:05.311+0530][128.167s][info][gc,ref      ] GC(22) Final: 0 encountered, 0 discovered, 0 enqueued
[2026-04-11T01:44:05.311+0530][128.167s][info][gc,ref      ] GC(22) Phantom: 136 encountered, 92 discovered, 0 enqueued
[2026-04-11T01:44:05.311+0530][128.167s][info][gc,reloc    ] GC(22) Small Pages: 2024 / 4048M, Empty: 574M, Relocated: 48M, In-Place: 0
[2026-04-11T01:44:05.311+0530][128.167s][info][gc,reloc    ] GC(22) Medium Pages: 1 / 32M, Empty: 0M, Relocated: 0M, In-Place: 0
[2026-04-11T01:44:05.311+0530][128.167s][info][gc,reloc    ] GC(22) Large Pages: 4 / 392M, Empty: 0M, Relocated: 0M, In-Place: 0
[2026-04-11T01:44:05.311+0530][128.167s][info][gc,reloc    ] GC(22) Forwarding Usage: 10M
[2026-04-11T01:44:05.311+0530][128.167s][info][gc,heap     ] GC(22) Min Capacity: 4096M(50%)
[2026-04-11T01:44:05.311+0530][128.167s][info][gc,heap     ] GC(22) Max Capacity: 8192M(100%)
[2026-04-11T01:44:05.312+0530][128.167s][info][gc,heap     ] GC(22) Soft Max Capacity: 8192M(100%)
[2026-04-11T01:44:05.312+0530][128.167s][info][gc,heap     ] GC(22)                Mark Start          Mark End        Relocate Start      Relocate End           High               Low         
[2026-04-11T01:44:05.312+0530][128.167s][info][gc,heap     ] GC(22)  Capacity:     8192M (100%)       8192M (100%)       8192M (100%)       8192M (100%)       8192M (100%)       8192M (100%)   
[2026-04-11T01:44:05.312+0530][128.167s][info][gc,heap     ] GC(22)      Free:     3720M (45%)        1918M (23%)        2484M (30%)        4454M (54%)        4454M (54%)        1916M (23%)    
[2026-04-11T01:44:05.312+0530][128.167s][info][gc,heap     ] GC(22)      Used:     4472M (55%)        6274M (77%)        5708M (70%)        3738M (46%)        6276M (77%)        3738M (46%)    
[2026-04-11T01:44:05.312+0530][128.167s][info][gc,heap     ] GC(22)      Live:         -              1861M (23%)        1861M (23%)        1861M (23%)            -                  -          
[2026-04-11T01:44:05.312+0530][128.167s][info][gc,heap     ] GC(22) Allocated:         -              1802M (22%)        1810M (22%)        1825M (22%)            -                  -          
[2026-04-11T01:44:05.312+0530][128.167s][info][gc,heap     ] GC(22)   Garbage:         -              2610M (32%)        2036M (25%)          50M (1%)             -                  -          
[2026-04-11T01:44:05.312+0530][128.167s][info][gc,heap     ] GC(22) Reclaimed:         -                  -               574M (7%)         2559M (31%)            -                  -          
[2026-04-11T01:44:05.312+0530][128.167s][info][gc          ] GC(22) Garbage Collection (Allocation Rate) 4472M(55%)->3738M(46%)
[2026-04-11T01:44:06.351+0530][129.207s][info][gc,start    ] GC(23) Garbage Collection (Allocation Rate)
[2026-04-11T01:44:06.351+0530][129.207s][info][gc,task     ] GC(23) Using 3 workers
[2026-04-11T01:44:06.351+0530][129.207s][info][gc,phases   ] GC(23) Pause Mark Start 0.009ms
[2026-04-11T01:44:07.559+0530][130.414s][info][gc,stats    ] === Garbage Collection Statistics =======================================================================================================================
[2026-04-11T01:44:07.559+0530][130.414s][info][gc,stats    ]                                                              Last 10s              Last 10m              Last 10h                Total
[2026-04-11T01:44:07.559+0530][130.414s][info][gc,stats    ]                                                              Avg / Max             Avg / Max             Avg / Max             Avg / Max
[2026-04-11T01:44:07.559+0530][130.414s][info][gc,stats    ]   Collector: Garbage Collection Cycle                   2956.246 / 3012.207   1964.281 / 3373.222   1964.281 / 3373.222   1964.281 / 3373.222    ms
[2026-04-11T01:44:07.559+0530][130.414s][info][gc,stats    ]  Contention: Mark Segment Reset Contention                     0 / 4                 0 / 13                0 / 13                0 / 13          ops/s
[2026-04-11T01:44:07.559+0530][130.414s][info][gc,stats    ]  Contention: Mark SeqNum Reset Contention                      0 / 0                 0 / 0                 0 / 0                 0 / 0           ops/s
[2026-04-11T01:44:07.559+0530][130.414s][info][gc,stats    ]    Critical: Allocation Stall                                  0 / 0                 0 / 0                 0 / 0                 0 / 0           ops/s
[2026-04-11T01:44:07.559+0530][130.414s][info][gc,stats    ]    Critical: Allocation Stall                              0.000 / 0.000         0.000 / 0.000         0.000 / 0.000         0.000 / 0.000       ms
[2026-04-11T01:44:07.559+0530][130.414s][info][gc,stats    ]    Critical: GC Locker Stall                                   0 / 0                 0 / 0                 0 / 0                 0 / 0           ops/s
[2026-04-11T01:44:07.559+0530][130.414s][info][gc,stats    ]    Critical: GC Locker Stall                               0.000 / 0.000         0.000 / 0.000         0.000 / 0.000         0.000 / 0.000       ms
[2026-04-11T01:44:07.559+0530][130.414s][info][gc,stats    ]    Critical: Relocation Stall                                  0 / 0                 0 / 0                 0 / 0                 0 / 0           ops/s
[2026-04-11T01:44:07.559+0530][130.414s][info][gc,stats    ]    Critical: Relocation Stall                              0.000 / 0.000         0.000 / 0.000         0.000 / 0.000         0.000 / 0.000       ms
[2026-04-11T01:44:07.559+0530][130.414s][info][gc,stats    ]      Memory: Allocation Rate                                 670 / 812             667 / 918             667 / 918             667 / 918         MB/s
[2026-04-11T01:44:07.559+0530][130.414s][info][gc,stats    ]      Memory: Defragment                                        0 / 0                 0 / 0                 0 / 0                 0 / 0           ops/s
[2026-04-11T01:44:07.559+0530][130.414s][info][gc,stats    ]      Memory: Out Of Memory                                     0 / 0                 0 / 0                 0 / 0                 0 / 0           ops/s
[2026-04-11T01:44:07.559+0530][130.415s][info][gc,stats    ]      Memory: Page Cache Flush                                  0 / 0                 2 / 260               2 / 260               2 / 260         MB/s
[2026-04-11T01:44:07.559+0530][130.415s][info][gc,stats    ]      Memory: Page Cache Hit L1                               341 / 406             307 / 458             307 / 458             307 / 458         ops/s
[2026-04-11T01:44:07.559+0530][130.415s][info][gc,stats    ]      Memory: Page Cache Hit L2                                 0 / 0                 0 / 0                 0 / 0                 0 / 0           ops/s
[2026-04-11T01:44:07.559+0530][130.415s][info][gc,stats    ]      Memory: Page Cache Hit L3                                 0 / 0                15 / 445              15 / 445              15 / 445         ops/s
[2026-04-11T01:44:07.559+0530][130.415s][info][gc,stats    ]      Memory: Page Cache Miss                                   0 / 0                14 / 271              14 / 271              14 / 271         ops/s
[2026-04-11T01:44:07.559+0530][130.415s][info][gc,stats    ]      Memory: Uncommit                                          0 / 0                 0 / 0                 0 / 0                 0 / 0           MB/s
[2026-04-11T01:44:07.559+0530][130.415s][info][gc,stats    ]      Memory: Undo Object Allocation Failed                     0 / 0                 0 / 0                 0 / 0                 0 / 0           ops/s
[2026-04-11T01:44:07.559+0530][130.415s][info][gc,stats    ]      Memory: Undo Object Allocation Succeeded                  0 / 3                 0 / 4                 0 / 4                 0 / 4           ops/s
[2026-04-11T01:44:07.559+0530][130.415s][info][gc,stats    ]      Memory: Undo Page Allocation                              0 / 0                 0 / 0                 0 / 0                 0 / 0           ops/s
[2026-04-11T01:44:07.559+0530][130.415s][info][gc,stats    ]       Phase: Concurrent Mark                            2940.400 / 2964.377   1865.523 / 3298.184   1865.523 / 3298.184   1865.523 / 3298.184    ms
[2026-04-11T01:44:07.559+0530][130.415s][info][gc,stats    ]       Phase: Concurrent Mark Continue                      0.000 / 0.000         0.000 / 0.000         0.000 / 0.000         0.000 / 0.000       ms
[2026-04-11T01:44:07.559+0530][130.415s][info][gc,stats    ]       Phase: Concurrent Mark Free                          0.002 / 0.002         0.002 / 0.002         0.002 / 0.002         0.002 / 0.002       ms
[2026-04-11T01:44:07.559+0530][130.415s][info][gc,stats    ]       Phase: Concurrent Process Non-Strong References      2.098 / 2.149         4.888 / 51.309        4.888 / 51.309        4.888 / 51.309      ms
[2026-04-11T01:44:07.559+0530][130.415s][info][gc,stats    ]       Phase: Concurrent Relocate                          39.337 / 52.727       74.528 / 250.050      74.528 / 250.050      74.528 / 250.050     ms
[2026-04-11T01:44:07.559+0530][130.415s][info][gc,stats    ]       Phase: Concurrent Reset Relocation Set               0.078 / 0.097         0.095 / 0.281         0.095 / 0.281         0.095 / 0.281       ms
[2026-04-11T01:44:07.559+0530][130.415s][info][gc,stats    ]       Phase: Concurrent Select Relocation Set              4.788 / 4.835        15.942 / 33.374       15.942 / 33.374       15.942 / 33.374      ms
[2026-04-11T01:44:07.559+0530][130.415s][info][gc,stats    ]       Phase: Pause Mark End                                0.053 / 0.081         0.028 / 0.081         0.028 / 0.081         0.028 / 0.081       ms
[2026-04-11T01:44:07.559+0530][130.415s][info][gc,stats    ]       Phase: Pause Mark Start                              0.010 / 0.011         0.032 / 0.497         0.032 / 0.497         0.032 / 0.497       ms
[2026-04-11T01:44:07.559+0530][130.415s][info][gc,stats    ]       Phase: Pause Relocate Start                          0.013 / 0.013         0.015 / 0.029         0.015 / 0.029         0.015 / 0.029       ms
[2026-04-11T01:44:07.559+0530][130.415s][info][gc,stats    ]    Subphase: Concurrent Classes Purge                      0.036 / 0.054         0.148 / 1.367         0.148 / 1.367         0.148 / 1.367       ms
[2026-04-11T01:44:07.559+0530][130.415s][info][gc,stats    ]    Subphase: Concurrent Classes Unlink                     1.391 / 1.428         3.787 / 45.355        3.787 / 45.355        3.787 / 45.355      ms
[2026-04-11T01:44:07.559+0530][130.415s][info][gc,stats    ]    Subphase: Concurrent Mark                            2937.796 / 2963.462   1815.610 / 3297.226   1815.610 / 3297.226   1815.610 / 3297.226    ms
[2026-04-11T01:44:07.559+0530][130.415s][info][gc,stats    ]    Subphase: Concurrent Mark Try Flush                     0.207 / 0.246         0.302 / 9.301         0.302 / 9.301         0.302 / 9.301       ms
[2026-04-11T01:44:07.559+0530][130.415s][info][gc,stats    ]    Subphase: Concurrent Mark Try Terminate                 5.710 / 13.233        6.095 / 16.054        6.095 / 16.054        6.095 / 16.054      ms
[2026-04-11T01:44:07.559+0530][130.415s][info][gc,stats    ]    Subphase: Concurrent References Enqueue                 0.001 / 0.001         0.002 / 0.019         0.002 / 0.019         0.002 / 0.019       ms
[2026-04-11T01:44:07.559+0530][130.415s][info][gc,stats    ]    Subphase: Concurrent References Process                 0.117 / 0.123         0.137 / 0.254         0.137 / 0.254         0.137 / 0.254       ms
[2026-04-11T01:44:07.559+0530][130.415s][info][gc,stats    ]    Subphase: Concurrent Roots ClassLoaderDataGraph         0.067 / 0.170         0.108 / 0.504         0.108 / 0.504         0.108 / 0.504       ms
[2026-04-11T01:44:07.559+0530][130.415s][info][gc,stats    ]    Subphase: Concurrent Roots CodeCache                    0.000 / 0.000         0.000 / 0.000         0.000 / 0.000         0.000 / 0.000       ms
[2026-04-11T01:44:07.559+0530][130.415s][info][gc,stats    ]    Subphase: Concurrent Roots JavaThreads                  0.679 / 2.803         0.643 / 2.803         0.643 / 2.803         0.643 / 2.803       ms
[2026-04-11T01:44:07.559+0530][130.415s][info][gc,stats    ]    Subphase: Concurrent Roots OopStorageSet                0.015 / 0.025         0.042 / 0.422         0.042 / 0.422         0.042 / 0.422       ms
[2026-04-11T01:44:07.559+0530][130.415s][info][gc,stats    ]    Subphase: Concurrent Weak Roots OopStorageSet           0.207 / 0.248         0.377 / 2.929         0.377 / 2.929         0.377 / 2.929       ms
[2026-04-11T01:44:07.559+0530][130.415s][info][gc,stats    ]    Subphase: Pause Mark Try Complete                       0.000 / 0.000         0.000 / 0.000         0.000 / 0.000         0.000 / 0.000       ms
[2026-04-11T01:44:07.559+0530][130.415s][info][gc,stats    ]      System: Java Threads                                     18 / 18               18 / 20               18 / 20               18 / 20          threads
[2026-04-11T01:44:07.559+0530][130.415s][info][gc,stats    ] =========================================================================================================================================================
[2026-04-11T01:44:09.429+0530][132.284s][info][gc,phases   ] GC(23) Concurrent Mark 3076.976ms
[2026-04-11T01:44:09.429+0530][132.285s][info][gc,phases   ] GC(23) Pause Mark End 0.023ms
[2026-04-11T01:44:09.429+0530][132.285s][info][gc,phases   ] GC(23) Concurrent Mark Free 0.001ms
[2026-04-11T01:44:09.430+0530][132.287s][info][gc,phases   ] GC(23) Concurrent Process Non-Strong References 2.052ms
[2026-04-11T01:44:09.430+0530][132.287s][info][gc,phases   ] GC(23) Concurrent Reset Relocation Set 0.063ms
[2026-04-11T01:44:09.448+0530][132.304s][info][gc,phases   ] GC(23) Concurrent Select Relocation Set 16.962ms
[2026-04-11T01:44:09.448+0530][132.304s][info][gc,phases   ] GC(23) Pause Relocate Start 0.013ms
[2026-04-11T01:44:09.483+0530][132.340s][info][gc,phases   ] GC(23) Concurrent Relocate 35.057ms
[2026-04-11T01:44:09.483+0530][132.340s][info][gc,load     ] GC(23) Load: 0.00/0.00/0.00
[2026-04-11T01:44:09.483+0530][132.340s][info][gc,mmu      ] GC(23) MMU: 2ms/75.2%, 5ms/90.1%, 10ms/95.0%, 20ms/97.5%, 50ms/99.0%, 100ms/99.5%
[2026-04-11T01:44:09.483+0530][132.340s][info][gc,marking  ] GC(23) Mark: 2 stripe(s), 2 proactive flush(es), 1 terminate flush(es), 0 completion(s), 0 continuation(s) 
[2026-04-11T01:44:09.483+0530][132.340s][info][gc,marking  ] GC(23) Mark Stack Usage: 32M
[2026-04-11T01:44:09.483+0530][132.340s][info][gc,nmethod  ] GC(23) NMethods: 1477 registered, 525 unregistered
[2026-04-11T01:44:09.483+0530][132.340s][info][gc,metaspace] GC(23) Metaspace: 6M used, 6M committed, 1088M reserved
[2026-04-11T01:44:09.483+0530][132.340s][info][gc,ref      ] GC(23) Soft: 282 encountered, 0 discovered, 0 enqueued
[2026-04-11T01:44:09.483+0530][132.340s][info][gc,ref      ] GC(23) Weak: 606 encountered, 211 discovered, 0 enqueued
[2026-04-11T01:44:09.483+0530][132.340s][info][gc,ref      ] GC(23) Final: 0 encountered, 0 discovered, 0 enqueued
[2026-04-11T01:44:09.483+0530][132.340s][info][gc,ref      ] GC(23) Phantom: 136 encountered, 92 discovered, 0 enqueued
[2026-04-11T01:44:09.483+0530][132.340s][info][gc,reloc    ] GC(23) Small Pages: 2074 / 4148M, Empty: 598M, Relocated: 61M, In-Place: 0
[2026-04-11T01:44:09.483+0530][132.340s][info][gc,reloc    ] GC(23) Medium Pages: 1 / 32M, Empty: 0M, Relocated: 0M, In-Place: 0
[2026-04-11T01:44:09.483+0530][132.340s][info][gc,reloc    ] GC(23) Large Pages: 4 / 392M, Empty: 0M, Relocated: 0M, In-Place: 0
[2026-04-11T01:44:09.483+0530][132.340s][info][gc,reloc    ] GC(23) Forwarding Usage: 13M
[2026-04-11T01:44:09.483+0530][132.340s][info][gc,heap     ] GC(23) Min Capacity: 4096M(50%)
[2026-04-11T01:44:09.483+0530][132.340s][info][gc,heap     ] GC(23) Max Capacity: 8192M(100%)
[2026-04-11T01:44:09.483+0530][132.340s][info][gc,heap     ] GC(23) Soft Max Capacity: 8192M(100%)
[2026-04-11T01:44:09.483+0530][132.341s][info][gc,heap     ] GC(23)                Mark Start          Mark End        Relocate Start      Relocate End           High               Low         
[2026-04-11T01:44:09.483+0530][132.341s][info][gc,heap     ] GC(23)  Capacity:     8192M (100%)       8192M (100%)       8192M (100%)       8192M (100%)       8192M (100%)       8192M (100%)   
[2026-04-11T01:44:09.483+0530][132.341s][info][gc,heap     ] GC(23)      Free:     3620M (44%)        1778M (22%)        2362M (29%)        4342M (53%)        4342M (53%)        1776M (22%)    
[2026-04-11T01:44:09.483+0530][132.341s][info][gc,heap     ] GC(23)      Used:     4572M (56%)        6414M (78%)        5830M (71%)        3850M (47%)        6416M (78%)        3850M (47%)    
[2026-04-11T01:44:09.483+0530][132.341s][info][gc,heap     ] GC(23)      Live:         -              1915M (23%)        1915M (23%)        1915M (23%)            -                  -          
[2026-04-11T01:44:09.483+0530][132.341s][info][gc,heap     ] GC(23) Allocated:         -              1842M (22%)        1856M (23%)        1881M (23%)            -                  -          
[2026-04-11T01:44:09.483+0530][132.341s][info][gc,heap     ] GC(23)   Garbage:         -              2656M (32%)        2058M (25%)          52M (1%)             -                  -          
[2026-04-11T01:44:09.483+0530][132.341s][info][gc,heap     ] GC(23) Reclaimed:         -                  -               598M (7%)         2603M (32%)            -                  -          
[2026-04-11T01:44:09.483+0530][132.341s][info][gc          ] GC(23) Garbage Collection (Allocation Rate) 4572M(56%)->3850M(47%)
[2026-04-11T01:44:10.261+0530][133.116s][info][gc,start    ] GC(24) Garbage Collection (Allocation Rate)
[2026-04-11T01:44:10.261+0530][133.116s][info][gc,task     ] GC(24) Using 3 workers
[2026-04-11T01:44:10.261+0530][133.117s][info][gc,phases   ] GC(24) Pause Mark Start 0.009ms
[2026-04-11T01:44:13.356+0530][136.211s][info][gc,phases   ] GC(24) Concurrent Mark 3094.724ms
[2026-04-11T01:44:13.356+0530][136.212s][info][gc,phases   ] GC(24) Pause Mark End 0.023ms
[2026-04-11T01:44:13.356+0530][136.212s][info][gc,phases   ] GC(24) Concurrent Mark Free 0.001ms
[2026-04-11T01:44:13.358+0530][136.214s][info][gc,phases   ] GC(24) Concurrent Process Non-Strong References 1.910ms
[2026-04-11T01:44:13.358+0530][136.214s][info][gc,phases   ] GC(24) Concurrent Reset Relocation Set 0.049ms
[2026-04-11T01:44:13.400+0530][136.256s][info][gc,phases   ] GC(24) Concurrent Select Relocation Set 41.557ms
[2026-04-11T01:44:13.400+0530][136.256s][info][gc,phases   ] GC(24) Pause Relocate Start 0.016ms
[2026-04-11T01:44:13.431+0530][136.287s][info][gc,phases   ] GC(24) Concurrent Relocate 31.020ms
[2026-04-11T01:44:13.431+0530][136.287s][info][gc,load     ] GC(24) Load: 0.00/0.00/0.00
[2026-04-11T01:44:13.431+0530][136.287s][info][gc,mmu      ] GC(24) MMU: 2ms/75.2%, 5ms/90.1%, 10ms/95.0%, 20ms/97.5%, 50ms/99.0%, 100ms/99.5%
[2026-04-11T01:44:13.431+0530][136.287s][info][gc,marking  ] GC(24) Mark: 2 stripe(s), 2 proactive flush(es), 1 terminate flush(es), 0 completion(s), 0 continuation(s) 
[2026-04-11T01:44:13.431+0530][136.287s][info][gc,marking  ] GC(24) Mark Stack Usage: 32M
[2026-04-11T01:44:13.431+0530][136.287s][info][gc,nmethod  ] GC(24) NMethods: 1477 registered, 525 unregistered
[2026-04-11T01:44:13.431+0530][136.288s][info][gc,metaspace] GC(24) Metaspace: 6M used, 6M committed, 1088M reserved
[2026-04-11T01:44:13.431+0530][136.288s][info][gc,ref      ] GC(24) Soft: 282 encountered, 0 discovered, 0 enqueued
[2026-04-11T01:44:13.431+0530][136.288s][info][gc,ref      ] GC(24) Weak: 606 encountered, 9 discovered, 0 enqueued
[2026-04-11T01:44:13.431+0530][136.288s][info][gc,ref      ] GC(24) Final: 0 encountered, 0 discovered, 0 enqueued
[2026-04-11T01:44:13.431+0530][136.288s][info][gc,ref      ] GC(24) Phantom: 136 encountered, 92 discovered, 0 enqueued
[2026-04-11T01:44:13.431+0530][136.288s][info][gc,reloc    ] GC(24) Small Pages: 2032 / 4064M, Empty: 558M, Relocated: 52M, In-Place: 0
[2026-04-11T01:44:13.431+0530][136.288s][info][gc,reloc    ] GC(24) Medium Pages: 1 / 32M, Empty: 0M, Relocated: 0M, In-Place: 0
[2026-04-11T01:44:13.431+0530][136.288s][info][gc,reloc    ] GC(24) Large Pages: 4 / 392M, Empty: 0M, Relocated: 0M, In-Place: 0
[2026-04-11T01:44:13.431+0530][136.288s][info][gc,reloc    ] GC(24) Forwarding Usage: 11M
[2026-04-11T01:44:13.431+0530][136.288s][info][gc,heap     ] GC(24) Min Capacity: 4096M(50%)
[2026-04-11T01:44:13.431+0530][136.288s][info][gc,heap     ] GC(24) Max Capacity: 8192M(100%)
[2026-04-11T01:44:13.431+0530][136.288s][info][gc,heap     ] GC(24) Soft Max Capacity: 8192M(100%)
[2026-04-11T01:44:13.431+0530][136.288s][info][gc,heap     ] GC(24)                Mark Start          Mark End        Relocate Start      Relocate End           High               Low         
[2026-04-11T01:44:13.431+0530][136.288s][info][gc,heap     ] GC(24)  Capacity:     8192M (100%)       8192M (100%)       8192M (100%)       8192M (100%)       8192M (100%)       8192M (100%)   
[2026-04-11T01:44:13.431+0530][136.288s][info][gc,heap     ] GC(24)      Free:     3704M (45%)        1830M (22%)        2366M (29%)        4274M (52%)        4274M (52%)        1810M (22%)    
[2026-04-11T01:44:13.431+0530][136.288s][info][gc,heap     ] GC(24)      Used:     4488M (55%)        6362M (78%)        5826M (71%)        3918M (48%)        6382M (78%)        3918M (48%)    
[2026-04-11T01:44:13.431+0530][136.288s][info][gc,heap     ] GC(24)      Live:         -              1939M (24%)        1939M (24%)        1939M (24%)            -                  -          
[2026-04-11T01:44:13.431+0530][136.288s][info][gc,heap     ] GC(24) Allocated:         -              1874M (23%)        1896M (23%)        1911M (23%)            -                  -          
[2026-04-11T01:44:13.431+0530][136.288s][info][gc,heap     ] GC(24)   Garbage:         -              2548M (31%)        1990M (24%)          66M (1%)             -                  -          
[2026-04-11T01:44:13.431+0530][136.288s][info][gc,heap     ] GC(24) Reclaimed:         -                  -               558M (7%)         2481M (30%)            -                  -          
[2026-04-11T01:44:13.433+0530][136.288s][info][gc          ] GC(24) Garbage Collection (Allocation Rate) 4488M(55%)->3918M(48%)
[2026-04-11T01:44:14.458+0530][137.313s][info][gc,start    ] GC(25) Garbage Collection (Allocation Rate)
[2026-04-11T01:44:14.458+0530][137.313s][info][gc,task     ] GC(25) Using 3 workers
[2026-04-11T01:44:14.458+0530][137.314s][info][gc,phases   ] GC(25) Pause Mark Start 0.010ms
[2026-04-11T01:44:17.554+0530][140.409s][info][gc,stats    ] === Garbage Collection Statistics =======================================================================================================================
[2026-04-11T01:44:17.554+0530][140.409s][info][gc,stats    ]                                                              Last 10s              Last 10m              Last 10h                Total
[2026-04-11T01:44:17.554+0530][140.409s][info][gc,stats    ]                                                              Avg / Max             Avg / Max             Avg / Max             Avg / Max
[2026-04-11T01:44:17.554+0530][140.409s][info][gc,stats    ]   Collector: Garbage Collection Cycle                   3151.968 / 3171.016   2059.296 / 3373.222   2059.296 / 3373.222   2059.296 / 3373.222    ms
[2026-04-11T01:44:17.554+0530][140.409s][info][gc,stats    ]  Contention: Mark Segment Reset Contention                     0 / 1                 0 / 13                0 / 13                0 / 13          ops/s
[2026-04-11T01:44:17.554+0530][140.409s][info][gc,stats    ]  Contention: Mark SeqNum Reset Contention                      0 / 0                 0 / 0                 0 / 0                 0 / 0           ops/s
[2026-04-11T01:44:17.554+0530][140.410s][info][gc,stats    ]    Critical: Allocation Stall                                  0 / 0                 0 / 0                 0 / 0                 0 / 0           ops/s
[2026-04-11T01:44:17.554+0530][140.410s][info][gc,stats    ]    Critical: Allocation Stall                              0.000 / 0.000         0.000 / 0.000         0.000 / 0.000         0.000 / 0.000       ms
[2026-04-11T01:44:17.554+0530][140.410s][info][gc,stats    ]    Critical: GC Locker Stall                                   0 / 0                 0 / 0                 0 / 0                 0 / 0           ops/s
[2026-04-11T01:44:17.554+0530][140.410s][info][gc,stats    ]    Critical: GC Locker Stall                               0.000 / 0.000         0.000 / 0.000         0.000 / 0.000         0.000 / 0.000       ms
[2026-04-11T01:44:17.554+0530][140.410s][info][gc,stats    ]    Critical: Relocation Stall                                  0 / 0                 0 / 0                 0 / 0                 0 / 0           ops/s
[2026-04-11T01:44:17.554+0530][140.410s][info][gc,stats    ]    Critical: Relocation Stall                              0.000 / 0.000         0.000 / 0.000         0.000 / 0.000         0.000 / 0.000       ms
[2026-04-11T01:44:17.554+0530][140.410s][info][gc,stats    ]      Memory: Allocation Rate                                 662 / 800             667 / 918             667 / 918             667 / 918         MB/s
[2026-04-11T01:44:17.554+0530][140.410s][info][gc,stats    ]      Memory: Defragment                                        0 / 1                 0 / 1                 0 / 1                 0 / 1           ops/s
[2026-04-11T01:44:17.554+0530][140.410s][info][gc,stats    ]      Memory: Out Of Memory                                     0 / 0                 0 / 0                 0 / 0                 0 / 0           ops/s
[2026-04-11T01:44:17.554+0530][140.410s][info][gc,stats    ]      Memory: Page Cache Flush                                 13 / 132               3 / 260               3 / 260               3 / 260         MB/s
[2026-04-11T01:44:17.554+0530][140.410s][info][gc,stats    ]      Memory: Page Cache Hit L1                               330 / 400             309 / 458             309 / 458             309 / 458         ops/s
[2026-04-11T01:44:17.554+0530][140.410s][info][gc,stats    ]      Memory: Page Cache Hit L2                                 0 / 0                 0 / 0                 0 / 0                 0 / 0           ops/s
[2026-04-11T01:44:17.554+0530][140.410s][info][gc,stats    ]      Memory: Page Cache Hit L3                                 0 / 0                14 / 445              14 / 445              14 / 445         ops/s
[2026-04-11T01:44:17.554+0530][140.410s][info][gc,stats    ]      Memory: Page Cache Miss                                   0 / 1                13 / 271              13 / 271              13 / 271         ops/s
[2026-04-11T01:44:17.554+0530][140.410s][info][gc,stats    ]      Memory: Uncommit                                          0 / 0                 0 / 0                 0 / 0                 0 / 0           MB/s
[2026-04-11T01:44:17.554+0530][140.410s][info][gc,stats    ]      Memory: Undo Object Allocation Failed                     0 / 0                 0 / 0                 0 / 0                 0 / 0           ops/s
[2026-04-11T01:44:17.554+0530][140.410s][info][gc,stats    ]      Memory: Undo Object Allocation Succeeded                  0 / 2                 0 / 4                 0 / 4                 0 / 4           ops/s
[2026-04-11T01:44:17.554+0530][140.410s][info][gc,stats    ]      Memory: Undo Page Allocation                              0 / 0                 0 / 0                 0 / 0                 0 / 0           ops/s
[2026-04-11T01:44:17.554+0530][140.410s][info][gc,stats    ]       Phase: Concurrent Mark                            3085.850 / 3094.724   1963.149 / 3298.184   1963.149 / 3298.184   1963.149 / 3298.184    ms
[2026-04-11T01:44:17.554+0530][140.410s][info][gc,stats    ]       Phase: Concurrent Mark Continue                      0.000 / 0.000         0.000 / 0.000         0.000 / 0.000         0.000 / 0.000       ms
[2026-04-11T01:44:17.554+0530][140.410s][info][gc,stats    ]       Phase: Concurrent Mark Free                          0.001 / 0.001         0.002 / 0.002         0.002 / 0.002         0.002 / 0.002       ms
[2026-04-11T01:44:17.554+0530][140.410s][info][gc,stats    ]       Phase: Concurrent Process Non-Strong References      1.981 / 2.052         4.655 / 51.309        4.655 / 51.309        4.655 / 51.309      ms
[2026-04-11T01:44:17.554+0530][140.410s][info][gc,stats    ]       Phase: Concurrent Relocate                          33.039 / 35.057       71.209 / 250.050      71.209 / 250.050      71.209 / 250.050     ms
[2026-04-11T01:44:17.554+0530][140.410s][info][gc,stats    ]       Phase: Concurrent Reset Relocation Set               0.056 / 0.063         0.092 / 0.281         0.092 / 0.281         0.092 / 0.281       ms
[2026-04-11T01:44:17.554+0530][140.410s][info][gc,stats    ]       Phase: Concurrent Select Relocation Set             29.259 / 41.557       17.008 / 41.557       17.008 / 41.557       17.008 / 41.557      ms
[2026-04-11T01:44:17.554+0530][140.410s][info][gc,stats    ]       Phase: Pause Mark End                                0.023 / 0.023         0.028 / 0.081         0.028 / 0.081         0.028 / 0.081       ms
[2026-04-11T01:44:17.554+0530][140.410s][info][gc,stats    ]       Phase: Pause Mark Start                              0.010 / 0.010         0.030 / 0.497         0.030 / 0.497         0.030 / 0.497       ms
[2026-04-11T01:44:17.554+0530][140.410s][info][gc,stats    ]       Phase: Pause Relocate Start                          0.015 / 0.016         0.015 / 0.029         0.015 / 0.029         0.015 / 0.029       ms
[2026-04-11T01:44:17.555+0530][140.410s][info][gc,stats    ]    Subphase: Concurrent Classes Purge                      0.017 / 0.022         0.138 / 1.367         0.138 / 1.367         0.138 / 1.367       ms
[2026-04-11T01:44:17.555+0530][140.410s][info][gc,stats    ]    Subphase: Concurrent Classes Unlink                     1.358 / 1.369         3.593 / 45.355        3.593 / 45.355        3.593 / 45.355      ms
[2026-04-11T01:44:17.555+0530][140.410s][info][gc,stats    ]    Subphase: Concurrent Mark                            3081.195 / 3094.047   1936.142 / 3297.226   1936.142 / 3297.226   1936.142 / 3297.226    ms
[2026-04-11T01:44:17.555+0530][140.410s][info][gc,stats    ]    Subphase: Concurrent Mark Try Flush                     0.170 / 0.262         0.293 / 9.301         0.293 / 9.301         0.293 / 9.301       ms
[2026-04-11T01:44:17.555+0530][140.411s][info][gc,stats    ]    Subphase: Concurrent Mark Try Terminate                 4.481 / 10.657        5.978 / 16.054        5.978 / 16.054        5.978 / 16.054      ms
[2026-04-11T01:44:17.555+0530][140.411s][info][gc,stats    ]    Subphase: Concurrent References Enqueue                 0.001 / 0.001         0.002 / 0.019         0.002 / 0.019         0.002 / 0.019       ms
[2026-04-11T01:44:17.555+0530][140.411s][info][gc,stats    ]    Subphase: Concurrent References Process                 0.132 / 0.134         0.136 / 0.254         0.136 / 0.254         0.136 / 0.254       ms
[2026-04-11T01:44:17.555+0530][140.411s][info][gc,stats    ]    Subphase: Concurrent Roots ClassLoaderDataGraph         0.056 / 0.160         0.103 / 0.504         0.103 / 0.504         0.103 / 0.504       ms
[2026-04-11T01:44:17.555+0530][140.411s][info][gc,stats    ]    Subphase: Concurrent Roots CodeCache                    0.000 / 0.000         0.000 / 0.000         0.000 / 0.000         0.000 / 0.000       ms
[2026-04-11T01:44:17.555+0530][140.411s][info][gc,stats    ]    Subphase: Concurrent Roots JavaThreads                  0.327 / 0.405         0.615 / 2.803         0.615 / 2.803         0.615 / 2.803       ms
[2026-04-11T01:44:17.555+0530][140.411s][info][gc,stats    ]    Subphase: Concurrent Roots OopStorageSet                0.014 / 0.023         0.039 / 0.422         0.039 / 0.422         0.039 / 0.422       ms
[2026-04-11T01:44:17.555+0530][140.411s][info][gc,stats    ]    Subphase: Concurrent Weak Roots OopStorageSet           0.178 / 0.198         0.358 / 2.929         0.358 / 2.929         0.358 / 2.929       ms
[2026-04-11T01:44:17.555+0530][140.411s][info][gc,stats    ]    Subphase: Pause Mark Try Complete                       0.000 / 0.000         0.000 / 0.000         0.000 / 0.000         0.000 / 0.000       ms
[2026-04-11T01:44:17.555+0530][140.411s][info][gc,stats    ]      System: Java Threads                                     18 / 18               18 / 20               18 / 20               18 / 20          threads
[2026-04-11T01:44:17.555+0530][140.411s][info][gc,stats    ] =========================================================================================================================================================
[2026-04-11T01:44:17.648+0530][140.504s][info][gc,phases   ] GC(25) Concurrent Mark 3190.319ms
[2026-04-11T01:44:17.648+0530][140.504s][info][gc,phases   ] GC(25) Pause Mark End 0.022ms
[2026-04-11T01:44:17.648+0530][140.505s][info][gc,phases   ] GC(25) Concurrent Mark Free 0.001ms
[2026-04-11T01:44:17.651+0530][140.507s][info][gc,phases   ] GC(25) Concurrent Process Non-Strong References 2.216ms
[2026-04-11T01:44:17.651+0530][140.507s][info][gc,phases   ] GC(25) Concurrent Reset Relocation Set 0.062ms
[2026-04-11T01:44:17.657+0530][140.513s][info][gc,phases   ] GC(25) Concurrent Select Relocation Set 5.545ms
[2026-04-11T01:44:17.657+0530][140.513s][info][gc,phases   ] GC(25) Pause Relocate Start 0.014ms
[2026-04-11T01:44:17.690+0530][140.546s][info][gc,phases   ] GC(25) Concurrent Relocate 32.796ms
[2026-04-11T01:44:17.690+0530][140.546s][info][gc,load     ] GC(25) Load: 0.00/0.00/0.00
[2026-04-11T01:44:17.690+0530][140.546s][info][gc,mmu      ] GC(25) MMU: 2ms/75.2%, 5ms/90.1%, 10ms/95.0%, 20ms/97.5%, 50ms/99.0%, 100ms/99.5%
[2026-04-11T01:44:17.690+0530][140.546s][info][gc,marking  ] GC(25) Mark: 2 stripe(s), 2 proactive flush(es), 1 terminate flush(es), 0 completion(s), 0 continuation(s) 
[2026-04-11T01:44:17.690+0530][140.546s][info][gc,marking  ] GC(25) Mark Stack Usage: 32M
[2026-04-11T01:44:17.690+0530][140.546s][info][gc,nmethod  ] GC(25) NMethods: 1479 registered, 525 unregistered
[2026-04-11T01:44:17.690+0530][140.546s][info][gc,metaspace] GC(25) Metaspace: 6M used, 6M committed, 1088M reserved
[2026-04-11T01:44:17.690+0530][140.546s][info][gc,ref      ] GC(25) Soft: 282 encountered, 0 discovered, 0 enqueued
[2026-04-11T01:44:17.691+0530][140.546s][info][gc,ref      ] GC(25) Weak: 606 encountered, 8 discovered, 0 enqueued
[2026-04-11T01:44:17.691+0530][140.546s][info][gc,ref      ] GC(25) Final: 0 encountered, 0 discovered, 0 enqueued
[2026-04-11T01:44:17.691+0530][140.547s][info][gc,ref      ] GC(25) Phantom: 136 encountered, 92 discovered, 0 enqueued
[2026-04-11T01:44:17.691+0530][140.547s][info][gc,reloc    ] GC(25) Small Pages: 2152 / 4304M, Empty: 612M, Relocated: 57M, In-Place: 0
[2026-04-11T01:44:17.691+0530][140.547s][info][gc,reloc    ] GC(25) Medium Pages: 1 / 32M, Empty: 0M, Relocated: 0M, In-Place: 0
[2026-04-11T01:44:17.691+0530][140.547s][info][gc,reloc    ] GC(25) Large Pages: 4 / 392M, Empty: 0M, Relocated: 0M, In-Place: 0
[2026-04-11T01:44:17.691+0530][140.547s][info][gc,reloc    ] GC(25) Forwarding Usage: 11M
[2026-04-11T01:44:17.691+0530][140.547s][info][gc,heap     ] GC(25) Min Capacity: 4096M(50%)
[2026-04-11T01:44:17.691+0530][140.547s][info][gc,heap     ] GC(25) Max Capacity: 8192M(100%)
[2026-04-11T01:44:17.691+0530][140.547s][info][gc,heap     ] GC(25) Soft Max Capacity: 8192M(100%)
[2026-04-11T01:44:17.691+0530][140.547s][info][gc,heap     ] GC(25)                Mark Start          Mark End        Relocate Start      Relocate End           High               Low         
[2026-04-11T01:44:17.691+0530][140.547s][info][gc,heap     ] GC(25)  Capacity:     8192M (100%)       8192M (100%)       8192M (100%)       8192M (100%)       8192M (100%)       8192M (100%)   
[2026-04-11T01:44:17.691+0530][140.547s][info][gc,heap     ] GC(25)      Free:     3464M (42%)        1230M (15%)        1842M (22%)        3900M (48%)        3900M (48%)        1230M (15%)    
[2026-04-11T01:44:17.691+0530][140.547s][info][gc,heap     ] GC(25)      Used:     4728M (58%)        6962M (85%)        6350M (78%)        4292M (52%)        6962M (85%)        4292M (52%)    
[2026-04-11T01:44:17.691+0530][140.547s][info][gc,heap     ] GC(25)      Live:         -              1985M (24%)        1985M (24%)        1985M (24%)            -                  -          
[2026-04-11T01:44:17.691+0530][140.547s][info][gc,heap     ] GC(25) Allocated:         -              2234M (27%)        2234M (27%)        2239M (27%)            -                  -          
[2026-04-11T01:44:17.691+0530][140.547s][info][gc,heap     ] GC(25)   Garbage:         -              2742M (33%)        2130M (26%)          66M (1%)             -                  -          
[2026-04-11T01:44:17.691+0530][140.547s][info][gc,heap     ] GC(25) Reclaimed:         -                  -               612M (7%)         2675M (33%)            -                  -          
[2026-04-11T01:44:17.691+0530][140.547s][info][gc          ] GC(25) Garbage Collection (Allocation Rate) 4728M(58%)->4292M(52%)
[2026-04-11T01:44:18.248+0530][141.104s][info][gc,start    ] GC(26) Garbage Collection (Allocation Rate)
[2026-04-11T01:44:18.248+0530][141.104s][info][gc,task     ] GC(26) Using 3 workers
[2026-04-11T01:44:18.248+0530][141.104s][info][gc,phases   ] GC(26) Pause Mark Start 0.012ms
[2026-04-11T01:44:21.541+0530][144.397s][info][gc,phases   ] GC(26) Concurrent Mark 3292.530ms
[2026-04-11T01:44:21.541+0530][144.397s][info][gc,phases   ] GC(26) Pause Mark End 0.023ms
[2026-04-11T01:44:21.541+0530][144.398s][info][gc,phases   ] GC(26) Concurrent Mark Free 0.002ms
[2026-04-11T01:44:21.543+0530][144.400s][info][gc,phases   ] GC(26) Concurrent Process Non-Strong References 2.022ms
[2026-04-11T01:44:21.543+0530][144.400s][info][gc,phases   ] GC(26) Concurrent Reset Relocation Set 0.065ms
[2026-04-11T01:44:21.550+0530][144.406s][info][gc,phases   ] GC(26) Concurrent Select Relocation Set 5.956ms
[2026-04-11T01:44:21.550+0530][144.406s][info][gc,phases   ] GC(26) Pause Relocate Start 0.015ms
[2026-04-11T01:44:21.577+0530][144.433s][info][gc,phases   ] GC(26) Concurrent Relocate 26.723ms
[2026-04-11T01:44:21.577+0530][144.433s][info][gc,load     ] GC(26) Load: 0.00/0.00/0.00
[2026-04-11T01:44:21.577+0530][144.433s][info][gc,mmu      ] GC(26) MMU: 2ms/75.2%, 5ms/90.1%, 10ms/95.0%, 20ms/97.5%, 50ms/99.0%, 100ms/99.5%
[2026-04-11T01:44:21.577+0530][144.433s][info][gc,marking  ] GC(26) Mark: 2 stripe(s), 2 proactive flush(es), 1 terminate flush(es), 0 completion(s), 0 continuation(s) 
[2026-04-11T01:44:21.577+0530][144.433s][info][gc,marking  ] GC(26) Mark Stack Usage: 32M
[2026-04-11T01:44:21.577+0530][144.433s][info][gc,nmethod  ] GC(26) NMethods: 1483 registered, 525 unregistered
[2026-04-11T01:44:21.577+0530][144.433s][info][gc,metaspace] GC(26) Metaspace: 6M used, 6M committed, 1088M reserved
[2026-04-11T01:44:21.577+0530][144.433s][info][gc,ref      ] GC(26) Soft: 282 encountered, 0 discovered, 0 enqueued
[2026-04-11T01:44:21.577+0530][144.434s][info][gc,ref      ] GC(26) Weak: 606 encountered, 5 discovered, 0 enqueued
[2026-04-11T01:44:21.577+0530][144.434s][info][gc,ref      ] GC(26) Final: 0 encountered, 0 discovered, 0 enqueued
[2026-04-11T01:44:21.577+0530][144.434s][info][gc,ref      ] GC(26) Phantom: 136 encountered, 92 discovered, 0 enqueued
[2026-04-11T01:44:21.577+0530][144.434s][info][gc,reloc    ] GC(26) Small Pages: 1840 / 3680M, Empty: 464M, Relocated: 47M, In-Place: 0
[2026-04-11T01:44:21.577+0530][144.434s][info][gc,reloc    ] GC(26) Medium Pages: 1 / 32M, Empty: 0M, Relocated: 0M, In-Place: 0
[2026-04-11T01:44:21.577+0530][144.434s][info][gc,reloc    ] GC(26) Large Pages: 6 / 652M, Empty: 132M, Relocated: 0M, In-Place: 0
[2026-04-11T01:44:21.577+0530][144.434s][info][gc,reloc    ] GC(26) Forwarding Usage: 9M
[2026-04-11T01:44:21.577+0530][144.434s][info][gc,heap     ] GC(26) Min Capacity: 4096M(50%)
[2026-04-11T01:44:21.577+0530][144.434s][info][gc,heap     ] GC(26) Max Capacity: 8192M(100%)
[2026-04-11T01:44:21.577+0530][144.434s][info][gc,heap     ] GC(26) Soft Max Capacity: 8192M(100%)
[2026-04-11T01:44:21.577+0530][144.434s][info][gc,heap     ] GC(26)                Mark Start          Mark End        Relocate Start      Relocate End           High               Low         
[2026-04-11T01:44:21.577+0530][144.434s][info][gc,heap     ] GC(26)  Capacity:     8192M (100%)       8192M (100%)       8192M (100%)       8192M (100%)       8192M (100%)       8192M (100%)   
[2026-04-11T01:44:21.577+0530][144.434s][info][gc,heap     ] GC(26)      Free:     3828M (47%)        1762M (22%)        2350M (29%)        3874M (47%)        3874M (47%)        1760M (21%)    
[2026-04-11T01:44:21.577+0530][144.434s][info][gc,heap     ] GC(26)      Used:     4364M (53%)        6430M (78%)        5842M (71%)        4318M (53%)        6432M (79%)        4318M (53%)    
[2026-04-11T01:44:21.577+0530][144.434s][info][gc,heap     ] GC(26)      Live:         -              2157M (26%)        2157M (26%)        2157M (26%)            -                  -          
[2026-04-11T01:44:21.577+0530][144.434s][info][gc,heap     ] GC(26) Allocated:         -              2066M (25%)        2074M (25%)        2089M (26%)            -                  -          
[2026-04-11T01:44:21.577+0530][144.434s][info][gc,heap     ] GC(26)   Garbage:         -              2206M (27%)        1610M (20%)          70M (1%)             -                  -          
[2026-04-11T01:44:21.577+0530][144.434s][info][gc,heap     ] GC(26) Reclaimed:         -                  -               596M (7%)         2135M (26%)            -                  -          
[2026-04-11T01:44:21.577+0530][144.434s][info][gc          ] GC(26) Garbage Collection (Allocation Rate) 4364M(53%)->4318M(53%)
[2026-04-11T01:44:22.255+0530][145.111s][info][gc,start    ] GC(27) Garbage Collection (Allocation Rate)
[2026-04-11T01:44:22.255+0530][145.111s][info][gc,task     ] GC(27) Using 3 workers
[2026-04-11T01:44:22.255+0530][145.111s][info][gc,phases   ] GC(27) Pause Mark Start 0.012ms
[2026-04-11T01:44:25.710+0530][148.566s][info][gc,phases   ] GC(27) Concurrent Mark 3455.216ms
[2026-04-11T01:44:25.710+0530][148.567s][info][gc,phases   ] GC(27) Pause Mark End 0.021ms
[2026-04-11T01:44:25.710+0530][148.567s][info][gc,phases   ] GC(27) Concurrent Mark Free 0.002ms
[2026-04-11T01:44:25.712+0530][148.569s][info][gc,phases   ] GC(27) Concurrent Process Non-Strong References 1.820ms
[2026-04-11T01:44:25.712+0530][148.569s][info][gc,phases   ] GC(27) Concurrent Reset Relocation Set 0.039ms
[2026-04-11T01:44:25.725+0530][148.582s][info][gc,phases   ] GC(27) Concurrent Select Relocation Set 13.021ms
[2026-04-11T01:44:25.726+0530][148.582s][info][gc,phases   ] GC(27) Pause Relocate Start 0.014ms
[2026-04-11T01:44:25.762+0530][148.620s][info][gc,phases   ] GC(27) Concurrent Relocate 37.258ms
[2026-04-11T01:44:25.762+0530][148.620s][info][gc,load     ] GC(27) Load: 0.00/0.00/0.00
[2026-04-11T01:44:25.762+0530][148.620s][info][gc,mmu      ] GC(27) MMU: 2ms/75.2%, 5ms/90.1%, 10ms/95.0%, 20ms/97.5%, 50ms/99.0%, 100ms/99.5%
[2026-04-11T01:44:25.762+0530][148.620s][info][gc,marking  ] GC(27) Mark: 2 stripe(s), 2 proactive flush(es), 1 terminate flush(es), 0 completion(s), 0 continuation(s) 
[2026-04-11T01:44:25.762+0530][148.620s][info][gc,marking  ] GC(27) Mark Stack Usage: 32M
[2026-04-11T01:44:25.762+0530][148.620s][info][gc,nmethod  ] GC(27) NMethods: 1482 registered, 526 unregistered
[2026-04-11T01:44:25.762+0530][148.620s][info][gc,metaspace] GC(27) Metaspace: 6M used, 6M committed, 1088M reserved
[2026-04-11T01:44:25.762+0530][148.620s][info][gc,ref      ] GC(27) Soft: 282 encountered, 0 discovered, 0 enqueued
[2026-04-11T01:44:25.762+0530][148.620s][info][gc,ref      ] GC(27) Weak: 606 encountered, 12 discovered, 0 enqueued
[2026-04-11T01:44:25.762+0530][148.620s][info][gc,ref      ] GC(27) Final: 0 encountered, 0 discovered, 0 enqueued
[2026-04-11T01:44:25.762+0530][148.620s][info][gc,ref      ] GC(27) Phantom: 136 encountered, 92 discovered, 0 enqueued
[2026-04-11T01:44:25.762+0530][148.620s][info][gc,reloc    ] GC(27) Small Pages: 2158 / 4316M, Empty: 564M, Relocated: 71M, In-Place: 0
[2026-04-11T01:44:25.762+0530][148.620s][info][gc,reloc    ] GC(27) Medium Pages: 1 / 32M, Empty: 0M, Relocated: 0M, In-Place: 0
[2026-04-11T01:44:25.762+0530][148.620s][info][gc,reloc    ] GC(27) Large Pages: 4 / 520M, Empty: 0M, Relocated: 0M, In-Place: 0
[2026-04-11T01:44:25.762+0530][148.620s][info][gc,reloc    ] GC(27) Forwarding Usage: 15M
[2026-04-11T01:44:25.762+0530][148.620s][info][gc,heap     ] GC(27) Min Capacity: 4096M(50%)
[2026-04-11T01:44:25.762+0530][148.620s][info][gc,heap     ] GC(27) Max Capacity: 8192M(100%)
[2026-04-11T01:44:25.762+0530][148.620s][info][gc,heap     ] GC(27) Soft Max Capacity: 8192M(100%)
[2026-04-11T01:44:25.762+0530][148.620s][info][gc,heap     ] GC(27)                Mark Start          Mark End        Relocate Start      Relocate End           High               Low         
[2026-04-11T01:44:25.762+0530][148.620s][info][gc,heap     ] GC(27)  Capacity:     8192M (100%)       8192M (100%)       8192M (100%)       8192M (100%)       8192M (100%)       8192M (100%)   
[2026-04-11T01:44:25.762+0530][148.620s][info][gc,heap     ] GC(27)      Free:     3324M (41%)        1192M (15%)        1750M (21%)        3740M (46%)        3740M (46%)        1192M (15%)    
[2026-04-11T01:44:25.762+0530][148.620s][info][gc,heap     ] GC(27)      Used:     4868M (59%)        7000M (85%)        6442M (79%)        4452M (54%)        7000M (85%)        4452M (54%)    
[2026-04-11T01:44:25.762+0530][148.621s][info][gc,heap     ] GC(27)      Live:         -              2221M (27%)        2221M (27%)        2221M (27%)            -                  -          
[2026-04-11T01:44:25.762+0530][148.621s][info][gc,heap     ] GC(27) Allocated:         -              2132M (26%)        2138M (26%)        2163M (26%)            -                  -          
[2026-04-11T01:44:25.762+0530][148.621s][info][gc,heap     ] GC(27)   Garbage:         -              2646M (32%)        2082M (25%)          66M (1%)             -                  -          
[2026-04-11T01:44:25.762+0530][148.621s][info][gc,heap     ] GC(27) Reclaimed:         -                  -               564M (7%)         2579M (31%)            -                  -          
[2026-04-11T01:44:25.762+0530][148.621s][info][gc          ] GC(27) Garbage Collection (Allocation Rate) 4868M(59%)->4452M(54%)
[2026-04-11T01:44:26.257+0530][149.113s][info][gc,start    ] GC(28) Garbage Collection (Allocation Rate)
[2026-04-11T01:44:26.257+0530][149.113s][info][gc,task     ] GC(28) Using 3 workers
[2026-04-11T01:44:26.257+0530][149.113s][info][gc,phases   ] GC(28) Pause Mark Start 0.010ms
[2026-04-11T01:44:27.558+0530][150.414s][info][gc,stats    ] === Garbage Collection Statistics =======================================================================================================================
[2026-04-11T01:44:27.558+0530][150.414s][info][gc,stats    ]                                                              Last 10s              Last 10m              Last 10h                Total
[2026-04-11T01:44:27.558+0530][150.414s][info][gc,stats    ]                                                              Avg / Max             Avg / Max             Avg / Max             Avg / Max
[2026-04-11T01:44:27.558+0530][150.414s][info][gc,stats    ]   Collector: Garbage Collection Cycle                   3357.129 / 3509.133   2198.350 / 3509.133   2198.350 / 3509.133   2198.350 / 3509.133    ms
[2026-04-11T01:44:27.558+0530][150.414s][info][gc,stats    ]  Contention: Mark Segment Reset Contention                     0 / 2                 0 / 13                0 / 13                0 / 13          ops/s
[2026-04-11T01:44:27.558+0530][150.414s][info][gc,stats    ]  Contention: Mark SeqNum Reset Contention                      0 / 0                 0 / 0                 0 / 0                 0 / 0           ops/s
[2026-04-11T01:44:27.558+0530][150.415s][info][gc,stats    ]    Critical: Allocation Stall                                  0 / 0                 0 / 0                 0 / 0                 0 / 0           ops/s
[2026-04-11T01:44:27.558+0530][150.415s][info][gc,stats    ]    Critical: Allocation Stall                              0.000 / 0.000         0.000 / 0.000         0.000 / 0.000         0.000 / 0.000       ms
[2026-04-11T01:44:27.558+0530][150.415s][info][gc,stats    ]    Critical: GC Locker Stall                                   0 / 0                 0 / 0                 0 / 0                 0 / 0           ops/s
[2026-04-11T01:44:27.558+0530][150.415s][info][gc,stats    ]    Critical: GC Locker Stall                               0.000 / 0.000         0.000 / 0.000         0.000 / 0.000         0.000 / 0.000       ms
[2026-04-11T01:44:27.558+0530][150.415s][info][gc,stats    ]    Critical: Relocation Stall                                  0 / 0                 0 / 0                 0 / 0                 0 / 0           ops/s
[2026-04-11T01:44:27.558+0530][150.415s][info][gc,stats    ]    Critical: Relocation Stall                              0.000 / 0.000         0.000 / 0.000         0.000 / 0.000         0.000 / 0.000       ms
[2026-04-11T01:44:27.559+0530][150.415s][info][gc,stats    ]      Memory: Allocation Rate                                 623 / 748             664 / 918             664 / 918             664 / 918         MB/s
[2026-04-11T01:44:27.559+0530][150.415s][info][gc,stats    ]      Memory: Defragment                                        0 / 0                 0 / 1                 0 / 1                 0 / 1           ops/s
[2026-04-11T01:44:27.559+0530][150.415s][info][gc,stats    ]      Memory: Out Of Memory                                     0 / 0                 0 / 0                 0 / 0                 0 / 0           ops/s
[2026-04-11T01:44:27.559+0530][150.415s][info][gc,stats    ]      Memory: Page Cache Flush                                 13 / 130               4 / 260               4 / 260               4 / 260         MB/s
[2026-04-11T01:44:27.559+0530][150.415s][info][gc,stats    ]      Memory: Page Cache Hit L1                               314 / 411             309 / 458             309 / 458             309 / 458         ops/s
[2026-04-11T01:44:27.559+0530][150.415s][info][gc,stats    ]      Memory: Page Cache Hit L2                                 0 / 0                 0 / 0                 0 / 0                 0 / 0           ops/s
[2026-04-11T01:44:27.559+0530][150.415s][info][gc,stats    ]      Memory: Page Cache Hit L3                                 0 / 0                13 / 445              13 / 445              13 / 445         ops/s
[2026-04-11T01:44:27.559+0530][150.415s][info][gc,stats    ]      Memory: Page Cache Miss                                   0 / 1                12 / 271              12 / 271              12 / 271         ops/s
[2026-04-11T01:44:27.559+0530][150.415s][info][gc,stats    ]      Memory: Uncommit                                          0 / 0                 0 / 0                 0 / 0                 0 / 0           MB/s
[2026-04-11T01:44:27.559+0530][150.415s][info][gc,stats    ]      Memory: Undo Object Allocation Failed                     0 / 0                 0 / 0                 0 / 0                 0 / 0           ops/s
[2026-04-11T01:44:27.559+0530][150.415s][info][gc,stats    ]      Memory: Undo Object Allocation Succeeded                  0 / 4                 0 / 4                 0 / 4                 0 / 4           ops/s
[2026-04-11T01:44:27.559+0530][150.415s][info][gc,stats    ]      Memory: Undo Page Allocation                              0 / 0                 0 / 0                 0 / 0                 0 / 0           ops/s
[2026-04-11T01:44:27.559+0530][150.415s][info][gc,stats    ]       Phase: Concurrent Mark                            3312.688 / 3455.216   2107.742 / 3455.216   2107.742 / 3455.216   2107.742 / 3455.216    ms
[2026-04-11T01:44:27.559+0530][150.415s][info][gc,stats    ]       Phase: Concurrent Mark Continue                      0.000 / 0.000         0.000 / 0.000         0.000 / 0.000         0.000 / 0.000       ms
[2026-04-11T01:44:27.559+0530][150.415s][info][gc,stats    ]       Phase: Concurrent Mark Free                          0.002 / 0.002         0.002 / 0.002         0.002 / 0.002         0.002 / 0.002       ms
[2026-04-11T01:44:27.559+0530][150.415s][info][gc,stats    ]       Phase: Concurrent Process Non-Strong References      2.019 / 2.216         4.373 / 51.309        4.373 / 51.309        4.373 / 51.309      ms
[2026-04-11T01:44:27.559+0530][150.415s][info][gc,stats    ]       Phase: Concurrent Relocate                          32.259 / 37.258       67.036 / 250.050      67.036 / 250.050      67.036 / 250.050     ms
[2026-04-11T01:44:27.559+0530][150.415s][info][gc,stats    ]       Phase: Concurrent Reset Relocation Set               0.055 / 0.065         0.088 / 0.281         0.088 / 0.281         0.088 / 0.281       ms
[2026-04-11T01:44:27.559+0530][150.415s][info][gc,stats    ]       Phase: Concurrent Select Relocation Set              8.174 / 13.021       16.061 / 41.557       16.061 / 41.557       16.061 / 41.557      ms
[2026-04-11T01:44:27.559+0530][150.415s][info][gc,stats    ]       Phase: Pause Mark End                                0.022 / 0.023         0.027 / 0.081         0.027 / 0.081         0.027 / 0.081       ms
[2026-04-11T01:44:27.559+0530][150.415s][info][gc,stats    ]       Phase: Pause Mark Start                              0.011 / 0.012         0.029 / 0.497         0.029 / 0.497         0.029 / 0.497       ms
[2026-04-11T01:44:27.559+0530][150.415s][info][gc,stats    ]       Phase: Pause Relocate Start                          0.015 / 0.015         0.015 / 0.029         0.015 / 0.029         0.015 / 0.029       ms
[2026-04-11T01:44:27.559+0530][150.415s][info][gc,stats    ]    Subphase: Concurrent Classes Purge                      0.020 / 0.027         0.125 / 1.367         0.125 / 1.367         0.125 / 1.367       ms
[2026-04-11T01:44:27.559+0530][150.415s][info][gc,stats    ]    Subphase: Concurrent Classes Unlink                     1.415 / 1.541         3.359 / 45.355        3.359 / 45.355        3.359 / 45.355      ms
[2026-04-11T01:44:27.559+0530][150.415s][info][gc,stats    ]    Subphase: Concurrent Mark                            3309.651 / 3453.469   2107.831 / 3453.469   2107.831 / 3453.469   2107.831 / 3453.469    ms
[2026-04-11T01:44:27.559+0530][150.416s][info][gc,stats    ]    Subphase: Concurrent Mark Try Flush                     0.165 / 0.302         0.281 / 9.301         0.281 / 9.301         0.281 / 9.301       ms
[2026-04-11T01:44:27.559+0530][150.416s][info][gc,stats    ]    Subphase: Concurrent Mark Try Terminate                 3.365 / 7.435         5.721 / 16.054        5.721 / 16.054        5.721 / 16.054      ms
[2026-04-11T01:44:27.559+0530][150.416s][info][gc,stats    ]    Subphase: Concurrent References Enqueue                 0.001 / 0.001         0.002 / 0.019         0.002 / 0.019         0.002 / 0.019       ms
[2026-04-11T01:44:27.559+0530][150.416s][info][gc,stats    ]    Subphase: Concurrent References Process                 0.126 / 0.147         0.135 / 0.254         0.135 / 0.254         0.135 / 0.254       ms
[2026-04-11T01:44:27.559+0530][150.416s][info][gc,stats    ]    Subphase: Concurrent Roots ClassLoaderDataGraph         0.071 / 0.203         0.099 / 0.504         0.099 / 0.504         0.099 / 0.504       ms
[2026-04-11T01:44:27.559+0530][150.416s][info][gc,stats    ]    Subphase: Concurrent Roots CodeCache                    0.000 / 0.000         0.000 / 0.000         0.000 / 0.000         0.000 / 0.000       ms
[2026-04-11T01:44:27.560+0530][150.416s][info][gc,stats    ]    Subphase: Concurrent Roots JavaThreads                  0.817 / 2.005         0.639 / 2.803         0.639 / 2.803         0.639 / 2.803       ms
[2026-04-11T01:44:27.560+0530][150.416s][info][gc,stats    ]    Subphase: Concurrent Roots OopStorageSet                0.015 / 0.034         0.036 / 0.422         0.036 / 0.422         0.036 / 0.422       ms
[2026-04-11T01:44:27.560+0530][150.416s][info][gc,stats    ]    Subphase: Concurrent Weak Roots OopStorageSet           0.190 / 0.269         0.337 / 2.929         0.337 / 2.929         0.337 / 2.929       ms
[2026-04-11T01:44:27.560+0530][150.416s][info][gc,stats    ]    Subphase: Pause Mark Try Complete                       0.000 / 0.000         0.000 / 0.000         0.000 / 0.000         0.000 / 0.000       ms
[2026-04-11T01:44:27.560+0530][150.416s][info][gc,stats    ]      System: Java Threads                                     18 / 18               18 / 20               18 / 20               18 / 20          threads
[2026-04-11T01:44:27.560+0530][150.416s][info][gc,stats    ] =========================================================================================================================================================
[2026-04-11T01:44:29.922+0530][152.778s][info][gc,phases   ] GC(28) Concurrent Mark 3665.023ms
[2026-04-11T01:44:29.923+0530][152.779s][info][gc,phases   ] GC(28) Pause Mark End 0.020ms
[2026-04-11T01:44:29.923+0530][152.779s][info][gc,phases   ] GC(28) Concurrent Mark Free 0.002ms
[2026-04-11T01:44:29.924+0530][152.781s][info][gc,phases   ] GC(28) Concurrent Process Non-Strong References 1.873ms
[2026-04-11T01:44:29.925+0530][152.781s][info][gc,phases   ] GC(28) Concurrent Reset Relocation Set 0.071ms
[2026-04-11T01:44:29.932+0530][152.788s][info][gc,phases   ] GC(28) Concurrent Select Relocation Set 7.121ms
[2026-04-11T01:44:29.932+0530][152.789s][info][gc,phases   ] GC(28) Pause Relocate Start 0.014ms
[2026-04-11T01:44:29.966+0530][152.823s][info][gc,phases   ] GC(28) Concurrent Relocate 33.873ms
[2026-04-11T01:44:29.966+0530][152.823s][info][gc,load     ] GC(28) Load: 0.00/0.00/0.00
[2026-04-11T01:44:29.966+0530][152.823s][info][gc,mmu      ] GC(28) MMU: 2ms/75.2%, 5ms/90.1%, 10ms/95.0%, 20ms/97.5%, 50ms/99.0%, 100ms/99.5%
[2026-04-11T01:44:29.966+0530][152.823s][info][gc,marking  ] GC(28) Mark: 2 stripe(s), 2 proactive flush(es), 1 terminate flush(es), 0 completion(s), 0 continuation(s) 
[2026-04-11T01:44:29.966+0530][152.823s][info][gc,marking  ] GC(28) Mark Stack Usage: 32M
[2026-04-11T01:44:29.966+0530][152.823s][info][gc,nmethod  ] GC(28) NMethods: 1486 registered, 526 unregistered
[2026-04-11T01:44:29.966+0530][152.823s][info][gc,metaspace] GC(28) Metaspace: 6M used, 6M committed, 1088M reserved
[2026-04-11T01:44:29.966+0530][152.823s][info][gc,ref      ] GC(28) Soft: 282 encountered, 0 discovered, 0 enqueued
[2026-04-11T01:44:29.966+0530][152.823s][info][gc,ref      ] GC(28) Weak: 606 encountered, 5 discovered, 0 enqueued
[2026-04-11T01:44:29.966+0530][152.823s][info][gc,ref      ] GC(28) Final: 0 encountered, 0 discovered, 0 enqueued
[2026-04-11T01:44:29.966+0530][152.823s][info][gc,ref      ] GC(28) Phantom: 136 encountered, 92 discovered, 0 enqueued
[2026-04-11T01:44:29.966+0530][152.823s][info][gc,reloc    ] GC(28) Small Pages: 2150 / 4300M, Empty: 582M, Relocated: 66M, In-Place: 0
[2026-04-11T01:44:29.966+0530][152.823s][info][gc,reloc    ] GC(28) Medium Pages: 1 / 32M, Empty: 0M, Relocated: 0M, In-Place: 0
[2026-04-11T01:44:29.966+0530][152.823s][info][gc,reloc    ] GC(28) Large Pages: 4 / 520M, Empty: 0M, Relocated: 0M, In-Place: 0
[2026-04-11T01:44:29.966+0530][152.823s][info][gc,reloc    ] GC(28) Forwarding Usage: 13M
[2026-04-11T01:44:29.966+0530][152.823s][info][gc,heap     ] GC(28) Min Capacity: 4096M(50%)
[2026-04-11T01:44:29.966+0530][152.824s][info][gc,heap     ] GC(28) Max Capacity: 8192M(100%)
[2026-04-11T01:44:29.966+0530][152.824s][info][gc,heap     ] GC(28) Soft Max Capacity: 8192M(100%)
[2026-04-11T01:44:29.968+0530][152.824s][info][gc,heap     ] GC(28)                Mark Start          Mark End        Relocate Start      Relocate End           High               Low         
[2026-04-11T01:44:29.968+0530][152.824s][info][gc,heap     ] GC(28)  Capacity:     8192M (100%)       8192M (100%)       8192M (100%)       8192M (100%)       8192M (100%)       8192M (100%)   
[2026-04-11T01:44:29.968+0530][152.824s][info][gc,heap     ] GC(28)      Free:     3340M (41%)        1066M (13%)        1642M (20%)        3552M (43%)        3552M (43%)        1064M (13%)    
[2026-04-11T01:44:29.968+0530][152.824s][info][gc,heap     ] GC(28)      Used:     4852M (59%)        7126M (87%)        6550M (80%)        4640M (57%)        7128M (87%)        4640M (57%)    
[2026-04-11T01:44:29.968+0530][152.824s][info][gc,heap     ] GC(28)      Live:         -              2278M (28%)        2278M (28%)        2278M (28%)            -                  -          
[2026-04-11T01:44:29.968+0530][152.824s][info][gc,heap     ] GC(28) Allocated:         -              2274M (28%)        2280M (28%)        2291M (28%)            -                  -          
[2026-04-11T01:44:29.968+0530][152.824s][info][gc,heap     ] GC(28)   Garbage:         -              2573M (31%)        1991M (24%)          69M (1%)             -                  -          
[2026-04-11T01:44:29.968+0530][152.824s][info][gc,heap     ] GC(28) Reclaimed:         -                  -               582M (7%)         2503M (31%)            -                  -          
[2026-04-11T01:44:29.968+0530][152.824s][info][gc          ] GC(28) Garbage Collection (Allocation Rate) 4852M(59%)->4640M(57%)
[2026-04-11T01:44:30.355+0530][153.210s][info][gc,start    ] GC(29) Garbage Collection (Allocation Rate)
[2026-04-11T01:44:30.355+0530][153.211s][info][gc,task     ] GC(29) Using 3 workers
[2026-04-11T01:44:30.355+0530][153.211s][info][gc,phases   ] GC(29) Pause Mark Start 0.011ms
[2026-04-11T01:44:34.148+0530][157.004s][info][gc,phases   ] GC(29) Concurrent Mark 3792.988ms
[2026-04-11T01:44:34.149+0530][157.004s][info][gc,phases   ] GC(29) Pause Mark End 0.021ms
[2026-04-11T01:44:34.149+0530][157.005s][info][gc,phases   ] GC(29) Concurrent Mark Free 0.002ms
[2026-04-11T01:44:34.151+0530][157.007s][info][gc,phases   ] GC(29) Concurrent Process Non-Strong References 2.062ms
[2026-04-11T01:44:34.151+0530][157.007s][info][gc,phases   ] GC(29) Concurrent Reset Relocation Set 0.062ms
[2026-04-11T01:44:34.171+0530][157.027s][info][gc,phases   ] GC(29) Concurrent Select Relocation Set 20.114ms
[2026-04-11T01:44:34.171+0530][157.027s][info][gc,phases   ] GC(29) Pause Relocate Start 0.014ms
[2026-04-11T01:44:34.215+0530][157.071s][info][gc,phases   ] GC(29) Concurrent Relocate 43.177ms
[2026-04-11T01:44:34.215+0530][157.071s][info][gc,load     ] GC(29) Load: 0.00/0.00/0.00
[2026-04-11T01:44:34.215+0530][157.071s][info][gc,mmu      ] GC(29) MMU: 2ms/75.2%, 5ms/90.1%, 10ms/95.0%, 20ms/97.5%, 50ms/99.0%, 100ms/99.5%
[2026-04-11T01:44:34.215+0530][157.071s][info][gc,marking  ] GC(29) Mark: 2 stripe(s), 2 proactive flush(es), 1 terminate flush(es), 0 completion(s), 0 continuation(s) 
[2026-04-11T01:44:34.215+0530][157.071s][info][gc,marking  ] GC(29) Mark Stack Usage: 32M
[2026-04-11T01:44:34.215+0530][157.071s][info][gc,nmethod  ] GC(29) NMethods: 1486 registered, 527 unregistered
[2026-04-11T01:44:34.216+0530][157.071s][info][gc,metaspace] GC(29) Metaspace: 6M used, 6M committed, 1088M reserved
[2026-04-11T01:44:34.216+0530][157.071s][info][gc,ref      ] GC(29) Soft: 282 encountered, 0 discovered, 0 enqueued
[2026-04-11T01:44:34.216+0530][157.071s][info][gc,ref      ] GC(29) Weak: 606 encountered, 16 discovered, 0 enqueued
[2026-04-11T01:44:34.216+0530][157.071s][info][gc,ref      ] GC(29) Final: 0 encountered, 0 discovered, 0 enqueued
[2026-04-11T01:44:34.216+0530][157.071s][info][gc,ref      ] GC(29) Phantom: 136 encountered, 92 discovered, 0 enqueued
[2026-04-11T01:44:34.216+0530][157.072s][info][gc,reloc    ] GC(29) Small Pages: 2212 / 4424M, Empty: 560M, Relocated: 71M, In-Place: 0
[2026-04-11T01:44:34.216+0530][157.072s][info][gc,reloc    ] GC(29) Medium Pages: 1 / 32M, Empty: 0M, Relocated: 0M, In-Place: 0
[2026-04-11T01:44:34.216+0530][157.072s][info][gc,reloc    ] GC(29) Large Pages: 4 / 520M, Empty: 0M, Relocated: 0M, In-Place: 0
[2026-04-11T01:44:34.216+0530][157.072s][info][gc,reloc    ] GC(29) Forwarding Usage: 15M
[2026-04-11T01:44:34.216+0530][157.072s][info][gc,heap     ] GC(29) Min Capacity: 4096M(50%)
[2026-04-11T01:44:34.216+0530][157.072s][info][gc,heap     ] GC(29) Max Capacity: 8192M(100%)
[2026-04-11T01:44:34.216+0530][157.072s][info][gc,heap     ] GC(29) Soft Max Capacity: 8192M(100%)
[2026-04-11T01:44:34.216+0530][157.072s][info][gc,heap     ] GC(29)                Mark Start          Mark End        Relocate Start      Relocate End           High               Low         
[2026-04-11T01:44:34.216+0530][157.072s][info][gc,heap     ] GC(29)  Capacity:     8192M (100%)       8192M (100%)       8192M (100%)       8192M (100%)       8192M (100%)       8192M (100%)   
[2026-04-11T01:44:34.216+0530][157.072s][info][gc,heap     ] GC(29)      Free:     3216M (39%)         922M (11%)        1464M (18%)        3450M (42%)        3450M (42%)         920M (11%)    
[2026-04-11T01:44:34.216+0530][157.072s][info][gc,heap     ] GC(29)      Used:     4976M (61%)        7270M (89%)        6728M (82%)        4742M (58%)        7272M (89%)        4742M (58%)    
[2026-04-11T01:44:34.216+0530][157.072s][info][gc,heap     ] GC(29)      Live:         -              2345M (29%)        2345M (29%)        2345M (29%)            -                  -          
[2026-04-11T01:44:34.216+0530][157.072s][info][gc,heap     ] GC(29) Allocated:         -              2294M (28%)        2312M (28%)        2327M (28%)            -                  -          
[2026-04-11T01:44:34.216+0530][157.072s][info][gc,heap     ] GC(29)   Garbage:         -              2630M (32%)        2070M (25%)          68M (1%)             -                  -          
[2026-04-11T01:44:34.216+0530][157.072s][info][gc,heap     ] GC(29) Reclaimed:         -                  -               560M (7%)         2561M (31%)            -                  -          
[2026-04-11T01:44:34.216+0530][157.072s][info][gc          ] GC(29) Garbage Collection (Allocation Rate) 4976M(61%)->4742M(58%)
[2026-04-11T01:44:34.655+0530][157.511s][info][gc,start    ] GC(30) Garbage Collection (Allocation Rate)
[2026-04-11T01:44:34.655+0530][157.511s][info][gc,task     ] GC(30) Using 3 workers
[2026-04-11T01:44:34.655+0530][157.511s][info][gc,phases   ] GC(30) Pause Mark Start 0.010ms
[2026-04-11T01:44:37.551+0530][160.407s][info][gc,stats    ] === Garbage Collection Statistics =======================================================================================================================
[2026-04-11T01:44:37.551+0530][160.407s][info][gc,stats    ]                                                              Last 10s              Last 10m              Last 10h                Total
[2026-04-11T01:44:37.551+0530][160.407s][info][gc,stats    ]                                                              Avg / Max             Avg / Max             Avg / Max             Avg / Max
[2026-04-11T01:44:37.551+0530][160.407s][info][gc,stats    ]   Collector: Garbage Collection Cycle                   3785.411 / 3860.592   2304.154 / 3860.592   2304.154 / 3860.592   2304.154 / 3860.592    ms
[2026-04-11T01:44:37.551+0530][160.407s][info][gc,stats    ]  Contention: Mark Segment Reset Contention                     0 / 2                 0 / 13                0 / 13                0 / 13          ops/s
[2026-04-11T01:44:37.551+0530][160.407s][info][gc,stats    ]  Contention: Mark SeqNum Reset Contention                      0 / 0                 0 / 0                 0 / 0                 0 / 0           ops/s
[2026-04-11T01:44:37.551+0530][160.407s][info][gc,stats    ]    Critical: Allocation Stall                                  0 / 0                 0 / 0                 0 / 0                 0 / 0           ops/s
[2026-04-11T01:44:37.551+0530][160.407s][info][gc,stats    ]    Critical: Allocation Stall                              0.000 / 0.000         0.000 / 0.000         0.000 / 0.000         0.000 / 0.000       ms
[2026-04-11T01:44:37.551+0530][160.407s][info][gc,stats    ]    Critical: GC Locker Stall                                   0 / 0                 0 / 0                 0 / 0                 0 / 0           ops/s
[2026-04-11T01:44:37.551+0530][160.407s][info][gc,stats    ]    Critical: GC Locker Stall                               0.000 / 0.000         0.000 / 0.000         0.000 / 0.000         0.000 / 0.000       ms
[2026-04-11T01:44:37.551+0530][160.407s][info][gc,stats    ]    Critical: Relocation Stall                                  0 / 0                 0 / 0                 0 / 0                 0 / 0           ops/s
[2026-04-11T01:44:37.552+0530][160.407s][info][gc,stats    ]    Critical: Relocation Stall                              0.000 / 0.000         0.000 / 0.000         0.000 / 0.000         0.000 / 0.000       ms
[2026-04-11T01:44:37.552+0530][160.407s][info][gc,stats    ]      Memory: Allocation Rate                                 627 / 722             662 / 918             662 / 918             662 / 918         MB/s
[2026-04-11T01:44:37.552+0530][160.407s][info][gc,stats    ]      Memory: Defragment                                        0 / 0                 0 / 1                 0 / 1                 0 / 1           ops/s
[2026-04-11T01:44:37.552+0530][160.407s][info][gc,stats    ]      Memory: Out Of Memory                                     0 / 0                 0 / 0                 0 / 0                 0 / 0           ops/s
[2026-04-11T01:44:37.552+0530][160.407s][info][gc,stats    ]      Memory: Page Cache Flush                                  0 / 0                 3 / 260               3 / 260               3 / 260         MB/s
[2026-04-11T01:44:37.552+0530][160.408s][info][gc,stats    ]      Memory: Page Cache Hit L1                               320 / 396             310 / 458             310 / 458             310 / 458         ops/s
[2026-04-11T01:44:37.552+0530][160.408s][info][gc,stats    ]      Memory: Page Cache Hit L2                                 0 / 0                 0 / 0                 0 / 0                 0 / 0           ops/s
[2026-04-11T01:44:37.552+0530][160.408s][info][gc,stats    ]      Memory: Page Cache Hit L3                                 0 / 0                12 / 445              12 / 445              12 / 445         ops/s
[2026-04-11T01:44:37.552+0530][160.408s][info][gc,stats    ]      Memory: Page Cache Miss                                   0 / 0                11 / 271              11 / 271              11 / 271         ops/s
[2026-04-11T01:44:37.552+0530][160.408s][info][gc,stats    ]      Memory: Uncommit                                          0 / 0                 0 / 0                 0 / 0                 0 / 0           MB/s
[2026-04-11T01:44:37.552+0530][160.408s][info][gc,stats    ]      Memory: Undo Object Allocation Failed                     0 / 0                 0 / 0                 0 / 0                 0 / 0           ops/s
[2026-04-11T01:44:37.552+0530][160.408s][info][gc,stats    ]      Memory: Undo Object Allocation Succeeded                  0 / 3                 0 / 4                 0 / 4                 0 / 4           ops/s
[2026-04-11T01:44:37.552+0530][160.408s][info][gc,stats    ]      Memory: Undo Page Allocation                              0 / 0                 0 / 0                 0 / 0                 0 / 0           ops/s
[2026-04-11T01:44:37.552+0530][160.408s][info][gc,stats    ]       Phase: Concurrent Mark                            3729.005 / 3792.988   2215.827 / 3792.988   2215.827 / 3792.988   2215.827 / 3792.988    ms
[2026-04-11T01:44:37.552+0530][160.408s][info][gc,stats    ]       Phase: Concurrent Mark Continue                      0.000 / 0.000         0.000 / 0.000         0.000 / 0.000         0.000 / 0.000       ms
[2026-04-11T01:44:37.552+0530][160.408s][info][gc,stats    ]       Phase: Concurrent Mark Free                          0.002 / 0.002         0.002 / 0.002         0.002 / 0.002         0.002 / 0.002       ms
[2026-04-11T01:44:37.552+0530][160.408s][info][gc,stats    ]       Phase: Concurrent Process Non-Strong References      1.967 / 2.062         4.213 / 51.309        4.213 / 51.309        4.213 / 51.309      ms
[2026-04-11T01:44:37.552+0530][160.408s][info][gc,stats    ]       Phase: Concurrent Relocate                          38.525 / 43.177       65.135 / 250.050      65.135 / 250.050      65.135 / 250.050     ms
[2026-04-11T01:44:37.552+0530][160.408s][info][gc,stats    ]       Phase: Concurrent Reset Relocation Set               0.067 / 0.071         0.087 / 0.281         0.087 / 0.281         0.087 / 0.281       ms
[2026-04-11T01:44:37.552+0530][160.408s][info][gc,stats    ]       Phase: Concurrent Select Relocation Set             13.617 / 20.114       15.898 / 41.557       15.898 / 41.557       15.898 / 41.557      ms
[2026-04-11T01:44:37.552+0530][160.408s][info][gc,stats    ]       Phase: Pause Mark End                                0.020 / 0.021         0.026 / 0.081         0.026 / 0.081         0.026 / 0.081       ms
[2026-04-11T01:44:37.552+0530][160.408s][info][gc,stats    ]       Phase: Pause Mark Start                              0.010 / 0.011         0.027 / 0.497         0.027 / 0.497         0.027 / 0.497       ms
[2026-04-11T01:44:37.552+0530][160.408s][info][gc,stats    ]       Phase: Pause Relocate Start                          0.014 / 0.014         0.015 / 0.029         0.015 / 0.029         0.015 / 0.029       ms
[2026-04-11T01:44:37.552+0530][160.408s][info][gc,stats    ]    Subphase: Concurrent Classes Purge                      0.033 / 0.043         0.119 / 1.367         0.119 / 1.367         0.119 / 1.367       ms
[2026-04-11T01:44:37.552+0530][160.408s][info][gc,stats    ]    Subphase: Concurrent Classes Unlink                     1.323 / 1.411         3.224 / 45.355        3.224 / 45.355        3.224 / 45.355      ms
[2026-04-11T01:44:37.552+0530][160.408s][info][gc,stats    ]    Subphase: Concurrent Mark                            3724.831 / 3792.033   2232.215 / 3792.033   2232.215 / 3792.033   2232.215 / 3792.033    ms
[2026-04-11T01:44:37.552+0530][160.408s][info][gc,stats    ]    Subphase: Concurrent Mark Try Flush                     0.162 / 0.334         0.274 / 9.301         0.274 / 9.301         0.274 / 9.301       ms
[2026-04-11T01:44:37.553+0530][160.408s][info][gc,stats    ]    Subphase: Concurrent Mark Try Terminate                 3.534 / 9.194         5.586 / 16.054        5.586 / 16.054        5.586 / 16.054      ms
[2026-04-11T01:44:37.553+0530][160.408s][info][gc,stats    ]    Subphase: Concurrent References Enqueue                 0.001 / 0.001         0.001 / 0.019         0.001 / 0.019         0.001 / 0.019       ms
[2026-04-11T01:44:37.553+0530][160.408s][info][gc,stats    ]    Subphase: Concurrent References Process                 0.119 / 0.129         0.134 / 0.254         0.134 / 0.254         0.134 / 0.254       ms
[2026-04-11T01:44:37.553+0530][160.408s][info][gc,stats    ]    Subphase: Concurrent Roots ClassLoaderDataGraph         0.075 / 0.177         0.098 / 0.504         0.098 / 0.504         0.098 / 0.504       ms
[2026-04-11T01:44:37.553+0530][160.409s][info][gc,stats    ]    Subphase: Concurrent Roots CodeCache                    0.000 / 0.000         0.000 / 0.000         0.000 / 0.000         0.000 / 0.000       ms
[2026-04-11T01:44:37.553+0530][160.409s][info][gc,stats    ]    Subphase: Concurrent Roots JavaThreads                  0.567 / 0.828         0.634 / 2.803         0.634 / 2.803         0.634 / 2.803       ms
[2026-04-11T01:44:37.553+0530][160.409s][info][gc,stats    ]    Subphase: Concurrent Roots OopStorageSet                0.017 / 0.030         0.035 / 0.422         0.035 / 0.422         0.035 / 0.422       ms
[2026-04-11T01:44:37.553+0530][160.409s][info][gc,stats    ]    Subphase: Concurrent Weak Roots OopStorageSet           0.179 / 0.181         0.325 / 2.929         0.325 / 2.929         0.325 / 2.929       ms
[2026-04-11T01:44:37.553+0530][160.409s][info][gc,stats    ]    Subphase: Pause Mark Try Complete                       0.000 / 0.000         0.000 / 0.000         0.000 / 0.000         0.000 / 0.000       ms
[2026-04-11T01:44:37.553+0530][160.409s][info][gc,stats    ]      System: Java Threads                                     18 / 18               18 / 20               18 / 20               18 / 20          threads
[2026-04-11T01:44:37.553+0530][160.409s][info][gc,stats    ] =========================================================================================================================================================
[2026-04-11T01:44:38.538+0530][161.394s][info][gc,phases   ] GC(30) Concurrent Mark 3882.979ms
[2026-04-11T01:44:38.538+0530][161.394s][info][gc,phases   ] GC(30) Pause Mark End 0.022ms
[2026-04-11T01:44:38.538+0530][161.395s][info][gc,phases   ] GC(30) Concurrent Mark Free 0.002ms
[2026-04-11T01:44:38.540+0530][161.397s][info][gc,phases   ] GC(30) Concurrent Process Non-Strong References 1.866ms
[2026-04-11T01:44:38.540+0530][161.397s][info][gc,phases   ] GC(30) Concurrent Reset Relocation Set 0.067ms
[2026-04-11T01:44:38.566+0530][161.421s][info][gc,phases   ] GC(30) Concurrent Select Relocation Set 24.339ms
[2026-04-11T01:44:38.566+0530][161.422s][info][gc,phases   ] GC(30) Pause Relocate Start 0.015ms
[2026-04-11T01:44:38.613+0530][161.469s][info][gc,phases   ] GC(30) Concurrent Relocate 47.305ms
[2026-04-11T01:44:38.613+0530][161.469s][info][gc,load     ] GC(30) Load: 0.00/0.00/0.00
[2026-04-11T01:44:38.613+0530][161.469s][info][gc,mmu      ] GC(30) MMU: 2ms/75.2%, 5ms/90.1%, 10ms/95.0%, 20ms/97.5%, 50ms/99.0%, 100ms/99.5%
[2026-04-11T01:44:38.613+0530][161.469s][info][gc,marking  ] GC(30) Mark: 2 stripe(s), 2 proactive flush(es), 1 terminate flush(es), 0 completion(s), 0 continuation(s) 
[2026-04-11T01:44:38.613+0530][161.469s][info][gc,marking  ] GC(30) Mark Stack Usage: 32M
[2026-04-11T01:44:38.613+0530][161.469s][info][gc,nmethod  ] GC(30) NMethods: 1485 registered, 528 unregistered
[2026-04-11T01:44:38.613+0530][161.470s][info][gc,metaspace] GC(30) Metaspace: 6M used, 6M committed, 1088M reserved
[2026-04-11T01:44:38.614+0530][161.470s][info][gc,ref      ] GC(30) Soft: 282 encountered, 0 discovered, 0 enqueued
[2026-04-11T01:44:38.614+0530][161.470s][info][gc,ref      ] GC(30) Weak: 606 encountered, 9 discovered, 0 enqueued
[2026-04-11T01:44:38.614+0530][161.470s][info][gc,ref      ] GC(30) Final: 0 encountered, 0 discovered, 0 enqueued
[2026-04-11T01:44:38.614+0530][161.470s][info][gc,ref      ] GC(30) Phantom: 136 encountered, 92 discovered, 0 enqueued
[2026-04-11T01:44:38.614+0530][161.470s][info][gc,reloc    ] GC(30) Small Pages: 2274 / 4548M, Empty: 600M, Relocated: 73M, In-Place: 0
[2026-04-11T01:44:38.614+0530][161.470s][info][gc,reloc    ] GC(30) Medium Pages: 1 / 32M, Empty: 0M, Relocated: 0M, In-Place: 0
[2026-04-11T01:44:38.614+0530][161.470s][info][gc,reloc    ] GC(30) Large Pages: 4 / 520M, Empty: 0M, Relocated: 0M, In-Place: 0
[2026-04-11T01:44:38.614+0530][161.470s][info][gc,reloc    ] GC(30) Forwarding Usage: 15M
[2026-04-11T01:44:38.614+0530][161.470s][info][gc,heap     ] GC(30) Min Capacity: 4096M(50%)
[2026-04-11T01:44:38.614+0530][161.470s][info][gc,heap     ] GC(30) Max Capacity: 8192M(100%)
[2026-04-11T01:44:38.614+0530][161.470s][info][gc,heap     ] GC(30) Soft Max Capacity: 8192M(100%)
[2026-04-11T01:44:38.614+0530][161.470s][info][gc,heap     ] GC(30)                Mark Start          Mark End        Relocate Start      Relocate End           High               Low         
[2026-04-11T01:44:38.614+0530][161.470s][info][gc,heap     ] GC(30)  Capacity:     8192M (100%)       8192M (100%)       8192M (100%)       8192M (100%)       8192M (100%)       8192M (100%)   
[2026-04-11T01:44:38.614+0530][161.470s][info][gc,heap     ] GC(30)      Free:     3092M (38%)         700M (9%)         1284M (16%)        3272M (40%)        3272M (40%)         700M (9%)     
[2026-04-11T01:44:38.614+0530][161.470s][info][gc,heap     ] GC(30)      Used:     5100M (62%)        7492M (91%)        6908M (84%)        4920M (60%)        7492M (91%)        4920M (60%)    
[2026-04-11T01:44:38.614+0530][161.470s][info][gc,heap     ] GC(30)      Live:         -              2410M (29%)        2410M (29%)        2410M (29%)            -                  -          
[2026-04-11T01:44:38.614+0530][161.470s][info][gc,heap     ] GC(30) Allocated:         -              2392M (29%)        2408M (29%)        2439M (30%)            -                  -          
[2026-04-11T01:44:38.614+0530][161.470s][info][gc,heap     ] GC(30)   Garbage:         -              2689M (33%)        2089M (26%)          69M (1%)             -                  -          
[2026-04-11T01:44:38.614+0530][161.470s][info][gc,heap     ] GC(30) Reclaimed:         -                  -               600M (7%)         2619M (32%)            -                  -          
[2026-04-11T01:44:38.614+0530][161.470s][info][gc          ] GC(30) Garbage Collection (Allocation Rate) 5100M(62%)->4920M(60%)
[2026-04-11T01:44:38.959+0530][161.815s][info][gc,start    ] GC(31) Garbage Collection (Allocation Rate)
[2026-04-11T01:44:38.959+0530][161.815s][info][gc,task     ] GC(31) Using 3 workers
[2026-04-11T01:44:38.959+0530][161.815s][info][gc,phases   ] GC(31) Pause Mark Start 0.011ms
[2026-04-11T01:44:42.960+0530][165.816s][info][gc,phases   ] GC(31) Concurrent Mark 4000.845ms
[2026-04-11T01:44:42.960+0530][165.817s][info][gc,phases   ] GC(31) Pause Mark End 0.024ms
[2026-04-11T01:44:42.960+0530][165.817s][info][gc,phases   ] GC(31) Concurrent Mark Free 0.002ms
[2026-04-11T01:44:42.963+0530][165.819s][info][gc,phases   ] GC(31) Concurrent Process Non-Strong References 2.036ms
[2026-04-11T01:44:42.963+0530][165.819s][info][gc,phases   ] GC(31) Concurrent Reset Relocation Set 0.068ms
[2026-04-11T01:44:42.969+0530][165.825s][info][gc,phases   ] GC(31) Concurrent Select Relocation Set 5.602ms
[2026-04-11T01:44:42.969+0530][165.825s][info][gc,phases   ] GC(31) Pause Relocate Start 0.012ms
[2026-04-11T01:44:43.011+0530][165.867s][info][gc,phases   ] GC(31) Concurrent Relocate 41.820ms
[2026-04-11T01:44:43.011+0530][165.867s][info][gc,load     ] GC(31) Load: 0.00/0.00/0.00
[2026-04-11T01:44:43.011+0530][165.867s][info][gc,mmu      ] GC(31) MMU: 2ms/75.2%, 5ms/90.1%, 10ms/95.0%, 20ms/97.5%, 50ms/99.0%, 100ms/99.5%
[2026-04-11T01:44:43.011+0530][165.867s][info][gc,marking  ] GC(31) Mark: 2 stripe(s), 2 proactive flush(es), 1 terminate flush(es), 0 completion(s), 0 continuation(s) 
[2026-04-11T01:44:43.011+0530][165.867s][info][gc,marking  ] GC(31) Mark Stack Usage: 32M
[2026-04-11T01:44:43.011+0530][165.867s][info][gc,nmethod  ] GC(31) NMethods: 1490 registered, 528 unregistered
[2026-04-11T01:44:43.011+0530][165.868s][info][gc,metaspace] GC(31) Metaspace: 6M used, 6M committed, 1088M reserved
[2026-04-11T01:44:43.011+0530][165.868s][info][gc,ref      ] GC(31) Soft: 282 encountered, 0 discovered, 0 enqueued
[2026-04-11T01:44:43.012+0530][165.868s][info][gc,ref      ] GC(31) Weak: 606 encountered, 5 discovered, 0 enqueued
[2026-04-11T01:44:43.012+0530][165.868s][info][gc,ref      ] GC(31) Final: 0 encountered, 0 discovered, 0 enqueued
[2026-04-11T01:44:43.012+0530][165.868s][info][gc,ref      ] GC(31) Phantom: 136 encountered, 92 discovered, 0 enqueued
[2026-04-11T01:44:43.012+0530][165.868s][info][gc,reloc    ] GC(31) Small Pages: 2306 / 4612M, Empty: 606M, Relocated: 68M, In-Place: 0
[2026-04-11T01:44:43.012+0530][165.868s][info][gc,reloc    ] GC(31) Medium Pages: 1 / 32M, Empty: 0M, Relocated: 0M, In-Place: 0
[2026-04-11T01:44:43.012+0530][165.868s][info][gc,reloc    ] GC(31) Large Pages: 4 / 520M, Empty: 0M, Relocated: 0M, In-Place: 0
[2026-04-11T01:44:43.012+0530][165.868s][info][gc,reloc    ] GC(31) Forwarding Usage: 14M
[2026-04-11T01:44:43.012+0530][165.868s][info][gc,heap     ] GC(31) Min Capacity: 4096M(50%)
[2026-04-11T01:44:43.012+0530][165.868s][info][gc,heap     ] GC(31) Max Capacity: 8192M(100%)
[2026-04-11T01:44:43.012+0530][165.868s][info][gc,heap     ] GC(31) Soft Max Capacity: 8192M(100%)
[2026-04-11T01:44:43.012+0530][165.868s][info][gc,heap     ] GC(31)                Mark Start          Mark End        Relocate Start      Relocate End           High               Low         
[2026-04-11T01:44:43.012+0530][165.868s][info][gc,heap     ] GC(31)  Capacity:     8192M (100%)       8192M (100%)       8192M (100%)       8192M (100%)       8192M (100%)       8192M (100%)   
[2026-04-11T01:44:43.012+0530][165.868s][info][gc,heap     ] GC(31)      Free:     3028M (37%)         566M (7%)         1166M (14%)        3160M (39%)        3160M (39%)         566M (7%)     
[2026-04-11T01:44:43.012+0530][165.868s][info][gc,heap     ] GC(31)      Used:     5164M (63%)        7626M (93%)        7026M (86%)        5032M (61%)        7626M (93%)        5032M (61%)    
[2026-04-11T01:44:43.012+0530][165.868s][info][gc,heap     ] GC(31)      Live:         -              2468M (30%)        2468M (30%)        2468M (30%)            -                  -          
[2026-04-11T01:44:43.012+0530][165.868s][info][gc,heap     ] GC(31) Allocated:         -              2462M (30%)        2468M (30%)        2491M (30%)            -                  -          
[2026-04-11T01:44:43.012+0530][165.868s][info][gc,heap     ] GC(31)   Garbage:         -              2695M (33%)        2089M (26%)          71M (1%)             -                  -          
[2026-04-11T01:44:43.012+0530][165.868s][info][gc,heap     ] GC(31) Reclaimed:         -                  -               606M (7%)         2623M (32%)            -                  -          
[2026-04-11T01:44:43.012+0530][165.868s][info][gc          ] GC(31) Garbage Collection (Allocation Rate) 5164M(63%)->5032M(61%)
[2026-04-11T01:44:43.054+0530][165.910s][info][gc,start    ] GC(32) Garbage Collection (Allocation Rate)
[2026-04-11T01:44:43.054+0530][165.910s][info][gc,task     ] GC(32) Using 3 workers
[2026-04-11T01:44:43.054+0530][165.911s][info][gc,phases   ] GC(32) Pause Mark Start 0.013ms
[2026-04-11T01:44:47.151+0530][170.007s][info][gc,phases   ] GC(32) Concurrent Mark 4095.914ms
[2026-04-11T01:44:47.151+0530][170.007s][info][gc,phases   ] GC(32) Pause Mark End 0.021ms
[2026-04-11T01:44:47.151+0530][170.007s][info][gc,phases   ] GC(32) Concurrent Mark Free 0.002ms
[2026-04-11T01:44:47.153+0530][170.010s][info][gc,phases   ] GC(32) Concurrent Process Non-Strong References 2.099ms
[2026-04-11T01:44:47.153+0530][170.010s][info][gc,phases   ] GC(32) Concurrent Reset Relocation Set 0.066ms
[2026-04-11T01:44:47.172+0530][170.029s][info][gc,phases   ] GC(32) Concurrent Select Relocation Set 18.961ms
[2026-04-11T01:44:47.173+0530][170.029s][info][gc,phases   ] GC(32) Pause Relocate Start 0.013ms
[2026-04-11T01:44:47.216+0530][170.073s][info][gc,phases   ] GC(32) Concurrent Relocate 43.497ms
[2026-04-11T01:44:47.216+0530][170.073s][info][gc,load     ] GC(32) Load: 0.00/0.00/0.00
[2026-04-11T01:44:47.216+0530][170.073s][info][gc,mmu      ] GC(32) MMU: 2ms/75.2%, 5ms/90.1%, 10ms/95.0%, 20ms/97.5%, 50ms/99.0%, 100ms/99.5%
[2026-04-11T01:44:47.216+0530][170.073s][info][gc,marking  ] GC(32) Mark: 2 stripe(s), 2 proactive flush(es), 1 terminate flush(es), 0 completion(s), 0 continuation(s) 
[2026-04-11T01:44:47.216+0530][170.073s][info][gc,marking  ] GC(32) Mark Stack Usage: 32M
[2026-04-11T01:44:47.216+0530][170.073s][info][gc,nmethod  ] GC(32) NMethods: 1487 registered, 531 unregistered
[2026-04-11T01:44:47.216+0530][170.073s][info][gc,metaspace] GC(32) Metaspace: 6M used, 6M committed, 1088M reserved
[2026-04-11T01:44:47.216+0530][170.073s][info][gc,ref      ] GC(32) Soft: 282 encountered, 0 discovered, 0 enqueued
[2026-04-11T01:44:47.216+0530][170.073s][info][gc,ref      ] GC(32) Weak: 606 encountered, 19 discovered, 0 enqueued
[2026-04-11T01:44:47.216+0530][170.073s][info][gc,ref      ] GC(32) Final: 0 encountered, 0 discovered, 0 enqueued
[2026-04-11T01:44:47.216+0530][170.073s][info][gc,ref      ] GC(32) Phantom: 136 encountered, 92 discovered, 0 enqueued
[2026-04-11T01:44:47.216+0530][170.073s][info][gc,reloc    ] GC(32) Small Pages: 2250 / 4500M, Empty: 550M, Relocated: 71M, In-Place: 0
[2026-04-11T01:44:47.216+0530][170.073s][info][gc,reloc    ] GC(32) Medium Pages: 1 / 32M, Empty: 0M, Relocated: 0M, In-Place: 0
[2026-04-11T01:44:47.216+0530][170.073s][info][gc,reloc    ] GC(32) Large Pages: 4 / 520M, Empty: 0M, Relocated: 0M, In-Place: 0
[2026-04-11T01:44:47.216+0530][170.073s][info][gc,reloc    ] GC(32) Forwarding Usage: 16M
[2026-04-11T01:44:47.216+0530][170.073s][info][gc,heap     ] GC(32) Min Capacity: 4096M(50%)
[2026-04-11T01:44:47.216+0530][170.073s][info][gc,heap     ] GC(32) Max Capacity: 8192M(100%)
[2026-04-11T01:44:47.216+0530][170.073s][info][gc,heap     ] GC(32) Soft Max Capacity: 8192M(100%)
[2026-04-11T01:44:47.216+0530][170.073s][info][gc,heap     ] GC(32)                Mark Start          Mark End        Relocate Start      Relocate End           High               Low         
[2026-04-11T01:44:47.216+0530][170.073s][info][gc,heap     ] GC(32)  Capacity:     8192M (100%)       8192M (100%)       8192M (100%)       8192M (100%)       8192M (100%)       8192M (100%)   
[2026-04-11T01:44:47.216+0530][170.073s][info][gc,heap     ] GC(32)      Free:     3140M (38%)         694M (8%)         1230M (15%)        3106M (38%)        3140M (38%)         692M (8%)     
[2026-04-11T01:44:47.216+0530][170.073s][info][gc,heap     ] GC(32)      Used:     5052M (62%)        7498M (92%)        6962M (85%)        5086M (62%)        7500M (92%)        5052M (62%)    
[2026-04-11T01:44:47.216+0530][170.073s][info][gc,heap     ] GC(32)      Live:         -              2532M (31%)        2532M (31%)        2532M (31%)            -                  -          
[2026-04-11T01:44:47.216+0530][170.073s][info][gc,heap     ] GC(32) Allocated:         -              2446M (30%)        2460M (30%)        2483M (30%)            -                  -          
[2026-04-11T01:44:47.216+0530][170.073s][info][gc,heap     ] GC(32)   Garbage:         -              2519M (31%)        1969M (24%)          69M (1%)             -                  -          
[2026-04-11T01:44:47.216+0530][170.073s][info][gc,heap     ] GC(32) Reclaimed:         -                  -               550M (7%)         2449M (30%)            -                  -          
[2026-04-11T01:44:47.216+0530][170.073s][info][gc          ] GC(32) Garbage Collection (Allocation Rate) 5052M(62%)->5086M(62%)
[2026-04-11T01:44:47.448+0530][170.304s][info][gc,start    ] GC(33) Garbage Collection (Allocation Rate)
[2026-04-11T01:44:47.448+0530][170.304s][info][gc,task     ] GC(33) Using 3 workers
[2026-04-11T01:44:47.448+0530][170.304s][info][gc,phases   ] GC(33) Pause Mark Start 0.012ms
[2026-04-11T01:44:47.557+0530][170.413s][info][gc,stats    ] === Garbage Collection Statistics =======================================================================================================================
[2026-04-11T01:44:47.557+0530][170.413s][info][gc,stats    ]                                                              Last 10s              Last 10m              Last 10h                Total
[2026-04-11T01:44:47.557+0530][170.413s][info][gc,stats    ]                                                              Avg / Max             Avg / Max             Avg / Max             Avg / Max
[2026-04-11T01:44:47.557+0530][170.413s][info][gc,stats    ]   Collector: Garbage Collection Cycle                   4057.825 / 4162.639   2463.578 / 4162.639   2463.578 / 4162.639   2463.578 / 4162.639    ms
[2026-04-11T01:44:47.557+0530][170.413s][info][gc,stats    ]  Contention: Mark Segment Reset Contention                     1 / 12                0 / 13                0 / 13                0 / 13          ops/s
[2026-04-11T01:44:47.557+0530][170.413s][info][gc,stats    ]  Contention: Mark SeqNum Reset Contention                      0 / 0                 0 / 0                 0 / 0                 0 / 0           ops/s
[2026-04-11T01:44:47.557+0530][170.413s][info][gc,stats    ]    Critical: Allocation Stall                                  0 / 0                 0 / 0                 0 / 0                 0 / 0           ops/s
[2026-04-11T01:44:47.557+0530][170.413s][info][gc,stats    ]    Critical: Allocation Stall                              0.000 / 0.000         0.000 / 0.000         0.000 / 0.000         0.000 / 0.000       ms
[2026-04-11T01:44:47.557+0530][170.413s][info][gc,stats    ]    Critical: GC Locker Stall                                   0 / 0                 0 / 0                 0 / 0                 0 / 0           ops/s
[2026-04-11T01:44:47.557+0530][170.413s][info][gc,stats    ]    Critical: GC Locker Stall                               0.000 / 0.000         0.000 / 0.000         0.000 / 0.000         0.000 / 0.000       ms
[2026-04-11T01:44:47.557+0530][170.413s][info][gc,stats    ]    Critical: Relocation Stall                                  0 / 0                 0 / 0                 0 / 0                 0 / 0           ops/s
[2026-04-11T01:44:47.557+0530][170.413s][info][gc,stats    ]    Critical: Relocation Stall                              0.000 / 0.000         0.000 / 0.000         0.000 / 0.000         0.000 / 0.000       ms
[2026-04-11T01:44:47.557+0530][170.413s][info][gc,stats    ]      Memory: Allocation Rate                                 614 / 654             659 / 918             659 / 918             659 / 918         MB/s
[2026-04-11T01:44:47.557+0530][170.413s][info][gc,stats    ]      Memory: Defragment                                        0 / 0                 0 / 1                 0 / 1                 0 / 1           ops/s
[2026-04-11T01:44:47.557+0530][170.413s][info][gc,stats    ]      Memory: Out Of Memory                                     0 / 0                 0 / 0                 0 / 0                 0 / 0           ops/s
[2026-04-11T01:44:47.557+0530][170.413s][info][gc,stats    ]      Memory: Page Cache Flush                                  0 / 0                 3 / 260               3 / 260               3 / 260         MB/s
[2026-04-11T01:44:47.557+0530][170.413s][info][gc,stats    ]      Memory: Page Cache Hit L1                               318 / 365             310 / 458             310 / 458             310 / 458         ops/s
[2026-04-11T01:44:47.557+0530][170.413s][info][gc,stats    ]      Memory: Page Cache Hit L2                                 0 / 0                 0 / 0                 0 / 0                 0 / 0           ops/s
[2026-04-11T01:44:47.557+0530][170.413s][info][gc,stats    ]      Memory: Page Cache Hit L3                                 0 / 0                11 / 445              11 / 445              11 / 445         ops/s
[2026-04-11T01:44:47.557+0530][170.413s][info][gc,stats    ]      Memory: Page Cache Miss                                   0 / 0                11 / 271              11 / 271              11 / 271         ops/s
[2026-04-11T01:44:47.557+0530][170.413s][info][gc,stats    ]      Memory: Uncommit                                          0 / 0                 0 / 0                 0 / 0                 0 / 0           MB/s
[2026-04-11T01:44:47.557+0530][170.414s][info][gc,stats    ]      Memory: Undo Object Allocation Failed                     0 / 0                 0 / 0                 0 / 0                 0 / 0           ops/s
[2026-04-11T01:44:47.557+0530][170.414s][info][gc,stats    ]      Memory: Undo Object Allocation Succeeded                  0 / 2                 0 / 4                 0 / 4                 0 / 4           ops/s
[2026-04-11T01:44:47.557+0530][170.414s][info][gc,stats    ]      Memory: Undo Page Allocation                              0 / 0                 0 / 0                 0 / 0                 0 / 0           ops/s
[2026-04-11T01:44:47.557+0530][170.414s][info][gc,stats    ]       Phase: Concurrent Mark                            3993.246 / 4095.914   2377.410 / 4095.914   2377.410 / 4095.914   2377.410 / 4095.914    ms
[2026-04-11T01:44:47.557+0530][170.414s][info][gc,stats    ]       Phase: Concurrent Mark Continue                      0.000 / 0.000         0.000 / 0.000         0.000 / 0.000         0.000 / 0.000       ms
[2026-04-11T01:44:47.557+0530][170.414s][info][gc,stats    ]       Phase: Concurrent Mark Free                          0.002 / 0.002         0.002 / 0.002         0.002 / 0.002         0.002 / 0.002       ms
[2026-04-11T01:44:47.558+0530][170.414s][info][gc,stats    ]       Phase: Concurrent Process Non-Strong References      2.001 / 2.099         4.012 / 51.309        4.012 / 51.309        4.012 / 51.309      ms
[2026-04-11T01:44:47.558+0530][170.414s][info][gc,stats    ]       Phase: Concurrent Relocate                          44.207 / 47.305       63.232 / 250.050      63.232 / 250.050      63.232 / 250.050     ms
[2026-04-11T01:44:47.558+0530][170.414s][info][gc,stats    ]       Phase: Concurrent Reset Relocation Set               0.067 / 0.068         0.085 / 0.281         0.085 / 0.281         0.085 / 0.281       ms
[2026-04-11T01:44:47.558+0530][170.414s][info][gc,stats    ]       Phase: Concurrent Select Relocation Set             16.301 / 24.339       15.935 / 41.557       15.935 / 41.557       15.935 / 41.557      ms
[2026-04-11T01:44:47.558+0530][170.414s][info][gc,stats    ]       Phase: Pause Mark End                                0.022 / 0.024         0.026 / 0.081         0.026 / 0.081         0.026 / 0.081       ms
[2026-04-11T01:44:47.558+0530][170.414s][info][gc,stats    ]       Phase: Pause Mark Start                              0.012 / 0.013         0.026 / 0.497         0.026 / 0.497         0.026 / 0.497       ms
[2026-04-11T01:44:47.558+0530][170.414s][info][gc,stats    ]       Phase: Pause Relocate Start                          0.013 / 0.015         0.014 / 0.029         0.014 / 0.029         0.014 / 0.029       ms
[2026-04-11T01:44:47.558+0530][170.414s][info][gc,stats    ]    Subphase: Concurrent Classes Purge                      0.035 / 0.046         0.111 / 1.367         0.111 / 1.367         0.111 / 1.367       ms
[2026-04-11T01:44:47.558+0530][170.414s][info][gc,stats    ]    Subphase: Concurrent Classes Unlink                     1.370 / 1.447         3.055 / 45.355        3.055 / 45.355        3.055 / 45.355      ms
[2026-04-11T01:44:47.558+0530][170.414s][info][gc,stats    ]    Subphase: Concurrent Mark                            3990.090 / 4094.683   2414.064 / 4094.683   2414.064 / 4094.683   2414.064 / 4094.683    ms
[2026-04-11T01:44:47.558+0530][170.414s][info][gc,stats    ]    Subphase: Concurrent Mark Try Flush                     0.134 / 0.200         0.263 / 9.301         0.263 / 9.301         0.263 / 9.301       ms
[2026-04-11T01:44:47.558+0530][170.414s][info][gc,stats    ]    Subphase: Concurrent Mark Try Terminate                 3.582 / 9.781         5.417 / 16.054        5.417 / 16.054        5.417 / 16.054      ms
[2026-04-11T01:44:47.558+0530][170.414s][info][gc,stats    ]    Subphase: Concurrent References Enqueue                 0.001 / 0.001         0.001 / 0.019         0.001 / 0.019         0.001 / 0.019       ms
[2026-04-11T01:44:47.558+0530][170.414s][info][gc,stats    ]    Subphase: Concurrent References Process                 0.126 / 0.154         0.133 / 0.254         0.133 / 0.254         0.133 / 0.254       ms
[2026-04-11T01:44:47.558+0530][170.414s][info][gc,stats    ]    Subphase: Concurrent Roots ClassLoaderDataGraph         0.080 / 0.274         0.096 / 0.504         0.096 / 0.504         0.096 / 0.504       ms
[2026-04-11T01:44:47.558+0530][170.414s][info][gc,stats    ]    Subphase: Concurrent Roots CodeCache                    0.000 / 0.000         0.000 / 0.000         0.000 / 0.000         0.000 / 0.000       ms
[2026-04-11T01:44:47.558+0530][170.414s][info][gc,stats    ]    Subphase: Concurrent Roots JavaThreads                  0.458 / 0.874         0.616 / 2.803         0.616 / 2.803         0.616 / 2.803       ms
[2026-04-11T01:44:47.558+0530][170.414s][info][gc,stats    ]    Subphase: Concurrent Roots OopStorageSet                0.012 / 0.022         0.032 / 0.422         0.032 / 0.422         0.032 / 0.422       ms
[2026-04-11T01:44:47.558+0530][170.414s][info][gc,stats    ]    Subphase: Concurrent Weak Roots OopStorageSet           0.184 / 0.233         0.310 / 2.929         0.310 / 2.929         0.310 / 2.929       ms
[2026-04-11T01:44:47.558+0530][170.414s][info][gc,stats    ]    Subphase: Pause Mark Try Complete                       0.000 / 0.000         0.000 / 0.000         0.000 / 0.000         0.000 / 0.000       ms
[2026-04-11T01:44:47.558+0530][170.415s][info][gc,stats    ]      System: Java Threads                                     18 / 18               18 / 20               18 / 20               18 / 20          threads
[2026-04-11T01:44:47.558+0530][170.415s][info][gc,stats    ] =========================================================================================================================================================
[2026-04-11T01:44:51.686+0530][174.542s][info][gc,phases   ] GC(33) Concurrent Mark 4237.776ms
[2026-04-11T01:44:51.686+0530][174.543s][info][gc,phases   ] GC(33) Pause Mark End 0.023ms
[2026-04-11T01:44:51.686+0530][174.543s][info][gc,phases   ] GC(33) Concurrent Mark Free 0.002ms
[2026-04-11T01:44:51.688+0530][174.545s][info][gc,phases   ] GC(33) Concurrent Process Non-Strong References 2.060ms
[2026-04-11T01:44:51.689+0530][174.545s][info][gc,phases   ] GC(33) Concurrent Reset Relocation Set 0.068ms
[2026-04-11T01:44:51.695+0530][174.552s][info][gc,phases   ] GC(33) Concurrent Select Relocation Set 6.567ms
[2026-04-11T01:44:51.696+0530][174.552s][info][gc,phases   ] GC(33) Pause Relocate Start 0.013ms
[2026-04-11T01:44:51.736+0530][174.593s][info][gc,phases   ] GC(33) Concurrent Relocate 40.192ms
[2026-04-11T01:44:51.737+0530][174.593s][info][gc,load     ] GC(33) Load: 0.00/0.00/0.00
[2026-04-11T01:44:51.737+0530][174.593s][info][gc,mmu      ] GC(33) MMU: 2ms/75.2%, 5ms/90.1%, 10ms/95.0%, 20ms/97.5%, 50ms/99.0%, 100ms/99.5%
[2026-04-11T01:44:51.737+0530][174.593s][info][gc,marking  ] GC(33) Mark: 2 stripe(s), 2 proactive flush(es), 1 terminate flush(es), 0 completion(s), 0 continuation(s) 
[2026-04-11T01:44:51.737+0530][174.593s][info][gc,marking  ] GC(33) Mark Stack Usage: 32M
[2026-04-11T01:44:51.737+0530][174.593s][info][gc,nmethod  ] GC(33) NMethods: 1489 registered, 531 unregistered
[2026-04-11T01:44:51.737+0530][174.593s][info][gc,metaspace] GC(33) Metaspace: 6M used, 6M committed, 1088M reserved
[2026-04-11T01:44:51.737+0530][174.593s][info][gc,ref      ] GC(33) Soft: 282 encountered, 0 discovered, 0 enqueued
[2026-04-11T01:44:51.737+0530][174.593s][info][gc,ref      ] GC(33) Weak: 606 encountered, 7 discovered, 0 enqueued
[2026-04-11T01:44:51.737+0530][174.593s][info][gc,ref      ] GC(33) Final: 0 encountered, 0 discovered, 0 enqueued
[2026-04-11T01:44:51.737+0530][174.593s][info][gc,ref      ] GC(33) Phantom: 136 encountered, 92 discovered, 0 enqueued
[2026-04-11T01:44:51.737+0530][174.593s][info][gc,reloc    ] GC(33) Small Pages: 2355 / 4710M, Empty: 602M, Relocated: 73M, In-Place: 0
[2026-04-11T01:44:51.739+0530][174.596s][info][gc,reloc    ] GC(33) Medium Pages: 1 / 32M, Empty: 0M, Relocated: 0M, In-Place: 0
[2026-04-11T01:44:51.739+0530][174.596s][info][gc,reloc    ] GC(33) Large Pages: 4 / 520M, Empty: 0M, Relocated: 0M, In-Place: 0
[2026-04-11T01:44:51.739+0530][174.596s][info][gc,reloc    ] GC(33) Forwarding Usage: 15M
[2026-04-11T01:44:51.739+0530][174.596s][info][gc,heap     ] GC(33) Min Capacity: 4096M(50%)
[2026-04-11T01:44:51.739+0530][174.596s][info][gc,heap     ] GC(33) Max Capacity: 8192M(100%)
[2026-04-11T01:44:51.739+0530][174.596s][info][gc,heap     ] GC(33) Soft Max Capacity: 8192M(100%)
[2026-04-11T01:44:51.739+0530][174.596s][info][gc,heap     ] GC(33)                Mark Start          Mark End        Relocate Start      Relocate End           High               Low         
[2026-04-11T01:44:51.740+0530][174.596s][info][gc,heap     ] GC(33)  Capacity:     8192M (100%)       8192M (100%)       8192M (100%)       8192M (100%)       8192M (100%)       8192M (100%)   
[2026-04-11T01:44:51.740+0530][174.596s][info][gc,heap     ] GC(33)      Free:     2930M (36%)         738M (9%)         1332M (16%)        3314M (40%)        3314M (40%)         736M (9%)     
[2026-04-11T01:44:51.740+0530][174.596s][info][gc,heap     ] GC(33)      Used:     5262M (64%)        7454M (91%)        6860M (84%)        4878M (60%)        7456M (91%)        4878M (60%)    
[2026-04-11T01:44:51.740+0530][174.596s][info][gc,heap     ] GC(33)      Live:         -              2592M (32%)        2592M (32%)        2592M (32%)            -                  -          
[2026-04-11T01:44:51.740+0530][174.596s][info][gc,heap     ] GC(33) Allocated:         -              2192M (27%)        2200M (27%)        2213M (27%)            -                  -          
[2026-04-11T01:44:51.740+0530][174.596s][info][gc,heap     ] GC(33)   Garbage:         -              2669M (33%)        2067M (25%)          71M (1%)             -                  -          
[2026-04-11T01:44:51.740+0530][174.596s][info][gc,heap     ] GC(33) Reclaimed:         -                  -               602M (7%)         2597M (32%)            -                  -          
[2026-04-11T01:44:51.740+0530][174.596s][info][gc          ] GC(33) Garbage Collection (Allocation Rate) 5262M(64%)->4878M(60%)
[2026-04-11T01:44:51.748+0530][174.604s][info][gc,start    ] GC(34) Garbage Collection (Allocation Rate)
[2026-04-11T01:44:51.748+0530][174.604s][info][gc,task     ] GC(34) Using 3 workers
[2026-04-11T01:44:51.748+0530][174.605s][info][gc,phases   ] GC(34) Pause Mark Start 0.013ms
[2026-04-11T01:44:56.081+0530][178.938s][info][gc,phases   ] GC(34) Concurrent Mark 4332.652ms
[2026-04-11T01:44:56.081+0530][178.938s][info][gc,phases   ] GC(34) Pause Mark End 0.022ms
[2026-04-11T01:44:56.082+0530][178.938s][info][gc,phases   ] GC(34) Concurrent Mark Free 0.002ms
[2026-04-11T01:44:56.084+0530][178.940s][info][gc,phases   ] GC(34) Concurrent Process Non-Strong References 1.976ms
[2026-04-11T01:44:56.084+0530][178.940s][info][gc,phases   ] GC(34) Concurrent Reset Relocation Set 0.066ms
[2026-04-11T01:44:56.091+0530][178.947s][info][gc,phases   ] GC(34) Concurrent Select Relocation Set 6.802ms
[2026-04-11T01:44:56.091+0530][178.948s][info][gc,phases   ] GC(34) Pause Relocate Start 0.014ms
[2026-04-11T01:44:56.121+0530][178.978s][info][gc,phases   ] GC(34) Concurrent Relocate 30.125ms
[2026-04-11T01:44:56.122+0530][178.978s][info][gc,load     ] GC(34) Load: 0.00/0.00/0.00
[2026-04-11T01:44:56.122+0530][178.978s][info][gc,mmu      ] GC(34) MMU: 2ms/75.2%, 5ms/90.1%, 10ms/95.0%, 20ms/97.5%, 50ms/99.0%, 100ms/99.5%
[2026-04-11T01:44:56.122+0530][178.978s][info][gc,marking  ] GC(34) Mark: 2 stripe(s), 2 proactive flush(es), 1 terminate flush(es), 0 completion(s), 0 continuation(s) 
[2026-04-11T01:44:56.122+0530][178.978s][info][gc,marking  ] GC(34) Mark Stack Usage: 32M
[2026-04-11T01:44:56.122+0530][178.978s][info][gc,nmethod  ] GC(34) NMethods: 1489 registered, 531 unregistered
[2026-04-11T01:44:56.122+0530][178.978s][info][gc,metaspace] GC(34) Metaspace: 6M used, 6M committed, 1088M reserved
[2026-04-11T01:44:56.122+0530][178.978s][info][gc,ref      ] GC(34) Soft: 282 encountered, 0 discovered, 0 enqueued
[2026-04-11T01:44:56.122+0530][178.978s][info][gc,ref      ] GC(34) Weak: 606 encountered, 20 discovered, 0 enqueued
[2026-04-11T01:44:56.122+0530][178.978s][info][gc,ref      ] GC(34) Final: 0 encountered, 0 discovered, 0 enqueued
[2026-04-11T01:44:56.122+0530][178.978s][info][gc,ref      ] GC(34) Phantom: 136 encountered, 92 discovered, 0 enqueued
[2026-04-11T01:44:56.122+0530][178.978s][info][gc,reloc    ] GC(34) Small Pages: 1905 / 3810M, Empty: 354M, Relocated: 48M, In-Place: 0
[2026-04-11T01:44:56.122+0530][178.978s][info][gc,reloc    ] GC(34) Medium Pages: 1 / 32M, Empty: 0M, Relocated: 0M, In-Place: 0
[2026-04-11T01:44:56.122+0530][178.979s][info][gc,reloc    ] GC(34) Large Pages: 6 / 1036M, Empty: 260M, Relocated: 0M, In-Place: 0
[2026-04-11T01:44:56.122+0530][178.979s][info][gc,reloc    ] GC(34) Forwarding Usage: 11M
[2026-04-11T01:44:56.122+0530][178.979s][info][gc,heap     ] GC(34) Min Capacity: 4096M(50%)
[2026-04-11T01:44:56.122+0530][178.979s][info][gc,heap     ] GC(34) Max Capacity: 8192M(100%)
[2026-04-11T01:44:56.122+0530][178.979s][info][gc,heap     ] GC(34) Soft Max Capacity: 8192M(100%)
[2026-04-11T01:44:56.122+0530][178.979s][info][gc,heap     ] GC(34)                Mark Start          Mark End        Relocate Start      Relocate End           High               Low         
[2026-04-11T01:44:56.122+0530][178.979s][info][gc,heap     ] GC(34)  Capacity:     8192M (100%)       8192M (100%)       8192M (100%)       8192M (100%)       8192M (100%)       8192M (100%)   
[2026-04-11T01:44:56.122+0530][178.979s][info][gc,heap     ] GC(34)      Free:     3314M (40%)         730M (9%)         1340M (16%)        2620M (32%)        3314M (40%)         728M (9%)     
[2026-04-11T01:44:56.122+0530][178.979s][info][gc,heap     ] GC(34)      Used:     4878M (60%)        7462M (91%)        6852M (84%)        5572M (68%)        7464M (91%)        4878M (60%)    
[2026-04-11T01:44:56.122+0530][178.979s][info][gc,heap     ] GC(34)      Live:         -              2889M (35%)        2889M (35%)        2889M (35%)            -                  -          
[2026-04-11T01:44:56.123+0530][178.979s][info][gc,heap     ] GC(34) Allocated:         -              2584M (32%)        2588M (32%)        2611M (32%)            -                  -          
[2026-04-11T01:44:56.123+0530][178.979s][info][gc,heap     ] GC(34)   Garbage:         -              1988M (24%)        1374M (17%)          70M (1%)             -                  -          
[2026-04-11T01:44:56.123+0530][178.979s][info][gc,heap     ] GC(34) Reclaimed:         -                  -               614M (7%)         1917M (23%)            -                  -          
[2026-04-11T01:44:56.123+0530][178.979s][info][gc          ] GC(34) Garbage Collection (Allocation Rate) 4878M(60%)->5572M(68%)
[2026-04-11T01:44:56.162+0530][179.018s][info][gc,start    ] GC(35) Garbage Collection (Allocation Rate)
[2026-04-11T01:44:56.162+0530][179.018s][info][gc,task     ] GC(35) Using 3 workers
[2026-04-11T01:44:56.162+0530][179.018s][info][gc,phases   ] GC(35) Pause Mark Start 0.012ms
[2026-04-11T01:44:57.548+0530][180.404s][info][gc,stats    ] === Garbage Collection Statistics =======================================================================================================================
[2026-04-11T01:44:57.548+0530][180.404s][info][gc,stats    ]                                                              Last 10s              Last 10m              Last 10h                Total
[2026-04-11T01:44:57.548+0530][180.404s][info][gc,stats    ]                                                              Avg / Max             Avg / Max             Avg / Max             Avg / Max
[2026-04-11T01:44:57.548+0530][180.404s][info][gc,stats    ]   Collector: Garbage Collection Cycle                   4331.303 / 4373.853   2570.306 / 4373.853   2570.306 / 4373.853   2570.306 / 4373.853    ms
[2026-04-11T01:44:57.548+0530][180.404s][info][gc,stats    ]  Contention: Mark Segment Reset Contention                     0 / 5                 0 / 13                0 / 13                0 / 13          ops/s
[2026-04-11T01:44:57.548+0530][180.404s][info][gc,stats    ]  Contention: Mark SeqNum Reset Contention                      0 / 0                 0 / 0                 0 / 0                 0 / 0           ops/s
[2026-04-11T01:44:57.548+0530][180.404s][info][gc,stats    ]    Critical: Allocation Stall                                  0 / 0                 0 / 0                 0 / 0                 0 / 0           ops/s
[2026-04-11T01:44:57.548+0530][180.404s][info][gc,stats    ]    Critical: Allocation Stall                              0.000 / 0.000         0.000 / 0.000         0.000 / 0.000         0.000 / 0.000       ms
[2026-04-11T01:44:57.548+0530][180.404s][info][gc,stats    ]    Critical: GC Locker Stall                                   0 / 0                 0 / 0                 0 / 0                 0 / 0           ops/s
[2026-04-11T01:44:57.548+0530][180.404s][info][gc,stats    ]    Critical: GC Locker Stall                               0.000 / 0.000         0.000 / 0.000         0.000 / 0.000         0.000 / 0.000       ms
[2026-04-11T01:44:57.548+0530][180.405s][info][gc,stats    ]    Critical: Relocation Stall                                  0 / 0                 0 / 0                 0 / 0                 0 / 0           ops/s
[2026-04-11T01:44:57.548+0530][180.405s][info][gc,stats    ]    Critical: Relocation Stall                              0.000 / 0.000         0.000 / 0.000         0.000 / 0.000         0.000 / 0.000       ms
[2026-04-11T01:44:57.548+0530][180.405s][info][gc,stats    ]      Memory: Allocation Rate                                 565 / 916             654 / 918             654 / 918             654 / 918         MB/s
[2026-04-11T01:44:57.548+0530][180.405s][info][gc,stats    ]      Memory: Defragment                                        0 / 0                 0 / 1                 0 / 1                 0 / 1           ops/s
[2026-04-11T01:44:57.548+0530][180.405s][info][gc,stats    ]      Memory: Out Of Memory                                     0 / 0                 0 / 0                 0 / 0                 0 / 0           ops/s
[2026-04-11T01:44:57.548+0530][180.405s][info][gc,stats    ]      Memory: Page Cache Flush                                 51 / 516               6 / 516               6 / 516               6 / 516         MB/s
[2026-04-11T01:44:57.548+0530][180.405s][info][gc,stats    ]      Memory: Page Cache Hit L1                               263 / 340             308 / 458             308 / 458             308 / 458         ops/s
[2026-04-11T01:44:57.548+0530][180.405s][info][gc,stats    ]      Memory: Page Cache Hit L2                                 0 / 0                 0 / 0                 0 / 0                 0 / 0           ops/s
[2026-04-11T01:44:57.548+0530][180.405s][info][gc,stats    ]      Memory: Page Cache Hit L3                                 0 / 0                11 / 445              11 / 445              11 / 445         ops/s
[2026-04-11T01:44:57.548+0530][180.405s][info][gc,stats    ]      Memory: Page Cache Miss                                   0 / 2                10 / 271              10 / 271              10 / 271         ops/s
[2026-04-11T01:44:57.548+0530][180.405s][info][gc,stats    ]      Memory: Uncommit                                          0 / 0                 0 / 0                 0 / 0                 0 / 0           MB/s
[2026-04-11T01:44:57.548+0530][180.405s][info][gc,stats    ]      Memory: Undo Object Allocation Failed                     0 / 0                 0 / 0                 0 / 0                 0 / 0           ops/s
[2026-04-11T01:44:57.549+0530][180.405s][info][gc,stats    ]      Memory: Undo Object Allocation Succeeded                  0 / 3                 0 / 4                 0 / 4                 0 / 4           ops/s
[2026-04-11T01:44:57.549+0530][180.405s][info][gc,stats    ]      Memory: Undo Page Allocation                              0 / 0                 0 / 0                 0 / 0                 0 / 0           ops/s
[2026-04-11T01:44:57.549+0530][180.405s][info][gc,stats    ]       Phase: Concurrent Mark                            4285.214 / 4332.652   2486.428 / 4332.652   2486.428 / 4332.652   2486.428 / 4332.652    ms
[2026-04-11T01:44:57.549+0530][180.405s][info][gc,stats    ]       Phase: Concurrent Mark Continue                      0.000 / 0.000         0.000 / 0.000         0.000 / 0.000         0.000 / 0.000       ms
[2026-04-11T01:44:57.549+0530][180.405s][info][gc,stats    ]       Phase: Concurrent Mark Free                          0.002 / 0.002         0.002 / 0.002         0.002 / 0.002         0.002 / 0.002       ms
[2026-04-11T01:44:57.549+0530][180.405s][info][gc,stats    ]       Phase: Concurrent Process Non-Strong References      2.018 / 2.060         3.898 / 51.309        3.898 / 51.309        3.898 / 51.309      ms
[2026-04-11T01:44:57.549+0530][180.405s][info][gc,stats    ]       Phase: Concurrent Relocate                          35.159 / 40.192       61.628 / 250.050      61.628 / 250.050      61.628 / 250.050     ms
[2026-04-11T01:44:57.549+0530][180.405s][info][gc,stats    ]       Phase: Concurrent Reset Relocation Set               0.067 / 0.068         0.084 / 0.281         0.084 / 0.281         0.084 / 0.281       ms
[2026-04-11T01:44:57.549+0530][180.405s][info][gc,stats    ]       Phase: Concurrent Select Relocation Set              6.684 / 6.802        15.406 / 41.557       15.406 / 41.557       15.406 / 41.557      ms
[2026-04-11T01:44:57.549+0530][180.405s][info][gc,stats    ]       Phase: Pause Mark End                                0.023 / 0.023         0.026 / 0.081         0.026 / 0.081         0.026 / 0.081       ms
[2026-04-11T01:44:57.549+0530][180.405s][info][gc,stats    ]       Phase: Pause Mark Start                              0.012 / 0.013         0.025 / 0.497         0.025 / 0.497         0.025 / 0.497       ms
[2026-04-11T01:44:57.549+0530][180.405s][info][gc,stats    ]       Phase: Pause Relocate Start                          0.013 / 0.014         0.014 / 0.029         0.014 / 0.029         0.014 / 0.029       ms
[2026-04-11T01:44:57.549+0530][180.405s][info][gc,stats    ]    Subphase: Concurrent Classes Purge                      0.022 / 0.024         0.106 / 1.367         0.106 / 1.367         0.106 / 1.367       ms
[2026-04-11T01:44:57.549+0530][180.405s][info][gc,stats    ]    Subphase: Concurrent Classes Unlink                     1.359 / 1.406         2.958 / 45.355        2.958 / 45.355        2.958 / 45.355      ms
[2026-04-11T01:44:57.549+0530][180.405s][info][gc,stats    ]    Subphase: Concurrent Mark                            4280.880 / 4331.613   2534.504 / 4331.613   2534.504 / 4331.613   2534.504 / 4331.613    ms
[2026-04-11T01:44:57.549+0530][180.406s][info][gc,stats    ]    Subphase: Concurrent Mark Try Flush                     0.186 / 0.243         0.259 / 9.301         0.259 / 9.301         0.259 / 9.301       ms
[2026-04-11T01:44:57.549+0530][180.406s][info][gc,stats    ]    Subphase: Concurrent Mark Try Terminate                 5.321 / 15.808        5.411 / 16.054        5.411 / 16.054        5.411 / 16.054      ms
[2026-04-11T01:44:57.549+0530][180.406s][info][gc,stats    ]    Subphase: Concurrent References Enqueue                 0.001 / 0.001         0.001 / 0.019         0.001 / 0.019         0.001 / 0.019       ms
[2026-04-11T01:44:57.549+0530][180.406s][info][gc,stats    ]    Subphase: Concurrent References Process                 0.147 / 0.149         0.134 / 0.254         0.134 / 0.254         0.134 / 0.254       ms
[2026-04-11T01:44:57.550+0530][180.406s][info][gc,stats    ]    Subphase: Concurrent Roots ClassLoaderDataGraph         0.089 / 0.234         0.095 / 0.504         0.095 / 0.504         0.095 / 0.504       ms
[2026-04-11T01:44:57.550+0530][180.406s][info][gc,stats    ]    Subphase: Concurrent Roots CodeCache                    0.000 / 0.000         0.000 / 0.000         0.000 / 0.000         0.000 / 0.000       ms
[2026-04-11T01:44:57.550+0530][180.406s][info][gc,stats    ]    Subphase: Concurrent Roots JavaThreads                  0.503 / 0.688         0.609 / 2.803         0.609 / 2.803         0.609 / 2.803       ms
[2026-04-11T01:44:57.550+0530][180.406s][info][gc,stats    ]    Subphase: Concurrent Roots OopStorageSet                0.014 / 0.021         0.031 / 0.422         0.031 / 0.422         0.031 / 0.422       ms
[2026-04-11T01:44:57.550+0530][180.406s][info][gc,stats    ]    Subphase: Concurrent Weak Roots OopStorageSet           0.178 / 0.202         0.302 / 2.929         0.302 / 2.929         0.302 / 2.929       ms
[2026-04-11T01:44:57.550+0530][180.406s][info][gc,stats    ]    Subphase: Pause Mark Try Complete                       0.000 / 0.000         0.000 / 0.000         0.000 / 0.000         0.000 / 0.000       ms
[2026-04-11T01:44:57.550+0530][180.406s][info][gc,stats    ]      System: Java Threads                                     18 / 18               18 / 20               18 / 20               18 / 20          threads
[2026-04-11T01:44:57.550+0530][180.406s][info][gc,stats    ] =========================================================================================================================================================
[2026-04-11T01:45:00.599+0530][183.456s][info][gc,phases   ] GC(35) Concurrent Mark 4437.072ms
[2026-04-11T01:45:00.599+0530][183.456s][info][gc,phases   ] GC(35) Pause Mark End 0.025ms
[2026-04-11T01:45:00.599+0530][183.456s][info][gc,phases   ] GC(35) Concurrent Mark Free 0.002ms
[2026-04-11T01:45:00.601+0530][183.458s][info][gc,phases   ] GC(35) Concurrent Process Non-Strong References 1.830ms
[2026-04-11T01:45:00.601+0530][183.458s][info][gc,phases   ] GC(35) Concurrent Reset Relocation Set 0.044ms
[2026-04-11T01:45:00.618+0530][183.474s][info][gc,phases   ] GC(35) Concurrent Select Relocation Set 16.376ms
[2026-04-11T01:45:00.618+0530][183.475s][info][gc,phases   ] GC(35) Pause Relocate Start 0.015ms
[2026-04-11T01:45:00.661+0530][183.517s][info][gc,phases   ] GC(35) Concurrent Relocate 42.332ms
[2026-04-11T01:45:00.661+0530][183.517s][info][gc,load     ] GC(35) Load: 0.00/0.00/0.00
[2026-04-11T01:45:00.661+0530][183.517s][info][gc,mmu      ] GC(35) MMU: 2ms/75.2%, 5ms/90.1%, 10ms/95.0%, 20ms/97.5%, 50ms/99.0%, 100ms/99.5%
[2026-04-11T01:45:00.661+0530][183.517s][info][gc,marking  ] GC(35) Mark: 2 stripe(s), 3 proactive flush(es), 1 terminate flush(es), 0 completion(s), 0 continuation(s) 
[2026-04-11T01:45:00.661+0530][183.518s][info][gc,marking  ] GC(35) Mark Stack Usage: 32M
[2026-04-11T01:45:00.661+0530][183.518s][info][gc,nmethod  ] GC(35) NMethods: 1493 registered, 531 unregistered
[2026-04-11T01:45:00.661+0530][183.518s][info][gc,metaspace] GC(35) Metaspace: 6M used, 6M committed, 1088M reserved
[2026-04-11T01:45:00.661+0530][183.518s][info][gc,ref      ] GC(35) Soft: 282 encountered, 0 discovered, 0 enqueued
[2026-04-11T01:45:00.661+0530][183.518s][info][gc,ref      ] GC(35) Weak: 606 encountered, 47 discovered, 0 enqueued
[2026-04-11T01:45:00.661+0530][183.518s][info][gc,ref      ] GC(35) Final: 0 encountered, 0 discovered, 0 enqueued
[2026-04-11T01:45:00.661+0530][183.518s][info][gc,ref      ] GC(35) Phantom: 136 encountered, 92 discovered, 0 enqueued
[2026-04-11T01:45:00.661+0530][183.518s][info][gc,reloc    ] GC(35) Small Pages: 2391 / 4782M, Empty: 588M, Relocated: 76M, In-Place: 0
[2026-04-11T01:45:00.661+0530][183.518s][info][gc,reloc    ] GC(35) Medium Pages: 1 / 32M, Empty: 0M, Relocated: 0M, In-Place: 0
[2026-04-11T01:45:00.661+0530][183.518s][info][gc,reloc    ] GC(35) Large Pages: 4 / 776M, Empty: 0M, Relocated: 0M, In-Place: 0
[2026-04-11T01:45:00.661+0530][183.518s][info][gc,reloc    ] GC(35) Forwarding Usage: 16M
[2026-04-11T01:45:00.661+0530][183.518s][info][gc,heap     ] GC(35) Min Capacity: 4096M(50%)
[2026-04-11T01:45:00.661+0530][183.518s][info][gc,heap     ] GC(35) Max Capacity: 8192M(100%)
[2026-04-11T01:45:00.661+0530][183.518s][info][gc,heap     ] GC(35) Soft Max Capacity: 8192M(100%)
[2026-04-11T01:45:00.661+0530][183.518s][info][gc,heap     ] GC(35)                Mark Start          Mark End        Relocate Start      Relocate End           High               Low         
[2026-04-11T01:45:00.661+0530][183.518s][info][gc,heap     ] GC(35)  Capacity:     8192M (100%)       8192M (100%)       8192M (100%)       8192M (100%)       8192M (100%)       8192M (100%)   
[2026-04-11T01:45:00.661+0530][183.518s][info][gc,heap     ] GC(35)      Free:     2602M (32%)         768M (9%)         1356M (17%)        3332M (41%)        3332M (41%)         768M (9%)     
[2026-04-11T01:45:00.661+0530][183.518s][info][gc,heap     ] GC(35)      Used:     5590M (68%)        7424M (91%)        6836M (83%)        4860M (59%)        7424M (91%)        4860M (59%)    
[2026-04-11T01:45:00.662+0530][183.518s][info][gc,heap     ] GC(35)      Live:         -              2953M (36%)        2953M (36%)        2953M (36%)            -                  -          
[2026-04-11T01:45:00.662+0530][183.518s][info][gc,heap     ] GC(35) Allocated:         -              1834M (22%)        1834M (22%)        1835M (22%)            -                  -          
[2026-04-11T01:45:00.662+0530][183.518s][info][gc,heap     ] GC(35)   Garbage:         -              2636M (32%)        2048M (25%)          70M (1%)             -                  -          
[2026-04-11T01:45:00.662+0530][183.518s][info][gc,heap     ] GC(35) Reclaimed:         -                  -               588M (7%)         2565M (31%)            -                  -          
[2026-04-11T01:45:00.662+0530][183.518s][info][gc          ] GC(35) Garbage Collection (Allocation Rate) 5590M(68%)->4860M(59%)
[2026-04-11T01:45:01.391+0530][184.247s][info][gc,heap,exit] Heap
[2026-04-11T01:45:01.391+0530][184.247s][info][gc,heap,exit]  ZHeap           used 4862M, capacity 8192M, max capacity 8192M
[2026-04-11T01:45:01.391+0530][184.247s][info][gc,heap,exit]  Metaspace       used 7130K, committed 7360K, reserved 1114112K
[2026-04-11T01:45:01.391+0530][184.248s][info][gc,heap,exit]   class space    used 801K, committed 960K, reserved 1048576K
