[2026-04-11T14:12:29.224+0530][0.043s][info][gc,init] Initializing The Z Garbage Collector
[2026-04-11T14:12:29.224+0530][0.043s][info][gc,init] Version: 21.0.10+8-LTS-217 (release)
[2026-04-11T14:12:29.224+0530][0.043s][info][gc,init] Using legacy single-generation mode
[2026-04-11T14:12:29.224+0530][0.043s][info][gc,init] NUMA Support: Disabled
[2026-04-11T14:12:29.224+0530][0.043s][info][gc,init] CPUs: 12 total, 12 available
[2026-04-11T14:12:29.224+0530][0.043s][info][gc,init] Memory: 16076M
[2026-04-11T14:12:29.224+0530][0.043s][info][gc,init] Large Page Support: Disabled
[2026-04-11T14:12:29.224+0530][0.044s][info][gc,init] GC Workers: 3 (dynamic)
[2026-04-11T14:12:29.226+0530][0.045s][info][gc,init] Address Space Type: Contiguous/Unrestricted/Complete
[2026-04-11T14:12:29.227+0530][0.046s][info][gc,init] Address Space Size: 131072M x 3 = 393216M
[2026-04-11T14:12:29.227+0530][0.046s][info][gc,init] Min Capacity: 4096M
[2026-04-11T14:12:29.228+0530][0.047s][info][gc,init] Initial Capacity: 4096M
[2026-04-11T14:12:29.228+0530][0.047s][info][gc,init] Max Capacity: 8192M
[2026-04-11T14:12:29.228+0530][0.047s][info][gc,init] Medium Page Size: 32M
[2026-04-11T14:12:29.228+0530][0.047s][info][gc,init] Pre-touch: Enabled
[2026-04-11T14:12:29.228+0530][0.047s][info][gc,init] Uncommit: Enabled
[2026-04-11T14:12:29.228+0530][0.047s][info][gc,init] Uncommit Delay: 300s
[2026-04-11T14:12:35.658+0530][6.477s][info][gc,init] Runtime Workers: 8
[2026-04-11T14:12:35.658+0530][6.479s][info][gc     ] Using The Z Garbage Collector
[2026-04-11T14:12:35.678+0530][6.498s][info][gc,metaspace] CDS archive(s) mapped at: [0x0000021780000000-0x0000021780c90000-0x0000021780c90000), size 13172736, SharedBaseAddress: 0x0000021780000000, ArchiveRelocationMode: 1.
[2026-04-11T14:12:35.679+0530][6.498s][info][gc,metaspace] Compressed class space mapped at: 0x0000021781000000-0x00000217c1000000, reserved size: 1073741824
[2026-04-11T14:12:35.679+0530][6.498s][info][gc,metaspace] Narrow klass base: 0x0000021780000000, Narrow klass shift: 0, Narrow klass range: 0x100000000
[2026-04-11T14:12:38.305+0530][9.124s][info][gc,start    ] GC(0) Garbage Collection (Warmup)
[2026-04-11T14:12:38.305+0530][9.124s][info][gc,task     ] GC(0) Using 3 workers
[2026-04-11T14:12:38.305+0530][9.124s][info][gc,phases   ] GC(0) Pause Mark Start 0.025ms
[2026-04-11T14:12:38.414+0530][9.233s][info][gc,phases   ] GC(0) Concurrent Mark 107.971ms
[2026-04-11T14:12:38.414+0530][9.233s][info][gc,phases   ] GC(0) Pause Mark End 0.037ms
[2026-04-11T14:12:38.414+0530][9.233s][info][gc,phases   ] GC(0) Concurrent Mark Free 0.003ms
[2026-04-11T14:12:38.417+0530][9.237s][info][gc,phases   ] GC(0) Concurrent Process Non-Strong References 3.607ms
[2026-04-11T14:12:38.417+0530][9.237s][info][gc,phases   ] GC(0) Concurrent Reset Relocation Set 0.002ms
[2026-04-11T14:12:38.442+0530][9.262s][info][gc,phases   ] GC(0) Concurrent Select Relocation Set 25.204ms
[2026-04-11T14:12:38.443+0530][9.262s][info][gc,phases   ] GC(0) Pause Relocate Start 0.013ms
[2026-04-11T14:12:38.481+0530][9.300s][info][gc,phases   ] GC(0) Concurrent Relocate 37.164ms
[2026-04-11T14:12:38.481+0530][9.300s][info][gc,load     ] GC(0) Load: 0.00/0.00/0.00
[2026-04-11T14:12:38.481+0530][9.300s][info][gc,mmu      ] GC(0) MMU: 2ms/98.2%, 5ms/99.3%, 10ms/99.6%, 20ms/99.8%, 50ms/99.9%, 100ms/100.0%
[2026-04-11T14:12:38.481+0530][9.300s][info][gc,marking  ] GC(0) Mark: 2 stripe(s), 2 proactive flush(es), 1 terminate flush(es), 0 completion(s), 0 continuation(s) 
[2026-04-11T14:12:38.481+0530][9.300s][info][gc,marking  ] GC(0) Mark Stack Usage: 32M
[2026-04-11T14:12:38.481+0530][9.300s][info][gc,nmethod  ] GC(0) NMethods: 1415 registered, 383 unregistered
[2026-04-11T14:12:38.481+0530][9.300s][info][gc,metaspace] GC(0) Metaspace: 6M used, 6M committed, 1088M reserved
[2026-04-11T14:12:38.481+0530][9.300s][info][gc,ref      ] GC(0) Soft: 280 encountered, 0 discovered, 0 enqueued
[2026-04-11T14:12:38.481+0530][9.300s][info][gc,ref      ] GC(0) Weak: 858 encountered, 270 discovered, 262 enqueued
[2026-04-11T14:12:38.481+0530][9.300s][info][gc,ref      ] GC(0) Final: 0 encountered, 0 discovered, 0 enqueued
[2026-04-11T14:12:38.481+0530][9.300s][info][gc,ref      ] GC(0) Phantom: 136 encountered, 132 discovered, 0 enqueued
[2026-04-11T14:12:38.481+0530][9.300s][info][gc,reloc    ] GC(0) Small Pages: 409 / 818M, Empty: 178M, Relocated: 45M, In-Place: 0
[2026-04-11T14:12:38.481+0530][9.300s][info][gc,reloc    ] GC(0) Medium Pages: 1 / 32M, Empty: 0M, Relocated: 0M, In-Place: 0
[2026-04-11T14:12:38.482+0530][9.300s][info][gc,reloc    ] GC(0) Large Pages: 0 / 0M, Empty: 0M, Relocated: 0M, In-Place: 0
[2026-04-11T14:12:38.482+0530][9.300s][info][gc,reloc    ] GC(0) Forwarding Usage: 16M
[2026-04-11T14:12:38.482+0530][9.300s][info][gc,heap     ] GC(0) Min Capacity: 4096M(50%)
[2026-04-11T14:12:38.482+0530][9.300s][info][gc,heap     ] GC(0) Max Capacity: 8192M(100%)
[2026-04-11T14:12:38.482+0530][9.300s][info][gc,heap     ] GC(0) Soft Max Capacity: 8192M(100%)
[2026-04-11T14:12:38.482+0530][9.300s][info][gc,heap     ] GC(0)                Mark Start          Mark End        Relocate Start      Relocate End           High               Low         
[2026-04-11T14:12:38.482+0530][9.301s][info][gc,heap     ] GC(0)  Capacity:     4096M (50%)        4096M (50%)        4096M (50%)        4096M (50%)        4096M (50%)        4096M (50%)    
[2026-04-11T14:12:38.482+0530][9.301s][info][gc,heap     ] GC(0)      Free:     7342M (90%)        7286M (89%)        7446M (91%)        8014M (98%)        8016M (98%)        7284M (89%)    
[2026-04-11T14:12:38.482+0530][9.301s][info][gc,heap     ] GC(0)      Used:      850M (10%)         906M (11%)         746M (9%)          178M (2%)          908M (11%)         176M (2%)     
[2026-04-11T14:12:38.482+0530][9.301s][info][gc,heap     ] GC(0)      Live:         -                57M (1%)           57M (1%)           57M (1%)             -                  -          
[2026-04-11T14:12:38.482+0530][9.301s][info][gc,heap     ] GC(0) Allocated:         -                56M (1%)           74M (1%)           91M (1%)             -                  -          
[2026-04-11T14:12:38.482+0530][9.301s][info][gc,heap     ] GC(0)   Garbage:         -               792M (10%)         614M (8%)           29M (0%)             -                  -          
[2026-04-11T14:12:38.482+0530][9.301s][info][gc,heap     ] GC(0) Reclaimed:         -                  -               178M (2%)          763M (9%)             -                  -          
[2026-04-11T14:12:38.482+0530][9.301s][info][gc          ] GC(0) Garbage Collection (Warmup) 850M(10%)->178M(2%)
[2026-04-11T14:12:39.700+0530][10.519s][info][gc,stats    ] === Garbage Collection Statistics =======================================================================================================================
[2026-04-11T14:12:39.700+0530][10.519s][info][gc,stats    ]                                                              Last 10s              Last 10m              Last 10h                Total
[2026-04-11T14:12:39.700+0530][10.519s][info][gc,stats    ]                                                              Avg / Max             Avg / Max             Avg / Max             Avg / Max
[2026-04-11T14:12:39.700+0530][10.519s][info][gc,stats    ]   Collector: Garbage Collection Cycle                    175.889 / 175.889     175.889 / 175.889     175.889 / 175.889     175.889 / 175.889     ms
[2026-04-11T14:12:39.700+0530][10.519s][info][gc,stats    ]  Contention: Mark Segment Reset Contention                     0 / 1                 0 / 1                 0 / 1                 0 / 1           ops/s
[2026-04-11T14:12:39.700+0530][10.519s][info][gc,stats    ]  Contention: Mark SeqNum Reset Contention                      0 / 0                 0 / 0                 0 / 0                 0 / 0           ops/s
[2026-04-11T14:12:39.700+0530][10.519s][info][gc,stats    ]    Critical: Allocation Stall                                  0 / 0                 0 / 0                 0 / 0                 0 / 0           ops/s
[2026-04-11T14:12:39.701+0530][10.520s][info][gc,stats    ]    Critical: Allocation Stall                              0.000 / 0.000         0.000 / 0.000         0.000 / 0.000         0.000 / 0.000       ms
[2026-04-11T14:12:39.701+0530][10.520s][info][gc,stats    ]    Critical: GC Locker Stall                                   0 / 0                 0 / 0                 0 / 0                 0 / 0           ops/s
[2026-04-11T14:12:39.701+0530][10.520s][info][gc,stats    ]    Critical: GC Locker Stall                               0.000 / 0.000         0.000 / 0.000         0.000 / 0.000         0.000 / 0.000       ms
[2026-04-11T14:12:39.701+0530][10.520s][info][gc,stats    ]    Critical: Relocation Stall                                  0 / 0                 0 / 0                 0 / 0                 0 / 0           ops/s
[2026-04-11T14:12:39.701+0530][10.520s][info][gc,stats    ]    Critical: Relocation Stall                              0.000 / 0.000         0.000 / 0.000         0.000 / 0.000         0.000 / 0.000       ms
[2026-04-11T14:12:39.701+0530][10.520s][info][gc,stats    ]      Memory: Allocation Rate                                 482 / 810             482 / 810             482 / 810             482 / 810         MB/s
[2026-04-11T14:12:39.701+0530][10.520s][info][gc,stats    ]      Memory: Defragment                                        0 / 0                 0 / 0                 0 / 0                 0 / 0           ops/s
[2026-04-11T14:12:39.701+0530][10.520s][info][gc,stats    ]      Memory: Out Of Memory                                     0 / 0                 0 / 0                 0 / 0                 0 / 0           ops/s
[2026-04-11T14:12:39.701+0530][10.520s][info][gc,stats    ]      Memory: Page Cache Flush                                  0 / 0                 0 / 0                 0 / 0                 0 / 0           MB/s
[2026-04-11T14:12:39.701+0530][10.520s][info][gc,stats    ]      Memory: Page Cache Hit L1                               101 / 291             101 / 291             101 / 291             101 / 291         ops/s
[2026-04-11T14:12:39.701+0530][10.520s][info][gc,stats    ]      Memory: Page Cache Hit L2                                 0 / 0                 0 / 0                 0 / 0                 0 / 0           ops/s
[2026-04-11T14:12:39.701+0530][10.520s][info][gc,stats    ]      Memory: Page Cache Hit L3                               137 / 211             137 / 211             137 / 211             137 / 211         ops/s
[2026-04-11T14:12:39.701+0530][10.520s][info][gc,stats    ]      Memory: Page Cache Miss                                   0 / 1                 0 / 1                 0 / 1                 0 / 1           ops/s
[2026-04-11T14:12:39.701+0530][10.520s][info][gc,stats    ]      Memory: Uncommit                                          0 / 0                 0 / 0                 0 / 0                 0 / 0           MB/s
[2026-04-11T14:12:39.701+0530][10.520s][info][gc,stats    ]      Memory: Undo Object Allocation Failed                     0 / 0                 0 / 0                 0 / 0                 0 / 0           ops/s
[2026-04-11T14:12:39.701+0530][10.520s][info][gc,stats    ]      Memory: Undo Object Allocation Succeeded                  0 / 0                 0 / 0                 0 / 0                 0 / 0           ops/s
[2026-04-11T14:12:39.701+0530][10.520s][info][gc,stats    ]      Memory: Undo Page Allocation                              0 / 0                 0 / 0                 0 / 0                 0 / 0           ops/s
[2026-04-11T14:12:39.701+0530][10.520s][info][gc,stats    ]       Phase: Concurrent Mark                             107.971 / 107.971     107.971 / 107.971     107.971 / 107.971     107.971 / 107.971     ms
[2026-04-11T14:12:39.701+0530][10.520s][info][gc,stats    ]       Phase: Concurrent Mark Continue                      0.000 / 0.000         0.000 / 0.000         0.000 / 0.000         0.000 / 0.000       ms
[2026-04-11T14:12:39.701+0530][10.520s][info][gc,stats    ]       Phase: Concurrent Mark Free                          0.003 / 0.003         0.003 / 0.003         0.003 / 0.003         0.003 / 0.003       ms
[2026-04-11T14:12:39.701+0530][10.520s][info][gc,stats    ]       Phase: Concurrent Process Non-Strong References      3.607 / 3.607         3.607 / 3.607         3.607 / 3.607         3.607 / 3.607       ms
[2026-04-11T14:12:39.701+0530][10.520s][info][gc,stats    ]       Phase: Concurrent Relocate                          37.164 / 37.164       37.164 / 37.164       37.164 / 37.164       37.164 / 37.164      ms
[2026-04-11T14:12:39.701+0530][10.520s][info][gc,stats    ]       Phase: Concurrent Reset Relocation Set               0.002 / 0.002         0.002 / 0.002         0.002 / 0.002         0.002 / 0.002       ms
[2026-04-11T14:12:39.701+0530][10.520s][info][gc,stats    ]       Phase: Concurrent Select Relocation Set             25.204 / 25.204       25.204 / 25.204       25.204 / 25.204       25.204 / 25.204      ms
[2026-04-11T14:12:39.701+0530][10.520s][info][gc,stats    ]       Phase: Pause Mark End                                0.037 / 0.037         0.037 / 0.037         0.037 / 0.037         0.037 / 0.037       ms
[2026-04-11T14:12:39.701+0530][10.520s][info][gc,stats    ]       Phase: Pause Mark Start                              0.025 / 0.025         0.025 / 0.025         0.025 / 0.025         0.025 / 0.025       ms
[2026-04-11T14:12:39.701+0530][10.520s][info][gc,stats    ]       Phase: Pause Relocate Start                          0.013 / 0.013         0.013 / 0.013         0.013 / 0.013         0.013 / 0.013       ms
[2026-04-11T14:12:39.701+0530][10.520s][info][gc,stats    ]    Subphase: Concurrent Classes Purge                      0.807 / 0.807         0.807 / 0.807         0.807 / 0.807         0.807 / 0.807       ms
[2026-04-11T14:12:39.701+0530][10.520s][info][gc,stats    ]    Subphase: Concurrent Classes Unlink                     1.945 / 1.945         1.945 / 1.945         1.945 / 1.945         1.945 / 1.945       ms
[2026-04-11T14:12:39.701+0530][10.520s][info][gc,stats    ]    Subphase: Concurrent Mark                             104.108 / 106.865     104.108 / 106.865     104.108 / 106.865     104.108 / 106.865     ms
[2026-04-11T14:12:39.701+0530][10.520s][info][gc,stats    ]    Subphase: Concurrent Mark Try Flush                     0.127 / 0.157         0.127 / 0.157         0.127 / 0.157         0.127 / 0.157       ms
[2026-04-11T14:12:39.701+0530][10.520s][info][gc,stats    ]    Subphase: Concurrent Mark Try Terminate                 4.433 / 9.029         4.433 / 9.029         4.433 / 9.029         4.433 / 9.029       ms
[2026-04-11T14:12:39.701+0530][10.521s][info][gc,stats    ]    Subphase: Concurrent References Enqueue                 0.015 / 0.015         0.015 / 0.015         0.015 / 0.015         0.015 / 0.015       ms
[2026-04-11T14:12:39.701+0530][10.521s][info][gc,stats    ]    Subphase: Concurrent References Process                 0.382 / 0.382         0.382 / 0.382         0.382 / 0.382         0.382 / 0.382       ms
[2026-04-11T14:12:39.701+0530][10.521s][info][gc,stats    ]    Subphase: Concurrent Roots ClassLoaderDataGraph         0.179 / 0.348         0.179 / 0.348         0.179 / 0.348         0.179 / 0.348       ms
[2026-04-11T14:12:39.701+0530][10.521s][info][gc,stats    ]    Subphase: Concurrent Roots CodeCache                    0.000 / 0.000         0.000 / 0.000         0.000 / 0.000         0.000 / 0.000       ms
[2026-04-11T14:12:39.701+0530][10.521s][info][gc,stats    ]    Subphase: Concurrent Roots JavaThreads                  0.503 / 0.632         0.503 / 0.632         0.503 / 0.632         0.503 / 0.632       ms
[2026-04-11T14:12:39.701+0530][10.521s][info][gc,stats    ]    Subphase: Concurrent Roots OopStorageSet                0.142 / 0.182         0.142 / 0.182         0.142 / 0.182         0.142 / 0.182       ms
[2026-04-11T14:12:39.701+0530][10.521s][info][gc,stats    ]    Subphase: Concurrent Weak Roots OopStorageSet           0.241 / 0.245         0.241 / 0.245         0.241 / 0.245         0.241 / 0.245       ms
[2026-04-11T14:12:39.701+0530][10.521s][info][gc,stats    ]    Subphase: Pause Mark Try Complete                       0.000 / 0.000         0.000 / 0.000         0.000 / 0.000         0.000 / 0.000       ms
[2026-04-11T14:12:39.701+0530][10.521s][info][gc,stats    ]      System: Java Threads                                     19 / 20               19 / 20               19 / 20               19 / 20          threads
[2026-04-11T14:12:39.701+0530][10.521s][info][gc,stats    ] =========================================================================================================================================================
[2026-04-11T14:12:40.409+0530][11.228s][info][gc,start    ] GC(1) Garbage Collection (Warmup)
[2026-04-11T14:12:40.409+0530][11.228s][info][gc,task     ] GC(1) Using 3 workers
[2026-04-11T14:12:40.409+0530][11.228s][info][gc,phases   ] GC(1) Pause Mark Start 0.016ms
[2026-04-11T14:12:40.612+0530][11.431s][info][gc,phases   ] GC(1) Concurrent Mark 202.062ms
[2026-04-11T14:12:40.612+0530][11.431s][info][gc,phases   ] GC(1) Pause Mark End 0.021ms
[2026-04-11T14:12:40.612+0530][11.431s][info][gc,phases   ] GC(1) Concurrent Mark Free 0.001ms
[2026-04-11T14:12:40.615+0530][11.434s][info][gc,phases   ] GC(1) Concurrent Process Non-Strong References 2.409ms
[2026-04-11T14:12:40.615+0530][11.434s][info][gc,phases   ] GC(1) Concurrent Reset Relocation Set 0.013ms
[2026-04-11T14:12:40.619+0530][11.439s][info][gc,phases   ] GC(1) Concurrent Select Relocation Set 4.921ms
[2026-04-11T14:12:40.620+0530][11.439s][info][gc,phases   ] GC(1) Pause Relocate Start 0.012ms
[2026-04-11T14:12:40.641+0530][11.460s][info][gc,phases   ] GC(1) Concurrent Relocate 20.276ms
[2026-04-11T14:12:40.641+0530][11.460s][info][gc,load     ] GC(1) Load: 0.00/0.00/0.00
[2026-04-11T14:12:40.641+0530][11.460s][info][gc,mmu      ] GC(1) MMU: 2ms/98.2%, 5ms/99.3%, 10ms/99.6%, 20ms/99.8%, 50ms/99.9%, 100ms/100.0%
[2026-04-11T14:12:40.641+0530][11.460s][info][gc,marking  ] GC(1) Mark: 2 stripe(s), 2 proactive flush(es), 1 terminate flush(es), 0 completion(s), 0 continuation(s) 
[2026-04-11T14:12:40.641+0530][11.460s][info][gc,marking  ] GC(1) Mark Stack Usage: 32M
[2026-04-11T14:12:40.641+0530][11.460s][info][gc,nmethod  ] GC(1) NMethods: 1432 registered, 400 unregistered
[2026-04-11T14:12:40.641+0530][11.460s][info][gc,metaspace] GC(1) Metaspace: 6M used, 6M committed, 1088M reserved
[2026-04-11T14:12:40.641+0530][11.460s][info][gc,ref      ] GC(1) Soft: 280 encountered, 0 discovered, 0 enqueued
[2026-04-11T14:12:40.641+0530][11.460s][info][gc,ref      ] GC(1) Weak: 596 encountered, 207 discovered, 0 enqueued
[2026-04-11T14:12:40.641+0530][11.460s][info][gc,ref      ] GC(1) Final: 0 encountered, 0 discovered, 0 enqueued
[2026-04-11T14:12:40.641+0530][11.460s][info][gc,ref      ] GC(1) Phantom: 136 encountered, 56 discovered, 0 enqueued
[2026-04-11T14:12:40.641+0530][11.460s][info][gc,reloc    ] GC(1) Small Pages: 778 / 1556M, Empty: 340M, Relocated: 34M, In-Place: 0
[2026-04-11T14:12:40.641+0530][11.460s][info][gc,reloc    ] GC(1) Medium Pages: 2 / 64M, Empty: 32M, Relocated: 0M, In-Place: 0
[2026-04-11T14:12:40.641+0530][11.460s][info][gc,reloc    ] GC(1) Large Pages: 4 / 24M, Empty: 0M, Relocated: 0M, In-Place: 0
[2026-04-11T14:12:40.641+0530][11.460s][info][gc,reloc    ] GC(1) Forwarding Usage: 7M
[2026-04-11T14:12:40.641+0530][11.460s][info][gc,heap     ] GC(1) Min Capacity: 4096M(50%)
[2026-04-11T14:12:40.641+0530][11.460s][info][gc,heap     ] GC(1) Max Capacity: 8192M(100%)
[2026-04-11T14:12:40.641+0530][11.460s][info][gc,heap     ] GC(1) Soft Max Capacity: 8192M(100%)
[2026-04-11T14:12:40.641+0530][11.460s][info][gc,heap     ] GC(1)                Mark Start          Mark End        Relocate Start      Relocate End           High               Low         
[2026-04-11T14:12:40.641+0530][11.460s][info][gc,heap     ] GC(1)  Capacity:     4096M (50%)        4096M (50%)        4096M (50%)        4096M (50%)        4096M (50%)        4096M (50%)    
[2026-04-11T14:12:40.641+0530][11.460s][info][gc,heap     ] GC(1)      Free:     6548M (80%)        6420M (78%)        6790M (83%)        7922M (97%)        7922M (97%)        6420M (78%)    
[2026-04-11T14:12:40.641+0530][11.461s][info][gc,heap     ] GC(1)      Used:     1644M (20%)        1772M (22%)        1402M (17%)         270M (3%)         1772M (22%)         270M (3%)     
[2026-04-11T14:12:40.641+0530][11.461s][info][gc,heap     ] GC(1)      Live:         -               100M (1%)          100M (1%)          100M (1%)             -                  -          
[2026-04-11T14:12:40.641+0530][11.461s][info][gc,heap     ] GC(1) Allocated:         -               128M (2%)          130M (2%)          133M (2%)             -                  -          
[2026-04-11T14:12:40.641+0530][11.461s][info][gc,heap     ] GC(1)   Garbage:         -              1543M (19%)        1171M (14%)          36M (0%)             -                  -          
[2026-04-11T14:12:40.641+0530][11.461s][info][gc,heap     ] GC(1) Reclaimed:         -                  -               372M (5%)         1507M (18%)            -                  -          
[2026-04-11T14:12:40.641+0530][11.461s][info][gc          ] GC(1) Garbage Collection (Warmup) 1644M(20%)->270M(3%)
[2026-04-11T14:12:43.599+0530][14.418s][info][gc,start    ] GC(2) Garbage Collection (Warmup)
[2026-04-11T14:12:43.599+0530][14.418s][info][gc,task     ] GC(2) Using 3 workers
[2026-04-11T14:12:43.599+0530][14.418s][info][gc,phases   ] GC(2) Pause Mark Start 0.013ms
[2026-04-11T14:12:43.788+0530][14.606s][info][gc,phases   ] GC(2) Concurrent Mark 187.768ms
[2026-04-11T14:12:43.788+0530][14.607s][info][gc,phases   ] GC(2) Pause Mark End 0.023ms
[2026-04-11T14:12:43.788+0530][14.607s][info][gc,phases   ] GC(2) Concurrent Mark Free 0.002ms
[2026-04-11T14:12:43.790+0530][14.609s][info][gc,phases   ] GC(2) Concurrent Process Non-Strong References 2.155ms
[2026-04-11T14:12:43.790+0530][14.609s][info][gc,phases   ] GC(2) Concurrent Reset Relocation Set 0.035ms
[2026-04-11T14:12:43.802+0530][14.621s][info][gc,phases   ] GC(2) Concurrent Select Relocation Set 11.775ms
[2026-04-11T14:12:43.802+0530][14.621s][info][gc,phases   ] GC(2) Pause Relocate Start 0.013ms
[2026-04-11T14:12:43.833+0530][14.652s][info][gc,phases   ] GC(2) Concurrent Relocate 30.480ms
[2026-04-11T14:12:43.833+0530][14.652s][info][gc,load     ] GC(2) Load: 0.00/0.00/0.00
[2026-04-11T14:12:43.833+0530][14.652s][info][gc,mmu      ] GC(2) MMU: 2ms/98.2%, 5ms/99.3%, 10ms/99.6%, 20ms/99.8%, 50ms/99.9%, 100ms/100.0%
[2026-04-11T14:12:43.833+0530][14.652s][info][gc,marking  ] GC(2) Mark: 2 stripe(s), 6 proactive flush(es), 1 terminate flush(es), 0 completion(s), 0 continuation(s) 
[2026-04-11T14:12:43.833+0530][14.652s][info][gc,marking  ] GC(2) Mark Stack Usage: 32M
[2026-04-11T14:12:43.833+0530][14.652s][info][gc,nmethod  ] GC(2) NMethods: 1434 registered, 448 unregistered
[2026-04-11T14:12:43.833+0530][14.652s][info][gc,metaspace] GC(2) Metaspace: 6M used, 6M committed, 1088M reserved
[2026-04-11T14:12:43.833+0530][14.652s][info][gc,ref      ] GC(2) Soft: 280 encountered, 0 discovered, 0 enqueued
[2026-04-11T14:12:43.833+0530][14.652s][info][gc,ref      ] GC(2) Weak: 599 encountered, 59 discovered, 0 enqueued
[2026-04-11T14:12:43.833+0530][14.652s][info][gc,ref      ] GC(2) Final: 0 encountered, 0 discovered, 0 enqueued
[2026-04-11T14:12:43.833+0530][14.652s][info][gc,ref      ] GC(2) Phantom: 136 encountered, 92 discovered, 0 enqueued
[2026-04-11T14:12:43.833+0530][14.652s][info][gc,reloc    ] GC(2) Small Pages: 1206 / 2412M, Empty: 526M, Relocated: 59M, In-Place: 0
[2026-04-11T14:12:43.833+0530][14.652s][info][gc,reloc    ] GC(2) Medium Pages: 1 / 32M, Empty: 0M, Relocated: 0M, In-Place: 0
[2026-04-11T14:12:43.833+0530][14.652s][info][gc,reloc    ] GC(2) Large Pages: 4 / 24M, Empty: 0M, Relocated: 0M, In-Place: 0
[2026-04-11T14:12:43.833+0530][14.652s][info][gc,reloc    ] GC(2) Forwarding Usage: 13M
[2026-04-11T14:12:43.833+0530][14.652s][info][gc,heap     ] GC(2) Min Capacity: 4096M(50%)
[2026-04-11T14:12:43.833+0530][14.652s][info][gc,heap     ] GC(2) Max Capacity: 8192M(100%)
[2026-04-11T14:12:43.833+0530][14.652s][info][gc,heap     ] GC(2) Soft Max Capacity: 8192M(100%)
[2026-04-11T14:12:43.833+0530][14.652s][info][gc,heap     ] GC(2)                Mark Start          Mark End        Relocate Start      Relocate End           High               Low         
[2026-04-11T14:12:43.833+0530][14.652s][info][gc,heap     ] GC(2)  Capacity:     4096M (50%)        4096M (50%)        4096M (50%)        4096M (50%)        4096M (50%)        4096M (50%)    
[2026-04-11T14:12:43.833+0530][14.652s][info][gc,heap     ] GC(2)      Free:     5724M (70%)        5610M (68%)        6124M (75%)        7900M (96%)        7900M (96%)        5610M (68%)    
[2026-04-11T14:12:43.833+0530][14.652s][info][gc,heap     ] GC(2)      Used:     2468M (30%)        2582M (32%)        2068M (25%)         292M (4%)         2582M (32%)         292M (4%)     
[2026-04-11T14:12:43.833+0530][14.652s][info][gc,heap     ] GC(2)      Live:         -               113M (1%)          113M (1%)          113M (1%)             -                  -          
[2026-04-11T14:12:43.833+0530][14.652s][info][gc,heap     ] GC(2) Allocated:         -               114M (1%)          126M (2%)          143M (2%)             -                  -          
[2026-04-11T14:12:43.833+0530][14.652s][info][gc,heap     ] GC(2)   Garbage:         -              2354M (29%)        1828M (22%)          34M (0%)             -                  -          
[2026-04-11T14:12:43.833+0530][14.652s][info][gc,heap     ] GC(2) Reclaimed:         -                  -               526M (6%)         2319M (28%)            -                  -          
[2026-04-11T14:12:43.833+0530][14.653s][info][gc          ] GC(2) Garbage Collection (Warmup) 2468M(30%)->292M(4%)
[2026-04-11T14:12:49.707+0530][20.526s][info][gc,stats    ] === Garbage Collection Statistics =======================================================================================================================
[2026-04-11T14:12:49.707+0530][20.526s][info][gc,stats    ]                                                              Last 10s              Last 10m              Last 10h                Total
[2026-04-11T14:12:49.707+0530][20.526s][info][gc,stats    ]                                                              Avg / Max             Avg / Max             Avg / Max             Avg / Max
[2026-04-11T14:12:49.707+0530][20.526s][info][gc,stats    ]   Collector: Garbage Collection Cycle                    232.860 / 233.792     213.870 / 233.792     213.870 / 233.792     213.870 / 233.792     ms
[2026-04-11T14:12:49.707+0530][20.526s][info][gc,stats    ]  Contention: Mark Segment Reset Contention                     0 / 7                 0 / 7                 0 / 7                 0 / 7           ops/s
[2026-04-11T14:12:49.707+0530][20.526s][info][gc,stats    ]  Contention: Mark SeqNum Reset Contention                      0 / 0                 0 / 0                 0 / 0                 0 / 0           ops/s
[2026-04-11T14:12:49.707+0530][20.526s][info][gc,stats    ]    Critical: Allocation Stall                                  0 / 0                 0 / 0                 0 / 0                 0 / 0           ops/s
[2026-04-11T14:12:49.707+0530][20.527s][info][gc,stats    ]    Critical: Allocation Stall                              0.000 / 0.000         0.000 / 0.000         0.000 / 0.000         0.000 / 0.000       ms
[2026-04-11T14:12:49.707+0530][20.527s][info][gc,stats    ]    Critical: GC Locker Stall                                   0 / 0                 0 / 0                 0 / 0                 0 / 0           ops/s
[2026-04-11T14:12:49.707+0530][20.527s][info][gc,stats    ]    Critical: GC Locker Stall                               0.000 / 0.000         0.000 / 0.000         0.000 / 0.000         0.000 / 0.000       ms
[2026-04-11T14:12:49.707+0530][20.527s][info][gc,stats    ]    Critical: Relocation Stall                                  0 / 0                 0 / 0                 0 / 0                 0 / 0           ops/s
[2026-04-11T14:12:49.707+0530][20.527s][info][gc,stats    ]    Critical: Relocation Stall                              0.000 / 0.000         0.000 / 0.000         0.000 / 0.000         0.000 / 0.000       ms
[2026-04-11T14:12:49.707+0530][20.527s][info][gc,stats    ]      Memory: Allocation Rate                                 731 / 858             660 / 858             660 / 858             660 / 858         MB/s
[2026-04-11T14:12:49.707+0530][20.527s][info][gc,stats    ]      Memory: Defragment                                        0 / 0                 0 / 0                 0 / 0                 0 / 0           ops/s
[2026-04-11T14:12:49.707+0530][20.527s][info][gc,stats    ]      Memory: Out Of Memory                                     0 / 0                 0 / 0                 0 / 0                 0 / 0           ops/s
[2026-04-11T14:12:49.707+0530][20.527s][info][gc,stats    ]      Memory: Page Cache Flush                                  0 / 0                 0 / 0                 0 / 0                 0 / 0           MB/s
[2026-04-11T14:12:49.707+0530][20.527s][info][gc,stats    ]      Memory: Page Cache Hit L1                               195 / 395             168 / 395             168 / 395             168 / 395         ops/s
[2026-04-11T14:12:49.708+0530][20.527s][info][gc,stats    ]      Memory: Page Cache Hit L2                                 0 / 0                 0 / 0                 0 / 0                 0 / 0           ops/s
[2026-04-11T14:12:49.708+0530][20.527s][info][gc,stats    ]      Memory: Page Cache Hit L3                               147 / 401             144 / 401             144 / 401             144 / 401         ops/s
[2026-04-11T14:12:49.708+0530][20.527s][info][gc,stats    ]      Memory: Page Cache Miss                                  27 / 252              19 / 252              19 / 252              19 / 252         ops/s
[2026-04-11T14:12:49.708+0530][20.527s][info][gc,stats    ]      Memory: Uncommit                                          0 / 0                 0 / 0                 0 / 0                 0 / 0           MB/s
[2026-04-11T14:12:49.708+0530][20.527s][info][gc,stats    ]      Memory: Undo Object Allocation Failed                     0 / 0                 0 / 0                 0 / 0                 0 / 0           ops/s
[2026-04-11T14:12:49.708+0530][20.527s][info][gc,stats    ]      Memory: Undo Object Allocation Succeeded                  0 / 2                 0 / 2                 0 / 2                 0 / 2           ops/s
[2026-04-11T14:12:49.708+0530][20.527s][info][gc,stats    ]      Memory: Undo Page Allocation                              0 / 0                 0 / 0                 0 / 0                 0 / 0           ops/s
[2026-04-11T14:12:49.708+0530][20.527s][info][gc,stats    ]       Phase: Concurrent Mark                             194.915 / 202.062     165.933 / 202.062     165.933 / 202.062     165.933 / 202.062     ms
[2026-04-11T14:12:49.708+0530][20.527s][info][gc,stats    ]       Phase: Concurrent Mark Continue                      0.000 / 0.000         0.000 / 0.000         0.000 / 0.000         0.000 / 0.000       ms
[2026-04-11T14:12:49.708+0530][20.527s][info][gc,stats    ]       Phase: Concurrent Mark Free                          0.002 / 0.002         0.002 / 0.003         0.002 / 0.003         0.002 / 0.003       ms
[2026-04-11T14:12:49.708+0530][20.527s][info][gc,stats    ]       Phase: Concurrent Process Non-Strong References      2.282 / 2.409         2.724 / 3.607         2.724 / 3.607         2.724 / 3.607       ms
[2026-04-11T14:12:49.708+0530][20.527s][info][gc,stats    ]       Phase: Concurrent Relocate                          25.378 / 30.480       29.307 / 37.164       29.307 / 37.164       29.307 / 37.164      ms
[2026-04-11T14:12:49.708+0530][20.527s][info][gc,stats    ]       Phase: Concurrent Reset Relocation Set               0.024 / 0.035         0.017 / 0.035         0.017 / 0.035         0.017 / 0.035       ms
[2026-04-11T14:12:49.708+0530][20.527s][info][gc,stats    ]       Phase: Concurrent Select Relocation Set              8.348 / 11.775       13.967 / 25.204       13.967 / 25.204       13.967 / 25.204      ms
[2026-04-11T14:12:49.708+0530][20.528s][info][gc,stats    ]       Phase: Pause Mark End                                0.022 / 0.023         0.027 / 0.037         0.027 / 0.037         0.027 / 0.037       ms
[2026-04-11T14:12:49.708+0530][20.528s][info][gc,stats    ]       Phase: Pause Mark Start                              0.014 / 0.016         0.018 / 0.025         0.018 / 0.025         0.018 / 0.025       ms
[2026-04-11T14:12:49.708+0530][20.528s][info][gc,stats    ]       Phase: Pause Relocate Start                          0.013 / 0.013         0.013 / 0.013         0.013 / 0.013         0.013 / 0.013       ms
[2026-04-11T14:12:49.708+0530][20.528s][info][gc,stats    ]    Subphase: Concurrent Classes Purge                      0.151 / 0.186         0.370 / 0.807         0.370 / 0.807         0.370 / 0.807       ms
[2026-04-11T14:12:49.708+0530][20.528s][info][gc,stats    ]    Subphase: Concurrent Classes Unlink                     1.417 / 1.455         1.593 / 1.945         1.593 / 1.945         1.593 / 1.945       ms
[2026-04-11T14:12:49.708+0530][20.528s][info][gc,stats    ]    Subphase: Concurrent Mark                             191.513 / 201.196     162.378 / 201.196     162.378 / 201.196     162.378 / 201.196     ms
[2026-04-11T14:12:49.708+0530][20.528s][info][gc,stats    ]    Subphase: Concurrent Mark Try Flush                     0.131 / 0.188         0.130 / 0.188         0.130 / 0.188         0.130 / 0.188       ms
[2026-04-11T14:12:49.708+0530][20.528s][info][gc,stats    ]    Subphase: Concurrent Mark Try Terminate                 8.883 / 16.216        7.946 / 16.216        7.946 / 16.216        7.946 / 16.216      ms
[2026-04-11T14:12:49.708+0530][20.528s][info][gc,stats    ]    Subphase: Concurrent References Enqueue                 0.001 / 0.001         0.005 / 0.015         0.005 / 0.015         0.005 / 0.015       ms
[2026-04-11T14:12:49.708+0530][20.528s][info][gc,stats    ]    Subphase: Concurrent References Process                 0.117 / 0.127         0.205 / 0.382         0.205 / 0.382         0.205 / 0.382       ms
[2026-04-11T14:12:49.708+0530][20.528s][info][gc,stats    ]    Subphase: Concurrent Roots ClassLoaderDataGraph         0.119 / 0.499         0.134 / 0.499         0.134 / 0.499         0.134 / 0.499       ms
[2026-04-11T14:12:49.708+0530][20.528s][info][gc,stats    ]    Subphase: Concurrent Roots CodeCache                    0.000 / 0.000         0.000 / 0.000         0.000 / 0.000         0.000 / 0.000       ms
[2026-04-11T14:12:49.708+0530][20.528s][info][gc,stats    ]    Subphase: Concurrent Roots JavaThreads                  0.418 / 0.634         0.446 / 0.634         0.446 / 0.634         0.446 / 0.634       ms
[2026-04-11T14:12:49.708+0530][20.528s][info][gc,stats    ]    Subphase: Concurrent Roots OopStorageSet                0.035 / 0.049         0.071 / 0.182         0.071 / 0.182         0.071 / 0.182       ms
[2026-04-11T14:12:49.708+0530][20.528s][info][gc,stats    ]    Subphase: Concurrent Weak Roots OopStorageSet           0.400 / 0.613         0.347 / 0.613         0.347 / 0.613         0.347 / 0.613       ms
[2026-04-11T14:12:49.708+0530][20.528s][info][gc,stats    ]    Subphase: Pause Mark Try Complete                       0.000 / 0.000         0.000 / 0.000         0.000 / 0.000         0.000 / 0.000       ms
[2026-04-11T14:12:49.708+0530][20.528s][info][gc,stats    ]      System: Java Threads                                     18 / 18               18 / 20               18 / 20               18 / 20          threads
[2026-04-11T14:12:49.708+0530][20.528s][info][gc,stats    ] =========================================================================================================================================================
[2026-04-11T14:12:57.408+0530][28.227s][info][gc,start    ] GC(3) Garbage Collection (Allocation Rate)
[2026-04-11T14:12:57.408+0530][28.227s][info][gc,task     ] GC(3) Using 1 workers
[2026-04-11T14:12:57.409+0530][28.228s][info][gc,phases   ] GC(3) Pause Mark Start 0.026ms
[2026-04-11T14:12:59.708+0530][30.527s][info][gc,stats    ] === Garbage Collection Statistics =======================================================================================================================
[2026-04-11T14:12:59.708+0530][30.527s][info][gc,stats    ]                                                              Last 10s              Last 10m              Last 10h                Total
[2026-04-11T14:12:59.708+0530][30.527s][info][gc,stats    ]                                                              Avg / Max             Avg / Max             Avg / Max             Avg / Max
[2026-04-11T14:12:59.708+0530][30.527s][info][gc,stats    ]   Collector: Garbage Collection Cycle                      0.000 / 0.000       213.870 / 233.792     213.870 / 233.792     213.870 / 233.792     ms
[2026-04-11T14:12:59.708+0530][30.527s][info][gc,stats    ]  Contention: Mark Segment Reset Contention                     0 / 0                 0 / 7                 0 / 7                 0 / 7           ops/s
[2026-04-11T14:12:59.708+0530][30.527s][info][gc,stats    ]  Contention: Mark SeqNum Reset Contention                      0 / 0                 0 / 0                 0 / 0                 0 / 0           ops/s
[2026-04-11T14:12:59.708+0530][30.527s][info][gc,stats    ]    Critical: Allocation Stall                                  0 / 0                 0 / 0                 0 / 0                 0 / 0           ops/s
[2026-04-11T14:12:59.708+0530][30.527s][info][gc,stats    ]    Critical: Allocation Stall                              0.000 / 0.000         0.000 / 0.000         0.000 / 0.000         0.000 / 0.000       ms
[2026-04-11T14:12:59.708+0530][30.527s][info][gc,stats    ]    Critical: GC Locker Stall                                   0 / 0                 0 / 0                 0 / 0                 0 / 0           ops/s
[2026-04-11T14:12:59.708+0530][30.527s][info][gc,stats    ]    Critical: GC Locker Stall                               0.000 / 0.000         0.000 / 0.000         0.000 / 0.000         0.000 / 0.000       ms
[2026-04-11T14:12:59.708+0530][30.527s][info][gc,stats    ]    Critical: Relocation Stall                                  0 / 0                 0 / 0                 0 / 0                 0 / 0           ops/s
[2026-04-11T14:12:59.708+0530][30.527s][info][gc,stats    ]    Critical: Relocation Stall                              0.000 / 0.000         0.000 / 0.000         0.000 / 0.000         0.000 / 0.000       ms
[2026-04-11T14:12:59.708+0530][30.527s][info][gc,stats    ]      Memory: Allocation Rate                                 354 / 460             532 / 858             532 / 858             532 / 858         MB/s
[2026-04-11T14:12:59.708+0530][30.527s][info][gc,stats    ]      Memory: Defragment                                        0 / 0                 0 / 0                 0 / 0                 0 / 0           ops/s
[2026-04-11T14:12:59.708+0530][30.527s][info][gc,stats    ]      Memory: Out Of Memory                                     0 / 0                 0 / 0                 0 / 0                 0 / 0           ops/s
[2026-04-11T14:12:59.708+0530][30.527s][info][gc,stats    ]      Memory: Page Cache Flush                                  0 / 0                 0 / 0                 0 / 0                 0 / 0           MB/s
[2026-04-11T14:12:59.708+0530][30.527s][info][gc,stats    ]      Memory: Page Cache Hit L1                                 0 / 0                98 / 395              98 / 395              98 / 395         ops/s
[2026-04-11T14:12:59.708+0530][30.527s][info][gc,stats    ]      Memory: Page Cache Hit L2                                 0 / 0                 0 / 0                 0 / 0                 0 / 0           ops/s
[2026-04-11T14:12:59.708+0530][30.527s][info][gc,stats    ]      Memory: Page Cache Hit L3                                 0 / 0                84 / 401              84 / 401              84 / 401         ops/s
[2026-04-11T14:12:59.709+0530][30.527s][info][gc,stats    ]      Memory: Page Cache Miss                                 175 / 229              84 / 252              84 / 252              84 / 252         ops/s
[2026-04-11T14:12:59.709+0530][30.527s][info][gc,stats    ]      Memory: Uncommit                                          0 / 0                 0 / 0                 0 / 0                 0 / 0           MB/s
[2026-04-11T14:12:59.709+0530][30.527s][info][gc,stats    ]      Memory: Undo Object Allocation Failed                     0 / 0                 0 / 0                 0 / 0                 0 / 0           ops/s
[2026-04-11T14:12:59.709+0530][30.527s][info][gc,stats    ]      Memory: Undo Object Allocation Succeeded                  0 / 0                 0 / 2                 0 / 2                 0 / 2           ops/s
[2026-04-11T14:12:59.709+0530][30.528s][info][gc,stats    ]      Memory: Undo Page Allocation                              0 / 0                 0 / 0                 0 / 0                 0 / 0           ops/s
[2026-04-11T14:12:59.709+0530][30.528s][info][gc,stats    ]       Phase: Concurrent Mark                               0.000 / 0.000       165.933 / 202.062     165.933 / 202.062     165.933 / 202.062     ms
[2026-04-11T14:12:59.709+0530][30.528s][info][gc,stats    ]       Phase: Concurrent Mark Continue                      0.000 / 0.000         0.000 / 0.000         0.000 / 0.000         0.000 / 0.000       ms
[2026-04-11T14:12:59.709+0530][30.528s][info][gc,stats    ]       Phase: Concurrent Mark Free                          0.000 / 0.000         0.002 / 0.003         0.002 / 0.003         0.002 / 0.003       ms
[2026-04-11T14:12:59.709+0530][30.528s][info][gc,stats    ]       Phase: Concurrent Process Non-Strong References      0.000 / 0.000         2.724 / 3.607         2.724 / 3.607         2.724 / 3.607       ms
[2026-04-11T14:12:59.709+0530][30.528s][info][gc,stats    ]       Phase: Concurrent Relocate                           0.000 / 0.000        29.307 / 37.164       29.307 / 37.164       29.307 / 37.164      ms
[2026-04-11T14:12:59.709+0530][30.528s][info][gc,stats    ]       Phase: Concurrent Reset Relocation Set               0.000 / 0.000         0.017 / 0.035         0.017 / 0.035         0.017 / 0.035       ms
[2026-04-11T14:12:59.709+0530][30.528s][info][gc,stats    ]       Phase: Concurrent Select Relocation Set              0.000 / 0.000        13.967 / 25.204       13.967 / 25.204       13.967 / 25.204      ms
[2026-04-11T14:12:59.709+0530][30.528s][info][gc,stats    ]       Phase: Pause Mark End                                0.000 / 0.000         0.027 / 0.037         0.027 / 0.037         0.027 / 0.037       ms
[2026-04-11T14:12:59.709+0530][30.528s][info][gc,stats    ]       Phase: Pause Mark Start                              0.026 / 0.026         0.020 / 0.026         0.020 / 0.026         0.020 / 0.026       ms
[2026-04-11T14:12:59.709+0530][30.528s][info][gc,stats    ]       Phase: Pause Relocate Start                          0.000 / 0.000         0.013 / 0.013         0.013 / 0.013         0.013 / 0.013       ms
[2026-04-11T14:12:59.709+0530][30.528s][info][gc,stats    ]    Subphase: Concurrent Classes Purge                      0.000 / 0.000         0.370 / 0.807         0.370 / 0.807         0.370 / 0.807       ms
[2026-04-11T14:12:59.709+0530][30.528s][info][gc,stats    ]    Subphase: Concurrent Classes Unlink                     0.000 / 0.000         1.593 / 1.945         1.593 / 1.945         1.593 / 1.945       ms
[2026-04-11T14:12:59.709+0530][30.528s][info][gc,stats    ]    Subphase: Concurrent Mark                               0.000 / 0.000       162.378 / 201.196     162.378 / 201.196     162.378 / 201.196     ms
[2026-04-11T14:12:59.709+0530][30.528s][info][gc,stats    ]    Subphase: Concurrent Mark Try Flush                     0.000 / 0.000         0.130 / 0.188         0.130 / 0.188         0.130 / 0.188       ms
[2026-04-11T14:12:59.709+0530][30.528s][info][gc,stats    ]    Subphase: Concurrent Mark Try Terminate                 0.000 / 0.000         7.946 / 16.216        7.946 / 16.216        7.946 / 16.216      ms
[2026-04-11T14:12:59.709+0530][30.528s][info][gc,stats    ]    Subphase: Concurrent References Enqueue                 0.000 / 0.000         0.005 / 0.015         0.005 / 0.015         0.005 / 0.015       ms
[2026-04-11T14:12:59.709+0530][30.528s][info][gc,stats    ]    Subphase: Concurrent References Process                 0.000 / 0.000         0.205 / 0.382         0.205 / 0.382         0.205 / 0.382       ms
[2026-04-11T14:12:59.709+0530][30.528s][info][gc,stats    ]    Subphase: Concurrent Roots ClassLoaderDataGraph         0.206 / 0.206         0.142 / 0.499         0.142 / 0.499         0.142 / 0.499       ms
[2026-04-11T14:12:59.709+0530][30.528s][info][gc,stats    ]    Subphase: Concurrent Roots CodeCache                    0.000 / 0.000         0.000 / 0.000         0.000 / 0.000         0.000 / 0.000       ms
[2026-04-11T14:12:59.709+0530][30.528s][info][gc,stats    ]    Subphase: Concurrent Roots JavaThreads                  1.042 / 1.042         0.506 / 1.042         0.506 / 1.042         0.506 / 1.042       ms
[2026-04-11T14:12:59.709+0530][30.528s][info][gc,stats    ]    Subphase: Concurrent Roots OopStorageSet                0.093 / 0.093         0.073 / 0.182         0.073 / 0.182         0.073 / 0.182       ms
[2026-04-11T14:12:59.709+0530][30.528s][info][gc,stats    ]    Subphase: Concurrent Weak Roots OopStorageSet           0.000 / 0.000         0.347 / 0.613         0.347 / 0.613         0.347 / 0.613       ms
[2026-04-11T14:12:59.709+0530][30.528s][info][gc,stats    ]    Subphase: Pause Mark Try Complete                       0.000 / 0.000         0.000 / 0.000         0.000 / 0.000         0.000 / 0.000       ms
[2026-04-11T14:12:59.709+0530][30.528s][info][gc,stats    ]      System: Java Threads                                     18 / 18               18 / 20               18 / 20               18 / 20          threads
[2026-04-11T14:12:59.709+0530][30.528s][info][gc,stats    ] =========================================================================================================================================================
[2026-04-11T14:13:01.710+0530][32.530s][info][gc,phases   ] GC(3) Concurrent Mark 4302.047ms
[2026-04-11T14:13:01.710+0530][32.530s][info][gc,phases   ] GC(3) Pause Mark End 0.023ms
[2026-04-11T14:13:01.710+0530][32.531s][info][gc,phases   ] GC(3) Concurrent Mark Free 0.002ms
[2026-04-11T14:13:01.716+0530][32.535s][info][gc,phases   ] GC(3) Concurrent Process Non-Strong References 4.329ms
[2026-04-11T14:13:01.716+0530][32.535s][info][gc,phases   ] GC(3) Concurrent Reset Relocation Set 0.055ms
[2026-04-11T14:13:01.716+0530][32.535s][info][gc          ] Allocation Stall (Thread-0) 3147.636ms
[2026-04-11T14:13:01.716+0530][32.535s][info][gc          ] Allocation Stall (main) 3146.876ms
[2026-04-11T14:13:01.736+0530][32.555s][info][gc,phases   ] GC(3) Concurrent Select Relocation Set 19.791ms
[2026-04-11T14:13:01.736+0530][32.555s][info][gc,phases   ] GC(3) Pause Relocate Start 0.013ms
[2026-04-11T14:13:02.026+0530][32.845s][info][gc,phases   ] GC(3) Concurrent Relocate 289.683ms
[2026-04-11T14:13:02.026+0530][32.845s][info][gc,load     ] GC(3) Load: 0.00/0.00/0.00
[2026-04-11T14:13:02.026+0530][32.845s][info][gc,mmu      ] GC(3) MMU: 2ms/98.2%, 5ms/99.3%, 10ms/99.6%, 20ms/99.8%, 50ms/99.9%, 100ms/100.0%
[2026-04-11T14:13:02.026+0530][32.845s][info][gc,marking  ] GC(3) Mark: 1 stripe(s), 2 proactive flush(es), 1 terminate flush(es), 0 completion(s), 0 continuation(s) 
[2026-04-11T14:13:02.026+0530][32.845s][info][gc,marking  ] GC(3) Mark Stack Usage: 32M
[2026-04-11T14:13:02.026+0530][32.845s][info][gc,nmethod  ] GC(3) NMethods: 1444 registered, 483 unregistered
[2026-04-11T14:13:02.026+0530][32.845s][info][gc,metaspace] GC(3) Metaspace: 6M used, 6M committed, 1088M reserved
[2026-04-11T14:13:02.026+0530][32.845s][info][gc,ref      ] GC(3) Soft: 282 encountered, 0 discovered, 0 enqueued
[2026-04-11T14:13:02.026+0530][32.845s][info][gc,ref      ] GC(3) Weak: 610 encountered, 10 discovered, 4 enqueued
[2026-04-11T14:13:02.026+0530][32.845s][info][gc,ref      ] GC(3) Final: 0 encountered, 0 discovered, 0 enqueued
[2026-04-11T14:13:02.026+0530][32.845s][info][gc,ref      ] GC(3) Phantom: 136 encountered, 92 discovered, 0 enqueued
[2026-04-11T14:13:02.026+0530][32.845s][info][gc,reloc    ] GC(3) Small Pages: 3784 / 7568M, Empty: 3268M, Relocated: 75M, In-Place: 0
[2026-04-11T14:13:02.026+0530][32.845s][info][gc,reloc    ] GC(3) Medium Pages: 1 / 32M, Empty: 0M, Relocated: 0M, In-Place: 0
[2026-04-11T14:13:02.026+0530][32.846s][info][gc,reloc    ] GC(3) Large Pages: 8 / 64M, Empty: 24M, Relocated: 0M, In-Place: 0
[2026-04-11T14:13:02.026+0530][32.846s][info][gc,reloc    ] GC(3) Forwarding Usage: 15M
[2026-04-11T14:13:02.026+0530][32.846s][info][gc,heap     ] GC(3) Min Capacity: 4096M(50%)
[2026-04-11T14:13:02.026+0530][32.846s][info][gc,heap     ] GC(3) Max Capacity: 8192M(100%)
[2026-04-11T14:13:02.026+0530][32.846s][info][gc,heap     ] GC(3) Soft Max Capacity: 8192M(100%)
[2026-04-11T14:13:02.026+0530][32.846s][info][gc,heap     ] GC(3)                Mark Start          Mark End        Relocate Start      Relocate End           High               Low         
[2026-04-11T14:13:02.026+0530][32.846s][info][gc,heap     ] GC(3)  Capacity:     7664M (94%)        8192M (100%)       8192M (100%)       8192M (100%)       8192M (100%)       7664M (94%)    
[2026-04-11T14:13:02.026+0530][32.846s][info][gc,heap     ] GC(3)      Free:      528M (6%)            0M (0%)         3280M (40%)        7342M (90%)        7342M (90%)           0M (0%)     
[2026-04-11T14:13:02.026+0530][32.846s][info][gc,heap     ] GC(3)      Used:     7664M (94%)        8192M (100%)       4912M (60%)         850M (10%)        8192M (100%)        850M (10%)    
[2026-04-11T14:13:02.026+0530][32.846s][info][gc,heap     ] GC(3)      Live:         -               174M (2%)          174M (2%)          174M (2%)             -                  -          
[2026-04-11T14:13:02.026+0530][32.846s][info][gc,heap     ] GC(3) Allocated:         -               528M (6%)          540M (7%)          631M (8%)             -                  -          
[2026-04-11T14:13:02.026+0530][32.846s][info][gc,heap     ] GC(3)   Garbage:         -              7489M (91%)        4197M (51%)          44M (1%)             -                  -          
[2026-04-11T14:13:02.026+0530][32.846s][info][gc,heap     ] GC(3) Reclaimed:         -                  -              3292M (40%)        7445M (91%)            -                  -          
[2026-04-11T14:13:02.026+0530][32.846s][info][gc          ] GC(3) Garbage Collection (Allocation Rate) 7664M(94%)->850M(10%)
[2026-04-11T14:13:02.102+0530][32.921s][info][gc,start    ] GC(4) Garbage Collection (Allocation Stall)
[2026-04-11T14:13:02.102+0530][32.921s][info][gc,ref      ] GC(4) Clearing All SoftReferences
[2026-04-11T14:13:02.102+0530][32.921s][info][gc,task     ] GC(4) Using 3 workers
[2026-04-11T14:13:02.102+0530][32.921s][info][gc,ref      ] GC(4) Clearing All SoftReferences
[2026-04-11T14:13:02.102+0530][32.921s][info][gc,phases   ] GC(4) Pause Mark Start 0.071ms
[2026-04-11T14:13:02.585+0530][33.404s][info][gc,phases   ] GC(4) Concurrent Mark 482.656ms
[2026-04-11T14:13:02.585+0530][33.404s][info][gc,phases   ] GC(4) Pause Mark End 0.022ms
[2026-04-11T14:13:02.585+0530][33.404s][info][gc,phases   ] GC(4) Concurrent Mark Free 0.002ms
[2026-04-11T14:13:02.622+0530][33.441s][info][gc,phases   ] GC(4) Concurrent Process Non-Strong References 37.015ms
[2026-04-11T14:13:02.622+0530][33.442s][info][gc,phases   ] GC(4) Concurrent Reset Relocation Set 0.134ms
[2026-04-11T14:13:02.629+0530][33.448s][info][gc,phases   ] GC(4) Concurrent Select Relocation Set 5.973ms
[2026-04-11T14:13:02.629+0530][33.448s][info][gc,phases   ] GC(4) Pause Relocate Start 0.013ms
[2026-04-11T14:13:02.693+0530][33.513s][info][gc,phases   ] GC(4) Concurrent Relocate 64.675ms
[2026-04-11T14:13:02.693+0530][33.513s][info][gc,load     ] GC(4) Load: 0.00/0.00/0.00
[2026-04-11T14:13:02.693+0530][33.513s][info][gc,mmu      ] GC(4) MMU: 2ms/96.4%, 5ms/98.6%, 10ms/99.3%, 20ms/99.6%, 50ms/99.9%, 100ms/99.9%
[2026-04-11T14:13:02.693+0530][33.513s][info][gc,marking  ] GC(4) Mark: 2 stripe(s), 2 proactive flush(es), 1 terminate flush(es), 0 completion(s), 0 continuation(s) 
[2026-04-11T14:13:02.693+0530][33.513s][info][gc,marking  ] GC(4) Mark Stack Usage: 32M
[2026-04-11T14:13:02.693+0530][33.513s][info][gc,nmethod  ] GC(4) NMethods: 1445 registered, 484 unregistered
[2026-04-11T14:13:02.693+0530][33.513s][info][gc,metaspace] GC(4) Metaspace: 6M used, 6M committed, 1088M reserved
[2026-04-11T14:13:02.693+0530][33.513s][info][gc,ref      ] GC(4) Soft: 249 encountered, 168 discovered, 97 enqueued
[2026-04-11T14:13:02.693+0530][33.513s][info][gc,ref      ] GC(4) Weak: 606 encountered, 38 discovered, 11 enqueued
[2026-04-11T14:13:02.693+0530][33.513s][info][gc,ref      ] GC(4) Final: 0 encountered, 0 discovered, 0 enqueued
[2026-04-11T14:13:02.693+0530][33.513s][info][gc,ref      ] GC(4) Phantom: 136 encountered, 72 discovered, 0 enqueued
[2026-04-11T14:13:02.693+0530][33.513s][info][gc,reloc    ] GC(4) Small Pages: 421 / 842M, Empty: 134M, Relocated: 33M, In-Place: 0
[2026-04-11T14:13:02.693+0530][33.513s][info][gc,reloc    ] GC(4) Medium Pages: 1 / 32M, Empty: 0M, Relocated: 0M, In-Place: 0
[2026-04-11T14:13:02.693+0530][33.513s][info][gc,reloc    ] GC(4) Large Pages: 4 / 40M, Empty: 0M, Relocated: 0M, In-Place: 0
[2026-04-11T14:13:02.693+0530][33.513s][info][gc,reloc    ] GC(4) Forwarding Usage: 9M
[2026-04-11T14:13:02.693+0530][33.513s][info][gc,heap     ] GC(4) Min Capacity: 4096M(50%)
[2026-04-11T14:13:02.693+0530][33.513s][info][gc,heap     ] GC(4) Max Capacity: 8192M(100%)
[2026-04-11T14:13:02.693+0530][33.513s][info][gc,heap     ] GC(4) Soft Max Capacity: 8192M(100%)
[2026-04-11T14:13:02.693+0530][33.514s][info][gc,heap     ] GC(4)                Mark Start          Mark End        Relocate Start      Relocate End           High               Low         
[2026-04-11T14:13:02.693+0530][33.514s][info][gc,heap     ] GC(4)  Capacity:     8192M (100%)       8192M (100%)       8192M (100%)       8192M (100%)       8192M (100%)       8192M (100%)   
[2026-04-11T14:13:02.693+0530][33.514s][info][gc,heap     ] GC(4)      Free:     7278M (89%)        7054M (86%)        7160M (87%)        7662M (94%)        7662M (94%)        7030M (86%)    
[2026-04-11T14:13:02.693+0530][33.514s][info][gc,heap     ] GC(4)      Used:      914M (11%)        1138M (14%)        1032M (13%)         530M (6%)         1162M (14%)         530M (6%)     
[2026-04-11T14:13:02.693+0530][33.514s][info][gc,heap     ] GC(4)      Live:         -               196M (2%)          196M (2%)          196M (2%)             -                  -          
[2026-04-11T14:13:02.693+0530][33.514s][info][gc,heap     ] GC(4) Allocated:         -               224M (3%)          252M (3%)          288M (4%)             -                  -          
[2026-04-11T14:13:02.693+0530][33.514s][info][gc,heap     ] GC(4)   Garbage:         -               717M (9%)          583M (7%)           45M (1%)             -                  -          
[2026-04-11T14:13:02.693+0530][33.514s][info][gc,heap     ] GC(4) Reclaimed:         -                  -               134M (2%)          672M (8%)             -                  -          
[2026-04-11T14:13:02.693+0530][33.514s][info][gc          ] GC(4) Garbage Collection (Allocation Stall) 914M(11%)->530M(6%)
[2026-04-11T14:13:09.709+0530][40.527s][info][gc,stats    ] === Garbage Collection Statistics =======================================================================================================================
[2026-04-11T14:13:09.709+0530][40.528s][info][gc,stats    ]                                                              Last 10s              Last 10m              Last 10h                Total
[2026-04-11T14:13:09.709+0530][40.528s][info][gc,stats    ]                                                              Avg / Max             Avg / Max             Avg / Max             Avg / Max
[2026-04-11T14:13:09.709+0530][40.528s][info][gc,stats    ]   Collector: Garbage Collection Cycle                   2605.247 / 4618.033   1170.421 / 4618.033   1170.421 / 4618.033   1170.421 / 4618.033    ms
[2026-04-11T14:13:09.709+0530][40.528s][info][gc,stats    ]  Contention: Mark Segment Reset Contention                     0 / 0                 0 / 7                 0 / 7                 0 / 7           ops/s
[2026-04-11T14:13:09.709+0530][40.528s][info][gc,stats    ]  Contention: Mark SeqNum Reset Contention                      0 / 0                 0 / 0                 0 / 0                 0 / 0           ops/s
[2026-04-11T14:13:09.709+0530][40.528s][info][gc,stats    ]    Critical: Allocation Stall                                  0 / 2                 0 / 2                 0 / 2                 0 / 2           ops/s
[2026-04-11T14:13:09.709+0530][40.528s][info][gc,stats    ]    Critical: Allocation Stall                           3147.256 / 3147.636   3147.256 / 3147.636   3147.256 / 3147.636   3147.256 / 3147.636    ms
[2026-04-11T14:13:09.709+0530][40.528s][info][gc,stats    ]    Critical: GC Locker Stall                                   0 / 0                 0 / 0                 0 / 0                 0 / 0           ops/s
[2026-04-11T14:13:09.709+0530][40.528s][info][gc,stats    ]    Critical: GC Locker Stall                               0.000 / 0.000         0.000 / 0.000         0.000 / 0.000         0.000 / 0.000       ms
[2026-04-11T14:13:09.709+0530][40.528s][info][gc,stats    ]    Critical: Relocation Stall                                  0 / 0                 0 / 0                 0 / 0                 0 / 0           ops/s
[2026-04-11T14:13:09.709+0530][40.528s][info][gc,stats    ]    Critical: Relocation Stall                              0.000 / 0.000         0.000 / 0.000         0.000 / 0.000         0.000 / 0.000       ms
[2026-04-11T14:13:09.709+0530][40.528s][info][gc,stats    ]      Memory: Allocation Rate                                 407 / 972             495 / 972             495 / 972             495 / 972         MB/s
[2026-04-11T14:13:09.709+0530][40.528s][info][gc,stats    ]      Memory: Defragment                                        0 / 0                 0 / 0                 0 / 0                 0 / 0           ops/s
[2026-04-11T14:13:09.709+0530][40.528s][info][gc,stats    ]      Memory: Out Of Memory                                     0 / 0                 0 / 0                 0 / 0                 0 / 0           ops/s
[2026-04-11T14:13:09.709+0530][40.528s][info][gc,stats    ]      Memory: Page Cache Flush                                  7 / 36                2 / 36                2 / 36                2 / 36          MB/s
[2026-04-11T14:13:09.709+0530][40.528s][info][gc,stats    ]      Memory: Page Cache Hit L1                               205 / 468             129 / 468             129 / 468             129 / 468         ops/s
[2026-04-11T14:13:09.709+0530][40.528s][info][gc,stats    ]      Memory: Page Cache Hit L2                                 0 / 0                 0 / 0                 0 / 0                 0 / 0           ops/s
[2026-04-11T14:13:09.709+0530][40.528s][info][gc,stats    ]      Memory: Page Cache Hit L3                                 0 / 0                59 / 401              59 / 401              59 / 401         ops/s
[2026-04-11T14:13:09.709+0530][40.528s][info][gc,stats    ]      Memory: Page Cache Miss                                   0 / 2                59 / 252              59 / 252              59 / 252         ops/s
[2026-04-11T14:13:09.709+0530][40.528s][info][gc,stats    ]      Memory: Uncommit                                          0 / 0                 0 / 0                 0 / 0                 0 / 0           MB/s
[2026-04-11T14:13:09.709+0530][40.528s][info][gc,stats    ]      Memory: Undo Object Allocation Failed                     0 / 0                 0 / 0                 0 / 0                 0 / 0           ops/s
[2026-04-11T14:13:09.709+0530][40.528s][info][gc,stats    ]      Memory: Undo Object Allocation Succeeded                  0 / 0                 0 / 2                 0 / 2                 0 / 2           ops/s
[2026-04-11T14:13:09.709+0530][40.528s][info][gc,stats    ]      Memory: Undo Page Allocation                              0 / 0                 0 / 0                 0 / 0                 0 / 0           ops/s
[2026-04-11T14:13:09.709+0530][40.528s][info][gc,stats    ]       Phase: Concurrent Mark                            2392.351 / 4302.047   1056.500 / 4302.047   1056.500 / 4302.047   1056.500 / 4302.047    ms
[2026-04-11T14:13:09.709+0530][40.528s][info][gc,stats    ]       Phase: Concurrent Mark Continue                      0.000 / 0.000         0.000 / 0.000         0.000 / 0.000         0.000 / 0.000       ms
[2026-04-11T14:13:09.709+0530][40.528s][info][gc,stats    ]       Phase: Concurrent Mark Free                          0.002 / 0.002         0.002 / 0.003         0.002 / 0.003         0.002 / 0.003       ms
[2026-04-11T14:13:09.709+0530][40.528s][info][gc,stats    ]       Phase: Concurrent Process Non-Strong References     20.672 / 37.015        9.903 / 37.015        9.903 / 37.015        9.903 / 37.015      ms
[2026-04-11T14:13:09.709+0530][40.528s][info][gc,stats    ]       Phase: Concurrent Relocate                         177.179 / 289.683      88.455 / 289.683      88.455 / 289.683      88.455 / 289.683     ms
[2026-04-11T14:13:09.709+0530][40.528s][info][gc,stats    ]       Phase: Concurrent Reset Relocation Set               0.094 / 0.134         0.048 / 0.134         0.048 / 0.134         0.048 / 0.134       ms
[2026-04-11T14:13:09.709+0530][40.528s][info][gc,stats    ]       Phase: Concurrent Select Relocation Set             12.882 / 19.791       13.533 / 25.204       13.533 / 25.204       13.533 / 25.204      ms
[2026-04-11T14:13:09.709+0530][40.528s][info][gc,stats    ]       Phase: Pause Mark End                                0.022 / 0.023         0.025 / 0.037         0.025 / 0.037         0.025 / 0.037       ms
[2026-04-11T14:13:09.709+0530][40.528s][info][gc,stats    ]       Phase: Pause Mark Start                              0.071 / 0.071         0.030 / 0.071         0.030 / 0.071         0.030 / 0.071       ms
[2026-04-11T14:13:09.709+0530][40.528s][info][gc,stats    ]       Phase: Pause Relocate Start                          0.013 / 0.013         0.013 / 0.013         0.013 / 0.013         0.013 / 0.013       ms
[2026-04-11T14:13:09.709+0530][40.528s][info][gc,stats    ]    Subphase: Concurrent Classes Purge                      0.277 / 0.406         0.333 / 0.807         0.333 / 0.807         0.333 / 0.807       ms
[2026-04-11T14:13:09.709+0530][40.528s][info][gc,stats    ]    Subphase: Concurrent Classes Unlink                    19.621 / 36.057        8.804 / 36.057        8.804 / 36.057        8.804 / 36.057      ms
[2026-04-11T14:13:09.709+0530][40.528s][info][gc,stats    ]    Subphase: Concurrent Mark                            1436.156 / 4300.528    554.310 / 4300.528    554.310 / 4300.528    554.310 / 4300.528    ms
[2026-04-11T14:13:09.709+0530][40.528s][info][gc,stats    ]    Subphase: Concurrent Mark Try Flush                     0.094 / 0.173         0.118 / 0.188         0.118 / 0.188         0.118 / 0.188       ms
[2026-04-11T14:13:09.709+0530][40.528s][info][gc,stats    ]    Subphase: Concurrent Mark Try Terminate                 1.796 / 5.368         6.470 / 16.216        6.470 / 16.216        6.470 / 16.216      ms
[2026-04-11T14:13:09.709+0530][40.528s][info][gc,stats    ]    Subphase: Concurrent References Enqueue                 0.013 / 0.014         0.008 / 0.015         0.008 / 0.015         0.008 / 0.015       ms
[2026-04-11T14:13:09.709+0530][40.528s][info][gc,stats    ]    Subphase: Concurrent References Process                 0.134 / 0.162         0.177 / 0.382         0.177 / 0.382         0.177 / 0.382       ms
[2026-04-11T14:13:09.710+0530][40.528s][info][gc,stats    ]    Subphase: Concurrent Roots ClassLoaderDataGraph         0.058 / 0.157         0.121 / 0.499         0.121 / 0.499         0.121 / 0.499       ms
[2026-04-11T14:13:09.710+0530][40.528s][info][gc,stats    ]    Subphase: Concurrent Roots CodeCache                    0.000 / 0.000         0.000 / 0.000         0.000 / 0.000         0.000 / 0.000       ms
[2026-04-11T14:13:09.710+0530][40.529s][info][gc,stats    ]    Subphase: Concurrent Roots JavaThreads                  0.340 / 0.456         0.467 / 1.042         0.467 / 1.042         0.467 / 1.042       ms
[2026-04-11T14:13:09.710+0530][40.529s][info][gc,stats    ]    Subphase: Concurrent Roots OopStorageSet                0.025 / 0.029         0.062 / 0.182         0.062 / 0.182         0.062 / 0.182       ms
[2026-04-11T14:13:09.710+0530][40.529s][info][gc,stats    ]    Subphase: Concurrent Weak Roots OopStorageSet           0.272 / 0.475         0.324 / 0.613         0.324 / 0.613         0.324 / 0.613       ms
[2026-04-11T14:13:09.710+0530][40.529s][info][gc,stats    ]    Subphase: Pause Mark Try Complete                       0.000 / 0.000         0.000 / 0.000         0.000 / 0.000         0.000 / 0.000       ms
[2026-04-11T14:13:09.710+0530][40.529s][info][gc,stats    ]      System: Java Threads                                     18 / 18               18 / 20               18 / 20               18 / 20          threads
[2026-04-11T14:13:09.710+0530][40.529s][info][gc,stats    ] =========================================================================================================================================================
[2026-04-11T14:13:13.302+0530][44.120s][info][gc,start    ] GC(5) Garbage Collection (Allocation Rate)
[2026-04-11T14:13:13.302+0530][44.121s][info][gc,task     ] GC(5) Using 3 workers
[2026-04-11T14:13:13.302+0530][44.121s][info][gc,phases   ] GC(5) Pause Mark Start 0.018ms
[2026-04-11T14:13:14.222+0530][45.041s][info][gc,phases   ] GC(5) Concurrent Mark 919.801ms
[2026-04-11T14:13:14.222+0530][45.041s][info][gc,phases   ] GC(5) Pause Mark End 0.026ms
[2026-04-11T14:13:14.222+0530][45.041s][info][gc,phases   ] GC(5) Concurrent Mark Free 0.001ms
[2026-04-11T14:13:14.223+0530][45.044s][info][gc,phases   ] GC(5) Concurrent Process Non-Strong References 2.339ms
[2026-04-11T14:13:14.223+0530][45.044s][info][gc,phases   ] GC(5) Concurrent Reset Relocation Set 0.021ms
[2026-04-11T14:13:14.249+0530][45.069s][info][gc,phases   ] GC(5) Concurrent Select Relocation Set 25.111ms
[2026-04-11T14:13:14.250+0530][45.069s][info][gc,phases   ] GC(5) Pause Relocate Start 0.014ms
[2026-04-11T14:13:14.388+0530][45.207s][info][gc,phases   ] GC(5) Concurrent Relocate 137.458ms
[2026-04-11T14:13:14.388+0530][45.207s][info][gc,load     ] GC(5) Load: 0.00/0.00/0.00
[2026-04-11T14:13:14.388+0530][45.207s][info][gc,mmu      ] GC(5) MMU: 2ms/96.4%, 5ms/98.6%, 10ms/99.3%, 20ms/99.6%, 50ms/99.9%, 100ms/99.9%
[2026-04-11T14:13:14.388+0530][45.207s][info][gc,marking  ] GC(5) Mark: 2 stripe(s), 2 proactive flush(es), 1 terminate flush(es), 0 completion(s), 0 continuation(s) 
[2026-04-11T14:13:14.388+0530][45.207s][info][gc,marking  ] GC(5) Mark Stack Usage: 32M
[2026-04-11T14:13:14.388+0530][45.207s][info][gc,nmethod  ] GC(5) NMethods: 1448 registered, 492 unregistered
[2026-04-11T14:13:14.388+0530][45.207s][info][gc,metaspace] GC(5) Metaspace: 6M used, 6M committed, 1088M reserved
[2026-04-11T14:13:14.388+0530][45.207s][info][gc,ref      ] GC(5) Soft: 161 encountered, 0 discovered, 0 enqueued
[2026-04-11T14:13:14.388+0530][45.207s][info][gc,ref      ] GC(5) Weak: 598 encountered, 73 discovered, 3 enqueued
[2026-04-11T14:13:14.388+0530][45.207s][info][gc,ref      ] GC(5) Final: 0 encountered, 0 discovered, 0 enqueued
[2026-04-11T14:13:14.388+0530][45.207s][info][gc,ref      ] GC(5) Phantom: 136 encountered, 102 discovered, 0 enqueued
[2026-04-11T14:13:14.388+0530][45.207s][info][gc,reloc    ] GC(5) Small Pages: 2634 / 5268M, Empty: 1128M, Relocated: 125M, In-Place: 0
[2026-04-11T14:13:14.388+0530][45.207s][info][gc,reloc    ] GC(5) Medium Pages: 1 / 32M, Empty: 0M, Relocated: 0M, In-Place: 0
[2026-04-11T14:13:14.388+0530][45.207s][info][gc,reloc    ] GC(5) Large Pages: 8 / 112M, Empty: 40M, Relocated: 0M, In-Place: 0
[2026-04-11T14:13:14.388+0530][45.207s][info][gc,reloc    ] GC(5) Forwarding Usage: 27M
[2026-04-11T14:13:14.388+0530][45.207s][info][gc,heap     ] GC(5) Min Capacity: 4096M(50%)
[2026-04-11T14:13:14.388+0530][45.207s][info][gc,heap     ] GC(5) Max Capacity: 8192M(100%)
[2026-04-11T14:13:14.388+0530][45.208s][info][gc,heap     ] GC(5) Soft Max Capacity: 8192M(100%)
[2026-04-11T14:13:14.388+0530][45.208s][info][gc,heap     ] GC(5)                Mark Start          Mark End        Relocate Start      Relocate End           High               Low         
[2026-04-11T14:13:14.388+0530][45.208s][info][gc,heap     ] GC(5)  Capacity:     8192M (100%)       8192M (100%)       8192M (100%)       8192M (100%)       8192M (100%)       8192M (100%)   
[2026-04-11T14:13:14.388+0530][45.208s][info][gc,heap     ] GC(5)      Free:     2780M (34%)        2510M (31%)        3664M (45%)        7422M (91%)        7422M (91%)        2510M (31%)    
[2026-04-11T14:13:14.388+0530][45.208s][info][gc,heap     ] GC(5)      Used:     5412M (66%)        5682M (69%)        4528M (55%)         770M (9%)         5682M (69%)         770M (9%)     
[2026-04-11T14:13:14.388+0530][45.208s][info][gc,heap     ] GC(5)      Live:         -               337M (4%)          337M (4%)          337M (4%)             -                  -          
[2026-04-11T14:13:14.388+0530][45.208s][info][gc,heap     ] GC(5) Allocated:         -               270M (3%)          284M (3%)          386M (5%)             -                  -          
[2026-04-11T14:13:14.388+0530][45.208s][info][gc,heap     ] GC(5)   Garbage:         -              5074M (62%)        3906M (48%)          45M (1%)             -                  -          
[2026-04-11T14:13:14.388+0530][45.208s][info][gc,heap     ] GC(5) Reclaimed:         -                  -              1168M (14%)        5028M (61%)            -                  -          
[2026-04-11T14:13:14.388+0530][45.208s][info][gc          ] GC(5) Garbage Collection (Allocation Rate) 5412M(66%)->770M(9%)
[2026-04-11T14:13:18.504+0530][49.323s][info][gc,start    ] GC(6) Garbage Collection (Allocation Rate)
[2026-04-11T14:13:18.504+0530][49.323s][info][gc,task     ] GC(6) Using 2 workers
[2026-04-11T14:13:18.504+0530][49.323s][info][gc,phases   ] GC(6) Pause Mark Start 0.013ms
[2026-04-11T14:13:19.706+0530][50.525s][info][gc,stats    ] === Garbage Collection Statistics =======================================================================================================================
[2026-04-11T14:13:19.706+0530][50.525s][info][gc,stats    ]                                                              Last 10s              Last 10m              Last 10h                Total
[2026-04-11T14:13:19.706+0530][50.525s][info][gc,stats    ]                                                              Avg / Max             Avg / Max             Avg / Max             Avg / Max
[2026-04-11T14:13:19.706+0530][50.525s][info][gc,stats    ]   Collector: Garbage Collection Cycle                   1086.601 / 1086.601   1156.451 / 4618.033   1156.451 / 4618.033   1156.451 / 4618.033    ms
[2026-04-11T14:13:19.706+0530][50.525s][info][gc,stats    ]  Contention: Mark Segment Reset Contention                     0 / 2                 0 / 7                 0 / 7                 0 / 7           ops/s
[2026-04-11T14:13:19.706+0530][50.525s][info][gc,stats    ]  Contention: Mark SeqNum Reset Contention                      0 / 0                 0 / 0                 0 / 0                 0 / 0           ops/s
[2026-04-11T14:13:19.706+0530][50.525s][info][gc,stats    ]    Critical: Allocation Stall                                  0 / 0                 0 / 2                 0 / 2                 0 / 2           ops/s
[2026-04-11T14:13:19.706+0530][50.525s][info][gc,stats    ]    Critical: Allocation Stall                              0.000 / 0.000      3147.256 / 3147.636   3147.256 / 3147.636   3147.256 / 3147.636    ms
[2026-04-11T14:13:19.706+0530][50.525s][info][gc,stats    ]    Critical: GC Locker Stall                                   0 / 0                 0 / 0                 0 / 0                 0 / 0           ops/s
[2026-04-11T14:13:19.706+0530][50.525s][info][gc,stats    ]    Critical: GC Locker Stall                               0.000 / 0.000         0.000 / 0.000         0.000 / 0.000         0.000 / 0.000       ms
[2026-04-11T14:13:19.706+0530][50.525s][info][gc,stats    ]    Critical: Relocation Stall                                  0 / 0                 0 / 0                 0 / 0                 0 / 0           ops/s
[2026-04-11T14:13:19.706+0530][50.525s][info][gc,stats    ]    Critical: Relocation Stall                              0.000 / 0.000         0.000 / 0.000         0.000 / 0.000         0.000 / 0.000       ms
[2026-04-11T14:13:19.706+0530][50.525s][info][gc,stats    ]      Memory: Allocation Rate                                 566 / 890             511 / 972             511 / 972             511 / 972         MB/s
[2026-04-11T14:13:19.706+0530][50.525s][info][gc,stats    ]      Memory: Defragment                                        0 / 0                 0 / 0                 0 / 0                 0 / 0           ops/s
[2026-04-11T14:13:19.706+0530][50.525s][info][gc,stats    ]      Memory: Out Of Memory                                     0 / 0                 0 / 0                 0 / 0                 0 / 0           ops/s
[2026-04-11T14:13:19.706+0530][50.525s][info][gc,stats    ]      Memory: Page Cache Flush                                  6 / 68                3 / 68                3 / 68                3 / 68          MB/s
[2026-04-11T14:13:19.706+0530][50.525s][info][gc,stats    ]      Memory: Page Cache Hit L1                               286 / 445             165 / 468             165 / 468             165 / 468         ops/s
[2026-04-11T14:13:19.706+0530][50.525s][info][gc,stats    ]      Memory: Page Cache Hit L2                                 0 / 0                 0 / 0                 0 / 0                 0 / 0           ops/s
[2026-04-11T14:13:19.706+0530][50.525s][info][gc,stats    ]      Memory: Page Cache Hit L3                                 0 / 0                46 / 401              46 / 401              46 / 401         ops/s
[2026-04-11T14:13:19.706+0530][50.525s][info][gc,stats    ]      Memory: Page Cache Miss                                   0 / 2                46 / 252              46 / 252              46 / 252         ops/s
[2026-04-11T14:13:19.706+0530][50.525s][info][gc,stats    ]      Memory: Uncommit                                          0 / 0                 0 / 0                 0 / 0                 0 / 0           MB/s
[2026-04-11T14:13:19.706+0530][50.525s][info][gc,stats    ]      Memory: Undo Object Allocation Failed                     0 / 1                 0 / 1                 0 / 1                 0 / 1           ops/s
[2026-04-11T14:13:19.706+0530][50.525s][info][gc,stats    ]      Memory: Undo Object Allocation Succeeded                  0 / 8                 0 / 8                 0 / 8                 0 / 8           ops/s
[2026-04-11T14:13:19.706+0530][50.525s][info][gc,stats    ]      Memory: Undo Page Allocation                              0 / 0                 0 / 0                 0 / 0                 0 / 0           ops/s
[2026-04-11T14:13:19.706+0530][50.525s][info][gc,stats    ]       Phase: Concurrent Mark                             919.801 / 919.801    1033.717 / 4302.047   1033.717 / 4302.047   1033.717 / 4302.047    ms
[2026-04-11T14:13:19.706+0530][50.526s][info][gc,stats    ]       Phase: Concurrent Mark Continue                      0.000 / 0.000         0.000 / 0.000         0.000 / 0.000         0.000 / 0.000       ms
[2026-04-11T14:13:19.706+0530][50.526s][info][gc,stats    ]       Phase: Concurrent Mark Free                          0.001 / 0.001         0.002 / 0.003         0.002 / 0.003         0.002 / 0.003       ms
[2026-04-11T14:13:19.706+0530][50.526s][info][gc,stats    ]       Phase: Concurrent Process Non-Strong References      2.339 / 2.339         8.642 / 37.015        8.642 / 37.015        8.642 / 37.015      ms
[2026-04-11T14:13:19.706+0530][50.526s][info][gc,stats    ]       Phase: Concurrent Relocate                         137.458 / 137.458      96.623 / 289.683      96.623 / 289.683      96.623 / 289.683     ms
[2026-04-11T14:13:19.706+0530][50.526s][info][gc,stats    ]       Phase: Concurrent Reset Relocation Set               0.021 / 0.021         0.043 / 0.134         0.043 / 0.134         0.043 / 0.134       ms
[2026-04-11T14:13:19.706+0530][50.526s][info][gc,stats    ]       Phase: Concurrent Select Relocation Set             25.111 / 25.111       15.463 / 25.204       15.463 / 25.204       15.463 / 25.204      ms
[2026-04-11T14:13:19.706+0530][50.526s][info][gc,stats    ]       Phase: Pause Mark End                                0.026 / 0.026         0.025 / 0.037         0.025 / 0.037         0.025 / 0.037       ms
[2026-04-11T14:13:19.706+0530][50.526s][info][gc,stats    ]       Phase: Pause Mark Start                              0.015 / 0.018         0.026 / 0.071         0.026 / 0.071         0.026 / 0.071       ms
[2026-04-11T14:13:19.706+0530][50.526s][info][gc,stats    ]       Phase: Pause Relocate Start                          0.014 / 0.014         0.013 / 0.014         0.013 / 0.014         0.013 / 0.014       ms
[2026-04-11T14:13:19.706+0530][50.526s][info][gc,stats    ]    Subphase: Concurrent Classes Purge                      0.090 / 0.090         0.292 / 0.807         0.292 / 0.807         0.292 / 0.807       ms
[2026-04-11T14:13:19.706+0530][50.526s][info][gc,stats    ]    Subphase: Concurrent Classes Unlink                     1.604 / 1.604         7.604 / 36.057        7.604 / 36.057        7.604 / 36.057      ms
[2026-04-11T14:13:19.706+0530][50.526s][info][gc,stats    ]    Subphase: Concurrent Mark                             917.663 / 919.001     622.438 / 4300.528    622.438 / 4300.528    622.438 / 4300.528    ms
[2026-04-11T14:13:19.706+0530][50.526s][info][gc,stats    ]    Subphase: Concurrent Mark Try Flush                     0.155 / 0.210         0.123 / 0.210         0.123 / 0.210         0.123 / 0.210       ms
[2026-04-11T14:13:19.706+0530][50.526s][info][gc,stats    ]    Subphase: Concurrent Mark Try Terminate                 2.166 / 4.380         5.876 / 16.216        5.876 / 16.216        5.876 / 16.216      ms
[2026-04-11T14:13:19.706+0530][50.526s][info][gc,stats    ]    Subphase: Concurrent References Enqueue                 0.011 / 0.011         0.009 / 0.015         0.009 / 0.015         0.009 / 0.015       ms
[2026-04-11T14:13:19.706+0530][50.526s][info][gc,stats    ]    Subphase: Concurrent References Process                 0.080 / 0.080         0.161 / 0.382         0.161 / 0.382         0.161 / 0.382       ms
[2026-04-11T14:13:19.706+0530][50.526s][info][gc,stats    ]    Subphase: Concurrent Roots ClassLoaderDataGraph         0.152 / 0.411         0.130 / 0.499         0.130 / 0.499         0.130 / 0.499       ms
[2026-04-11T14:13:19.706+0530][50.526s][info][gc,stats    ]    Subphase: Concurrent Roots CodeCache                    0.000 / 0.000         0.000 / 0.000         0.000 / 0.000         0.000 / 0.000       ms
[2026-04-11T14:13:19.706+0530][50.526s][info][gc,stats    ]    Subphase: Concurrent Roots JavaThreads                  0.338 / 0.543         0.432 / 1.042         0.432 / 1.042         0.432 / 1.042       ms
[2026-04-11T14:13:19.706+0530][50.526s][info][gc,stats    ]    Subphase: Concurrent Roots OopStorageSet                0.043 / 0.094         0.057 / 0.182         0.057 / 0.182         0.057 / 0.182       ms
[2026-04-11T14:13:19.706+0530][50.526s][info][gc,stats    ]    Subphase: Concurrent Weak Roots OopStorageSet           0.317 / 0.323         0.322 / 0.613         0.322 / 0.613         0.322 / 0.613       ms
[2026-04-11T14:13:19.707+0530][50.526s][info][gc,stats    ]    Subphase: Pause Mark Try Complete                       0.000 / 0.000         0.000 / 0.000         0.000 / 0.000         0.000 / 0.000       ms
[2026-04-11T14:13:19.707+0530][50.526s][info][gc,stats    ]      System: Java Threads                                     18 / 18               18 / 20               18 / 20               18 / 20          threads
[2026-04-11T14:13:19.707+0530][50.526s][info][gc,stats    ] =========================================================================================================================================================
[2026-04-11T14:13:19.925+0530][50.744s][info][gc,phases   ] GC(6) Concurrent Mark 1420.649ms
[2026-04-11T14:13:19.925+0530][50.744s][info][gc,phases   ] GC(6) Pause Mark End 0.022ms
[2026-04-11T14:13:19.925+0530][50.745s][info][gc,phases   ] GC(6) Concurrent Mark Free 0.002ms
[2026-04-11T14:13:19.926+0530][50.747s][info][gc,phases   ] GC(6) Concurrent Process Non-Strong References 2.683ms
[2026-04-11T14:13:19.926+0530][50.748s][info][gc,phases   ] GC(6) Concurrent Reset Relocation Set 0.129ms
[2026-04-11T14:13:19.936+0530][50.756s][info][gc,phases   ] GC(6) Concurrent Select Relocation Set 7.947ms
[2026-04-11T14:13:19.936+0530][50.756s][info][gc,phases   ] GC(6) Pause Relocate Start 0.011ms
[2026-04-11T14:13:20.005+0530][50.825s][info][gc,phases   ] GC(6) Concurrent Relocate 68.927ms
[2026-04-11T14:13:20.005+0530][50.825s][info][gc,load     ] GC(6) Load: 0.00/0.00/0.00
[2026-04-11T14:13:20.005+0530][50.825s][info][gc,mmu      ] GC(6) MMU: 2ms/96.4%, 5ms/98.6%, 10ms/99.3%, 20ms/99.6%, 50ms/99.9%, 100ms/99.9%
[2026-04-11T14:13:20.005+0530][50.825s][info][gc,marking  ] GC(6) Mark: 2 stripe(s), 2 proactive flush(es), 1 terminate flush(es), 0 completion(s), 0 continuation(s) 
[2026-04-11T14:13:20.005+0530][50.825s][info][gc,marking  ] GC(6) Mark Stack Usage: 32M
[2026-04-11T14:13:20.005+0530][50.825s][info][gc,nmethod  ] GC(6) NMethods: 1454 registered, 492 unregistered
[2026-04-11T14:13:20.005+0530][50.825s][info][gc,metaspace] GC(6) Metaspace: 6M used, 6M committed, 1088M reserved
[2026-04-11T14:13:20.005+0530][50.825s][info][gc,ref      ] GC(6) Soft: 161 encountered, 0 discovered, 0 enqueued
[2026-04-11T14:13:20.005+0530][50.825s][info][gc,ref      ] GC(6) Weak: 595 encountered, 12 discovered, 0 enqueued
[2026-04-11T14:13:20.005+0530][50.825s][info][gc,ref      ] GC(6) Final: 0 encountered, 0 discovered, 0 enqueued
[2026-04-11T14:13:20.005+0530][50.825s][info][gc,ref      ] GC(6) Phantom: 136 encountered, 55 discovered, 0 enqueued
[2026-04-11T14:13:20.005+0530][50.825s][info][gc,reloc    ] GC(6) Small Pages: 1956 / 3912M, Empty: 808M, Relocated: 90M, In-Place: 0
[2026-04-11T14:13:20.005+0530][50.825s][info][gc,reloc    ] GC(6) Medium Pages: 1 / 32M, Empty: 0M, Relocated: 0M, In-Place: 0
[2026-04-11T14:13:20.005+0530][50.825s][info][gc,reloc    ] GC(6) Large Pages: 6 / 140M, Empty: 36M, Relocated: 0M, In-Place: 0
[2026-04-11T14:13:20.005+0530][50.825s][info][gc,reloc    ] GC(6) Forwarding Usage: 19M
[2026-04-11T14:13:20.005+0530][50.825s][info][gc,heap     ] GC(6) Min Capacity: 4096M(50%)
[2026-04-11T14:13:20.005+0530][50.825s][info][gc,heap     ] GC(6) Max Capacity: 8192M(100%)
[2026-04-11T14:13:20.005+0530][50.825s][info][gc,heap     ] GC(6) Soft Max Capacity: 8192M(100%)
[2026-04-11T14:13:20.005+0530][50.826s][info][gc,heap     ] GC(6)                Mark Start          Mark End        Relocate Start      Relocate End           High               Low         
[2026-04-11T14:13:20.005+0530][50.826s][info][gc,heap     ] GC(6)  Capacity:     8192M (100%)       8192M (100%)       8192M (100%)       8192M (100%)       8192M (100%)       8192M (100%)   
[2026-04-11T14:13:20.005+0530][50.826s][info][gc,heap     ] GC(6)      Free:     4108M (50%)        3280M (40%)        4120M (50%)        6822M (83%)        6822M (83%)        3280M (40%)    
[2026-04-11T14:13:20.005+0530][50.826s][info][gc,heap     ] GC(6)      Used:     4084M (50%)        4912M (60%)        4072M (50%)        1370M (17%)        4912M (60%)        1370M (17%)    
[2026-04-11T14:13:20.005+0530][50.826s][info][gc,heap     ] GC(6)      Live:         -               444M (5%)          444M (5%)          444M (5%)             -                  -          
[2026-04-11T14:13:20.005+0530][50.826s][info][gc,heap     ] GC(6) Allocated:         -               828M (10%)         832M (10%)         881M (11%)            -                  -          
[2026-04-11T14:13:20.005+0530][50.826s][info][gc,heap     ] GC(6)   Garbage:         -              3639M (44%)        2795M (34%)          44M (1%)             -                  -          
[2026-04-11T14:13:20.005+0530][50.826s][info][gc,heap     ] GC(6) Reclaimed:         -                  -               844M (10%)        3595M (44%)            -                  -          
[2026-04-11T14:13:20.005+0530][50.826s][info][gc          ] GC(6) Garbage Collection (Allocation Rate) 4084M(50%)->1370M(17%)
[2026-04-11T14:13:24.800+0530][55.619s][info][gc,start    ] GC(7) Garbage Collection (Allocation Rate)
[2026-04-11T14:13:24.800+0530][55.619s][info][gc,task     ] GC(7) Using 2 workers
[2026-04-11T14:13:24.800+0530][55.619s][info][gc,phases   ] GC(7) Pause Mark Start 0.015ms
[2026-04-11T14:13:26.574+0530][57.393s][info][gc,phases   ] GC(7) Concurrent Mark 1773.481ms
[2026-04-11T14:13:26.574+0530][57.393s][info][gc,phases   ] GC(7) Pause Mark End 0.027ms
[2026-04-11T14:13:26.574+0530][57.393s][info][gc,phases   ] GC(7) Concurrent Mark Free 0.002ms
[2026-04-11T14:13:26.576+0530][57.396s][info][gc,phases   ] GC(7) Concurrent Process Non-Strong References 2.823ms
[2026-04-11T14:13:26.576+0530][57.396s][info][gc,phases   ] GC(7) Concurrent Reset Relocation Set 0.091ms
[2026-04-11T14:13:26.607+0530][57.426s][info][gc,phases   ] GC(7) Concurrent Select Relocation Set 30.061ms
[2026-04-11T14:13:26.607+0530][57.427s][info][gc,phases   ] GC(7) Pause Relocate Start 0.011ms
[2026-04-11T14:13:26.718+0530][57.538s][info][gc,phases   ] GC(7) Concurrent Relocate 111.004ms
[2026-04-11T14:13:26.718+0530][57.538s][info][gc,load     ] GC(7) Load: 0.00/0.00/0.00
[2026-04-11T14:13:26.718+0530][57.538s][info][gc,mmu      ] GC(7) MMU: 2ms/96.4%, 5ms/98.6%, 10ms/99.3%, 20ms/99.6%, 50ms/99.9%, 100ms/99.9%
[2026-04-11T14:13:26.720+0530][57.538s][info][gc,marking  ] GC(7) Mark: 2 stripe(s), 10 proactive flush(es), 1 terminate flush(es), 0 completion(s), 0 continuation(s) 
[2026-04-11T14:13:26.720+0530][57.538s][info][gc,marking  ] GC(7) Mark Stack Usage: 32M
[2026-04-11T14:13:26.720+0530][57.538s][info][gc,nmethod  ] GC(7) NMethods: 1459 registered, 492 unregistered
[2026-04-11T14:13:26.720+0530][57.538s][info][gc,metaspace] GC(7) Metaspace: 6M used, 6M committed, 1088M reserved
[2026-04-11T14:13:26.720+0530][57.538s][info][gc,ref      ] GC(7) Soft: 161 encountered, 0 discovered, 0 enqueued
[2026-04-11T14:13:26.720+0530][57.539s][info][gc,ref      ] GC(7) Weak: 595 encountered, 58 discovered, 0 enqueued
[2026-04-11T14:13:26.720+0530][57.539s][info][gc,ref      ] GC(7) Final: 0 encountered, 0 discovered, 0 enqueued
[2026-04-11T14:13:26.720+0530][57.539s][info][gc,ref      ] GC(7) Phantom: 136 encountered, 56 discovered, 0 enqueued
[2026-04-11T14:13:26.720+0530][57.539s][info][gc,reloc    ] GC(7) Small Pages: 2758 / 5516M, Empty: 1170M, Relocated: 122M, In-Place: 0
[2026-04-11T14:13:26.720+0530][57.539s][info][gc,reloc    ] GC(7) Medium Pages: 1 / 32M, Empty: 0M, Relocated: 0M, In-Place: 0
[2026-04-11T14:13:26.720+0530][57.539s][info][gc,reloc    ] GC(7) Large Pages: 6 / 172M, Empty: 36M, Relocated: 0M, In-Place: 0
[2026-04-11T14:13:26.720+0530][57.539s][info][gc,reloc    ] GC(7) Forwarding Usage: 25M
[2026-04-11T14:13:26.720+0530][57.539s][info][gc,heap     ] GC(7) Min Capacity: 4096M(50%)
[2026-04-11T14:13:26.720+0530][57.539s][info][gc,heap     ] GC(7) Max Capacity: 8192M(100%)
[2026-04-11T14:13:26.720+0530][57.539s][info][gc,heap     ] GC(7) Soft Max Capacity: 8192M(100%)
[2026-04-11T14:13:26.720+0530][57.539s][info][gc,heap     ] GC(7)                Mark Start          Mark End        Relocate Start      Relocate End           High               Low         
[2026-04-11T14:13:26.720+0530][57.539s][info][gc,heap     ] GC(7)  Capacity:     8192M (100%)       8192M (100%)       8192M (100%)       8192M (100%)       8192M (100%)       8192M (100%)   
[2026-04-11T14:13:26.720+0530][57.539s][info][gc,heap     ] GC(7)      Free:     2472M (30%)        2070M (25%)        3252M (40%)        7044M (86%)        7044M (86%)        2068M (25%)    
[2026-04-11T14:13:26.720+0530][57.539s][info][gc,heap     ] GC(7)      Used:     5720M (70%)        6122M (75%)        4940M (60%)        1148M (14%)        6124M (75%)        1148M (14%)    
[2026-04-11T14:13:26.720+0530][57.539s][info][gc,heap     ] GC(7)      Live:         -               592M (7%)          592M (7%)          592M (7%)             -                  -          
[2026-04-11T14:13:26.720+0530][57.539s][info][gc,heap     ] GC(7) Allocated:         -               402M (5%)          426M (5%)          510M (6%)             -                  -          
[2026-04-11T14:13:26.720+0530][57.539s][info][gc,heap     ] GC(7)   Garbage:         -              5127M (63%)        3921M (48%)          45M (1%)             -                  -          
[2026-04-11T14:13:26.720+0530][57.539s][info][gc,heap     ] GC(7) Reclaimed:         -                  -              1206M (15%)        5082M (62%)            -                  -          
[2026-04-11T14:13:26.720+0530][57.539s][info][gc          ] GC(7) Garbage Collection (Allocation Rate) 5720M(70%)->1148M(14%)
[2026-04-11T14:13:29.710+0530][60.529s][info][gc,stats    ] === Garbage Collection Statistics =======================================================================================================================
[2026-04-11T14:13:29.710+0530][60.529s][info][gc,stats    ]                                                              Last 10s              Last 10m              Last 10h                Total
[2026-04-11T14:13:29.710+0530][60.529s][info][gc,stats    ]                                                              Avg / Max             Avg / Max             Avg / Max             Avg / Max
[2026-04-11T14:13:29.710+0530][60.529s][info][gc,stats    ]   Collector: Garbage Collection Cycle                   1711.326 / 1919.459   1295.169 / 4618.033   1295.169 / 4618.033   1295.169 / 4618.033    ms
[2026-04-11T14:13:29.710+0530][60.529s][info][gc,stats    ]  Contention: Mark Segment Reset Contention                     0 / 1                 0 / 7                 0 / 7                 0 / 7           ops/s
[2026-04-11T14:13:29.710+0530][60.529s][info][gc,stats    ]  Contention: Mark SeqNum Reset Contention                      0 / 0                 0 / 0                 0 / 0                 0 / 0           ops/s
[2026-04-11T14:13:29.710+0530][60.529s][info][gc,stats    ]    Critical: Allocation Stall                                  0 / 0                 0 / 2                 0 / 2                 0 / 2           ops/s
[2026-04-11T14:13:29.710+0530][60.529s][info][gc,stats    ]    Critical: Allocation Stall                              0.000 / 0.000      3147.256 / 3147.636   3147.256 / 3147.636   3147.256 / 3147.636    ms
[2026-04-11T14:13:29.710+0530][60.529s][info][gc,stats    ]    Critical: GC Locker Stall                                   0 / 0                 0 / 0                 0 / 0                 0 / 0           ops/s
[2026-04-11T14:13:29.710+0530][60.529s][info][gc,stats    ]    Critical: GC Locker Stall                               0.000 / 0.000         0.000 / 0.000         0.000 / 0.000         0.000 / 0.000       ms
[2026-04-11T14:13:29.710+0530][60.529s][info][gc,stats    ]    Critical: Relocation Stall                                  0 / 0                 0 / 0                 0 / 0                 0 / 0           ops/s
[2026-04-11T14:13:29.710+0530][60.529s][info][gc,stats    ]    Critical: Relocation Stall                              0.000 / 0.000         0.000 / 0.000         0.000 / 0.000         0.000 / 0.000       ms
[2026-04-11T14:13:29.710+0530][60.529s][info][gc,stats    ]      Memory: Allocation Rate                                 765 / 970             558 / 972             558 / 972             558 / 972         MB/s
[2026-04-11T14:13:29.710+0530][60.529s][info][gc,stats    ]      Memory: Defragment                                        0 / 1                 0 / 1                 0 / 1                 0 / 1           ops/s
[2026-04-11T14:13:29.710+0530][60.529s][info][gc,stats    ]      Memory: Out Of Memory                                     0 / 0                 0 / 0                 0 / 0                 0 / 0           ops/s
[2026-04-11T14:13:29.710+0530][60.529s][info][gc,stats    ]      Memory: Page Cache Flush                                  7 / 70                3 / 70                3 / 70                3 / 70          MB/s
[2026-04-11T14:13:29.710+0530][60.529s][info][gc,stats    ]      Memory: Page Cache Hit L1                               390 / 485             206 / 485             206 / 485             206 / 485         ops/s
[2026-04-11T14:13:29.710+0530][60.529s][info][gc,stats    ]      Memory: Page Cache Hit L2                                 0 / 0                 0 / 0                 0 / 0                 0 / 0           ops/s
[2026-04-11T14:13:29.710+0530][60.529s][info][gc,stats    ]      Memory: Page Cache Hit L3                                 0 / 0                37 / 401              37 / 401              37 / 401         ops/s
[2026-04-11T14:13:29.710+0530][60.529s][info][gc,stats    ]      Memory: Page Cache Miss                                   0 / 2                37 / 252              37 / 252              37 / 252         ops/s
[2026-04-11T14:13:29.710+0530][60.529s][info][gc,stats    ]      Memory: Uncommit                                          0 / 0                 0 / 0                 0 / 0                 0 / 0           MB/s
[2026-04-11T14:13:29.710+0530][60.529s][info][gc,stats    ]      Memory: Undo Object Allocation Failed                     0 / 0                 0 / 1                 0 / 1                 0 / 1           ops/s
[2026-04-11T14:13:29.710+0530][60.529s][info][gc,stats    ]      Memory: Undo Object Allocation Succeeded                  0 / 2                 0 / 8                 0 / 8                 0 / 8           ops/s
[2026-04-11T14:13:29.710+0530][60.529s][info][gc,stats    ]      Memory: Undo Page Allocation                              0 / 0                 0 / 0                 0 / 0                 0 / 0           ops/s
[2026-04-11T14:13:29.710+0530][60.529s][info][gc,stats    ]       Phase: Concurrent Mark                            1597.065 / 1773.481   1174.554 / 4302.047   1174.554 / 4302.047   1174.554 / 4302.047    ms
[2026-04-11T14:13:29.710+0530][60.530s][info][gc,stats    ]       Phase: Concurrent Mark Continue                      0.000 / 0.000         0.000 / 0.000         0.000 / 0.000         0.000 / 0.000       ms
[2026-04-11T14:13:29.710+0530][60.530s][info][gc,stats    ]       Phase: Concurrent Mark Free                          0.002 / 0.002         0.002 / 0.003         0.002 / 0.003         0.002 / 0.003       ms
[2026-04-11T14:13:29.710+0530][60.530s][info][gc,stats    ]       Phase: Concurrent Process Non-Strong References      2.753 / 2.823         7.170 / 37.015        7.170 / 37.015        7.170 / 37.015      ms
[2026-04-11T14:13:29.710+0530][60.530s][info][gc,stats    ]       Phase: Concurrent Relocate                          89.965 / 111.004      94.958 / 289.683      94.958 / 289.683      94.958 / 289.683     ms
[2026-04-11T14:13:29.710+0530][60.530s][info][gc,stats    ]       Phase: Concurrent Reset Relocation Set               0.110 / 0.129         0.060 / 0.134         0.060 / 0.134         0.060 / 0.134       ms
[2026-04-11T14:13:29.710+0530][60.530s][info][gc,stats    ]       Phase: Concurrent Select Relocation Set             19.004 / 30.061       16.348 / 30.061       16.348 / 30.061       16.348 / 30.061      ms
[2026-04-11T14:13:29.710+0530][60.530s][info][gc,stats    ]       Phase: Pause Mark End                                0.025 / 0.027         0.025 / 0.037         0.025 / 0.037         0.025 / 0.037       ms
[2026-04-11T14:13:29.710+0530][60.530s][info][gc,stats    ]       Phase: Pause Mark Start                              0.015 / 0.015         0.025 / 0.071         0.025 / 0.071         0.025 / 0.071       ms
[2026-04-11T14:13:29.710+0530][60.530s][info][gc,stats    ]       Phase: Pause Relocate Start                          0.011 / 0.011         0.013 / 0.014         0.013 / 0.014         0.013 / 0.014       ms
[2026-04-11T14:13:29.710+0530][60.530s][info][gc,stats    ]    Subphase: Concurrent Classes Purge                      0.019 / 0.022         0.224 / 0.807         0.224 / 0.807         0.224 / 0.807       ms
[2026-04-11T14:13:29.710+0530][60.530s][info][gc,stats    ]    Subphase: Concurrent Classes Unlink                     1.824 / 1.846         6.159 / 36.057        6.159 / 36.057        6.159 / 36.057      ms
[2026-04-11T14:13:29.711+0530][60.530s][info][gc,stats    ]    Subphase: Concurrent Mark                            1593.044 / 1772.729    816.559 / 4300.528    816.559 / 4300.528    816.559 / 4300.528    ms
[2026-04-11T14:13:29.711+0530][60.530s][info][gc,stats    ]    Subphase: Concurrent Mark Try Flush                     0.220 / 0.412         0.161 / 0.412         0.161 / 0.412         0.161 / 0.412       ms
[2026-04-11T14:13:29.711+0530][60.530s][info][gc,stats    ]    Subphase: Concurrent Mark Try Terminate                 6.811 / 16.567        6.195 / 16.567        6.195 / 16.567        6.195 / 16.567      ms
[2026-04-11T14:13:29.711+0530][60.530s][info][gc,stats    ]    Subphase: Concurrent References Enqueue                 0.001 / 0.001         0.007 / 0.015         0.007 / 0.015         0.007 / 0.015       ms
[2026-04-11T14:13:29.711+0530][60.530s][info][gc,stats    ]    Subphase: Concurrent References Process                 0.091 / 0.106         0.143 / 0.382         0.143 / 0.382         0.143 / 0.382       ms
[2026-04-11T14:13:29.711+0530][60.530s][info][gc,stats    ]    Subphase: Concurrent Roots ClassLoaderDataGraph         0.161 / 0.316         0.133 / 0.499         0.133 / 0.499         0.133 / 0.499       ms
[2026-04-11T14:13:29.711+0530][60.530s][info][gc,stats    ]    Subphase: Concurrent Roots CodeCache                    0.000 / 0.000         0.000 / 0.000         0.000 / 0.000         0.000 / 0.000       ms
[2026-04-11T14:13:29.711+0530][60.530s][info][gc,stats    ]    Subphase: Concurrent Roots JavaThreads                  0.323 / 0.408         0.421 / 1.042         0.421 / 1.042         0.421 / 1.042       ms
[2026-04-11T14:13:29.711+0530][60.530s][info][gc,stats    ]    Subphase: Concurrent Roots OopStorageSet                0.037 / 0.043         0.055 / 0.182         0.055 / 0.182         0.055 / 0.182       ms
[2026-04-11T14:13:29.711+0530][60.530s][info][gc,stats    ]    Subphase: Concurrent Weak Roots OopStorageSet           0.441 / 0.477         0.346 / 0.613         0.346 / 0.613         0.346 / 0.613       ms
[2026-04-11T14:13:29.711+0530][60.530s][info][gc,stats    ]    Subphase: Pause Mark Try Complete                       0.000 / 0.000         0.000 / 0.000         0.000 / 0.000         0.000 / 0.000       ms
[2026-04-11T14:13:29.711+0530][60.530s][info][gc,stats    ]      System: Java Threads                                     18 / 18               18 / 20               18 / 20               18 / 20          threads
[2026-04-11T14:13:29.711+0530][60.530s][info][gc,stats    ] =========================================================================================================================================================
[2026-04-11T14:13:32.503+0530][63.322s][info][gc,start    ] GC(8) Garbage Collection (Allocation Rate)
[2026-04-11T14:13:32.503+0530][63.322s][info][gc,task     ] GC(8) Using 3 workers
[2026-04-11T14:13:32.503+0530][63.323s][info][gc,phases   ] GC(8) Pause Mark Start 0.010ms
[2026-04-11T14:13:33.972+0530][64.791s][info][gc,phases   ] GC(8) Concurrent Mark 1468.070ms
[2026-04-11T14:13:33.972+0530][64.791s][info][gc,phases   ] GC(8) Pause Mark End 0.019ms
[2026-04-11T14:13:33.972+0530][64.791s][info][gc,phases   ] GC(8) Concurrent Mark Free 0.001ms
[2026-04-11T14:13:33.974+0530][64.793s][info][gc,phases   ] GC(8) Concurrent Process Non-Strong References 2.175ms
[2026-04-11T14:13:33.974+0530][64.794s][info][gc,phases   ] GC(8) Concurrent Reset Relocation Set 0.115ms
[2026-04-11T14:13:34.000+0530][64.820s][info][gc,phases   ] GC(8) Concurrent Select Relocation Set 25.966ms
[2026-04-11T14:13:34.000+0530][64.820s][info][gc,phases   ] GC(8) Pause Relocate Start 0.015ms
[2026-04-11T14:13:34.079+0530][64.898s][info][gc,phases   ] GC(8) Concurrent Relocate 78.218ms
[2026-04-11T14:13:34.079+0530][64.899s][info][gc,load     ] GC(8) Load: 0.00/0.00/0.00
[2026-04-11T14:13:34.079+0530][64.899s][info][gc,mmu      ] GC(8) MMU: 2ms/96.4%, 5ms/98.6%, 10ms/99.3%, 20ms/99.6%, 50ms/99.9%, 100ms/99.9%
[2026-04-11T14:13:34.079+0530][64.899s][info][gc,marking  ] GC(8) Mark: 2 stripe(s), 3 proactive flush(es), 1 terminate flush(es), 0 completion(s), 0 continuation(s) 
[2026-04-11T14:13:34.079+0530][64.899s][info][gc,marking  ] GC(8) Mark Stack Usage: 32M
[2026-04-11T14:13:34.079+0530][64.899s][info][gc,nmethod  ] GC(8) NMethods: 1456 registered, 497 unregistered
[2026-04-11T14:13:34.079+0530][64.899s][info][gc,metaspace] GC(8) Metaspace: 6M used, 6M committed, 1088M reserved
[2026-04-11T14:13:34.079+0530][64.899s][info][gc,ref      ] GC(8) Soft: 161 encountered, 0 discovered, 0 enqueued
[2026-04-11T14:13:34.079+0530][64.899s][info][gc,ref      ] GC(8) Weak: 595 encountered, 39 discovered, 0 enqueued
[2026-04-11T14:13:34.079+0530][64.899s][info][gc,ref      ] GC(8) Final: 0 encountered, 0 discovered, 0 enqueued
[2026-04-11T14:13:34.079+0530][64.899s][info][gc,ref      ] GC(8) Phantom: 136 encountered, 56 discovered, 0 enqueued
[2026-04-11T14:13:34.079+0530][64.899s][info][gc,reloc    ] GC(8) Small Pages: 2883 / 5766M, Empty: 1182M, Relocated: 124M, In-Place: 0
[2026-04-11T14:13:34.079+0530][64.899s][info][gc,reloc    ] GC(8) Medium Pages: 1 / 32M, Empty: 0M, Relocated: 0M, In-Place: 0
[2026-04-11T14:13:34.079+0530][64.899s][info][gc,reloc    ] GC(8) Large Pages: 4 / 136M, Empty: 0M, Relocated: 0M, In-Place: 0
[2026-04-11T14:13:34.079+0530][64.899s][info][gc,reloc    ] GC(8) Forwarding Usage: 25M
[2026-04-11T14:13:34.079+0530][64.899s][info][gc,heap     ] GC(8) Min Capacity: 4096M(50%)
[2026-04-11T14:13:34.079+0530][64.899s][info][gc,heap     ] GC(8) Max Capacity: 8192M(100%)
[2026-04-11T14:13:34.079+0530][64.899s][info][gc,heap     ] GC(8) Soft Max Capacity: 8192M(100%)
[2026-04-11T14:13:34.079+0530][64.899s][info][gc,heap     ] GC(8)                Mark Start          Mark End        Relocate Start      Relocate End           High               Low         
[2026-04-11T14:13:34.079+0530][64.899s][info][gc,heap     ] GC(8)  Capacity:     8192M (100%)       8192M (100%)       8192M (100%)       8192M (100%)       8192M (100%)       8192M (100%)   
[2026-04-11T14:13:34.079+0530][64.899s][info][gc,heap     ] GC(8)      Free:     2258M (28%)        1850M (23%)        3022M (37%)        6912M (84%)        6912M (84%)        1850M (23%)    
[2026-04-11T14:13:34.079+0530][64.899s][info][gc,heap     ] GC(8)      Used:     5934M (72%)        6342M (77%)        5170M (63%)        1280M (16%)        6342M (77%)        1280M (16%)    
[2026-04-11T14:13:34.079+0530][64.899s][info][gc,heap     ] GC(8)      Live:         -               710M (9%)          710M (9%)          710M (9%)             -                  -          
[2026-04-11T14:13:34.079+0530][64.899s][info][gc,heap     ] GC(8) Allocated:         -               408M (5%)          418M (5%)          519M (6%)             -                  -          
[2026-04-11T14:13:34.079+0530][64.899s][info][gc,heap     ] GC(8)   Garbage:         -              5223M (64%)        4041M (49%)          50M (1%)             -                  -          
[2026-04-11T14:13:34.079+0530][64.899s][info][gc,heap     ] GC(8) Reclaimed:         -                  -              1182M (14%)        5173M (63%)            -                  -          
[2026-04-11T14:13:34.081+0530][64.899s][info][gc          ] GC(8) Garbage Collection (Allocation Rate) 5934M(72%)->1280M(16%)
[2026-04-11T14:13:39.602+0530][70.421s][info][gc,start    ] GC(9) Garbage Collection (Allocation Rate)
[2026-04-11T14:13:39.602+0530][70.421s][info][gc,task     ] GC(9) Using 2 workers
[2026-04-11T14:13:39.602+0530][70.421s][info][gc,phases   ] GC(9) Pause Mark Start 0.013ms
[2026-04-11T14:13:39.710+0530][70.529s][info][gc,stats    ] === Garbage Collection Statistics =======================================================================================================================
[2026-04-11T14:13:39.710+0530][70.529s][info][gc,stats    ]                                                              Last 10s              Last 10m              Last 10h                Total
[2026-04-11T14:13:39.710+0530][70.529s][info][gc,stats    ]                                                              Avg / Max             Avg / Max             Avg / Max             Avg / Max
[2026-04-11T14:13:39.710+0530][70.529s][info][gc,stats    ]   Collector: Garbage Collection Cycle                   1576.343 / 1576.343   1326.411 / 4618.033   1326.411 / 4618.033   1326.411 / 4618.033    ms
[2026-04-11T14:13:39.710+0530][70.529s][info][gc,stats    ]  Contention: Mark Segment Reset Contention                     0 / 0                 0 / 7                 0 / 7                 0 / 7           ops/s
[2026-04-11T14:13:39.710+0530][70.529s][info][gc,stats    ]  Contention: Mark SeqNum Reset Contention                      0 / 1                 0 / 1                 0 / 1                 0 / 1           ops/s
[2026-04-11T14:13:39.710+0530][70.529s][info][gc,stats    ]    Critical: Allocation Stall                                  0 / 0                 0 / 2                 0 / 2                 0 / 2           ops/s
[2026-04-11T14:13:39.710+0530][70.529s][info][gc,stats    ]    Critical: Allocation Stall                              0.000 / 0.000      3147.256 / 3147.636   3147.256 / 3147.636   3147.256 / 3147.636    ms
[2026-04-11T14:13:39.710+0530][70.529s][info][gc,stats    ]    Critical: GC Locker Stall                                   0 / 0                 0 / 0                 0 / 0                 0 / 0           ops/s
[2026-04-11T14:13:39.710+0530][70.529s][info][gc,stats    ]    Critical: GC Locker Stall                               0.000 / 0.000         0.000 / 0.000         0.000 / 0.000         0.000 / 0.000       ms
[2026-04-11T14:13:39.710+0530][70.529s][info][gc,stats    ]    Critical: Relocation Stall                                  0 / 0                 0 / 0                 0 / 0                 0 / 0           ops/s
[2026-04-11T14:13:39.710+0530][70.529s][info][gc,stats    ]    Critical: Relocation Stall                              0.000 / 0.000         0.000 / 0.000         0.000 / 0.000         0.000 / 0.000       ms
[2026-04-11T14:13:39.710+0530][70.529s][info][gc,stats    ]      Memory: Allocation Rate                                 677 / 894             577 / 972             577 / 972             577 / 972         MB/s
[2026-04-11T14:13:39.710+0530][70.529s][info][gc,stats    ]      Memory: Defragment                                        0 / 0                 0 / 1                 0 / 1                 0 / 1           ops/s
[2026-04-11T14:13:39.710+0530][70.529s][info][gc,stats    ]      Memory: Out Of Memory                                     0 / 0                 0 / 0                 0 / 0                 0 / 0           ops/s
[2026-04-11T14:13:39.710+0530][70.529s][info][gc,stats    ]      Memory: Page Cache Flush                                 13 / 132               5 / 132               5 / 132               5 / 132         MB/s
[2026-04-11T14:13:39.710+0530][70.529s][info][gc,stats    ]      Memory: Page Cache Hit L1                               338 / 447             227 / 485             227 / 485             227 / 485         ops/s
[2026-04-11T14:13:39.710+0530][70.529s][info][gc,stats    ]      Memory: Page Cache Hit L2                                 0 / 0                 0 / 0                 0 / 0                 0 / 0           ops/s
[2026-04-11T14:13:39.710+0530][70.529s][info][gc,stats    ]      Memory: Page Cache Hit L3                                 0 / 0                31 / 401              31 / 401              31 / 401         ops/s
[2026-04-11T14:13:39.710+0530][70.530s][info][gc,stats    ]      Memory: Page Cache Miss                                   0 / 2                31 / 252              31 / 252              31 / 252         ops/s
[2026-04-11T14:13:39.710+0530][70.530s][info][gc,stats    ]      Memory: Uncommit                                          0 / 0                 0 / 0                 0 / 0                 0 / 0           MB/s
[2026-04-11T14:13:39.710+0530][70.530s][info][gc,stats    ]      Memory: Undo Object Allocation Failed                     0 / 0                 0 / 1                 0 / 1                 0 / 1           ops/s
[2026-04-11T14:13:39.710+0530][70.530s][info][gc,stats    ]      Memory: Undo Object Allocation Succeeded                  0 / 0                 0 / 8                 0 / 8                 0 / 8           ops/s
[2026-04-11T14:13:39.710+0530][70.530s][info][gc,stats    ]      Memory: Undo Page Allocation                              0 / 0                 0 / 0                 0 / 0                 0 / 0           ops/s
[2026-04-11T14:13:39.710+0530][70.530s][info][gc,stats    ]       Phase: Concurrent Mark                            1468.070 / 1468.070   1207.167 / 4302.047   1207.167 / 4302.047   1207.167 / 4302.047    ms
[2026-04-11T14:13:39.710+0530][70.530s][info][gc,stats    ]       Phase: Concurrent Mark Continue                      0.000 / 0.000         0.000 / 0.000         0.000 / 0.000         0.000 / 0.000       ms
[2026-04-11T14:13:39.710+0530][70.530s][info][gc,stats    ]       Phase: Concurrent Mark Free                          0.001 / 0.001         0.002 / 0.003         0.002 / 0.003         0.002 / 0.003       ms
[2026-04-11T14:13:39.710+0530][70.530s][info][gc,stats    ]       Phase: Concurrent Process Non-Strong References      2.175 / 2.175         6.615 / 37.015        6.615 / 37.015        6.615 / 37.015      ms
[2026-04-11T14:13:39.710+0530][70.530s][info][gc,stats    ]       Phase: Concurrent Relocate                          78.218 / 78.218       93.098 / 289.683      93.098 / 289.683      93.098 / 289.683     ms
[2026-04-11T14:13:39.710+0530][70.530s][info][gc,stats    ]       Phase: Concurrent Reset Relocation Set               0.115 / 0.115         0.066 / 0.134         0.066 / 0.134         0.066 / 0.134       ms
[2026-04-11T14:13:39.710+0530][70.530s][info][gc,stats    ]       Phase: Concurrent Select Relocation Set             25.966 / 25.966       17.417 / 30.061       17.417 / 30.061       17.417 / 30.061      ms
[2026-04-11T14:13:39.710+0530][70.530s][info][gc,stats    ]       Phase: Pause Mark End                                0.019 / 0.019         0.024 / 0.037         0.024 / 0.037         0.024 / 0.037       ms
[2026-04-11T14:13:39.710+0530][70.530s][info][gc,stats    ]       Phase: Pause Mark Start                              0.012 / 0.013         0.022 / 0.071         0.022 / 0.071         0.022 / 0.071       ms
[2026-04-11T14:13:39.710+0530][70.530s][info][gc,stats    ]       Phase: Pause Relocate Start                          0.015 / 0.015         0.013 / 0.015         0.013 / 0.015         0.013 / 0.015       ms
[2026-04-11T14:13:39.710+0530][70.530s][info][gc,stats    ]    Subphase: Concurrent Classes Purge                      0.132 / 0.132         0.214 / 0.807         0.214 / 0.807         0.214 / 0.807       ms
[2026-04-11T14:13:39.710+0530][70.530s][info][gc,stats    ]    Subphase: Concurrent Classes Unlink                     1.254 / 1.254         5.614 / 36.057        5.614 / 36.057        5.614 / 36.057      ms
[2026-04-11T14:13:39.710+0530][70.530s][info][gc,stats    ]    Subphase: Concurrent Mark                            1467.121 / 1467.344    901.415 / 4300.528    901.415 / 4300.528    901.415 / 4300.528    ms
[2026-04-11T14:13:39.710+0530][70.530s][info][gc,stats    ]    Subphase: Concurrent Mark Try Flush                     0.147 / 0.169         0.160 / 0.412         0.160 / 0.412         0.160 / 0.412       ms
[2026-04-11T14:13:39.711+0530][70.530s][info][gc,stats    ]    Subphase: Concurrent Mark Try Terminate                 8.370 / 15.279        6.564 / 16.567        6.564 / 16.567        6.564 / 16.567      ms
[2026-04-11T14:13:39.711+0530][70.530s][info][gc,stats    ]    Subphase: Concurrent References Enqueue                 0.001 / 0.001         0.006 / 0.015         0.006 / 0.015         0.006 / 0.015       ms
[2026-04-11T14:13:39.711+0530][70.530s][info][gc,stats    ]    Subphase: Concurrent References Process                 0.074 / 0.074         0.136 / 0.382         0.136 / 0.382         0.136 / 0.382       ms
[2026-04-11T14:13:39.711+0530][70.530s][info][gc,stats    ]    Subphase: Concurrent Roots ClassLoaderDataGraph         0.112 / 0.335         0.129 / 0.499         0.129 / 0.499         0.129 / 0.499       ms
[2026-04-11T14:13:39.711+0530][70.530s][info][gc,stats    ]    Subphase: Concurrent Roots CodeCache                    0.000 / 0.000         0.000 / 0.000         0.000 / 0.000         0.000 / 0.000       ms
[2026-04-11T14:13:39.711+0530][70.530s][info][gc,stats    ]    Subphase: Concurrent Roots JavaThreads                  0.350 / 0.549         0.407 / 1.042         0.407 / 1.042         0.407 / 1.042       ms
[2026-04-11T14:13:39.711+0530][70.530s][info][gc,stats    ]    Subphase: Concurrent Roots OopStorageSet                0.022 / 0.029         0.048 / 0.182         0.048 / 0.182         0.048 / 0.182       ms
[2026-04-11T14:13:39.711+0530][70.530s][info][gc,stats    ]    Subphase: Concurrent Weak Roots OopStorageSet           0.276 / 0.279         0.337 / 0.613         0.337 / 0.613         0.337 / 0.613       ms
[2026-04-11T14:13:39.711+0530][70.530s][info][gc,stats    ]    Subphase: Pause Mark Try Complete                       0.000 / 0.000         0.000 / 0.000         0.000 / 0.000         0.000 / 0.000       ms
[2026-04-11T14:13:39.711+0530][70.530s][info][gc,stats    ]      System: Java Threads                                     18 / 18               18 / 20               18 / 20               18 / 20          threads
[2026-04-11T14:13:39.711+0530][70.530s][info][gc,stats    ] =========================================================================================================================================================
[2026-04-11T14:13:41.536+0530][72.355s][info][gc,phases   ] GC(9) Concurrent Mark 1933.551ms
[2026-04-11T14:13:41.536+0530][72.355s][info][gc,phases   ] GC(9) Pause Mark End 0.023ms
[2026-04-11T14:13:41.536+0530][72.356s][info][gc,phases   ] GC(9) Concurrent Mark Free 0.002ms
[2026-04-11T14:13:41.539+0530][72.358s][info][gc,phases   ] GC(9) Concurrent Process Non-Strong References 2.323ms
[2026-04-11T14:13:41.539+0530][72.358s][info][gc,phases   ] GC(9) Concurrent Reset Relocation Set 0.149ms
[2026-04-11T14:13:41.543+0530][72.364s][info][gc,phases   ] GC(9) Concurrent Select Relocation Set 5.482ms
[2026-04-11T14:13:41.545+0530][72.364s][info][gc,phases   ] GC(9) Pause Relocate Start 0.011ms
[2026-04-11T14:13:41.660+0530][72.479s][info][gc,phases   ] GC(9) Concurrent Relocate 114.710ms
[2026-04-11T14:13:41.660+0530][72.479s][info][gc,load     ] GC(9) Load: 0.00/0.00/0.00
[2026-04-11T14:13:41.660+0530][72.479s][info][gc,mmu      ] GC(9) MMU: 2ms/96.4%, 5ms/98.6%, 10ms/99.3%, 20ms/99.6%, 50ms/99.9%, 100ms/99.9%
[2026-04-11T14:13:41.660+0530][72.479s][info][gc,marking  ] GC(9) Mark: 2 stripe(s), 3 proactive flush(es), 1 terminate flush(es), 0 completion(s), 0 continuation(s) 
[2026-04-11T14:13:41.660+0530][72.479s][info][gc,marking  ] GC(9) Mark Stack Usage: 32M
[2026-04-11T14:13:41.660+0530][72.479s][info][gc,nmethod  ] GC(9) NMethods: 1458 registered, 497 unregistered
[2026-04-11T14:13:41.660+0530][72.479s][info][gc,metaspace] GC(9) Metaspace: 6M used, 6M committed, 1088M reserved
[2026-04-11T14:13:41.660+0530][72.479s][info][gc,ref      ] GC(9) Soft: 161 encountered, 0 discovered, 0 enqueued
[2026-04-11T14:13:41.660+0530][72.479s][info][gc,ref      ] GC(9) Weak: 595 encountered, 143 discovered, 0 enqueued
[2026-04-11T14:13:41.660+0530][72.479s][info][gc,ref      ] GC(9) Final: 0 encountered, 0 discovered, 0 enqueued
[2026-04-11T14:13:41.661+0530][72.479s][info][gc,ref      ] GC(9) Phantom: 136 encountered, 55 discovered, 0 enqueued
[2026-04-11T14:13:41.661+0530][72.479s][info][gc,reloc    ] GC(9) Small Pages: 2494 / 4988M, Empty: 970M, Relocated: 101M, In-Place: 0
[2026-04-11T14:13:41.661+0530][72.479s][info][gc,reloc    ] GC(9) Medium Pages: 1 / 32M, Empty: 0M, Relocated: 0M, In-Place: 0
[2026-04-11T14:13:41.661+0530][72.479s][info][gc,reloc    ] GC(9) Large Pages: 6 / 268M, Empty: 68M, Relocated: 0M, In-Place: 0
[2026-04-11T14:13:41.661+0530][72.479s][info][gc,reloc    ] GC(9) Forwarding Usage: 21M
[2026-04-11T14:13:41.661+0530][72.479s][info][gc,heap     ] GC(9) Min Capacity: 4096M(50%)
[2026-04-11T14:13:41.661+0530][72.479s][info][gc,heap     ] GC(9) Max Capacity: 8192M(100%)
[2026-04-11T14:13:41.661+0530][72.479s][info][gc,heap     ] GC(9) Soft Max Capacity: 8192M(100%)
[2026-04-11T14:13:41.661+0530][72.480s][info][gc,heap     ] GC(9)                Mark Start          Mark End        Relocate Start      Relocate End           High               Low         
[2026-04-11T14:13:41.661+0530][72.480s][info][gc,heap     ] GC(9)  Capacity:     8192M (100%)       8192M (100%)       8192M (100%)       8192M (100%)       8192M (100%)       8192M (100%)   
[2026-04-11T14:13:41.661+0530][72.480s][info][gc,heap     ] GC(9)      Free:     2904M (35%)        1702M (21%)        2738M (33%)        6020M (73%)        6020M (73%)        1700M (21%)    
[2026-04-11T14:13:41.661+0530][72.480s][info][gc,heap     ] GC(9)      Used:     5288M (65%)        6490M (79%)        5454M (67%)        2172M (27%)        6492M (79%)        2172M (27%)    
[2026-04-11T14:13:41.661+0530][72.480s][info][gc,heap     ] GC(9)      Live:         -               864M (11%)         864M (11%)         864M (11%)            -                  -          
[2026-04-11T14:13:41.661+0530][72.480s][info][gc,heap     ] GC(9) Allocated:         -              1202M (15%)        1204M (15%)        1259M (15%)            -                  -          
[2026-04-11T14:13:41.661+0530][72.480s][info][gc,heap     ] GC(9)   Garbage:         -              4423M (54%)        3385M (41%)          48M (1%)             -                  -          
[2026-04-11T14:13:41.661+0530][72.480s][info][gc,heap     ] GC(9) Reclaimed:         -                  -              1038M (13%)        4375M (53%)            -                  -          
[2026-04-11T14:13:41.661+0530][72.480s][info][gc          ] GC(9) Garbage Collection (Allocation Rate) 5288M(65%)->2172M(27%)
[2026-04-11T14:13:45.705+0530][76.524s][info][gc,start    ] GC(10) Garbage Collection (Allocation Rate)
[2026-04-11T14:13:45.705+0530][76.524s][info][gc,task     ] GC(10) Using 2 workers
[2026-04-11T14:13:45.705+0530][76.524s][info][gc,phases   ] GC(10) Pause Mark Start 0.010ms
[2026-04-11T14:13:47.956+0530][78.775s][info][gc,phases   ] GC(10) Concurrent Mark 2250.653ms
[2026-04-11T14:13:47.956+0530][78.776s][info][gc,phases   ] GC(10) Pause Mark End 0.027ms
[2026-04-11T14:13:47.956+0530][78.776s][info][gc,phases   ] GC(10) Concurrent Mark Free 0.001ms
[2026-04-11T14:13:47.959+0530][78.779s][info][gc,phases   ] GC(10) Concurrent Process Non-Strong References 2.739ms
[2026-04-11T14:13:47.960+0530][78.779s][info][gc,phases   ] GC(10) Concurrent Reset Relocation Set 0.112ms
[2026-04-11T14:13:47.989+0530][78.808s][info][gc,phases   ] GC(10) Concurrent Select Relocation Set 29.160ms
[2026-04-11T14:13:47.990+0530][78.808s][info][gc,phases   ] GC(10) Pause Relocate Start 0.034ms
[2026-04-11T14:13:48.144+0530][78.963s][info][gc,phases   ] GC(10) Concurrent Relocate 154.230ms
[2026-04-11T14:13:48.144+0530][78.963s][info][gc,load     ] GC(10) Load: 0.00/0.00/0.00
[2026-04-11T14:13:48.144+0530][78.963s][info][gc,mmu      ] GC(10) MMU: 2ms/96.4%, 5ms/98.6%, 10ms/99.3%, 20ms/99.6%, 50ms/99.9%, 100ms/99.9%
[2026-04-11T14:13:48.144+0530][78.963s][info][gc,marking  ] GC(10) Mark: 2 stripe(s), 2 proactive flush(es), 1 terminate flush(es), 0 completion(s), 0 continuation(s) 
[2026-04-11T14:13:48.144+0530][78.963s][info][gc,marking  ] GC(10) Mark Stack Usage: 32M
[2026-04-11T14:13:48.144+0530][78.963s][info][gc,nmethod  ] GC(10) NMethods: 1465 registered, 497 unregistered
[2026-04-11T14:13:48.144+0530][78.963s][info][gc,metaspace] GC(10) Metaspace: 6M used, 6M committed, 1088M reserved
[2026-04-11T14:13:48.144+0530][78.963s][info][gc,ref      ] GC(10) Soft: 161 encountered, 0 discovered, 0 enqueued
[2026-04-11T14:13:48.144+0530][78.963s][info][gc,ref      ] GC(10) Weak: 595 encountered, 309 discovered, 0 enqueued
[2026-04-11T14:13:48.144+0530][78.963s][info][gc,ref      ] GC(10) Final: 0 encountered, 0 discovered, 0 enqueued
[2026-04-11T14:13:48.144+0530][78.963s][info][gc,ref      ] GC(10) Phantom: 136 encountered, 55 discovered, 0 enqueued
[2026-04-11T14:13:48.144+0530][78.963s][info][gc,reloc    ] GC(10) Small Pages: 2621 / 5242M, Empty: 1036M, Relocated: 108M, In-Place: 0
[2026-04-11T14:13:48.144+0530][78.963s][info][gc,reloc    ] GC(10) Medium Pages: 1 / 32M, Empty: 0M, Relocated: 0M, In-Place: 0
[2026-04-11T14:13:48.144+0530][78.963s][info][gc,reloc    ] GC(10) Large Pages: 4 / 200M, Empty: 0M, Relocated: 0M, In-Place: 0
[2026-04-11T14:13:48.144+0530][78.963s][info][gc,reloc    ] GC(10) Forwarding Usage: 22M
[2026-04-11T14:13:48.144+0530][78.963s][info][gc,heap     ] GC(10) Min Capacity: 4096M(50%)
[2026-04-11T14:13:48.144+0530][78.963s][info][gc,heap     ] GC(10) Max Capacity: 8192M(100%)
[2026-04-11T14:13:48.144+0530][78.963s][info][gc,heap     ] GC(10) Soft Max Capacity: 8192M(100%)
[2026-04-11T14:13:48.144+0530][78.963s][info][gc,heap     ] GC(10)                Mark Start          Mark End        Relocate Start      Relocate End           High               Low         
[2026-04-11T14:13:48.144+0530][78.964s][info][gc,heap     ] GC(10)  Capacity:     8192M (100%)       8192M (100%)       8192M (100%)       8192M (100%)       8192M (100%)       8192M (100%)   
[2026-04-11T14:13:48.144+0530][78.964s][info][gc,heap     ] GC(10)      Free:     2718M (33%)        1592M (19%)        2616M (32%)        5988M (73%)        5990M (73%)        1590M (19%)    
[2026-04-11T14:13:48.144+0530][78.964s][info][gc,heap     ] GC(10)      Used:     5474M (67%)        6600M (81%)        5576M (68%)        2204M (27%)        6602M (81%)        2202M (27%)    
[2026-04-11T14:13:48.144+0530][78.964s][info][gc,heap     ] GC(10)      Live:         -               962M (12%)         962M (12%)         962M (12%)            -                  -          
[2026-04-11T14:13:48.144+0530][78.964s][info][gc,heap     ] GC(10) Allocated:         -              1126M (14%)        1138M (14%)        1193M (15%)            -                  -          
[2026-04-11T14:13:48.144+0530][78.964s][info][gc,heap     ] GC(10)   Garbage:         -              4511M (55%)        3475M (42%)          47M (1%)             -                  -          
[2026-04-11T14:13:48.144+0530][78.964s][info][gc,heap     ] GC(10) Reclaimed:         -                  -              1036M (13%)        4463M (54%)            -                  -          
[2026-04-11T14:13:48.144+0530][78.964s][info][gc          ] GC(10) Garbage Collection (Allocation Rate) 5474M(67%)->2204M(27%)
[2026-04-11T14:13:49.704+0530][80.523s][info][gc,stats    ] === Garbage Collection Statistics =======================================================================================================================
[2026-04-11T14:13:49.704+0530][80.523s][info][gc,stats    ]                                                              Last 10s              Last 10m              Last 10h                Total
[2026-04-11T14:13:49.704+0530][80.523s][info][gc,stats    ]                                                              Avg / Max             Avg / Max             Avg / Max             Avg / Max
[2026-04-11T14:13:49.704+0530][80.523s][info][gc,stats    ]   Collector: Garbage Collection Cycle                   2248.404 / 2438.818   1494.046 / 4618.033   1494.046 / 4618.033   1494.046 / 4618.033    ms
[2026-04-11T14:13:49.704+0530][80.523s][info][gc,stats    ]  Contention: Mark Segment Reset Contention                     0 / 0                 0 / 7                 0 / 7                 0 / 7           ops/s
[2026-04-11T14:13:49.704+0530][80.523s][info][gc,stats    ]  Contention: Mark SeqNum Reset Contention                      0 / 0                 0 / 1                 0 / 1                 0 / 1           ops/s
[2026-04-11T14:13:49.704+0530][80.523s][info][gc,stats    ]    Critical: Allocation Stall                                  0 / 0                 0 / 2                 0 / 2                 0 / 2           ops/s
[2026-04-11T14:13:49.704+0530][80.523s][info][gc,stats    ]    Critical: Allocation Stall                              0.000 / 0.000      3147.256 / 3147.636   3147.256 / 3147.636   3147.256 / 3147.636    ms
[2026-04-11T14:13:49.704+0530][80.523s][info][gc,stats    ]    Critical: GC Locker Stall                                   0 / 0                 0 / 0                 0 / 0                 0 / 0           ops/s
[2026-04-11T14:13:49.704+0530][80.523s][info][gc,stats    ]    Critical: GC Locker Stall                               0.000 / 0.000         0.000 / 0.000         0.000 / 0.000         0.000 / 0.000       ms
[2026-04-11T14:13:49.704+0530][80.523s][info][gc,stats    ]    Critical: Relocation Stall                                  0 / 0                 0 / 0                 0 / 0                 0 / 0           ops/s
[2026-04-11T14:13:49.704+0530][80.523s][info][gc,stats    ]    Critical: Relocation Stall                              0.000 / 0.000         0.000 / 0.000         0.000 / 0.000         0.000 / 0.000       ms
[2026-04-11T14:13:49.704+0530][80.523s][info][gc,stats    ]      Memory: Allocation Rate                                 706 / 906             594 / 972             594 / 972             594 / 972         MB/s
[2026-04-11T14:13:49.704+0530][80.523s][info][gc,stats    ]      Memory: Defragment                                        0 / 1                 0 / 1                 0 / 1                 0 / 1           ops/s
[2026-04-11T14:13:49.704+0530][80.523s][info][gc,stats    ]      Memory: Out Of Memory                                     0 / 0                 0 / 0                 0 / 0                 0 / 0           ops/s
[2026-04-11T14:13:49.704+0530][80.523s][info][gc,stats    ]      Memory: Page Cache Flush                                 13 / 134               6 / 134               6 / 134               6 / 134         MB/s
[2026-04-11T14:13:49.704+0530][80.523s][info][gc,stats    ]      Memory: Page Cache Hit L1                               357 / 453             245 / 485             245 / 485             245 / 485         ops/s
[2026-04-11T14:13:49.704+0530][80.523s][info][gc,stats    ]      Memory: Page Cache Hit L2                                 0 / 0                 0 / 0                 0 / 0                 0 / 0           ops/s
[2026-04-11T14:13:49.704+0530][80.523s][info][gc,stats    ]      Memory: Page Cache Hit L3                                 0 / 0                27 / 401              27 / 401              27 / 401         ops/s
[2026-04-11T14:13:49.704+0530][80.523s][info][gc,stats    ]      Memory: Page Cache Miss                                   0 / 2                27 / 252              27 / 252              27 / 252         ops/s
[2026-04-11T14:13:49.704+0530][80.523s][info][gc,stats    ]      Memory: Uncommit                                          0 / 0                 0 / 0                 0 / 0                 0 / 0           MB/s
[2026-04-11T14:13:49.704+0530][80.523s][info][gc,stats    ]      Memory: Undo Object Allocation Failed                     0 / 0                 0 / 1                 0 / 1                 0 / 1           ops/s
[2026-04-11T14:13:49.704+0530][80.523s][info][gc,stats    ]      Memory: Undo Object Allocation Succeeded                  0 / 2                 0 / 8                 0 / 8                 0 / 8           ops/s
[2026-04-11T14:13:49.704+0530][80.523s][info][gc,stats    ]      Memory: Undo Page Allocation                              0 / 0                 0 / 0                 0 / 0                 0 / 0           ops/s
[2026-04-11T14:13:49.704+0530][80.523s][info][gc,stats    ]       Phase: Concurrent Mark                            2092.102 / 2250.653   1368.064 / 4302.047   1368.064 / 4302.047   1368.064 / 4302.047    ms
[2026-04-11T14:13:49.704+0530][80.523s][info][gc,stats    ]       Phase: Concurrent Mark Continue                      0.000 / 0.000         0.000 / 0.000         0.000 / 0.000         0.000 / 0.000       ms
[2026-04-11T14:13:49.704+0530][80.523s][info][gc,stats    ]       Phase: Concurrent Mark Free                          0.001 / 0.002         0.002 / 0.003         0.002 / 0.003         0.002 / 0.003       ms
[2026-04-11T14:13:49.704+0530][80.523s][info][gc,stats    ]       Phase: Concurrent Process Non-Strong References      2.531 / 2.739         5.873 / 37.015        5.873 / 37.015        5.873 / 37.015      ms
[2026-04-11T14:13:49.704+0530][80.523s][info][gc,stats    ]       Phase: Concurrent Relocate                         134.470 / 154.230     100.620 / 289.683     100.620 / 289.683     100.620 / 289.683     ms
[2026-04-11T14:13:49.704+0530][80.523s][info][gc,stats    ]       Phase: Concurrent Reset Relocation Set               0.130 / 0.149         0.078 / 0.149         0.078 / 0.149         0.078 / 0.149       ms
[2026-04-11T14:13:49.704+0530][80.523s][info][gc,stats    ]       Phase: Concurrent Select Relocation Set             17.321 / 29.160       17.399 / 30.061       17.399 / 30.061       17.399 / 30.061      ms
[2026-04-11T14:13:49.704+0530][80.523s][info][gc,stats    ]       Phase: Pause Mark End                                0.025 / 0.027         0.025 / 0.037         0.025 / 0.037         0.025 / 0.037       ms
[2026-04-11T14:13:49.704+0530][80.523s][info][gc,stats    ]       Phase: Pause Mark Start                              0.010 / 0.010         0.021 / 0.071         0.021 / 0.071         0.021 / 0.071       ms
[2026-04-11T14:13:49.704+0530][80.524s][info][gc,stats    ]       Phase: Pause Relocate Start                          0.022 / 0.034         0.015 / 0.034         0.015 / 0.034         0.015 / 0.034       ms
[2026-04-11T14:13:49.704+0530][80.524s][info][gc,stats    ]    Subphase: Concurrent Classes Purge                      0.016 / 0.018         0.178 / 0.807         0.178 / 0.807         0.178 / 0.807       ms
[2026-04-11T14:13:49.704+0530][80.524s][info][gc,stats    ]    Subphase: Concurrent Classes Unlink                     1.735 / 1.751         4.909 / 36.057        4.909 / 36.057        4.909 / 36.057      ms
[2026-04-11T14:13:49.704+0530][80.524s][info][gc,stats    ]    Subphase: Concurrent Mark                            2087.155 / 2249.751   1077.080 / 4300.528   1077.080 / 4300.528   1077.080 / 4300.528    ms
[2026-04-11T14:13:49.704+0530][80.524s][info][gc,stats    ]    Subphase: Concurrent Mark Try Flush                     0.285 / 0.442         0.178 / 0.442         0.178 / 0.442         0.178 / 0.442       ms
[2026-04-11T14:13:49.704+0530][80.524s][info][gc,stats    ]    Subphase: Concurrent Mark Try Terminate                 6.384 / 16.105        6.538 / 16.567        6.538 / 16.567        6.538 / 16.567      ms
[2026-04-11T14:13:49.704+0530][80.524s][info][gc,stats    ]    Subphase: Concurrent References Enqueue                 0.001 / 0.001         0.005 / 0.015         0.005 / 0.015         0.005 / 0.015       ms
[2026-04-11T14:13:49.705+0530][80.524s][info][gc,stats    ]    Subphase: Concurrent References Process                 0.122 / 0.161         0.133 / 0.382         0.133 / 0.382         0.133 / 0.382       ms
[2026-04-11T14:13:49.705+0530][80.524s][info][gc,stats    ]    Subphase: Concurrent Roots ClassLoaderDataGraph         0.096 / 0.182         0.126 / 0.499         0.126 / 0.499         0.126 / 0.499       ms
[2026-04-11T14:13:49.705+0530][80.524s][info][gc,stats    ]    Subphase: Concurrent Roots CodeCache                    0.000 / 0.000         0.000 / 0.000         0.000 / 0.000         0.000 / 0.000       ms
[2026-04-11T14:13:49.705+0530][80.524s][info][gc,stats    ]    Subphase: Concurrent Roots JavaThreads                  0.492 / 0.599         0.413 / 1.042         0.413 / 1.042         0.413 / 1.042       ms
[2026-04-11T14:13:49.705+0530][80.524s][info][gc,stats    ]    Subphase: Concurrent Roots OopStorageSet                0.022 / 0.043         0.046 / 0.182         0.046 / 0.182         0.046 / 0.182       ms
[2026-04-11T14:13:49.705+0530][80.524s][info][gc,stats    ]    Subphase: Concurrent Weak Roots OopStorageSet           0.292 / 0.327         0.330 / 0.613         0.330 / 0.613         0.330 / 0.613       ms
[2026-04-11T14:13:49.705+0530][80.524s][info][gc,stats    ]    Subphase: Pause Mark Try Complete                       0.000 / 0.000         0.000 / 0.000         0.000 / 0.000         0.000 / 0.000       ms
[2026-04-11T14:13:49.705+0530][80.524s][info][gc,stats    ]      System: Java Threads                                     18 / 18               18 / 20               18 / 20               18 / 20          threads
[2026-04-11T14:13:49.705+0530][80.524s][info][gc,stats    ] =========================================================================================================================================================
[2026-04-11T14:13:51.400+0530][82.219s][info][gc,start    ] GC(11) Garbage Collection (Allocation Rate)
[2026-04-11T14:13:51.400+0530][82.220s][info][gc,task     ] GC(11) Using 2 workers
[2026-04-11T14:13:51.401+0530][82.220s][info][gc,phases   ] GC(11) Pause Mark Start 0.012ms
[2026-04-11T14:13:53.881+0530][84.700s][info][gc,phases   ] GC(11) Concurrent Mark 2479.860ms
[2026-04-11T14:13:53.881+0530][84.700s][info][gc,phases   ] GC(11) Pause Mark End 0.020ms
[2026-04-11T14:13:53.881+0530][84.700s][info][gc,phases   ] GC(11) Concurrent Mark Free 0.002ms
[2026-04-11T14:13:53.883+0530][84.702s][info][gc,phases   ] GC(11) Concurrent Process Non-Strong References 2.279ms
[2026-04-11T14:13:53.883+0530][84.703s][info][gc,phases   ] GC(11) Concurrent Reset Relocation Set 0.118ms
[2026-04-11T14:13:53.890+0530][84.709s][info][gc,phases   ] GC(11) Concurrent Select Relocation Set 6.202ms
[2026-04-11T14:13:53.890+0530][84.709s][info][gc,phases   ] GC(11) Pause Relocate Start 0.011ms
[2026-04-11T14:13:53.959+0530][84.778s][info][gc,phases   ] GC(11) Concurrent Relocate 69.062ms
[2026-04-11T14:13:53.960+0530][84.779s][info][gc,load     ] GC(11) Load: 0.00/0.00/0.00
[2026-04-11T14:13:53.960+0530][84.779s][info][gc,mmu      ] GC(11) MMU: 2ms/96.4%, 5ms/98.6%, 10ms/99.3%, 20ms/99.6%, 50ms/99.9%, 100ms/99.9%
[2026-04-11T14:13:53.960+0530][84.779s][info][gc,marking  ] GC(11) Mark: 2 stripe(s), 5 proactive flush(es), 1 terminate flush(es), 0 completion(s), 0 continuation(s) 
[2026-04-11T14:13:53.960+0530][84.779s][info][gc,marking  ] GC(11) Mark Stack Usage: 32M
[2026-04-11T14:13:53.960+0530][84.779s][info][gc,nmethod  ] GC(11) NMethods: 1466 registered, 497 unregistered
[2026-04-11T14:13:53.960+0530][84.779s][info][gc,metaspace] GC(11) Metaspace: 6M used, 6M committed, 1088M reserved
[2026-04-11T14:13:53.960+0530][84.779s][info][gc,ref      ] GC(11) Soft: 161 encountered, 0 discovered, 0 enqueued
[2026-04-11T14:13:53.960+0530][84.779s][info][gc,ref      ] GC(11) Weak: 595 encountered, 201 discovered, 0 enqueued
[2026-04-11T14:13:53.960+0530][84.779s][info][gc,ref      ] GC(11) Final: 0 encountered, 0 discovered, 0 enqueued
[2026-04-11T14:13:53.960+0530][84.779s][info][gc,ref      ] GC(11) Phantom: 136 encountered, 62 discovered, 0 enqueued
[2026-04-11T14:13:53.960+0530][84.779s][info][gc,reloc    ] GC(11) Small Pages: 2414 / 4828M, Empty: 894M, Relocated: 96M, In-Place: 0
[2026-04-11T14:13:53.960+0530][84.779s][info][gc,reloc    ] GC(11) Medium Pages: 1 / 32M, Empty: 0M, Relocated: 0M, In-Place: 0
[2026-04-11T14:13:53.960+0530][84.779s][info][gc,reloc    ] GC(11) Large Pages: 6 / 332M, Empty: 68M, Relocated: 0M, In-Place: 0
[2026-04-11T14:13:53.960+0530][84.779s][info][gc,reloc    ] GC(11) Forwarding Usage: 20M
[2026-04-11T14:13:53.960+0530][84.779s][info][gc,heap     ] GC(11) Min Capacity: 4096M(50%)
[2026-04-11T14:13:53.960+0530][84.779s][info][gc,heap     ] GC(11) Max Capacity: 8192M(100%)
[2026-04-11T14:13:53.960+0530][84.779s][info][gc,heap     ] GC(11) Soft Max Capacity: 8192M(100%)
[2026-04-11T14:13:53.960+0530][84.779s][info][gc,heap     ] GC(11)                Mark Start          Mark End        Relocate Start      Relocate End           High               Low         
[2026-04-11T14:13:53.960+0530][84.779s][info][gc,heap     ] GC(11)  Capacity:     8192M (100%)       8192M (100%)       8192M (100%)       8192M (100%)       8192M (100%)       8192M (100%)   
[2026-04-11T14:13:53.960+0530][84.779s][info][gc,heap     ] GC(11)      Free:     3000M (37%)        1530M (19%)        2492M (30%)        5512M (67%)        5512M (67%)        1530M (19%)    
[2026-04-11T14:13:53.960+0530][84.779s][info][gc,heap     ] GC(11)      Used:     5192M (63%)        6662M (81%)        5700M (70%)        2680M (33%)        6662M (81%)        2680M (33%)    
[2026-04-11T14:13:53.960+0530][84.779s][info][gc,heap     ] GC(11)      Live:         -              1121M (14%)        1121M (14%)        1121M (14%)            -                  -          
[2026-04-11T14:13:53.960+0530][84.779s][info][gc,heap     ] GC(11) Allocated:         -              1470M (18%)        1470M (18%)        1509M (18%)            -                  -          
[2026-04-11T14:13:53.960+0530][84.779s][info][gc,heap     ] GC(11)   Garbage:         -              4070M (50%)        3108M (38%)          49M (1%)             -                  -          
[2026-04-11T14:13:53.960+0530][84.779s][info][gc,heap     ] GC(11) Reclaimed:         -                  -               962M (12%)        4021M (49%)            -                  -          
[2026-04-11T14:13:53.960+0530][84.779s][info][gc          ] GC(11) Garbage Collection (Allocation Rate) 5192M(63%)->2680M(33%)
[2026-04-11T14:13:56.502+0530][87.320s][info][gc,start    ] GC(12) Garbage Collection (Allocation Rate)
[2026-04-11T14:13:56.502+0530][87.321s][info][gc,task     ] GC(12) Using 2 workers
[2026-04-11T14:13:56.502+0530][87.321s][info][gc,phases   ] GC(12) Pause Mark Start 0.013ms
[2026-04-11T14:13:59.227+0530][90.046s][info][gc,phases   ] GC(12) Concurrent Mark 2724.760ms
[2026-04-11T14:13:59.227+0530][90.046s][info][gc,phases   ] GC(12) Pause Mark End 0.021ms
[2026-04-11T14:13:59.227+0530][90.046s][info][gc,phases   ] GC(12) Concurrent Mark Free 0.002ms
[2026-04-11T14:13:59.230+0530][90.049s][info][gc,phases   ] GC(12) Concurrent Process Non-Strong References 2.270ms
[2026-04-11T14:13:59.230+0530][90.049s][info][gc,phases   ] GC(12) Concurrent Reset Relocation Set 0.095ms
[2026-04-11T14:13:59.236+0530][90.055s][info][gc,phases   ] GC(12) Concurrent Select Relocation Set 5.947ms
[2026-04-11T14:13:59.236+0530][90.055s][info][gc,phases   ] GC(12) Pause Relocate Start 0.013ms
[2026-04-11T14:13:59.306+0530][90.126s][info][gc,phases   ] GC(12) Concurrent Relocate 70.634ms
[2026-04-11T14:13:59.307+0530][90.126s][info][gc,load     ] GC(12) Load: 0.00/0.00/0.00
[2026-04-11T14:13:59.307+0530][90.126s][info][gc,mmu      ] GC(12) MMU: 2ms/96.4%, 5ms/98.6%, 10ms/99.3%, 20ms/99.6%, 50ms/99.9%, 100ms/99.9%
[2026-04-11T14:13:59.307+0530][90.126s][info][gc,marking  ] GC(12) Mark: 2 stripe(s), 8 proactive flush(es), 1 terminate flush(es), 0 completion(s), 0 continuation(s) 
[2026-04-11T14:13:59.307+0530][90.126s][info][gc,marking  ] GC(12) Mark Stack Usage: 32M
[2026-04-11T14:13:59.307+0530][90.126s][info][gc,nmethod  ] GC(12) NMethods: 1475 registered, 497 unregistered
[2026-04-11T14:13:59.307+0530][90.126s][info][gc,metaspace] GC(12) Metaspace: 6M used, 6M committed, 1088M reserved
[2026-04-11T14:13:59.307+0530][90.126s][info][gc,ref      ] GC(12) Soft: 161 encountered, 0 discovered, 0 enqueued
[2026-04-11T14:13:59.307+0530][90.126s][info][gc,ref      ] GC(12) Weak: 595 encountered, 270 discovered, 0 enqueued
[2026-04-11T14:13:59.307+0530][90.126s][info][gc,ref      ] GC(12) Final: 0 encountered, 0 discovered, 0 enqueued
[2026-04-11T14:13:59.307+0530][90.126s][info][gc,ref      ] GC(12) Phantom: 136 encountered, 55 discovered, 0 enqueued
[2026-04-11T14:13:59.307+0530][90.126s][info][gc,reloc    ] GC(12) Small Pages: 2220 / 4440M, Empty: 802M, Relocated: 89M, In-Place: 0
[2026-04-11T14:13:59.307+0530][90.127s][info][gc,reloc    ] GC(12) Medium Pages: 1 / 32M, Empty: 0M, Relocated: 0M, In-Place: 0
[2026-04-11T14:13:59.307+0530][90.127s][info][gc,reloc    ] GC(12) Large Pages: 4 / 264M, Empty: 0M, Relocated: 0M, In-Place: 0
[2026-04-11T14:13:59.307+0530][90.127s][info][gc,reloc    ] GC(12) Forwarding Usage: 19M
[2026-04-11T14:13:59.307+0530][90.127s][info][gc,heap     ] GC(12) Min Capacity: 4096M(50%)
[2026-04-11T14:13:59.307+0530][90.127s][info][gc,heap     ] GC(12) Max Capacity: 8192M(100%)
[2026-04-11T14:13:59.307+0530][90.127s][info][gc,heap     ] GC(12) Soft Max Capacity: 8192M(100%)
[2026-04-11T14:13:59.307+0530][90.127s][info][gc,heap     ] GC(12)                Mark Start          Mark End        Relocate Start      Relocate End           High               Low         
[2026-04-11T14:13:59.307+0530][90.127s][info][gc,heap     ] GC(12)  Capacity:     8192M (100%)       8192M (100%)       8192M (100%)       8192M (100%)       8192M (100%)       8192M (100%)   
[2026-04-11T14:13:59.307+0530][90.127s][info][gc,heap     ] GC(12)      Free:     3456M (42%)        1782M (22%)        2574M (31%)        5200M (63%)        5200M (63%)        1780M (22%)    
[2026-04-11T14:13:59.307+0530][90.127s][info][gc,heap     ] GC(12)      Used:     4736M (58%)        6410M (78%)        5618M (69%)        2992M (37%)        6412M (78%)        2992M (37%)    
[2026-04-11T14:13:59.307+0530][90.127s][info][gc,heap     ] GC(12)      Live:         -              1202M (15%)        1202M (15%)        1202M (15%)            -                  -          
[2026-04-11T14:13:59.307+0530][90.127s][info][gc,heap     ] GC(12) Allocated:         -              1674M (20%)        1684M (21%)        1739M (21%)            -                  -          
[2026-04-11T14:13:59.307+0530][90.127s][info][gc,heap     ] GC(12)   Garbage:         -              3533M (43%)        2731M (33%)          50M (1%)             -                  -          
[2026-04-11T14:13:59.307+0530][90.127s][info][gc,heap     ] GC(12) Reclaimed:         -                  -               802M (10%)        3483M (43%)            -                  -          
[2026-04-11T14:13:59.307+0530][90.127s][info][gc          ] GC(12) Garbage Collection (Allocation Rate) 4736M(58%)->2992M(37%)
[2026-04-11T14:13:59.709+0530][90.528s][info][gc,stats    ] === Garbage Collection Statistics =======================================================================================================================
[2026-04-11T14:13:59.709+0530][90.528s][info][gc,stats    ]                                                              Last 10s              Last 10m              Last 10h                Total
[2026-04-11T14:13:59.709+0530][90.528s][info][gc,stats    ]                                                              Avg / Max             Avg / Max             Avg / Max             Avg / Max
[2026-04-11T14:13:59.709+0530][90.528s][info][gc,stats    ]   Collector: Garbage Collection Cycle                   2682.415 / 2805.681   1676.872 / 4618.033   1676.872 / 4618.033   1676.872 / 4618.033    ms
[2026-04-11T14:13:59.709+0530][90.528s][info][gc,stats    ]  Contention: Mark Segment Reset Contention                     0 / 1                 0 / 7                 0 / 7                 0 / 7           ops/s
[2026-04-11T14:13:59.709+0530][90.528s][info][gc,stats    ]  Contention: Mark SeqNum Reset Contention                      0 / 0                 0 / 1                 0 / 1                 0 / 1           ops/s
[2026-04-11T14:13:59.709+0530][90.528s][info][gc,stats    ]    Critical: Allocation Stall                                  0 / 0                 0 / 2                 0 / 2                 0 / 2           ops/s
[2026-04-11T14:13:59.709+0530][90.528s][info][gc,stats    ]    Critical: Allocation Stall                              0.000 / 0.000      3147.256 / 3147.636   3147.256 / 3147.636   3147.256 / 3147.636    ms
[2026-04-11T14:13:59.709+0530][90.528s][info][gc,stats    ]    Critical: GC Locker Stall                                   0 / 0                 0 / 0                 0 / 0                 0 / 0           ops/s
[2026-04-11T14:13:59.709+0530][90.528s][info][gc,stats    ]    Critical: GC Locker Stall                               0.000 / 0.000         0.000 / 0.000         0.000 / 0.000         0.000 / 0.000       ms
[2026-04-11T14:13:59.709+0530][90.528s][info][gc,stats    ]    Critical: Relocation Stall                                  0 / 0                 0 / 0                 0 / 0                 0 / 0           ops/s
[2026-04-11T14:13:59.709+0530][90.528s][info][gc,stats    ]    Critical: Relocation Stall                              0.000 / 0.000         0.000 / 0.000         0.000 / 0.000         0.000 / 0.000       ms
[2026-04-11T14:13:59.709+0530][90.528s][info][gc,stats    ]      Memory: Allocation Rate                                 729 / 948             610 / 972             610 / 972             610 / 972         MB/s
[2026-04-11T14:13:59.709+0530][90.528s][info][gc,stats    ]      Memory: Defragment                                        0 / 0                 0 / 1                 0 / 1                 0 / 1           ops/s
[2026-04-11T14:13:59.709+0530][90.528s][info][gc,stats    ]      Memory: Out Of Memory                                     0 / 0                 0 / 0                 0 / 0                 0 / 0           ops/s
[2026-04-11T14:13:59.709+0530][90.528s][info][gc,stats    ]      Memory: Page Cache Flush                                  0 / 0                 5 / 134               5 / 134               5 / 134         MB/s
[2026-04-11T14:13:59.710+0530][90.528s][info][gc,stats    ]      Memory: Page Cache Hit L1                               373 / 474             260 / 485             260 / 485             260 / 485         ops/s
[2026-04-11T14:13:59.710+0530][90.529s][info][gc,stats    ]      Memory: Page Cache Hit L2                                 0 / 0                 0 / 0                 0 / 0                 0 / 0           ops/s
[2026-04-11T14:13:59.710+0530][90.529s][info][gc,stats    ]      Memory: Page Cache Hit L3                                 0 / 0                24 / 401              24 / 401              24 / 401         ops/s
[2026-04-11T14:13:59.710+0530][90.529s][info][gc,stats    ]      Memory: Page Cache Miss                                   0 / 0                24 / 252              24 / 252              24 / 252         ops/s
[2026-04-11T14:13:59.710+0530][90.529s][info][gc,stats    ]      Memory: Uncommit                                          0 / 0                 0 / 0                 0 / 0                 0 / 0           MB/s
[2026-04-11T14:13:59.710+0530][90.529s][info][gc,stats    ]      Memory: Undo Object Allocation Failed                     0 / 0                 0 / 1                 0 / 1                 0 / 1           ops/s
[2026-04-11T14:13:59.710+0530][90.529s][info][gc,stats    ]      Memory: Undo Object Allocation Succeeded                  0 / 5                 0 / 8                 0 / 8                 0 / 8           ops/s
[2026-04-11T14:13:59.710+0530][90.529s][info][gc,stats    ]      Memory: Undo Page Allocation                              0 / 0                 0 / 0                 0 / 0                 0 / 0           ops/s
[2026-04-11T14:13:59.710+0530][90.529s][info][gc,stats    ]       Phase: Concurrent Mark                            2602.310 / 2724.760   1557.948 / 4302.047   1557.948 / 4302.047   1557.948 / 4302.047    ms
[2026-04-11T14:13:59.710+0530][90.529s][info][gc,stats    ]       Phase: Concurrent Mark Continue                      0.000 / 0.000         0.000 / 0.000         0.000 / 0.000         0.000 / 0.000       ms
[2026-04-11T14:13:59.710+0530][90.529s][info][gc,stats    ]       Phase: Concurrent Mark Free                          0.002 / 0.002         0.002 / 0.003         0.002 / 0.003         0.002 / 0.003       ms
[2026-04-11T14:13:59.710+0530][90.529s][info][gc,stats    ]       Phase: Concurrent Process Non-Strong References      2.274 / 2.279         5.319 / 37.015        5.319 / 37.015        5.319 / 37.015      ms
[2026-04-11T14:13:59.710+0530][90.529s][info][gc,stats    ]       Phase: Concurrent Relocate                          69.848 / 70.634       95.886 / 289.683      95.886 / 289.683      95.886 / 289.683     ms
[2026-04-11T14:13:59.710+0530][90.529s][info][gc,stats    ]       Phase: Concurrent Reset Relocation Set               0.106 / 0.118         0.082 / 0.149         0.082 / 0.149         0.082 / 0.149       ms
[2026-04-11T14:13:59.710+0530][90.529s][info][gc,stats    ]       Phase: Concurrent Select Relocation Set              6.075 / 6.202        15.657 / 30.061       15.657 / 30.061       15.657 / 30.061      ms
[2026-04-11T14:13:59.710+0530][90.529s][info][gc,stats    ]       Phase: Pause Mark End                                0.021 / 0.021         0.024 / 0.037         0.024 / 0.037         0.024 / 0.037       ms
[2026-04-11T14:13:59.710+0530][90.529s][info][gc,stats    ]       Phase: Pause Mark Start                              0.012 / 0.013         0.019 / 0.071         0.019 / 0.071         0.019 / 0.071       ms
[2026-04-11T14:13:59.710+0530][90.529s][info][gc,stats    ]       Phase: Pause Relocate Start                          0.012 / 0.013         0.014 / 0.034         0.014 / 0.034         0.014 / 0.034       ms
[2026-04-11T14:13:59.710+0530][90.529s][info][gc,stats    ]    Subphase: Concurrent Classes Purge                      0.018 / 0.019         0.153 / 0.807         0.153 / 0.807         0.153 / 0.807       ms
[2026-04-11T14:13:59.710+0530][90.529s][info][gc,stats    ]    Subphase: Concurrent Classes Unlink                     1.556 / 1.568         4.393 / 36.057        4.393 / 36.057        4.393 / 36.057      ms
[2026-04-11T14:13:59.710+0530][90.529s][info][gc,stats    ]    Subphase: Concurrent Mark                            2595.088 / 2724.014   1272.952 / 4300.528   1272.952 / 4300.528   1272.952 / 4300.528    ms
[2026-04-11T14:13:59.710+0530][90.529s][info][gc,stats    ]    Subphase: Concurrent Mark Try Flush                     0.189 / 0.448         0.181 / 0.448         0.181 / 0.448         0.181 / 0.448       ms
[2026-04-11T14:13:59.710+0530][90.529s][info][gc,stats    ]    Subphase: Concurrent Mark Try Terminate                10.917 / 16.847        7.900 / 16.847        7.900 / 16.847        7.900 / 16.847      ms
[2026-04-11T14:13:59.710+0530][90.529s][info][gc,stats    ]    Subphase: Concurrent References Enqueue                 0.000 / 0.001         0.004 / 0.015         0.004 / 0.015         0.004 / 0.015       ms
[2026-04-11T14:13:59.710+0530][90.529s][info][gc,stats    ]    Subphase: Concurrent References Process                 0.142 / 0.152         0.135 / 0.382         0.135 / 0.382         0.135 / 0.382       ms
[2026-04-11T14:13:59.710+0530][90.529s][info][gc,stats    ]    Subphase: Concurrent Roots ClassLoaderDataGraph         0.092 / 0.170         0.122 / 0.499         0.122 / 0.499         0.122 / 0.499       ms
[2026-04-11T14:13:59.710+0530][90.529s][info][gc,stats    ]    Subphase: Concurrent Roots CodeCache                    0.000 / 0.000         0.000 / 0.000         0.000 / 0.000         0.000 / 0.000       ms
[2026-04-11T14:13:59.710+0530][90.529s][info][gc,stats    ]    Subphase: Concurrent Roots JavaThreads                  0.362 / 0.485         0.406 / 1.042         0.406 / 1.042         0.406 / 1.042       ms
[2026-04-11T14:13:59.710+0530][90.529s][info][gc,stats    ]    Subphase: Concurrent Roots OopStorageSet                0.029 / 0.030         0.044 / 0.182         0.044 / 0.182         0.044 / 0.182       ms
[2026-04-11T14:13:59.710+0530][90.529s][info][gc,stats    ]    Subphase: Concurrent Weak Roots OopStorageSet           0.268 / 0.333         0.322 / 0.613         0.322 / 0.613         0.322 / 0.613       ms
[2026-04-11T14:13:59.710+0530][90.529s][info][gc,stats    ]    Subphase: Pause Mark Try Complete                       0.000 / 0.000         0.000 / 0.000         0.000 / 0.000         0.000 / 0.000       ms
[2026-04-11T14:13:59.710+0530][90.529s][info][gc,stats    ]      System: Java Threads                                     18 / 18               18 / 20               18 / 20               18 / 20          threads
[2026-04-11T14:13:59.710+0530][90.529s][info][gc,stats    ] =========================================================================================================================================================
[2026-04-11T14:14:01.603+0530][92.422s][info][gc,start    ] GC(13) Garbage Collection (Allocation Rate)
[2026-04-11T14:14:01.603+0530][92.422s][info][gc,task     ] GC(13) Using 3 workers
[2026-04-11T14:14:01.603+0530][92.422s][info][gc,phases   ] GC(13) Pause Mark Start 0.012ms
[2026-04-11T14:14:03.681+0530][94.500s][info][gc,phases   ] GC(13) Concurrent Mark 2077.770ms
[2026-04-11T14:14:03.681+0530][94.500s][info][gc,phases   ] GC(13) Pause Mark End 0.024ms
[2026-04-11T14:14:03.682+0530][94.500s][info][gc,phases   ] GC(13) Concurrent Mark Free 0.001ms
[2026-04-11T14:14:03.683+0530][94.502s][info][gc,phases   ] GC(13) Concurrent Process Non-Strong References 1.939ms
[2026-04-11T14:14:03.683+0530][94.503s][info][gc,phases   ] GC(13) Concurrent Reset Relocation Set 0.086ms
[2026-04-11T14:14:03.689+0530][94.509s][info][gc,phases   ] GC(13) Concurrent Select Relocation Set 5.974ms
[2026-04-11T14:14:03.689+0530][94.509s][info][gc,phases   ] GC(13) Pause Relocate Start 0.014ms
[2026-04-11T14:14:03.733+0530][94.552s][info][gc,phases   ] GC(13) Concurrent Relocate 42.797ms
[2026-04-11T14:14:03.733+0530][94.552s][info][gc,load     ] GC(13) Load: 0.00/0.00/0.00
[2026-04-11T14:14:03.733+0530][94.552s][info][gc,mmu      ] GC(13) MMU: 2ms/96.4%, 5ms/98.6%, 10ms/99.3%, 20ms/99.6%, 50ms/99.9%, 100ms/99.9%
[2026-04-11T14:14:03.733+0530][94.552s][info][gc,marking  ] GC(13) Mark: 2 stripe(s), 2 proactive flush(es), 1 terminate flush(es), 0 completion(s), 0 continuation(s) 
[2026-04-11T14:14:03.733+0530][94.552s][info][gc,marking  ] GC(13) Mark Stack Usage: 32M
[2026-04-11T14:14:03.733+0530][94.552s][info][gc,nmethod  ] GC(13) NMethods: 1470 registered, 504 unregistered
[2026-04-11T14:14:03.733+0530][94.552s][info][gc,metaspace] GC(13) Metaspace: 6M used, 6M committed, 1088M reserved
[2026-04-11T14:14:03.733+0530][94.552s][info][gc,ref      ] GC(13) Soft: 161 encountered, 0 discovered, 0 enqueued
[2026-04-11T14:14:03.733+0530][94.552s][info][gc,ref      ] GC(13) Weak: 595 encountered, 152 discovered, 0 enqueued
[2026-04-11T14:14:03.733+0530][94.552s][info][gc,ref      ] GC(13) Final: 0 encountered, 0 discovered, 0 enqueued
[2026-04-11T14:14:03.733+0530][94.552s][info][gc,ref      ] GC(13) Phantom: 136 encountered, 56 discovered, 0 enqueued
[2026-04-11T14:14:03.733+0530][94.552s][info][gc,reloc    ] GC(13) Small Pages: 2298 / 4596M, Empty: 806M, Relocated: 87M, In-Place: 0
[2026-04-11T14:14:03.734+0530][94.552s][info][gc,reloc    ] GC(13) Medium Pages: 1 / 32M, Empty: 0M, Relocated: 0M, In-Place: 0
[2026-04-11T14:14:03.734+0530][94.553s][info][gc,reloc    ] GC(13) Large Pages: 4 / 264M, Empty: 0M, Relocated: 0M, In-Place: 0
[2026-04-11T14:14:03.734+0530][94.553s][info][gc,reloc    ] GC(13) Forwarding Usage: 18M
[2026-04-11T14:14:03.734+0530][94.553s][info][gc,heap     ] GC(13) Min Capacity: 4096M(50%)
[2026-04-11T14:14:03.734+0530][94.553s][info][gc,heap     ] GC(13) Max Capacity: 8192M(100%)
[2026-04-11T14:14:03.734+0530][94.553s][info][gc,heap     ] GC(13) Soft Max Capacity: 8192M(100%)
[2026-04-11T14:14:03.734+0530][94.553s][info][gc,heap     ] GC(13)                Mark Start          Mark End        Relocate Start      Relocate End           High               Low         
[2026-04-11T14:14:03.734+0530][94.553s][info][gc,heap     ] GC(13)  Capacity:     8192M (100%)       8192M (100%)       8192M (100%)       8192M (100%)       8192M (100%)       8192M (100%)   
[2026-04-11T14:14:03.734+0530][94.553s][info][gc,heap     ] GC(13)      Free:     3300M (40%)        2016M (25%)        2816M (34%)        5534M (68%)        5534M (68%)        2014M (25%)    
[2026-04-11T14:14:03.734+0530][94.553s][info][gc,heap     ] GC(13)      Used:     4892M (60%)        6176M (75%)        5376M (66%)        2658M (32%)        6178M (75%)        2658M (32%)    
[2026-04-11T14:14:03.734+0530][94.553s][info][gc,heap     ] GC(13)      Live:         -              1283M (16%)        1283M (16%)        1283M (16%)            -                  -          
[2026-04-11T14:14:03.734+0530][94.553s][info][gc,heap     ] GC(13) Allocated:         -              1284M (16%)        1290M (16%)        1317M (16%)            -                  -          
[2026-04-11T14:14:03.734+0530][94.553s][info][gc,heap     ] GC(13)   Garbage:         -              3608M (44%)        2802M (34%)          57M (1%)             -                  -          
[2026-04-11T14:14:03.734+0530][94.553s][info][gc,heap     ] GC(13) Reclaimed:         -                  -               806M (10%)        3551M (43%)            -                  -          
[2026-04-11T14:14:03.734+0530][94.553s][info][gc          ] GC(13) Garbage Collection (Allocation Rate) 4892M(60%)->2658M(32%)
[2026-04-11T14:14:06.897+0530][97.716s][info][gc,start    ] GC(14) Garbage Collection (Allocation Rate)
[2026-04-11T14:14:06.897+0530][97.716s][info][gc,task     ] GC(14) Using 3 workers
[2026-04-11T14:14:06.897+0530][97.716s][info][gc,phases   ] GC(14) Pause Mark Start 0.010ms
[2026-04-11T14:14:08.879+0530][99.698s][info][gc,phases   ] GC(14) Concurrent Mark 1981.493ms
[2026-04-11T14:14:08.879+0530][99.698s][info][gc,phases   ] GC(14) Pause Mark End 0.019ms
[2026-04-11T14:14:08.879+0530][99.698s][info][gc,phases   ] GC(14) Concurrent Mark Free 0.025ms
[2026-04-11T14:14:08.881+0530][99.700s][info][gc,phases   ] GC(14) Concurrent Process Non-Strong References 2.120ms
[2026-04-11T14:14:08.881+0530][99.701s][info][gc,phases   ] GC(14) Concurrent Reset Relocation Set 0.085ms
[2026-04-11T14:14:08.900+0530][99.719s][info][gc,phases   ] GC(14) Concurrent Select Relocation Set 18.048ms
[2026-04-11T14:14:08.900+0530][99.719s][info][gc,phases   ] GC(14) Pause Relocate Start 0.012ms
[2026-04-11T14:14:08.941+0530][99.760s][info][gc,phases   ] GC(14) Concurrent Relocate 40.500ms
[2026-04-11T14:14:08.941+0530][99.760s][info][gc,load     ] GC(14) Load: 0.00/0.00/0.00
[2026-04-11T14:14:08.941+0530][99.760s][info][gc,mmu      ] GC(14) MMU: 2ms/96.4%, 5ms/98.6%, 10ms/99.3%, 20ms/99.6%, 50ms/99.9%, 100ms/99.9%
[2026-04-11T14:14:08.941+0530][99.760s][info][gc,marking  ] GC(14) Mark: 2 stripe(s), 2 proactive flush(es), 1 terminate flush(es), 0 completion(s), 0 continuation(s) 
[2026-04-11T14:14:08.941+0530][99.760s][info][gc,marking  ] GC(14) Mark Stack Usage: 32M
[2026-04-11T14:14:08.941+0530][99.760s][info][gc,nmethod  ] GC(14) NMethods: 1473 registered, 504 unregistered
[2026-04-11T14:14:08.941+0530][99.760s][info][gc,metaspace] GC(14) Metaspace: 6M used, 6M committed, 1088M reserved
[2026-04-11T14:14:08.941+0530][99.760s][info][gc,ref      ] GC(14) Soft: 161 encountered, 0 discovered, 0 enqueued
[2026-04-11T14:14:08.941+0530][99.760s][info][gc,ref      ] GC(14) Weak: 595 encountered, 135 discovered, 0 enqueued
[2026-04-11T14:14:08.941+0530][99.760s][info][gc,ref      ] GC(14) Final: 0 encountered, 0 discovered, 0 enqueued
[2026-04-11T14:14:08.941+0530][99.760s][info][gc,ref      ] GC(14) Phantom: 136 encountered, 56 discovered, 0 enqueued
[2026-04-11T14:14:08.941+0530][99.760s][info][gc,reloc    ] GC(14) Small Pages: 2518 / 5036M, Empty: 896M, Relocated: 96M, In-Place: 0
[2026-04-11T14:14:08.941+0530][99.760s][info][gc,reloc    ] GC(14) Medium Pages: 1 / 32M, Empty: 0M, Relocated: 0M, In-Place: 0
[2026-04-11T14:14:08.941+0530][99.760s][info][gc,reloc    ] GC(14) Large Pages: 4 / 264M, Empty: 0M, Relocated: 0M, In-Place: 0
[2026-04-11T14:14:08.941+0530][99.760s][info][gc,reloc    ] GC(14) Forwarding Usage: 20M
[2026-04-11T14:14:08.941+0530][99.760s][info][gc,heap     ] GC(14) Min Capacity: 4096M(50%)
[2026-04-11T14:14:08.941+0530][99.760s][info][gc,heap     ] GC(14) Max Capacity: 8192M(100%)
[2026-04-11T14:14:08.941+0530][99.760s][info][gc,heap     ] GC(14) Soft Max Capacity: 8192M(100%)
[2026-04-11T14:14:08.941+0530][99.760s][info][gc,heap     ] GC(14)                Mark Start          Mark End        Relocate Start      Relocate End           High               Low         
[2026-04-11T14:14:08.941+0530][99.760s][info][gc,heap     ] GC(14)  Capacity:     8192M (100%)       8192M (100%)       8192M (100%)       8192M (100%)       8192M (100%)       8192M (100%)   
[2026-04-11T14:14:08.941+0530][99.760s][info][gc,heap     ] GC(14)      Free:     2860M (35%)        2158M (26%)        3054M (37%)        6064M (74%)        6064M (74%)        2158M (26%)    
[2026-04-11T14:14:08.941+0530][99.760s][info][gc,heap     ] GC(14)      Used:     5332M (65%)        6034M (74%)        5138M (63%)        2128M (26%)        6034M (74%)        2128M (26%)    
[2026-04-11T14:14:08.942+0530][99.760s][info][gc,heap     ] GC(14)      Live:         -              1368M (17%)        1368M (17%)        1368M (17%)            -                  -          
[2026-04-11T14:14:08.942+0530][99.761s][info][gc,heap     ] GC(14) Allocated:         -               702M (9%)          702M (9%)          703M (9%)             -                  -          
[2026-04-11T14:14:08.942+0530][99.761s][info][gc,heap     ] GC(14)   Garbage:         -              3963M (48%)        3067M (37%)          55M (1%)             -                  -          
[2026-04-11T14:14:08.942+0530][99.761s][info][gc,heap     ] GC(14) Reclaimed:         -                  -               896M (11%)        3907M (48%)            -                  -          
[2026-04-11T14:14:08.942+0530][99.761s][info][gc          ] GC(14) Garbage Collection (Allocation Rate) 5332M(65%)->2128M(26%)
[2026-04-11T14:14:09.696+0530][100.515s][info][gc,stats    ] === Garbage Collection Statistics =======================================================================================================================
[2026-04-11T14:14:09.696+0530][100.515s][info][gc,stats    ]                                                              Last 10s              Last 10m              Last 10h                Total
[2026-04-11T14:14:09.696+0530][100.515s][info][gc,stats    ]                                                              Avg / Max             Avg / Max             Avg / Max             Avg / Max
[2026-04-11T14:14:09.696+0530][100.515s][info][gc,stats    ]   Collector: Garbage Collection Cycle                   2087.349 / 2130.462   1731.602 / 4618.033   1731.602 / 4618.033   1731.602 / 4618.033    ms
[2026-04-11T14:14:09.696+0530][100.515s][info][gc,stats    ]  Contention: Mark Segment Reset Contention                     0 / 4                 0 / 7                 0 / 7                 0 / 7           ops/s
[2026-04-11T14:14:09.696+0530][100.516s][info][gc,stats    ]  Contention: Mark SeqNum Reset Contention                      0 / 0                 0 / 1                 0 / 1                 0 / 1           ops/s
[2026-04-11T14:14:09.696+0530][100.516s][info][gc,stats    ]    Critical: Allocation Stall                                  0 / 0                 0 / 2                 0 / 2                 0 / 2           ops/s
[2026-04-11T14:14:09.696+0530][100.516s][info][gc,stats    ]    Critical: Allocation Stall                              0.000 / 0.000      3147.256 / 3147.636   3147.256 / 3147.636   3147.256 / 3147.636    ms
[2026-04-11T14:14:09.697+0530][100.516s][info][gc,stats    ]    Critical: GC Locker Stall                                   0 / 0                 0 / 0                 0 / 0                 0 / 0           ops/s
[2026-04-11T14:14:09.697+0530][100.516s][info][gc,stats    ]    Critical: GC Locker Stall                               0.000 / 0.000         0.000 / 0.000         0.000 / 0.000         0.000 / 0.000       ms
[2026-04-11T14:14:09.697+0530][100.516s][info][gc,stats    ]    Critical: Relocation Stall                                  0 / 0                 0 / 0                 0 / 0                 0 / 0           ops/s
[2026-04-11T14:14:09.697+0530][100.516s][info][gc,stats    ]    Critical: Relocation Stall                              0.000 / 0.000         0.000 / 0.000         0.000 / 0.000         0.000 / 0.000       ms
[2026-04-11T14:14:09.697+0530][100.516s][info][gc,stats    ]      Memory: Allocation Rate                                 641 / 886             614 / 972             614 / 972             614 / 972         MB/s
[2026-04-11T14:14:09.697+0530][100.516s][info][gc,stats    ]      Memory: Defragment                                        0 / 0                 0 / 1                 0 / 1                 0 / 1           ops/s
[2026-04-11T14:14:09.697+0530][100.516s][info][gc,stats    ]      Memory: Out Of Memory                                     0 / 0                 0 / 0                 0 / 0                 0 / 0           ops/s
[2026-04-11T14:14:09.697+0530][100.516s][info][gc,stats    ]      Memory: Page Cache Flush                                 26 / 130               7 / 134               7 / 134               7 / 134         MB/s
[2026-04-11T14:14:09.697+0530][100.516s][info][gc,stats    ]      Memory: Page Cache Hit L1                               316 / 454             266 / 485             266 / 485             266 / 485         ops/s
[2026-04-11T14:14:09.697+0530][100.516s][info][gc,stats    ]      Memory: Page Cache Hit L2                                 0 / 0                 0 / 0                 0 / 0                 0 / 0           ops/s
[2026-04-11T14:14:09.697+0530][100.516s][info][gc,stats    ]      Memory: Page Cache Hit L3                                 0 / 0                21 / 401              21 / 401              21 / 401         ops/s
[2026-04-11T14:14:09.697+0530][100.516s][info][gc,stats    ]      Memory: Page Cache Miss                                   0 / 1                21 / 252              21 / 252              21 / 252         ops/s
[2026-04-11T14:14:09.697+0530][100.516s][info][gc,stats    ]      Memory: Uncommit                                          0 / 0                 0 / 0                 0 / 0                 0 / 0           MB/s
[2026-04-11T14:14:09.697+0530][100.516s][info][gc,stats    ]      Memory: Undo Object Allocation Failed                     0 / 0                 0 / 1                 0 / 1                 0 / 1           ops/s
[2026-04-11T14:14:09.697+0530][100.516s][info][gc,stats    ]      Memory: Undo Object Allocation Succeeded                  0 / 2                 0 / 8                 0 / 8                 0 / 8           ops/s
[2026-04-11T14:14:09.697+0530][100.516s][info][gc,stats    ]      Memory: Undo Page Allocation                              0 / 0                 0 / 0                 0 / 0                 0 / 0           ops/s
[2026-04-11T14:14:09.697+0530][100.516s][info][gc,stats    ]       Phase: Concurrent Mark                            2029.631 / 2077.770   1620.839 / 4302.047   1620.839 / 4302.047   1620.839 / 4302.047    ms
[2026-04-11T14:14:09.697+0530][100.516s][info][gc,stats    ]       Phase: Concurrent Mark Continue                      0.000 / 0.000         0.000 / 0.000         0.000 / 0.000         0.000 / 0.000       ms
[2026-04-11T14:14:09.697+0530][100.516s][info][gc,stats    ]       Phase: Concurrent Mark Free                          0.013 / 0.025         0.003 / 0.025         0.003 / 0.025         0.003 / 0.025       ms
[2026-04-11T14:14:09.697+0530][100.516s][info][gc,stats    ]       Phase: Concurrent Process Non-Strong References      2.030 / 2.120         4.880 / 37.015        4.880 / 37.015        4.880 / 37.015      ms
[2026-04-11T14:14:09.698+0530][100.516s][info][gc,stats    ]       Phase: Concurrent Relocate                          41.648 / 42.797       88.654 / 289.683      88.654 / 289.683      88.654 / 289.683     ms
[2026-04-11T14:14:09.698+0530][100.516s][info][gc,stats    ]       Phase: Concurrent Reset Relocation Set               0.085 / 0.086         0.083 / 0.149         0.083 / 0.149         0.083 / 0.149       ms
[2026-04-11T14:14:09.698+0530][100.516s][info][gc,stats    ]       Phase: Concurrent Select Relocation Set             12.011 / 18.048       15.171 / 30.061       15.171 / 30.061       15.171 / 30.061      ms
[2026-04-11T14:14:09.698+0530][100.516s][info][gc,stats    ]       Phase: Pause Mark End                                0.021 / 0.024         0.024 / 0.037         0.024 / 0.037         0.024 / 0.037       ms
[2026-04-11T14:14:09.698+0530][100.516s][info][gc,stats    ]       Phase: Pause Mark Start                              0.011 / 0.012         0.018 / 0.071         0.018 / 0.071         0.018 / 0.071       ms
[2026-04-11T14:14:09.698+0530][100.516s][info][gc,stats    ]       Phase: Pause Relocate Start                          0.013 / 0.014         0.014 / 0.034         0.014 / 0.034         0.014 / 0.034       ms
[2026-04-11T14:14:09.698+0530][100.516s][info][gc,stats    ]    Subphase: Concurrent Classes Purge                      0.049 / 0.075         0.139 / 0.807         0.139 / 0.807         0.139 / 0.807       ms
[2026-04-11T14:14:09.698+0530][100.516s][info][gc,stats    ]    Subphase: Concurrent Classes Unlink                     1.239 / 1.286         3.973 / 36.057        3.973 / 36.057        3.973 / 36.057      ms
[2026-04-11T14:14:09.698+0530][100.516s][info][gc,stats    ]    Subphase: Concurrent Mark                            2024.357 / 2076.919   1394.802 / 4300.528   1394.802 / 4300.528   1394.802 / 4300.528    ms
[2026-04-11T14:14:09.698+0530][100.517s][info][gc,stats    ]    Subphase: Concurrent Mark Try Flush                     0.381 / 0.629         0.199 / 0.629         0.199 / 0.629         0.199 / 0.629       ms
[2026-04-11T14:14:09.698+0530][100.517s][info][gc,stats    ]    Subphase: Concurrent Mark Try Terminate                 6.423 / 15.789        7.753 / 16.847        7.753 / 16.847        7.753 / 16.847      ms
[2026-04-11T14:14:09.698+0530][100.517s][info][gc,stats    ]    Subphase: Concurrent References Enqueue                 0.000 / 0.001         0.004 / 0.015         0.004 / 0.015         0.004 / 0.015       ms
[2026-04-11T14:14:09.698+0530][100.517s][info][gc,stats    ]    Subphase: Concurrent References Process                 0.120 / 0.135         0.133 / 0.382         0.133 / 0.382         0.133 / 0.382       ms
[2026-04-11T14:14:09.698+0530][100.517s][info][gc,stats    ]    Subphase: Concurrent Roots ClassLoaderDataGraph         0.081 / 0.215         0.116 / 0.499         0.116 / 0.499         0.116 / 0.499       ms
[2026-04-11T14:14:09.698+0530][100.517s][info][gc,stats    ]    Subphase: Concurrent Roots CodeCache                    0.000 / 0.000         0.000 / 0.000         0.000 / 0.000         0.000 / 0.000       ms
[2026-04-11T14:14:09.698+0530][100.517s][info][gc,stats    ]    Subphase: Concurrent Roots JavaThreads                  0.461 / 0.602         0.415 / 1.042         0.415 / 1.042         0.415 / 1.042       ms
[2026-04-11T14:14:09.698+0530][100.517s][info][gc,stats    ]    Subphase: Concurrent Roots OopStorageSet                0.018 / 0.025         0.040 / 0.182         0.040 / 0.182         0.040 / 0.182       ms
[2026-04-11T14:14:09.698+0530][100.517s][info][gc,stats    ]    Subphase: Concurrent Weak Roots OopStorageSet           0.174 / 0.201         0.298 / 0.613         0.298 / 0.613         0.298 / 0.613       ms
[2026-04-11T14:14:09.698+0530][100.517s][info][gc,stats    ]    Subphase: Pause Mark Try Complete                       0.000 / 0.000         0.000 / 0.000         0.000 / 0.000         0.000 / 0.000       ms
[2026-04-11T14:14:09.698+0530][100.517s][info][gc,stats    ]      System: Java Threads                                     18 / 18               18 / 20               18 / 20               18 / 20          threads
[2026-04-11T14:14:09.698+0530][100.517s][info][gc,stats    ] =========================================================================================================================================================
[2026-04-11T14:14:10.105+0530][100.924s][info][gc,start    ] GC(15) Garbage Collection (Allocation Rate)
[2026-04-11T14:14:10.105+0530][100.924s][info][gc,task     ] GC(15) Using 3 workers
[2026-04-11T14:14:10.106+0530][100.924s][info][gc,phases   ] GC(15) Pause Mark Start 0.010ms
[2026-04-11T14:14:12.285+0530][103.104s][info][gc,phases   ] GC(15) Concurrent Mark 2179.202ms
[2026-04-11T14:14:12.285+0530][103.104s][info][gc,phases   ] GC(15) Pause Mark End 0.020ms
[2026-04-11T14:14:12.285+0530][103.104s][info][gc,phases   ] GC(15) Concurrent Mark Free 0.002ms
[2026-04-11T14:14:12.287+0530][103.106s][info][gc,phases   ] GC(15) Concurrent Process Non-Strong References 1.963ms
[2026-04-11T14:14:12.287+0530][103.106s][info][gc,phases   ] GC(15) Concurrent Reset Relocation Set 0.101ms
[2026-04-11T14:14:12.296+0530][103.115s][info][gc,phases   ] GC(15) Concurrent Select Relocation Set 8.079ms
[2026-04-11T14:14:12.296+0530][103.115s][info][gc,phases   ] GC(15) Pause Relocate Start 0.012ms
[2026-04-11T14:14:12.314+0530][103.133s][info][gc,phases   ] GC(15) Concurrent Relocate 17.778ms
[2026-04-11T14:14:12.314+0530][103.133s][info][gc,load     ] GC(15) Load: 0.00/0.00/0.00
[2026-04-11T14:14:12.314+0530][103.133s][info][gc,mmu      ] GC(15) MMU: 2ms/96.4%, 5ms/98.6%, 10ms/99.3%, 20ms/99.6%, 50ms/99.9%, 100ms/99.9%
[2026-04-11T14:14:12.314+0530][103.133s][info][gc,marking  ] GC(15) Mark: 2 stripe(s), 10 proactive flush(es), 1 terminate flush(es), 0 completion(s), 0 continuation(s) 
[2026-04-11T14:14:12.314+0530][103.133s][info][gc,marking  ] GC(15) Mark Stack Usage: 32M
[2026-04-11T14:14:12.314+0530][103.133s][info][gc,nmethod  ] GC(15) NMethods: 1473 registered, 504 unregistered
[2026-04-11T14:14:12.314+0530][103.133s][info][gc,metaspace] GC(15) Metaspace: 6M used, 6M committed, 1088M reserved
[2026-04-11T14:14:12.315+0530][103.133s][info][gc,ref      ] GC(15) Soft: 161 encountered, 0 discovered, 0 enqueued
[2026-04-11T14:14:12.315+0530][103.133s][info][gc,ref      ] GC(15) Weak: 595 encountered, 162 discovered, 0 enqueued
[2026-04-11T14:14:12.315+0530][103.133s][info][gc,ref      ] GC(15) Final: 0 encountered, 0 discovered, 0 enqueued
[2026-04-11T14:14:12.315+0530][103.133s][info][gc,ref      ] GC(15) Phantom: 136 encountered, 56 discovered, 0 enqueued
[2026-04-11T14:14:12.315+0530][103.133s][info][gc,reloc    ] GC(15) Small Pages: 1067 / 2134M, Empty: 212M, Relocated: 33M, In-Place: 0
[2026-04-11T14:14:12.315+0530][103.133s][info][gc,reloc    ] GC(15) Medium Pages: 1 / 32M, Empty: 0M, Relocated: 0M, In-Place: 0
[2026-04-11T14:14:12.315+0530][103.133s][info][gc,reloc    ] GC(15) Large Pages: 6 / 524M, Empty: 132M, Relocated: 0M, In-Place: 0
[2026-04-11T14:14:12.315+0530][103.133s][info][gc,reloc    ] GC(15) Forwarding Usage: 8M
[2026-04-11T14:14:12.315+0530][103.133s][info][gc,heap     ] GC(15) Min Capacity: 4096M(50%)
[2026-04-11T14:14:12.315+0530][103.134s][info][gc,heap     ] GC(15) Max Capacity: 8192M(100%)
[2026-04-11T14:14:12.315+0530][103.134s][info][gc,heap     ] GC(15) Soft Max Capacity: 8192M(100%)
[2026-04-11T14:14:12.315+0530][103.134s][info][gc,heap     ] GC(15)                Mark Start          Mark End        Relocate Start      Relocate End           High               Low         
[2026-04-11T14:14:12.315+0530][103.134s][info][gc,heap     ] GC(15)  Capacity:     8192M (100%)       8192M (100%)       8192M (100%)       8192M (100%)       8192M (100%)       8192M (100%)   
[2026-04-11T14:14:12.315+0530][103.134s][info][gc,heap     ] GC(15)      Free:     5502M (67%)        4226M (52%)        4562M (56%)        5314M (65%)        5502M (67%)        4224M (52%)    
[2026-04-11T14:14:12.315+0530][103.134s][info][gc,heap     ] GC(15)      Used:     2690M (33%)        3966M (48%)        3630M (44%)        2878M (35%)        3968M (48%)        2690M (33%)    
[2026-04-11T14:14:12.315+0530][103.134s][info][gc,heap     ] GC(15)      Live:         -              1518M (19%)        1518M (19%)        1518M (19%)            -                  -          
[2026-04-11T14:14:12.315+0530][103.134s][info][gc,heap     ] GC(15) Allocated:         -              1276M (16%)        1284M (16%)        1303M (16%)            -                  -          
[2026-04-11T14:14:12.315+0530][103.134s][info][gc,heap     ] GC(15)   Garbage:         -              1171M (14%)         827M (10%)          56M (1%)             -                  -          
[2026-04-11T14:14:12.315+0530][103.134s][info][gc,heap     ] GC(15) Reclaimed:         -                  -               344M (4%)         1115M (14%)            -                  -          
[2026-04-11T14:14:12.315+0530][103.134s][info][gc          ] GC(15) Garbage Collection (Allocation Rate) 2690M(33%)->2878M(35%)
[2026-04-11T14:14:15.605+0530][106.423s][info][gc,start    ] GC(16) Garbage Collection (Allocation Rate)
[2026-04-11T14:14:15.605+0530][106.423s][info][gc,task     ] GC(16) Using 3 workers
[2026-04-11T14:14:15.605+0530][106.424s][info][gc,phases   ] GC(16) Pause Mark Start 0.009ms
[2026-04-11T14:14:17.705+0530][108.523s][info][gc,phases   ] GC(16) Concurrent Mark 2099.665ms
[2026-04-11T14:14:17.705+0530][108.524s][info][gc,phases   ] GC(16) Pause Mark End 0.018ms
[2026-04-11T14:14:17.705+0530][108.524s][info][gc,phases   ] GC(16) Concurrent Mark Free 0.001ms
[2026-04-11T14:14:17.707+0530][108.526s][info][gc,phases   ] GC(16) Concurrent Process Non-Strong References 1.805ms
[2026-04-11T14:14:17.707+0530][108.526s][info][gc,phases   ] GC(16) Concurrent Reset Relocation Set 0.025ms
[2026-04-11T14:14:17.741+0530][108.560s][info][gc,phases   ] GC(16) Concurrent Select Relocation Set 33.837ms
[2026-04-11T14:14:17.741+0530][108.560s][info][gc,phases   ] GC(16) Pause Relocate Start 0.011ms
[2026-04-11T14:14:17.784+0530][108.603s][info][gc,phases   ] GC(16) Concurrent Relocate 42.244ms
[2026-04-11T14:14:17.784+0530][108.603s][info][gc,load     ] GC(16) Load: 0.00/0.00/0.00
[2026-04-11T14:14:17.784+0530][108.603s][info][gc,mmu      ] GC(16) MMU: 2ms/96.4%, 5ms/98.6%, 10ms/99.3%, 20ms/99.6%, 50ms/99.9%, 100ms/99.9%
[2026-04-11T14:14:17.784+0530][108.603s][info][gc,marking  ] GC(16) Mark: 2 stripe(s), 3 proactive flush(es), 1 terminate flush(es), 0 completion(s), 0 continuation(s) 
[2026-04-11T14:14:17.784+0530][108.603s][info][gc,marking  ] GC(16) Mark Stack Usage: 32M
[2026-04-11T14:14:17.784+0530][108.603s][info][gc,nmethod  ] GC(16) NMethods: 1478 registered, 504 unregistered
[2026-04-11T14:14:17.784+0530][108.603s][info][gc,metaspace] GC(16) Metaspace: 6M used, 6M committed, 1088M reserved
[2026-04-11T14:14:17.784+0530][108.603s][info][gc,ref      ] GC(16) Soft: 161 encountered, 0 discovered, 0 enqueued
[2026-04-11T14:14:17.784+0530][108.603s][info][gc,ref      ] GC(16) Weak: 595 encountered, 155 discovered, 0 enqueued
[2026-04-11T14:14:17.784+0530][108.603s][info][gc,ref      ] GC(16) Final: 0 encountered, 0 discovered, 0 enqueued
[2026-04-11T14:14:17.784+0530][108.603s][info][gc,ref      ] GC(16) Phantom: 136 encountered, 68 discovered, 0 enqueued
[2026-04-11T14:14:17.784+0530][108.603s][info][gc,reloc    ] GC(16) Small Pages: 2682 / 5364M, Empty: 954M, Relocated: 101M, In-Place: 0
[2026-04-11T14:14:17.784+0530][108.603s][info][gc,reloc    ] GC(16) Medium Pages: 1 / 32M, Empty: 0M, Relocated: 0M, In-Place: 0
[2026-04-11T14:14:17.784+0530][108.603s][info][gc,reloc    ] GC(16) Large Pages: 4 / 392M, Empty: 0M, Relocated: 0M, In-Place: 0
[2026-04-11T14:14:17.784+0530][108.603s][info][gc,reloc    ] GC(16) Forwarding Usage: 21M
[2026-04-11T14:14:17.784+0530][108.603s][info][gc,heap     ] GC(16) Min Capacity: 4096M(50%)
[2026-04-11T14:14:17.784+0530][108.603s][info][gc,heap     ] GC(16) Max Capacity: 8192M(100%)
[2026-04-11T14:14:17.784+0530][108.603s][info][gc,heap     ] GC(16) Soft Max Capacity: 8192M(100%)
[2026-04-11T14:14:17.784+0530][108.603s][info][gc,heap     ] GC(16)                Mark Start          Mark End        Relocate Start      Relocate End           High               Low         
[2026-04-11T14:14:17.784+0530][108.603s][info][gc,heap     ] GC(16)  Capacity:     8192M (100%)       8192M (100%)       8192M (100%)       8192M (100%)       8192M (100%)       8192M (100%)   
[2026-04-11T14:14:17.784+0530][108.603s][info][gc,heap     ] GC(16)      Free:     2404M (29%)        1324M (16%)        2254M (28%)        5396M (66%)        5396M (66%)        1324M (16%)    
[2026-04-11T14:14:17.784+0530][108.603s][info][gc,heap     ] GC(16)      Used:     5788M (71%)        6868M (84%)        5938M (72%)        2796M (34%)        6868M (84%)        2796M (34%)    
[2026-04-11T14:14:17.784+0530][108.603s][info][gc,heap     ] GC(16)      Live:         -              1607M (20%)        1607M (20%)        1607M (20%)            -                  -          
[2026-04-11T14:14:17.784+0530][108.603s][info][gc,heap     ] GC(16) Allocated:         -              1080M (13%)        1104M (13%)        1131M (14%)            -                  -          
[2026-04-11T14:14:17.784+0530][108.603s][info][gc,heap     ] GC(16)   Garbage:         -              4180M (51%)        3226M (39%)          56M (1%)             -                  -          
[2026-04-11T14:14:17.784+0530][108.603s][info][gc,heap     ] GC(16) Reclaimed:         -                  -               954M (12%)        4123M (50%)            -                  -          
[2026-04-11T14:14:17.784+0530][108.603s][info][gc          ] GC(16) Garbage Collection (Allocation Rate) 5788M(71%)->2796M(34%)
[2026-04-11T14:14:18.802+0530][109.621s][info][gc,start    ] GC(17) Garbage Collection (Allocation Rate)
[2026-04-11T14:14:18.802+0530][109.621s][info][gc,task     ] GC(17) Using 3 workers
[2026-04-11T14:14:18.802+0530][109.622s][info][gc,phases   ] GC(17) Pause Mark Start 0.012ms
[2026-04-11T14:14:19.707+0530][110.526s][info][gc,stats    ] === Garbage Collection Statistics =======================================================================================================================
[2026-04-11T14:14:19.707+0530][110.526s][info][gc,stats    ]                                                              Last 10s              Last 10m              Last 10h                Total
[2026-04-11T14:14:19.707+0530][110.526s][info][gc,stats    ]                                                              Avg / Max             Avg / Max             Avg / Max             Avg / Max
[2026-04-11T14:14:19.707+0530][110.526s][info][gc,stats    ]   Collector: Garbage Collection Cycle                   2194.176 / 2209.045   1786.023 / 4618.033   1786.023 / 4618.033   1786.023 / 4618.033    ms
[2026-04-11T14:14:19.707+0530][110.526s][info][gc,stats    ]  Contention: Mark Segment Reset Contention                     0 / 2                 0 / 7                 0 / 7                 0 / 7           ops/s
[2026-04-11T14:14:19.707+0530][110.526s][info][gc,stats    ]  Contention: Mark SeqNum Reset Contention                      0 / 0                 0 / 1                 0 / 1                 0 / 1           ops/s
[2026-04-11T14:14:19.707+0530][110.526s][info][gc,stats    ]    Critical: Allocation Stall                                  0 / 0                 0 / 2                 0 / 2                 0 / 2           ops/s
[2026-04-11T14:14:19.707+0530][110.526s][info][gc,stats    ]    Critical: Allocation Stall                              0.000 / 0.000      3147.256 / 3147.636   3147.256 / 3147.636   3147.256 / 3147.636    ms
[2026-04-11T14:14:19.707+0530][110.526s][info][gc,stats    ]    Critical: GC Locker Stall                                   0 / 0                 0 / 0                 0 / 0                 0 / 0           ops/s
[2026-04-11T14:14:19.707+0530][110.526s][info][gc,stats    ]    Critical: GC Locker Stall                               0.000 / 0.000         0.000 / 0.000         0.000 / 0.000         0.000 / 0.000       ms
[2026-04-11T14:14:19.707+0530][110.526s][info][gc,stats    ]    Critical: Relocation Stall                                  0 / 0                 0 / 0                 0 / 0                 0 / 0           ops/s
[2026-04-11T14:14:19.707+0530][110.526s][info][gc,stats    ]    Critical: Relocation Stall                              0.000 / 0.000         0.000 / 0.000         0.000 / 0.000         0.000 / 0.000       ms
[2026-04-11T14:14:19.707+0530][110.526s][info][gc,stats    ]      Memory: Allocation Rate                                 718 / 900             624 / 972             624 / 972             624 / 972         MB/s
[2026-04-11T14:14:19.707+0530][110.526s][info][gc,stats    ]      Memory: Defragment                                        0 / 0                 0 / 1                 0 / 1                 0 / 1           ops/s
[2026-04-11T14:14:19.707+0530][110.526s][info][gc,stats    ]      Memory: Out Of Memory                                     0 / 0                 0 / 0                 0 / 0                 0 / 0           ops/s
[2026-04-11T14:14:19.707+0530][110.526s][info][gc,stats    ]      Memory: Page Cache Flush                                  0 / 0                 7 / 134               7 / 134               7 / 134         MB/s
[2026-04-11T14:14:19.707+0530][110.526s][info][gc,stats    ]      Memory: Page Cache Hit L1                               366 / 462             276 / 485             276 / 485             276 / 485         ops/s
[2026-04-11T14:14:19.707+0530][110.526s][info][gc,stats    ]      Memory: Page Cache Hit L2                                 0 / 0                 0 / 0                 0 / 0                 0 / 0           ops/s
[2026-04-11T14:14:19.707+0530][110.526s][info][gc,stats    ]      Memory: Page Cache Hit L3                                 0 / 0                19 / 401              19 / 401              19 / 401         ops/s
[2026-04-11T14:14:19.707+0530][110.526s][info][gc,stats    ]      Memory: Page Cache Miss                                   0 / 0                19 / 252              19 / 252              19 / 252         ops/s
[2026-04-11T14:14:19.707+0530][110.526s][info][gc,stats    ]      Memory: Uncommit                                          0 / 0                 0 / 0                 0 / 0                 0 / 0           MB/s
[2026-04-11T14:14:19.707+0530][110.526s][info][gc,stats    ]      Memory: Undo Object Allocation Failed                     0 / 0                 0 / 1                 0 / 1                 0 / 1           ops/s
[2026-04-11T14:14:19.707+0530][110.526s][info][gc,stats    ]      Memory: Undo Object Allocation Succeeded                  0 / 2                 0 / 8                 0 / 8                 0 / 8           ops/s
[2026-04-11T14:14:19.707+0530][110.526s][info][gc,stats    ]      Memory: Undo Page Allocation                              0 / 0                 0 / 0                 0 / 0                 0 / 0           ops/s
[2026-04-11T14:14:19.707+0530][110.526s][info][gc,stats    ]       Phase: Concurrent Mark                            2139.434 / 2179.202   1681.850 / 4302.047   1681.850 / 4302.047   1681.850 / 4302.047    ms
[2026-04-11T14:14:19.707+0530][110.526s][info][gc,stats    ]       Phase: Concurrent Mark Continue                      0.000 / 0.000         0.000 / 0.000         0.000 / 0.000         0.000 / 0.000       ms
[2026-04-11T14:14:19.707+0530][110.526s][info][gc,stats    ]       Phase: Concurrent Mark Free                          0.002 / 0.002         0.003 / 0.025         0.003 / 0.025         0.003 / 0.025       ms
[2026-04-11T14:14:19.707+0530][110.526s][info][gc,stats    ]       Phase: Concurrent Process Non-Strong References      1.884 / 1.963         4.528 / 37.015        4.528 / 37.015        4.528 / 37.015      ms
[2026-04-11T14:14:19.707+0530][110.526s][info][gc,stats    ]       Phase: Concurrent Relocate                          30.011 / 42.244       81.755 / 289.683      81.755 / 289.683      81.755 / 289.683     ms
[2026-04-11T14:14:19.707+0530][110.526s][info][gc,stats    ]       Phase: Concurrent Reset Relocation Set               0.063 / 0.101         0.080 / 0.149         0.080 / 0.149         0.080 / 0.149       ms
[2026-04-11T14:14:19.707+0530][110.526s][info][gc,stats    ]       Phase: Concurrent Select Relocation Set             20.958 / 33.837       15.852 / 33.837       15.852 / 33.837       15.852 / 33.837      ms
[2026-04-11T14:14:19.707+0530][110.527s][info][gc,stats    ]       Phase: Pause Mark End                                0.019 / 0.020         0.023 / 0.037         0.023 / 0.037         0.023 / 0.037       ms
[2026-04-11T14:14:19.707+0530][110.527s][info][gc,stats    ]       Phase: Pause Mark Start                              0.011 / 0.012         0.017 / 0.071         0.017 / 0.071         0.017 / 0.071       ms
[2026-04-11T14:14:19.708+0530][110.527s][info][gc,stats    ]       Phase: Pause Relocate Start                          0.011 / 0.012         0.014 / 0.034         0.014 / 0.034         0.014 / 0.034       ms
[2026-04-11T14:14:19.708+0530][110.527s][info][gc,stats    ]    Subphase: Concurrent Classes Purge                      0.016 / 0.018         0.125 / 0.807         0.125 / 0.807         0.125 / 0.807       ms
[2026-04-11T14:14:19.708+0530][110.527s][info][gc,stats    ]    Subphase: Concurrent Classes Unlink                     1.233 / 1.254         3.650 / 36.057        3.650 / 36.057        3.650 / 36.057      ms
[2026-04-11T14:14:19.708+0530][110.527s][info][gc,stats    ]    Subphase: Concurrent Mark                            2135.097 / 2178.526   1498.099 / 4300.528   1498.099 / 4300.528   1498.099 / 4300.528    ms
[2026-04-11T14:14:19.708+0530][110.527s][info][gc,stats    ]    Subphase: Concurrent Mark Try Flush                     0.235 / 0.844         0.205 / 0.844         0.205 / 0.844         0.205 / 0.844       ms
[2026-04-11T14:14:19.708+0530][110.527s][info][gc,stats    ]    Subphase: Concurrent Mark Try Terminate                10.036 / 16.889        8.266 / 16.889        8.266 / 16.889        8.266 / 16.889      ms
[2026-04-11T14:14:19.708+0530][110.527s][info][gc,stats    ]    Subphase: Concurrent References Enqueue                 0.000 / 0.000         0.003 / 0.015         0.003 / 0.015         0.003 / 0.015       ms
[2026-04-11T14:14:19.708+0530][110.527s][info][gc,stats    ]    Subphase: Concurrent References Process                 0.145 / 0.188         0.134 / 0.382         0.134 / 0.382         0.134 / 0.382       ms
[2026-04-11T14:14:19.708+0530][110.527s][info][gc,stats    ]    Subphase: Concurrent Roots ClassLoaderDataGraph         0.082 / 0.200         0.110 / 0.499         0.110 / 0.499         0.110 / 0.499       ms
[2026-04-11T14:14:19.708+0530][110.527s][info][gc,stats    ]    Subphase: Concurrent Roots CodeCache                    0.000 / 0.000         0.000 / 0.000         0.000 / 0.000         0.000 / 0.000       ms
[2026-04-11T14:14:19.708+0530][110.527s][info][gc,stats    ]    Subphase: Concurrent Roots JavaThreads                  0.319 / 0.426         0.396 / 1.042         0.396 / 1.042         0.396 / 1.042       ms
[2026-04-11T14:14:19.708+0530][110.527s][info][gc,stats    ]    Subphase: Concurrent Roots OopStorageSet                0.021 / 0.032         0.037 / 0.182         0.037 / 0.182         0.037 / 0.182       ms
[2026-04-11T14:14:19.708+0530][110.527s][info][gc,stats    ]    Subphase: Concurrent Weak Roots OopStorageSet           0.165 / 0.195         0.280 / 0.613         0.280 / 0.613         0.280 / 0.613       ms
[2026-04-11T14:14:19.708+0530][110.527s][info][gc,stats    ]    Subphase: Pause Mark Try Complete                       0.000 / 0.000         0.000 / 0.000         0.000 / 0.000         0.000 / 0.000       ms
[2026-04-11T14:14:19.708+0530][110.527s][info][gc,stats    ]      System: Java Threads                                     18 / 18               18 / 20               18 / 20               18 / 20          threads
[2026-04-11T14:14:19.708+0530][110.527s][info][gc,stats    ] =========================================================================================================================================================
[2026-04-11T14:14:21.236+0530][112.055s][info][gc,phases   ] GC(17) Concurrent Mark 2433.423ms
[2026-04-11T14:14:21.236+0530][112.056s][info][gc,phases   ] GC(17) Pause Mark End 0.022ms
[2026-04-11T14:14:21.236+0530][112.056s][info][gc,phases   ] GC(17) Concurrent Mark Free 0.002ms
[2026-04-11T14:14:21.239+0530][112.058s][info][gc,phases   ] GC(17) Concurrent Process Non-Strong References 1.862ms
[2026-04-11T14:14:21.239+0530][112.058s][info][gc,phases   ] GC(17) Concurrent Reset Relocation Set 0.116ms
[2026-04-11T14:14:21.243+0530][112.062s][info][gc,phases   ] GC(17) Concurrent Select Relocation Set 4.456ms
[2026-04-11T14:14:21.243+0530][112.063s][info][gc,phases   ] GC(17) Pause Relocate Start 0.010ms
[2026-04-11T14:14:21.276+0530][112.095s][info][gc,phases   ] GC(17) Concurrent Relocate 31.911ms
[2026-04-11T14:14:21.276+0530][112.095s][info][gc,load     ] GC(17) Load: 0.00/0.00/0.00
[2026-04-11T14:14:21.276+0530][112.095s][info][gc,mmu      ] GC(17) MMU: 2ms/96.4%, 5ms/98.6%, 10ms/99.3%, 20ms/99.6%, 50ms/99.9%, 100ms/99.9%
[2026-04-11T14:14:21.276+0530][112.095s][info][gc,marking  ] GC(17) Mark: 2 stripe(s), 7 proactive flush(es), 1 terminate flush(es), 0 completion(s), 0 continuation(s) 
[2026-04-11T14:14:21.276+0530][112.095s][info][gc,marking  ] GC(17) Mark Stack Usage: 32M
[2026-04-11T14:14:21.276+0530][112.095s][info][gc,nmethod  ] GC(17) NMethods: 1481 registered, 504 unregistered
[2026-04-11T14:14:21.276+0530][112.095s][info][gc,metaspace] GC(17) Metaspace: 6M used, 6M committed, 1088M reserved
[2026-04-11T14:14:21.276+0530][112.095s][info][gc,ref      ] GC(17) Soft: 161 encountered, 0 discovered, 0 enqueued
[2026-04-11T14:14:21.276+0530][112.095s][info][gc,ref      ] GC(17) Weak: 595 encountered, 34 discovered, 0 enqueued
[2026-04-11T14:14:21.276+0530][112.095s][info][gc,ref      ] GC(17) Final: 0 encountered, 0 discovered, 0 enqueued
[2026-04-11T14:14:21.276+0530][112.095s][info][gc,ref      ] GC(17) Phantom: 136 encountered, 55 discovered, 0 enqueued
[2026-04-11T14:14:21.276+0530][112.095s][info][gc,reloc    ] GC(17) Small Pages: 1623 / 3246M, Empty: 424M, Relocated: 57M, In-Place: 0
[2026-04-11T14:14:21.277+0530][112.095s][info][gc,reloc    ] GC(17) Medium Pages: 1 / 32M, Empty: 0M, Relocated: 0M, In-Place: 0
[2026-04-11T14:14:21.277+0530][112.095s][info][gc,reloc    ] GC(17) Large Pages: 4 / 392M, Empty: 0M, Relocated: 0M, In-Place: 0
[2026-04-11T14:14:21.277+0530][112.095s][info][gc,reloc    ] GC(17) Forwarding Usage: 13M
[2026-04-11T14:14:21.277+0530][112.095s][info][gc,heap     ] GC(17) Min Capacity: 4096M(50%)
[2026-04-11T14:14:21.277+0530][112.095s][info][gc,heap     ] GC(17) Max Capacity: 8192M(100%)
[2026-04-11T14:14:21.277+0530][112.095s][info][gc,heap     ] GC(17) Soft Max Capacity: 8192M(100%)
[2026-04-11T14:14:21.277+0530][112.095s][info][gc,heap     ] GC(17)                Mark Start          Mark End        Relocate Start      Relocate End           High               Low         
[2026-04-11T14:14:21.277+0530][112.095s][info][gc,heap     ] GC(17)  Capacity:     8192M (100%)       8192M (100%)       8192M (100%)       8192M (100%)       8192M (100%)       8192M (100%)   
[2026-04-11T14:14:21.277+0530][112.095s][info][gc,heap     ] GC(17)      Free:     4522M (55%)        2976M (36%)        3396M (41%)        4904M (60%)        4906M (60%)        2976M (36%)    
[2026-04-11T14:14:21.277+0530][112.095s][info][gc,heap     ] GC(17)      Used:     3670M (45%)        5216M (64%)        4796M (59%)        3288M (40%)        5216M (64%)        3286M (40%)    
[2026-04-11T14:14:21.277+0530][112.095s][info][gc,heap     ] GC(17)      Live:         -              1655M (20%)        1655M (20%)        1655M (20%)            -                  -          
[2026-04-11T14:14:21.277+0530][112.095s][info][gc,heap     ] GC(17) Allocated:         -              1546M (19%)        1550M (19%)        1575M (19%)            -                  -          
[2026-04-11T14:14:21.277+0530][112.095s][info][gc,heap     ] GC(17)   Garbage:         -              2014M (25%)        1590M (19%)          56M (1%)             -                  -          
[2026-04-11T14:14:21.277+0530][112.095s][info][gc,heap     ] GC(17) Reclaimed:         -                  -               424M (5%)         1957M (24%)            -                  -          
[2026-04-11T14:14:21.277+0530][112.095s][info][gc          ] GC(17) Garbage Collection (Allocation Rate) 3670M(45%)->3288M(40%)
[2026-04-11T14:14:23.705+0530][114.524s][info][gc,start    ] GC(18) Garbage Collection (Allocation Rate)
[2026-04-11T14:14:23.705+0530][114.524s][info][gc,task     ] GC(18) Using 3 workers
[2026-04-11T14:14:23.705+0530][114.524s][info][gc,phases   ] GC(18) Pause Mark Start 0.011ms
[2026-04-11T14:14:26.284+0530][117.103s][info][gc,phases   ] GC(18) Concurrent Mark 2578.425ms
[2026-04-11T14:14:26.284+0530][117.103s][info][gc,phases   ] GC(18) Pause Mark End 0.018ms
[2026-04-11T14:14:26.284+0530][117.103s][info][gc,phases   ] GC(18) Concurrent Mark Free 0.001ms
[2026-04-11T14:14:26.286+0530][117.105s][info][gc,phases   ] GC(18) Concurrent Process Non-Strong References 1.712ms
[2026-04-11T14:14:26.286+0530][117.105s][info][gc,phases   ] GC(18) Concurrent Reset Relocation Set 0.061ms
[2026-04-11T14:14:26.304+0530][117.124s][info][gc,phases   ] GC(18) Concurrent Select Relocation Set 18.477ms
[2026-04-11T14:14:26.304+0530][117.124s][info][gc,phases   ] GC(18) Pause Relocate Start 0.013ms
[2026-04-11T14:14:26.347+0530][117.168s][info][gc,phases   ] GC(18) Concurrent Relocate 43.417ms
[2026-04-11T14:14:26.347+0530][117.168s][info][gc,load     ] GC(18) Load: 0.00/0.00/0.00
[2026-04-11T14:14:26.347+0530][117.168s][info][gc,mmu      ] GC(18) MMU: 2ms/96.4%, 5ms/98.6%, 10ms/99.3%, 20ms/99.6%, 50ms/99.9%, 100ms/99.9%
[2026-04-11T14:14:26.347+0530][117.168s][info][gc,marking  ] GC(18) Mark: 2 stripe(s), 10 proactive flush(es), 1 terminate flush(es), 0 completion(s), 0 continuation(s) 
[2026-04-11T14:14:26.347+0530][117.168s][info][gc,marking  ] GC(18) Mark Stack Usage: 32M
[2026-04-11T14:14:26.347+0530][117.168s][info][gc,nmethod  ] GC(18) NMethods: 1480 registered, 505 unregistered
[2026-04-11T14:14:26.347+0530][117.168s][info][gc,metaspace] GC(18) Metaspace: 6M used, 6M committed, 1088M reserved
[2026-04-11T14:14:26.347+0530][117.168s][info][gc,ref      ] GC(18) Soft: 161 encountered, 0 discovered, 0 enqueued
[2026-04-11T14:14:26.347+0530][117.168s][info][gc,ref      ] GC(18) Weak: 595 encountered, 95 discovered, 0 enqueued
[2026-04-11T14:14:26.347+0530][117.168s][info][gc,ref      ] GC(18) Final: 0 encountered, 0 discovered, 0 enqueued
[2026-04-11T14:14:26.347+0530][117.168s][info][gc,ref      ] GC(18) Phantom: 136 encountered, 55 discovered, 0 enqueued
[2026-04-11T14:14:26.347+0530][117.168s][info][gc,reloc    ] GC(18) Small Pages: 2496 / 4992M, Empty: 826M, Relocated: 92M, In-Place: 0
[2026-04-11T14:14:26.347+0530][117.168s][info][gc,reloc    ] GC(18) Medium Pages: 1 / 32M, Empty: 0M, Relocated: 0M, In-Place: 0
[2026-04-11T14:14:26.347+0530][117.168s][info][gc,reloc    ] GC(18) Large Pages: 4 / 392M, Empty: 0M, Relocated: 0M, In-Place: 0
[2026-04-11T14:14:26.347+0530][117.168s][info][gc,reloc    ] GC(18) Forwarding Usage: 20M
[2026-04-11T14:14:26.347+0530][117.168s][info][gc,heap     ] GC(18) Min Capacity: 4096M(50%)
[2026-04-11T14:14:26.347+0530][117.168s][info][gc,heap     ] GC(18) Max Capacity: 8192M(100%)
[2026-04-11T14:14:26.347+0530][117.168s][info][gc,heap     ] GC(18) Soft Max Capacity: 8192M(100%)
[2026-04-11T14:14:26.347+0530][117.168s][info][gc,heap     ] GC(18)                Mark Start          Mark End        Relocate Start      Relocate End           High               Low         
[2026-04-11T14:14:26.347+0530][117.168s][info][gc,heap     ] GC(18)  Capacity:     8192M (100%)       8192M (100%)       8192M (100%)       8192M (100%)       8192M (100%)       8192M (100%)   
[2026-04-11T14:14:26.347+0530][117.168s][info][gc,heap     ] GC(18)      Free:     2776M (34%)        1264M (15%)        2084M (25%)        4856M (59%)        4858M (59%)        1264M (15%)    
[2026-04-11T14:14:26.347+0530][117.168s][info][gc,heap     ] GC(18)      Used:     5416M (66%)        6928M (85%)        6108M (75%)        3336M (41%)        6928M (85%)        3334M (41%)    
[2026-04-11T14:14:26.347+0530][117.168s][info][gc,heap     ] GC(18)      Live:         -              1736M (21%)        1736M (21%)        1736M (21%)            -                  -          
[2026-04-11T14:14:26.347+0530][117.168s][info][gc,heap     ] GC(18) Allocated:         -              1512M (18%)        1518M (19%)        1539M (19%)            -                  -          
[2026-04-11T14:14:26.347+0530][117.169s][info][gc,heap     ] GC(18)   Garbage:         -              3679M (45%)        2853M (35%)          59M (1%)             -                  -          
[2026-04-11T14:14:26.347+0530][117.169s][info][gc,heap     ] GC(18) Reclaimed:         -                  -               826M (10%)        3619M (44%)            -                  -          
[2026-04-11T14:14:26.347+0530][117.169s][info][gc          ] GC(18) Garbage Collection (Allocation Rate) 5416M(66%)->3336M(41%)
[2026-04-11T14:14:27.299+0530][118.118s][info][gc,start    ] GC(19) Garbage Collection (Allocation Rate)
[2026-04-11T14:14:27.299+0530][118.118s][info][gc,task     ] GC(19) Using 3 workers
[2026-04-11T14:14:27.299+0530][118.118s][info][gc,phases   ] GC(19) Pause Mark Start 0.009ms
[2026-04-11T14:14:29.706+0530][120.525s][info][gc,stats    ] === Garbage Collection Statistics =======================================================================================================================
[2026-04-11T14:14:29.706+0530][120.525s][info][gc,stats    ]                                                              Last 10s              Last 10m              Last 10h                Total
[2026-04-11T14:14:29.706+0530][120.525s][info][gc,stats    ]                                                              Avg / Max             Avg / Max             Avg / Max             Avg / Max
[2026-04-11T14:14:29.706+0530][120.525s][info][gc,stats    ]   Collector: Garbage Collection Cycle                   2558.899 / 2644.073   1867.378 / 4618.033   1867.378 / 4618.033   1867.378 / 4618.033    ms
[2026-04-11T14:14:29.706+0530][120.525s][info][gc,stats    ]  Contention: Mark Segment Reset Contention                     0 / 2                 0 / 7                 0 / 7                 0 / 7           ops/s
[2026-04-11T14:14:29.706+0530][120.525s][info][gc,stats    ]  Contention: Mark SeqNum Reset Contention                      0 / 0                 0 / 1                 0 / 1                 0 / 1           ops/s
[2026-04-11T14:14:29.706+0530][120.525s][info][gc,stats    ]    Critical: Allocation Stall                                  0 / 0                 0 / 2                 0 / 2                 0 / 2           ops/s
[2026-04-11T14:14:29.706+0530][120.525s][info][gc,stats    ]    Critical: Allocation Stall                              0.000 / 0.000      3147.256 / 3147.636   3147.256 / 3147.636   3147.256 / 3147.636    ms
[2026-04-11T14:14:29.706+0530][120.526s][info][gc,stats    ]    Critical: GC Locker Stall                                   0 / 0                 0 / 0                 0 / 0                 0 / 0           ops/s
[2026-04-11T14:14:29.706+0530][120.526s][info][gc,stats    ]    Critical: GC Locker Stall                               0.000 / 0.000         0.000 / 0.000         0.000 / 0.000         0.000 / 0.000       ms
[2026-04-11T14:14:29.706+0530][120.526s][info][gc,stats    ]    Critical: Relocation Stall                                  0 / 0                 0 / 0                 0 / 0                 0 / 0           ops/s
[2026-04-11T14:14:29.706+0530][120.526s][info][gc,stats    ]    Critical: Relocation Stall                              0.000 / 0.000         0.000 / 0.000         0.000 / 0.000         0.000 / 0.000       ms
[2026-04-11T14:14:29.706+0530][120.526s][info][gc,stats    ]      Memory: Allocation Rate                                 708 / 910             631 / 972             631 / 972             631 / 972         MB/s
[2026-04-11T14:14:29.706+0530][120.526s][info][gc,stats    ]      Memory: Defragment                                        0 / 0                 0 / 1                 0 / 1                 0 / 1           ops/s
[2026-04-11T14:14:29.706+0530][120.526s][info][gc,stats    ]      Memory: Out Of Memory                                     0 / 0                 0 / 0                 0 / 0                 0 / 0           ops/s
[2026-04-11T14:14:29.706+0530][120.526s][info][gc,stats    ]      Memory: Page Cache Flush                                  0 / 0                 6 / 134               6 / 134               6 / 134         MB/s
[2026-04-11T14:14:29.706+0530][120.526s][info][gc,stats    ]      Memory: Page Cache Hit L1                               362 / 455             283 / 485             283 / 485             283 / 485         ops/s
[2026-04-11T14:14:29.706+0530][120.526s][info][gc,stats    ]      Memory: Page Cache Hit L2                                 0 / 0                 0 / 0                 0 / 0                 0 / 0           ops/s
[2026-04-11T14:14:29.706+0530][120.526s][info][gc,stats    ]      Memory: Page Cache Hit L3                                 0 / 0                17 / 401              17 / 401              17 / 401         ops/s
[2026-04-11T14:14:29.706+0530][120.526s][info][gc,stats    ]      Memory: Page Cache Miss                                   0 / 0                17 / 252              17 / 252              17 / 252         ops/s
[2026-04-11T14:14:29.706+0530][120.526s][info][gc,stats    ]      Memory: Uncommit                                          0 / 0                 0 / 0                 0 / 0                 0 / 0           MB/s
[2026-04-11T14:14:29.706+0530][120.526s][info][gc,stats    ]      Memory: Undo Object Allocation Failed                     0 / 0                 0 / 1                 0 / 1                 0 / 1           ops/s
[2026-04-11T14:14:29.706+0530][120.526s][info][gc,stats    ]      Memory: Undo Object Allocation Succeeded                  0 / 2                 0 / 8                 0 / 8                 0 / 8           ops/s
[2026-04-11T14:14:29.706+0530][120.526s][info][gc,stats    ]      Memory: Undo Page Allocation                              0 / 0                 0 / 0                 0 / 0                 0 / 0           ops/s
[2026-04-11T14:14:29.707+0530][120.526s][info][gc,stats    ]       Phase: Concurrent Mark                            2505.924 / 2578.425   1768.595 / 4302.047   1768.595 / 4302.047   1768.595 / 4302.047    ms
[2026-04-11T14:14:29.707+0530][120.526s][info][gc,stats    ]       Phase: Concurrent Mark Continue                      0.000 / 0.000         0.000 / 0.000         0.000 / 0.000         0.000 / 0.000       ms
[2026-04-11T14:14:29.707+0530][120.526s][info][gc,stats    ]       Phase: Concurrent Mark Free                          0.002 / 0.002         0.003 / 0.025         0.003 / 0.025         0.003 / 0.025       ms
[2026-04-11T14:14:29.707+0530][120.526s][info][gc,stats    ]       Phase: Concurrent Process Non-Strong References      1.787 / 1.862         4.239 / 37.015        4.239 / 37.015        4.239 / 37.015      ms
[2026-04-11T14:14:29.707+0530][120.526s][info][gc,stats    ]       Phase: Concurrent Relocate                          37.664 / 43.417       77.114 / 289.683      77.114 / 289.683      77.114 / 289.683     ms
[2026-04-11T14:14:29.707+0530][120.526s][info][gc,stats    ]       Phase: Concurrent Reset Relocation Set               0.089 / 0.116         0.081 / 0.149         0.081 / 0.149         0.081 / 0.149       ms
[2026-04-11T14:14:29.707+0530][120.526s][info][gc,stats    ]       Phase: Concurrent Select Relocation Set             11.466 / 18.477       15.390 / 33.837       15.390 / 33.837       15.390 / 33.837      ms
[2026-04-11T14:14:29.707+0530][120.526s][info][gc,stats    ]       Phase: Pause Mark End                                0.020 / 0.022         0.023 / 0.037         0.023 / 0.037         0.023 / 0.037       ms
[2026-04-11T14:14:29.707+0530][120.526s][info][gc,stats    ]       Phase: Pause Mark Start                              0.010 / 0.011         0.016 / 0.071         0.016 / 0.071         0.016 / 0.071       ms
[2026-04-11T14:14:29.707+0530][120.526s][info][gc,stats    ]       Phase: Pause Relocate Start                          0.012 / 0.013         0.013 / 0.034         0.013 / 0.034         0.013 / 0.034       ms
[2026-04-11T14:14:29.707+0530][120.526s][info][gc,stats    ]    Subphase: Concurrent Classes Purge                      0.027 / 0.035         0.115 / 0.807         0.115 / 0.807         0.115 / 0.807       ms
[2026-04-11T14:14:29.707+0530][120.526s][info][gc,stats    ]    Subphase: Concurrent Classes Unlink                     1.168 / 1.177         3.389 / 36.057        3.389 / 36.057        3.389 / 36.057      ms
[2026-04-11T14:14:29.707+0530][120.526s][info][gc,stats    ]    Subphase: Concurrent Mark                            2503.407 / 2577.728   1621.198 / 4300.528   1621.198 / 4300.528   1621.198 / 4300.528    ms
[2026-04-11T14:14:29.707+0530][120.526s][info][gc,stats    ]    Subphase: Concurrent Mark Try Flush                     0.162 / 0.277         0.197 / 0.844         0.197 / 0.844         0.197 / 0.844       ms
[2026-04-11T14:14:29.707+0530][120.527s][info][gc,stats    ]    Subphase: Concurrent Mark Try Terminate                12.550 / 16.638       10.126 / 16.889       10.126 / 16.889       10.126 / 16.889      ms
[2026-04-11T14:14:29.708+0530][120.527s][info][gc,stats    ]    Subphase: Concurrent References Enqueue                 0.000 / 0.001         0.003 / 0.015         0.003 / 0.015         0.003 / 0.015       ms
[2026-04-11T14:14:29.708+0530][120.527s][info][gc,stats    ]    Subphase: Concurrent References Process                 0.130 / 0.158         0.134 / 0.382         0.134 / 0.382         0.134 / 0.382       ms
[2026-04-11T14:14:29.708+0530][120.527s][info][gc,stats    ]    Subphase: Concurrent Roots ClassLoaderDataGraph         0.076 / 0.185         0.107 / 0.499         0.107 / 0.499         0.107 / 0.499       ms
[2026-04-11T14:14:29.708+0530][120.527s][info][gc,stats    ]    Subphase: Concurrent Roots CodeCache                    0.000 / 0.000         0.000 / 0.000         0.000 / 0.000         0.000 / 0.000       ms
[2026-04-11T14:14:29.708+0530][120.527s][info][gc,stats    ]    Subphase: Concurrent Roots JavaThreads                  0.314 / 0.489         0.387 / 1.042         0.387 / 1.042         0.387 / 1.042       ms
[2026-04-11T14:14:29.708+0530][120.527s][info][gc,stats    ]    Subphase: Concurrent Roots OopStorageSet                0.015 / 0.026         0.035 / 0.182         0.035 / 0.182         0.035 / 0.182       ms
[2026-04-11T14:14:29.708+0530][120.527s][info][gc,stats    ]    Subphase: Concurrent Weak Roots OopStorageSet           0.168 / 0.212         0.266 / 0.613         0.266 / 0.613         0.266 / 0.613       ms
[2026-04-11T14:14:29.708+0530][120.527s][info][gc,stats    ]    Subphase: Pause Mark Try Complete                       0.000 / 0.000         0.000 / 0.000         0.000 / 0.000         0.000 / 0.000       ms
[2026-04-11T14:14:29.708+0530][120.527s][info][gc,stats    ]      System: Java Threads                                     18 / 18               18 / 20               18 / 20               18 / 20          threads
[2026-04-11T14:14:29.708+0530][120.527s][info][gc,stats    ] =========================================================================================================================================================
[2026-04-11T14:14:29.817+0530][120.636s][info][gc,phases   ] GC(19) Concurrent Mark 2518.024ms
[2026-04-11T14:14:29.817+0530][120.637s][info][gc,phases   ] GC(19) Pause Mark End 0.020ms
[2026-04-11T14:14:29.818+0530][120.637s][info][gc,phases   ] GC(19) Concurrent Mark Free 0.002ms
[2026-04-11T14:14:29.819+0530][120.639s][info][gc,phases   ] GC(19) Concurrent Process Non-Strong References 1.810ms
[2026-04-11T14:14:29.820+0530][120.639s][info][gc,phases   ] GC(19) Concurrent Reset Relocation Set 0.091ms
[2026-04-11T14:14:29.826+0530][120.645s][info][gc,phases   ] GC(19) Concurrent Select Relocation Set 5.904ms
[2026-04-11T14:14:29.826+0530][120.645s][info][gc,phases   ] GC(19) Pause Relocate Start 0.010ms
[2026-04-11T14:14:29.856+0530][120.675s][info][gc,phases   ] GC(19) Concurrent Relocate 29.858ms
[2026-04-11T14:14:29.856+0530][120.675s][info][gc,load     ] GC(19) Load: 0.00/0.00/0.00
[2026-04-11T14:14:29.856+0530][120.675s][info][gc,mmu      ] GC(19) MMU: 2ms/96.4%, 5ms/98.6%, 10ms/99.3%, 20ms/99.6%, 50ms/99.9%, 100ms/99.9%
[2026-04-11T14:14:29.856+0530][120.676s][info][gc,marking  ] GC(19) Mark: 2 stripe(s), 3 proactive flush(es), 1 terminate flush(es), 0 completion(s), 0 continuation(s) 
[2026-04-11T14:14:29.856+0530][120.676s][info][gc,marking  ] GC(19) Mark Stack Usage: 32M
[2026-04-11T14:14:29.856+0530][120.676s][info][gc,nmethod  ] GC(19) NMethods: 1485 registered, 505 unregistered
[2026-04-11T14:14:29.856+0530][120.676s][info][gc,metaspace] GC(19) Metaspace: 6M used, 6M committed, 1088M reserved
[2026-04-11T14:14:29.856+0530][120.676s][info][gc,ref      ] GC(19) Soft: 161 encountered, 0 discovered, 0 enqueued
[2026-04-11T14:14:29.856+0530][120.676s][info][gc,ref      ] GC(19) Weak: 595 encountered, 144 discovered, 0 enqueued
[2026-04-11T14:14:29.856+0530][120.676s][info][gc,ref      ] GC(19) Final: 0 encountered, 0 discovered, 0 enqueued
[2026-04-11T14:14:29.856+0530][120.676s][info][gc,ref      ] GC(19) Phantom: 136 encountered, 55 discovered, 0 enqueued
[2026-04-11T14:14:29.856+0530][120.676s][info][gc,reloc    ] GC(19) Small Pages: 1887 / 3774M, Empty: 526M, Relocated: 64M, In-Place: 0
[2026-04-11T14:14:29.856+0530][120.676s][info][gc,reloc    ] GC(19) Medium Pages: 1 / 32M, Empty: 0M, Relocated: 0M, In-Place: 0
[2026-04-11T14:14:29.856+0530][120.676s][info][gc,reloc    ] GC(19) Large Pages: 4 / 392M, Empty: 0M, Relocated: 0M, In-Place: 0
[2026-04-11T14:14:29.857+0530][120.676s][info][gc,reloc    ] GC(19) Forwarding Usage: 14M
[2026-04-11T14:14:29.857+0530][120.676s][info][gc,heap     ] GC(19) Min Capacity: 4096M(50%)
[2026-04-11T14:14:29.857+0530][120.676s][info][gc,heap     ] GC(19) Max Capacity: 8192M(100%)
[2026-04-11T14:14:29.857+0530][120.676s][info][gc,heap     ] GC(19) Soft Max Capacity: 8192M(100%)
[2026-04-11T14:14:29.857+0530][120.676s][info][gc,heap     ] GC(19)                Mark Start          Mark End        Relocate Start      Relocate End           High               Low         
[2026-04-11T14:14:29.857+0530][120.676s][info][gc,heap     ] GC(19)  Capacity:     8192M (100%)       8192M (100%)       8192M (100%)       8192M (100%)       8192M (100%)       8192M (100%)   
[2026-04-11T14:14:29.857+0530][120.676s][info][gc,heap     ] GC(19)      Free:     3994M (49%)        2348M (29%)        2864M (35%)        4656M (57%)        4656M (57%)        2346M (29%)    
[2026-04-11T14:14:29.857+0530][120.676s][info][gc,heap     ] GC(19)      Used:     4198M (51%)        5844M (71%)        5328M (65%)        3536M (43%)        5846M (71%)        3536M (43%)    
[2026-04-11T14:14:29.857+0530][120.676s][info][gc,heap     ] GC(19)      Live:         -              1792M (22%)        1792M (22%)        1792M (22%)            -                  -          
[2026-04-11T14:14:29.857+0530][120.676s][info][gc,heap     ] GC(19) Allocated:         -              1646M (20%)        1656M (20%)        1681M (21%)            -                  -          
[2026-04-11T14:14:29.857+0530][120.676s][info][gc,heap     ] GC(19)   Garbage:         -              2405M (29%)        1879M (23%)          62M (1%)             -                  -          
[2026-04-11T14:14:29.857+0530][120.676s][info][gc,heap     ] GC(19) Reclaimed:         -                  -               526M (6%)         2343M (29%)            -                  -          
[2026-04-11T14:14:29.857+0530][120.676s][info][gc          ] GC(19) Garbage Collection (Allocation Rate) 4198M(51%)->3536M(43%)
[2026-04-11T14:14:31.908+0530][122.727s][info][gc,start    ] GC(20) Garbage Collection (Allocation Rate)
[2026-04-11T14:14:31.908+0530][122.727s][info][gc,task     ] GC(20) Using 3 workers
[2026-04-11T14:14:31.908+0530][122.727s][info][gc,phases   ] GC(20) Pause Mark Start 0.012ms
[2026-04-11T14:14:34.474+0530][125.292s][info][gc,phases   ] GC(20) Concurrent Mark 2565.184ms
[2026-04-11T14:14:34.474+0530][125.293s][info][gc,phases   ] GC(20) Pause Mark End 0.025ms
[2026-04-11T14:14:34.474+0530][125.293s][info][gc,phases   ] GC(20) Concurrent Mark Free 0.002ms
[2026-04-11T14:14:34.475+0530][125.295s][info][gc,phases   ] GC(20) Concurrent Process Non-Strong References 1.773ms
[2026-04-11T14:14:34.476+0530][125.295s][info][gc,phases   ] GC(20) Concurrent Reset Relocation Set 0.064ms
[2026-04-11T14:14:34.493+0530][125.312s][info][gc,phases   ] GC(20) Concurrent Select Relocation Set 16.788ms
[2026-04-11T14:14:34.493+0530][125.312s][info][gc,phases   ] GC(20) Pause Relocate Start 0.014ms
[2026-04-11T14:14:34.531+0530][125.350s][info][gc,phases   ] GC(20) Concurrent Relocate 37.862ms
[2026-04-11T14:14:34.531+0530][125.350s][info][gc,load     ] GC(20) Load: 0.00/0.00/0.00
[2026-04-11T14:14:34.531+0530][125.350s][info][gc,mmu      ] GC(20) MMU: 2ms/96.4%, 5ms/98.6%, 10ms/99.3%, 20ms/99.6%, 50ms/99.9%, 100ms/99.9%
[2026-04-11T14:14:34.531+0530][125.350s][info][gc,marking  ] GC(20) Mark: 2 stripe(s), 6 proactive flush(es), 1 terminate flush(es), 0 completion(s), 0 continuation(s) 
[2026-04-11T14:14:34.531+0530][125.350s][info][gc,marking  ] GC(20) Mark Stack Usage: 32M
[2026-04-11T14:14:34.531+0530][125.350s][info][gc,nmethod  ] GC(20) NMethods: 1485 registered, 505 unregistered
[2026-04-11T14:14:34.531+0530][125.350s][info][gc,metaspace] GC(20) Metaspace: 6M used, 6M committed, 1088M reserved
[2026-04-11T14:14:34.531+0530][125.350s][info][gc,ref      ] GC(20) Soft: 161 encountered, 0 discovered, 0 enqueued
[2026-04-11T14:14:34.531+0530][125.350s][info][gc,ref      ] GC(20) Weak: 595 encountered, 182 discovered, 0 enqueued
[2026-04-11T14:14:34.531+0530][125.350s][info][gc,ref      ] GC(20) Final: 0 encountered, 0 discovered, 0 enqueued
[2026-04-11T14:14:34.531+0530][125.351s][info][gc,ref      ] GC(20) Phantom: 136 encountered, 56 discovered, 0 enqueued
[2026-04-11T14:14:34.531+0530][125.351s][info][gc,reloc    ] GC(20) Small Pages: 2446 / 4892M, Empty: 780M, Relocated: 85M, In-Place: 0
[2026-04-11T14:14:34.531+0530][125.351s][info][gc,reloc    ] GC(20) Medium Pages: 1 / 32M, Empty: 0M, Relocated: 0M, In-Place: 0
[2026-04-11T14:14:34.531+0530][125.351s][info][gc,reloc    ] GC(20) Large Pages: 4 / 392M, Empty: 0M, Relocated: 0M, In-Place: 0
[2026-04-11T14:14:34.531+0530][125.351s][info][gc,reloc    ] GC(20) Forwarding Usage: 18M
[2026-04-11T14:14:34.531+0530][125.351s][info][gc,heap     ] GC(20) Min Capacity: 4096M(50%)
[2026-04-11T14:14:34.531+0530][125.351s][info][gc,heap     ] GC(20) Max Capacity: 8192M(100%)
[2026-04-11T14:14:34.531+0530][125.351s][info][gc,heap     ] GC(20) Soft Max Capacity: 8192M(100%)
[2026-04-11T14:14:34.531+0530][125.351s][info][gc,heap     ] GC(20)                Mark Start          Mark End        Relocate Start      Relocate End           High               Low         
[2026-04-11T14:14:34.531+0530][125.351s][info][gc,heap     ] GC(20)  Capacity:     8192M (100%)       8192M (100%)       8192M (100%)       8192M (100%)       8192M (100%)       8192M (100%)   
[2026-04-11T14:14:34.531+0530][125.351s][info][gc,heap     ] GC(20)      Free:     2876M (35%)        1244M (15%)        2020M (25%)        4600M (56%)        4600M (56%)        1242M (15%)    
[2026-04-11T14:14:34.531+0530][125.351s][info][gc,heap     ] GC(20)      Used:     5316M (65%)        6948M (85%)        6172M (75%)        3592M (44%)        6950M (85%)        3592M (44%)    
[2026-04-11T14:14:34.531+0530][125.351s][info][gc,heap     ] GC(20)      Live:         -              1869M (23%)        1869M (23%)        1869M (23%)            -                  -          
[2026-04-11T14:14:34.531+0530][125.351s][info][gc,heap     ] GC(20) Allocated:         -              1632M (20%)        1636M (20%)        1659M (20%)            -                  -          
[2026-04-11T14:14:34.531+0530][125.351s][info][gc,heap     ] GC(20)   Garbage:         -              3446M (42%)        2666M (33%)          62M (1%)             -                  -          
[2026-04-11T14:14:34.531+0530][125.351s][info][gc,heap     ] GC(20) Reclaimed:         -                  -               780M (10%)        3383M (41%)            -                  -          
[2026-04-11T14:14:34.531+0530][125.351s][info][gc          ] GC(20) Garbage Collection (Allocation Rate) 5316M(65%)->3592M(44%)
[2026-04-11T14:14:35.510+0530][126.329s][info][gc,start    ] GC(21) Garbage Collection (Allocation Rate)
[2026-04-11T14:14:35.510+0530][126.329s][info][gc,task     ] GC(21) Using 3 workers
[2026-04-11T14:14:35.510+0530][126.329s][info][gc,phases   ] GC(21) Pause Mark Start 0.046ms
[2026-04-11T14:14:38.300+0530][129.119s][info][gc,phases   ] GC(21) Concurrent Mark 2789.480ms
[2026-04-11T14:14:38.300+0530][129.119s][info][gc,phases   ] GC(21) Pause Mark End 0.022ms
[2026-04-11T14:14:38.300+0530][129.120s][info][gc,phases   ] GC(21) Concurrent Mark Free 0.001ms
[2026-04-11T14:14:38.302+0530][129.121s][info][gc,phases   ] GC(21) Concurrent Process Non-Strong References 1.754ms
[2026-04-11T14:14:38.302+0530][129.122s][info][gc,phases   ] GC(21) Concurrent Reset Relocation Set 0.081ms
[2026-04-11T14:14:38.308+0530][129.127s][info][gc,phases   ] GC(21) Concurrent Select Relocation Set 5.836ms
[2026-04-11T14:14:38.308+0530][129.128s][info][gc,phases   ] GC(21) Pause Relocate Start 0.053ms
[2026-04-11T14:14:38.338+0530][129.158s][info][gc,phases   ] GC(21) Concurrent Relocate 29.780ms
[2026-04-11T14:14:38.338+0530][129.158s][info][gc,load     ] GC(21) Load: 0.00/0.00/0.00
[2026-04-11T14:14:38.338+0530][129.158s][info][gc,mmu      ] GC(21) MMU: 2ms/96.4%, 5ms/98.6%, 10ms/99.3%, 20ms/99.6%, 50ms/99.9%, 100ms/99.9%
[2026-04-11T14:14:38.338+0530][129.158s][info][gc,marking  ] GC(21) Mark: 2 stripe(s), 8 proactive flush(es), 1 terminate flush(es), 0 completion(s), 0 continuation(s) 
[2026-04-11T14:14:38.338+0530][129.158s][info][gc,marking  ] GC(21) Mark Stack Usage: 32M
[2026-04-11T14:14:38.338+0530][129.158s][info][gc,nmethod  ] GC(21) NMethods: 1488 registered, 505 unregistered
[2026-04-11T14:14:38.338+0530][129.158s][info][gc,metaspace] GC(21) Metaspace: 6M used, 6M committed, 1088M reserved
[2026-04-11T14:14:38.338+0530][129.158s][info][gc,ref      ] GC(21) Soft: 161 encountered, 0 discovered, 0 enqueued
[2026-04-11T14:14:38.338+0530][129.158s][info][gc,ref      ] GC(21) Weak: 595 encountered, 59 discovered, 0 enqueued
[2026-04-11T14:14:38.338+0530][129.158s][info][gc,ref      ] GC(21) Final: 0 encountered, 0 discovered, 0 enqueued
[2026-04-11T14:14:38.339+0530][129.158s][info][gc,ref      ] GC(21) Phantom: 136 encountered, 66 discovered, 0 enqueued
[2026-04-11T14:14:38.339+0530][129.158s][info][gc,reloc    ] GC(21) Small Pages: 2017 / 4034M, Empty: 566M, Relocated: 66M, In-Place: 0
[2026-04-11T14:14:38.339+0530][129.158s][info][gc,reloc    ] GC(21) Medium Pages: 1 / 32M, Empty: 0M, Relocated: 0M, In-Place: 0
[2026-04-11T14:14:38.339+0530][129.158s][info][gc,reloc    ] GC(21) Large Pages: 4 / 392M, Empty: 0M, Relocated: 0M, In-Place: 0
[2026-04-11T14:14:38.339+0530][129.158s][info][gc,reloc    ] GC(21) Forwarding Usage: 15M
[2026-04-11T14:14:38.339+0530][129.158s][info][gc,heap     ] GC(21) Min Capacity: 4096M(50%)
[2026-04-11T14:14:38.339+0530][129.158s][info][gc,heap     ] GC(21) Max Capacity: 8192M(100%)
[2026-04-11T14:14:38.339+0530][129.158s][info][gc,heap     ] GC(21) Soft Max Capacity: 8192M(100%)
[2026-04-11T14:14:38.339+0530][129.158s][info][gc,heap     ] GC(21)                Mark Start          Mark End        Relocate Start      Relocate End           High               Low         
[2026-04-11T14:14:38.339+0530][129.158s][info][gc,heap     ] GC(21)  Capacity:     8192M (100%)       8192M (100%)       8192M (100%)       8192M (100%)       8192M (100%)       8192M (100%)   
[2026-04-11T14:14:38.339+0530][129.158s][info][gc,heap     ] GC(21)      Free:     3734M (46%)        2868M (35%)        3428M (42%)        5316M (65%)        5316M (65%)        2868M (35%)    
[2026-04-11T14:14:38.339+0530][129.159s][info][gc,heap     ] GC(21)      Used:     4458M (54%)        5324M (65%)        4764M (58%)        2876M (35%)        5324M (65%)        2876M (35%)    
[2026-04-11T14:14:38.339+0530][129.159s][info][gc,heap     ] GC(21)      Live:         -              1927M (24%)        1927M (24%)        1927M (24%)            -                  -          
[2026-04-11T14:14:38.339+0530][129.159s][info][gc,heap     ] GC(21) Allocated:         -               866M (11%)         872M (11%)         885M (11%)            -                  -          
[2026-04-11T14:14:38.339+0530][129.159s][info][gc,heap     ] GC(21)   Garbage:         -              2530M (31%)        1964M (24%)          63M (1%)             -                  -          
[2026-04-11T14:14:38.339+0530][129.159s][info][gc,heap     ] GC(21) Reclaimed:         -                  -               566M (7%)         2467M (30%)            -                  -          
[2026-04-11T14:14:38.339+0530][129.159s][info][gc          ] GC(21) Garbage Collection (Allocation Rate) 4458M(54%)->2876M(35%)
[2026-04-11T14:14:38.409+0530][129.228s][info][gc,start    ] GC(22) Garbage Collection (Allocation Rate)
[2026-04-11T14:14:38.409+0530][129.228s][info][gc,task     ] GC(22) Using 3 workers
[2026-04-11T14:14:38.409+0530][129.228s][info][gc,phases   ] GC(22) Pause Mark Start 0.011ms
[2026-04-11T14:14:39.707+0530][130.526s][info][gc,stats    ] === Garbage Collection Statistics =======================================================================================================================
[2026-04-11T14:14:39.707+0530][130.526s][info][gc,stats    ]                                                              Last 10s              Last 10m              Last 10h                Total
[2026-04-11T14:14:39.707+0530][130.526s][info][gc,stats    ]                                                              Avg / Max             Avg / Max             Avg / Max             Avg / Max
[2026-04-11T14:14:39.707+0530][130.526s][info][gc,stats    ]   Collector: Garbage Collection Cycle                   2669.930 / 2828.691   1976.817 / 4618.033   1976.817 / 4618.033   1976.817 / 4618.033    ms
[2026-04-11T14:14:39.707+0530][130.526s][info][gc,stats    ]  Contention: Mark Segment Reset Contention                     0 / 2                 0 / 7                 0 / 7                 0 / 7           ops/s
[2026-04-11T14:14:39.707+0530][130.526s][info][gc,stats    ]  Contention: Mark SeqNum Reset Contention                      0 / 0                 0 / 1                 0 / 1                 0 / 1           ops/s
[2026-04-11T14:14:39.707+0530][130.526s][info][gc,stats    ]    Critical: Allocation Stall                                  0 / 0                 0 / 2                 0 / 2                 0 / 2           ops/s
[2026-04-11T14:14:39.707+0530][130.526s][info][gc,stats    ]    Critical: Allocation Stall                              0.000 / 0.000      3147.256 / 3147.636   3147.256 / 3147.636   3147.256 / 3147.636    ms
[2026-04-11T14:14:39.707+0530][130.526s][info][gc,stats    ]    Critical: GC Locker Stall                                   0 / 0                 0 / 0                 0 / 0                 0 / 0           ops/s
[2026-04-11T14:14:39.707+0530][130.526s][info][gc,stats    ]    Critical: GC Locker Stall                               0.000 / 0.000         0.000 / 0.000         0.000 / 0.000         0.000 / 0.000       ms
[2026-04-11T14:14:39.707+0530][130.526s][info][gc,stats    ]    Critical: Relocation Stall                                  0 / 0                 0 / 0                 0 / 0                 0 / 0           ops/s
[2026-04-11T14:14:39.707+0530][130.526s][info][gc,stats    ]    Critical: Relocation Stall                              0.000 / 0.000         0.000 / 0.000         0.000 / 0.000         0.000 / 0.000       ms
[2026-04-11T14:14:39.707+0530][130.526s][info][gc,stats    ]      Memory: Allocation Rate                                 611 / 884             629 / 972             629 / 972             629 / 972         MB/s
[2026-04-11T14:14:39.707+0530][130.526s][info][gc,stats    ]      Memory: Defragment                                        0 / 1                 0 / 1                 0 / 1                 0 / 1           ops/s
[2026-04-11T14:14:39.707+0530][130.526s][info][gc,stats    ]      Memory: Out Of Memory                                     0 / 0                 0 / 0                 0 / 0                 0 / 0           ops/s
[2026-04-11T14:14:39.707+0530][130.526s][info][gc,stats    ]      Memory: Page Cache Flush                                 26 / 262               8 / 262               8 / 262               8 / 262         MB/s
[2026-04-11T14:14:39.707+0530][130.526s][info][gc,stats    ]      Memory: Page Cache Hit L1                               304 / 442             285 / 485             285 / 485             285 / 485         ops/s
[2026-04-11T14:14:39.707+0530][130.526s][info][gc,stats    ]      Memory: Page Cache Hit L2                                 0 / 0                 0 / 0                 0 / 0                 0 / 0           ops/s
[2026-04-11T14:14:39.707+0530][130.526s][info][gc,stats    ]      Memory: Page Cache Hit L3                                 0 / 0                16 / 401              16 / 401              16 / 401         ops/s
[2026-04-11T14:14:39.707+0530][130.526s][info][gc,stats    ]      Memory: Page Cache Miss                                   0 / 2                16 / 252              16 / 252              16 / 252         ops/s
[2026-04-11T14:14:39.707+0530][130.526s][info][gc,stats    ]      Memory: Uncommit                                          0 / 0                 0 / 0                 0 / 0                 0 / 0           MB/s
[2026-04-11T14:14:39.707+0530][130.526s][info][gc,stats    ]      Memory: Undo Object Allocation Failed                     0 / 0                 0 / 1                 0 / 1                 0 / 1           ops/s
[2026-04-11T14:14:39.707+0530][130.527s][info][gc,stats    ]      Memory: Undo Object Allocation Succeeded                  0 / 1                 0 / 8                 0 / 8                 0 / 8           ops/s
[2026-04-11T14:14:39.707+0530][130.527s][info][gc,stats    ]      Memory: Undo Page Allocation                              0 / 0                 0 / 0                 0 / 0                 0 / 0           ops/s
[2026-04-11T14:14:39.707+0530][130.527s][info][gc,stats    ]       Phase: Concurrent Mark                            2624.229 / 2789.480   1885.272 / 4302.047   1885.272 / 4302.047   1885.272 / 4302.047    ms
[2026-04-11T14:14:39.707+0530][130.527s][info][gc,stats    ]       Phase: Concurrent Mark Continue                      0.000 / 0.000         0.000 / 0.000         0.000 / 0.000         0.000 / 0.000       ms
[2026-04-11T14:14:39.707+0530][130.527s][info][gc,stats    ]       Phase: Concurrent Mark Free                          0.002 / 0.002         0.003 / 0.025         0.003 / 0.025         0.003 / 0.025       ms
[2026-04-11T14:14:39.707+0530][130.527s][info][gc,stats    ]       Phase: Concurrent Process Non-Strong References      1.779 / 1.810         3.904 / 37.015        3.904 / 37.015        3.904 / 37.015      ms
[2026-04-11T14:14:39.708+0530][130.527s][info][gc,stats    ]       Phase: Concurrent Relocate                          32.500 / 37.862       71.030 / 289.683      71.030 / 289.683      71.030 / 289.683     ms
[2026-04-11T14:14:39.708+0530][130.527s][info][gc,stats    ]       Phase: Concurrent Reset Relocation Set               0.078 / 0.091         0.081 / 0.149         0.081 / 0.149         0.081 / 0.149       ms
[2026-04-11T14:14:39.708+0530][130.527s][info][gc,stats    ]       Phase: Concurrent Select Relocation Set              9.509 / 16.788       14.588 / 33.837       14.588 / 33.837       14.588 / 33.837      ms
[2026-04-11T14:14:39.708+0530][130.527s][info][gc,stats    ]       Phase: Pause Mark End                                0.022 / 0.025         0.023 / 0.037         0.023 / 0.037         0.023 / 0.037       ms
[2026-04-11T14:14:39.708+0530][130.527s][info][gc,stats    ]       Phase: Pause Mark Start                              0.023 / 0.046         0.017 / 0.071         0.017 / 0.071         0.017 / 0.071       ms
[2026-04-11T14:14:39.708+0530][130.527s][info][gc,stats    ]       Phase: Pause Relocate Start                          0.026 / 0.053         0.015 / 0.053         0.015 / 0.053         0.015 / 0.053       ms
[2026-04-11T14:14:39.708+0530][130.527s][info][gc,stats    ]    Subphase: Concurrent Classes Purge                      0.017 / 0.020         0.101 / 0.807         0.101 / 0.807         0.101 / 0.807       ms
[2026-04-11T14:14:39.708+0530][130.527s][info][gc,stats    ]    Subphase: Concurrent Classes Unlink                     1.220 / 1.270         3.093 / 36.057        3.093 / 36.057        3.093 / 36.057      ms
[2026-04-11T14:14:39.708+0530][130.527s][info][gc,stats    ]    Subphase: Concurrent Mark                            2619.008 / 2788.707   1776.030 / 4300.528   1776.030 / 4300.528   1776.030 / 4300.528    ms
[2026-04-11T14:14:39.708+0530][130.527s][info][gc,stats    ]    Subphase: Concurrent Mark Try Flush                     0.136 / 0.359         0.187 / 0.844         0.187 / 0.844         0.187 / 0.844       ms
[2026-04-11T14:14:39.708+0530][130.527s][info][gc,stats    ]    Subphase: Concurrent Mark Try Terminate                12.182 / 16.598       10.439 / 16.889       10.439 / 16.889       10.439 / 16.889      ms
[2026-04-11T14:14:39.708+0530][130.527s][info][gc,stats    ]    Subphase: Concurrent References Enqueue                 0.000 / 0.001         0.003 / 0.015         0.003 / 0.015         0.003 / 0.015       ms
[2026-04-11T14:14:39.708+0530][130.527s][info][gc,stats    ]    Subphase: Concurrent References Process                 0.137 / 0.188         0.134 / 0.382         0.134 / 0.382         0.134 / 0.382       ms
[2026-04-11T14:14:39.708+0530][130.527s][info][gc,stats    ]    Subphase: Concurrent Roots ClassLoaderDataGraph         0.059 / 0.194         0.099 / 0.499         0.099 / 0.499         0.099 / 0.499       ms
[2026-04-11T14:14:39.708+0530][130.527s][info][gc,stats    ]    Subphase: Concurrent Roots CodeCache                    0.000 / 0.000         0.000 / 0.000         0.000 / 0.000         0.000 / 0.000       ms
[2026-04-11T14:14:39.708+0530][130.527s][info][gc,stats    ]    Subphase: Concurrent Roots JavaThreads                  0.366 / 0.502         0.384 / 1.042         0.384 / 1.042         0.384 / 1.042       ms
[2026-04-11T14:14:39.708+0530][130.527s][info][gc,stats    ]    Subphase: Concurrent Roots OopStorageSet                0.019 / 0.035         0.033 / 0.182         0.033 / 0.182         0.033 / 0.182       ms
[2026-04-11T14:14:39.708+0530][130.527s][info][gc,stats    ]    Subphase: Concurrent Weak Roots OopStorageSet           0.163 / 0.184         0.250 / 0.613         0.250 / 0.613         0.250 / 0.613       ms
[2026-04-11T14:14:39.708+0530][130.527s][info][gc,stats    ]    Subphase: Pause Mark Try Complete                       0.000 / 0.000         0.000 / 0.000         0.000 / 0.000         0.000 / 0.000       ms
[2026-04-11T14:14:39.708+0530][130.527s][info][gc,stats    ]      System: Java Threads                                     18 / 18               18 / 20               18 / 20               18 / 20          threads
[2026-04-11T14:14:39.708+0530][130.527s][info][gc,stats    ] =========================================================================================================================================================
[2026-04-11T14:14:41.331+0530][132.150s][info][gc,phases   ] GC(22) Concurrent Mark 2921.810ms
[2026-04-11T14:14:41.331+0530][132.151s][info][gc,phases   ] GC(22) Pause Mark End 0.020ms
[2026-04-11T14:14:41.331+0530][132.151s][info][gc,phases   ] GC(22) Concurrent Mark Free 0.002ms
[2026-04-11T14:14:41.333+0530][132.152s][info][gc,phases   ] GC(22) Concurrent Process Non-Strong References 1.629ms
[2026-04-11T14:14:41.334+0530][132.153s][info][gc,phases   ] GC(22) Concurrent Reset Relocation Set 0.056ms
[2026-04-11T14:14:41.340+0530][132.159s][info][gc,phases   ] GC(22) Concurrent Select Relocation Set 6.186ms
[2026-04-11T14:14:41.340+0530][132.159s][info][gc,phases   ] GC(22) Pause Relocate Start 0.014ms
[2026-04-11T14:14:41.351+0530][132.171s][info][gc,phases   ] GC(22) Concurrent Relocate 11.121ms
[2026-04-11T14:14:41.351+0530][132.171s][info][gc,load     ] GC(22) Load: 0.00/0.00/0.00
[2026-04-11T14:14:41.351+0530][132.171s][info][gc,mmu      ] GC(22) MMU: 2ms/96.4%, 5ms/98.6%, 10ms/99.3%, 20ms/99.6%, 50ms/99.9%, 100ms/99.9%
[2026-04-11T14:14:41.351+0530][132.171s][info][gc,marking  ] GC(22) Mark: 2 stripe(s), 10 proactive flush(es), 1 terminate flush(es), 0 completion(s), 0 continuation(s) 
[2026-04-11T14:14:41.351+0530][132.171s][info][gc,marking  ] GC(22) Mark Stack Usage: 32M
[2026-04-11T14:14:41.351+0530][132.171s][info][gc,nmethod  ] GC(22) NMethods: 1491 registered, 505 unregistered
[2026-04-11T14:14:41.351+0530][132.171s][info][gc,metaspace] GC(22) Metaspace: 6M used, 6M committed, 1088M reserved
[2026-04-11T14:14:41.351+0530][132.171s][info][gc,ref      ] GC(22) Soft: 161 encountered, 0 discovered, 0 enqueued
[2026-04-11T14:14:41.352+0530][132.171s][info][gc,ref      ] GC(22) Weak: 595 encountered, 83 discovered, 0 enqueued
[2026-04-11T14:14:41.352+0530][132.171s][info][gc,ref      ] GC(22) Final: 0 encountered, 0 discovered, 0 enqueued
[2026-04-11T14:14:41.352+0530][132.171s][info][gc,ref      ] GC(22) Phantom: 136 encountered, 56 discovered, 0 enqueued
[2026-04-11T14:14:41.352+0530][132.171s][info][gc,reloc    ] GC(22) Small Pages: 1119 / 2238M, Empty: 120M, Relocated: 24M, In-Place: 0
[2026-04-11T14:14:41.352+0530][132.171s][info][gc,reloc    ] GC(22) Medium Pages: 1 / 32M, Empty: 0M, Relocated: 0M, In-Place: 0
[2026-04-11T14:14:41.352+0530][132.171s][info][gc,reloc    ] GC(22) Large Pages: 6 / 652M, Empty: 132M, Relocated: 0M, In-Place: 0
[2026-04-11T14:14:41.352+0530][132.171s][info][gc,reloc    ] GC(22) Forwarding Usage: 6M
[2026-04-11T14:14:41.352+0530][132.171s][info][gc,heap     ] GC(22) Min Capacity: 4096M(50%)
[2026-04-11T14:14:41.352+0530][132.171s][info][gc,heap     ] GC(22) Max Capacity: 8192M(100%)
[2026-04-11T14:14:41.352+0530][132.171s][info][gc,heap     ] GC(22) Soft Max Capacity: 8192M(100%)
[2026-04-11T14:14:41.352+0530][132.171s][info][gc,heap     ] GC(22)                Mark Start          Mark End        Relocate Start      Relocate End           High               Low         
[2026-04-11T14:14:41.352+0530][132.171s][info][gc,heap     ] GC(22)  Capacity:     8192M (100%)       8192M (100%)       8192M (100%)       8192M (100%)       8192M (100%)       8192M (100%)   
[2026-04-11T14:14:41.352+0530][132.171s][info][gc,heap     ] GC(22)      Free:     5270M (64%)        3546M (43%)        3790M (46%)        4320M (53%)        5270M (64%)        3540M (43%)    
[2026-04-11T14:14:41.352+0530][132.171s][info][gc,heap     ] GC(22)      Used:     2922M (36%)        4646M (57%)        4402M (54%)        3872M (47%)        4652M (57%)        2922M (36%)    
[2026-04-11T14:14:41.352+0530][132.171s][info][gc,heap     ] GC(22)      Live:         -              2064M (25%)        2064M (25%)        2064M (25%)            -                  -          
[2026-04-11T14:14:41.352+0530][132.171s][info][gc,heap     ] GC(22) Allocated:         -              1724M (21%)        1732M (21%)        1743M (21%)            -                  -          
[2026-04-11T14:14:41.352+0530][132.171s][info][gc,heap     ] GC(22)   Garbage:         -               857M (10%)         605M (7%)           63M (1%)             -                  -          
[2026-04-11T14:14:41.352+0530][132.171s][info][gc,heap     ] GC(22) Reclaimed:         -                  -               252M (3%)          793M (10%)            -                  -          
[2026-04-11T14:14:41.352+0530][132.171s][info][gc          ] GC(22) Garbage Collection (Allocation Rate) 2922M(36%)->3872M(47%)
[2026-04-11T14:14:42.611+0530][133.430s][info][gc,start    ] GC(23) Garbage Collection (Allocation Rate)
[2026-04-11T14:14:42.611+0530][133.430s][info][gc,task     ] GC(23) Using 3 workers
[2026-04-11T14:14:42.611+0530][133.430s][info][gc,phases   ] GC(23) Pause Mark Start 0.011ms
[2026-04-11T14:14:45.711+0530][136.531s][info][gc,phases   ] GC(23) Concurrent Mark 3100.246ms
[2026-04-11T14:14:45.711+0530][136.531s][info][gc,phases   ] GC(23) Pause Mark End 0.021ms
[2026-04-11T14:14:45.711+0530][136.531s][info][gc,phases   ] GC(23) Concurrent Mark Free 0.001ms
[2026-04-11T14:14:45.713+0530][136.533s][info][gc,phases   ] GC(23) Concurrent Process Non-Strong References 2.320ms
[2026-04-11T14:14:45.713+0530][136.534s][info][gc,phases   ] GC(23) Concurrent Reset Relocation Set 0.020ms
[2026-04-11T14:14:45.727+0530][136.547s][info][gc,phases   ] GC(23) Concurrent Select Relocation Set 13.606ms
[2026-04-11T14:14:45.729+0530][136.547s][info][gc,phases   ] GC(23) Pause Relocate Start 0.013ms
[2026-04-11T14:14:45.767+0530][136.586s][info][gc,phases   ] GC(23) Concurrent Relocate 38.248ms
[2026-04-11T14:14:45.767+0530][136.586s][info][gc,load     ] GC(23) Load: 0.00/0.00/0.00
[2026-04-11T14:14:45.767+0530][136.586s][info][gc,mmu      ] GC(23) MMU: 2ms/96.4%, 5ms/98.6%, 10ms/99.3%, 20ms/99.6%, 50ms/99.9%, 100ms/99.9%
[2026-04-11T14:14:45.767+0530][136.586s][info][gc,marking  ] GC(23) Mark: 2 stripe(s), 10 proactive flush(es), 1 terminate flush(es), 0 completion(s), 0 continuation(s) 
[2026-04-11T14:14:45.767+0530][136.586s][info][gc,marking  ] GC(23) Mark Stack Usage: 32M
[2026-04-11T14:14:45.767+0530][136.586s][info][gc,nmethod  ] GC(23) NMethods: 1491 registered, 505 unregistered
[2026-04-11T14:14:45.767+0530][136.586s][info][gc,metaspace] GC(23) Metaspace: 6M used, 6M committed, 1088M reserved
[2026-04-11T14:14:45.767+0530][136.586s][info][gc,ref      ] GC(23) Soft: 161 encountered, 0 discovered, 0 enqueued
[2026-04-11T14:14:45.768+0530][136.586s][info][gc,ref      ] GC(23) Weak: 595 encountered, 208 discovered, 0 enqueued
[2026-04-11T14:14:45.768+0530][136.586s][info][gc,ref      ] GC(23) Final: 0 encountered, 0 discovered, 0 enqueued
[2026-04-11T14:14:45.768+0530][136.586s][info][gc,ref      ] GC(23) Phantom: 136 encountered, 66 discovered, 0 enqueued
[2026-04-11T14:14:45.768+0530][136.586s][info][gc,reloc    ] GC(23) Small Pages: 2157 / 4314M, Empty: 618M, Relocated: 75M, In-Place: 0
[2026-04-11T14:14:45.768+0530][136.586s][info][gc,reloc    ] GC(23) Medium Pages: 1 / 32M, Empty: 0M, Relocated: 0M, In-Place: 0
[2026-04-11T14:14:45.768+0530][136.586s][info][gc,reloc    ] GC(23) Large Pages: 4 / 520M, Empty: 0M, Relocated: 0M, In-Place: 0
[2026-04-11T14:14:45.768+0530][136.586s][info][gc,reloc    ] GC(23) Forwarding Usage: 17M
[2026-04-11T14:14:45.768+0530][136.587s][info][gc,heap     ] GC(23) Min Capacity: 4096M(50%)
[2026-04-11T14:14:45.768+0530][136.587s][info][gc,heap     ] GC(23) Max Capacity: 8192M(100%)
[2026-04-11T14:14:45.768+0530][136.587s][info][gc,heap     ] GC(23) Soft Max Capacity: 8192M(100%)
[2026-04-11T14:14:45.768+0530][136.587s][info][gc,heap     ] GC(23)                Mark Start          Mark End        Relocate Start      Relocate End           High               Low         
[2026-04-11T14:14:45.768+0530][136.587s][info][gc,heap     ] GC(23)  Capacity:     8192M (100%)       8192M (100%)       8192M (100%)       8192M (100%)       8192M (100%)       8192M (100%)   
[2026-04-11T14:14:45.768+0530][136.587s][info][gc,heap     ] GC(23)      Free:     3326M (41%)        1266M (15%)        1870M (23%)        3898M (48%)        3898M (48%)        1264M (15%)    
[2026-04-11T14:14:45.768+0530][136.587s][info][gc,heap     ] GC(23)      Used:     4866M (59%)        6926M (85%)        6322M (77%)        4294M (52%)        6928M (85%)        4294M (52%)    
[2026-04-11T14:14:45.768+0530][136.587s][info][gc,heap     ] GC(23)      Live:         -              2130M (26%)        2130M (26%)        2130M (26%)            -                  -          
[2026-04-11T14:14:45.768+0530][136.587s][info][gc,heap     ] GC(23) Allocated:         -              2060M (25%)        2074M (25%)        2099M (26%)            -                  -          
[2026-04-11T14:14:45.768+0530][136.587s][info][gc,heap     ] GC(23)   Garbage:         -              2735M (33%)        2117M (26%)          63M (1%)             -                  -          
[2026-04-11T14:14:45.768+0530][136.587s][info][gc,heap     ] GC(23) Reclaimed:         -                  -               618M (8%)         2671M (33%)            -                  -          
[2026-04-11T14:14:45.768+0530][136.587s][info][gc          ] GC(23) Garbage Collection (Allocation Rate) 4866M(59%)->4294M(52%)
[2026-04-11T14:14:46.496+0530][137.315s][info][gc,start    ] GC(24) Garbage Collection (Allocation Rate)
[2026-04-11T14:14:46.496+0530][137.315s][info][gc,task     ] GC(24) Using 3 workers
[2026-04-11T14:14:46.496+0530][137.315s][info][gc,phases   ] GC(24) Pause Mark Start 0.010ms
[2026-04-11T14:14:49.647+0530][140.466s][info][gc,phases   ] GC(24) Concurrent Mark 3150.472ms
[2026-04-11T14:14:49.647+0530][140.466s][info][gc,phases   ] GC(24) Pause Mark End 0.025ms
[2026-04-11T14:14:49.647+0530][140.466s][info][gc,phases   ] GC(24) Concurrent Mark Free 0.002ms
[2026-04-11T14:14:49.649+0530][140.468s][info][gc,phases   ] GC(24) Concurrent Process Non-Strong References 2.003ms
[2026-04-11T14:14:49.649+0530][140.468s][info][gc,phases   ] GC(24) Concurrent Reset Relocation Set 0.068ms
[2026-04-11T14:14:49.655+0530][140.474s][info][gc,phases   ] GC(24) Concurrent Select Relocation Set 5.836ms
[2026-04-11T14:14:49.655+0530][140.475s][info][gc,phases   ] GC(24) Pause Relocate Start 0.017ms
[2026-04-11T14:14:49.690+0530][140.509s][info][gc,phases   ] GC(24) Concurrent Relocate 33.870ms
[2026-04-11T14:14:49.690+0530][140.509s][info][gc,load     ] GC(24) Load: 0.00/0.00/0.00
[2026-04-11T14:14:49.690+0530][140.509s][info][gc,mmu      ] GC(24) MMU: 2ms/96.4%, 5ms/98.6%, 10ms/99.3%, 20ms/99.6%, 50ms/99.9%, 100ms/99.9%
[2026-04-11T14:14:49.690+0530][140.509s][info][gc,marking  ] GC(24) Mark: 2 stripe(s), 9 proactive flush(es), 1 terminate flush(es), 0 completion(s), 0 continuation(s) 
[2026-04-11T14:14:49.690+0530][140.509s][info][gc,marking  ] GC(24) Mark Stack Usage: 32M
[2026-04-11T14:14:49.690+0530][140.509s][info][gc,nmethod  ] GC(24) NMethods: 1494 registered, 505 unregistered
[2026-04-11T14:14:49.690+0530][140.509s][info][gc,metaspace] GC(24) Metaspace: 6M used, 6M committed, 1088M reserved
[2026-04-11T14:14:49.690+0530][140.509s][info][gc,ref      ] GC(24) Soft: 161 encountered, 0 discovered, 0 enqueued
[2026-04-11T14:14:49.690+0530][140.509s][info][gc,ref      ] GC(24) Weak: 595 encountered, 224 discovered, 0 enqueued
[2026-04-11T14:14:49.690+0530][140.509s][info][gc,ref      ] GC(24) Final: 0 encountered, 0 discovered, 0 enqueued
[2026-04-11T14:14:49.690+0530][140.509s][info][gc,ref      ] GC(24) Phantom: 136 encountered, 56 discovered, 0 enqueued
[2026-04-11T14:14:49.690+0530][140.509s][info][gc,reloc    ] GC(24) Small Pages: 2174 / 4348M, Empty: 604M, Relocated: 69M, In-Place: 0
[2026-04-11T14:14:49.690+0530][140.509s][info][gc,reloc    ] GC(24) Medium Pages: 1 / 32M, Empty: 0M, Relocated: 0M, In-Place: 0
[2026-04-11T14:14:49.690+0530][140.509s][info][gc,reloc    ] GC(24) Large Pages: 4 / 520M, Empty: 0M, Relocated: 0M, In-Place: 0
[2026-04-11T14:14:49.690+0530][140.509s][info][gc,reloc    ] GC(24) Forwarding Usage: 15M
[2026-04-11T14:14:49.690+0530][140.509s][info][gc,heap     ] GC(24) Min Capacity: 4096M(50%)
[2026-04-11T14:14:49.690+0530][140.509s][info][gc,heap     ] GC(24) Max Capacity: 8192M(100%)
[2026-04-11T14:14:49.690+0530][140.509s][info][gc,heap     ] GC(24) Soft Max Capacity: 8192M(100%)
[2026-04-11T14:14:49.690+0530][140.509s][info][gc,heap     ] GC(24)                Mark Start          Mark End        Relocate Start      Relocate End           High               Low         
[2026-04-11T14:14:49.690+0530][140.509s][info][gc,heap     ] GC(24)  Capacity:     8192M (100%)       8192M (100%)       8192M (100%)       8192M (100%)       8192M (100%)       8192M (100%)   
[2026-04-11T14:14:49.690+0530][140.509s][info][gc,heap     ] GC(24)      Free:     3292M (40%)        1162M (14%)        1762M (22%)        3776M (46%)        3776M (46%)        1160M (14%)    
[2026-04-11T14:14:49.690+0530][140.509s][info][gc,heap     ] GC(24)      Used:     4900M (60%)        7030M (86%)        6430M (78%)        4416M (54%)        7032M (86%)        4416M (54%)    
[2026-04-11T14:14:49.690+0530][140.509s][info][gc,heap     ] GC(24)      Live:         -              2191M (27%)        2191M (27%)        2191M (27%)            -                  -          
[2026-04-11T14:14:49.690+0530][140.509s][info][gc,heap     ] GC(24) Allocated:         -              2130M (26%)        2134M (26%)        2155M (26%)            -                  -          
[2026-04-11T14:14:49.690+0530][140.509s][info][gc,heap     ] GC(24)   Garbage:         -              2708M (33%)        2104M (26%)          68M (1%)             -                  -          
[2026-04-11T14:14:49.690+0530][140.509s][info][gc,heap     ] GC(24) Reclaimed:         -                  -               604M (7%)         2639M (32%)            -                  -          
[2026-04-11T14:14:49.690+0530][140.509s][info][gc          ] GC(24) Garbage Collection (Allocation Rate) 4900M(60%)->4416M(54%)
[2026-04-11T14:14:49.709+0530][140.527s][info][gc,stats    ] === Garbage Collection Statistics =======================================================================================================================
[2026-04-11T14:14:49.709+0530][140.528s][info][gc,stats    ]                                                              Last 10s              Last 10m              Last 10h                Total
[2026-04-11T14:14:49.709+0530][140.528s][info][gc,stats    ]                                                              Avg / Max             Avg / Max             Avg / Max             Avg / Max
[2026-04-11T14:14:49.709+0530][140.528s][info][gc,stats    ]   Collector: Garbage Collection Cycle                   3097.673 / 3194.026   2111.320 / 4618.033   2111.320 / 4618.033   2111.320 / 4618.033    ms
[2026-04-11T14:14:49.709+0530][140.528s][info][gc,stats    ]  Contention: Mark Segment Reset Contention                     0 / 2                 0 / 7                 0 / 7                 0 / 7           ops/s
[2026-04-11T14:14:49.709+0530][140.528s][info][gc,stats    ]  Contention: Mark SeqNum Reset Contention                      0 / 0                 0 / 1                 0 / 1                 0 / 1           ops/s
[2026-04-11T14:14:49.709+0530][140.528s][info][gc,stats    ]    Critical: Allocation Stall                                  0 / 0                 0 / 2                 0 / 2                 0 / 2           ops/s
[2026-04-11T14:14:49.709+0530][140.528s][info][gc,stats    ]    Critical: Allocation Stall                              0.000 / 0.000      3147.256 / 3147.636   3147.256 / 3147.636   3147.256 / 3147.636    ms
[2026-04-11T14:14:49.709+0530][140.528s][info][gc,stats    ]    Critical: GC Locker Stall                                   0 / 0                 0 / 0                 0 / 0                 0 / 0           ops/s
[2026-04-11T14:14:49.709+0530][140.528s][info][gc,stats    ]    Critical: GC Locker Stall                               0.000 / 0.000         0.000 / 0.000         0.000 / 0.000         0.000 / 0.000       ms
[2026-04-11T14:14:49.709+0530][140.528s][info][gc,stats    ]    Critical: Relocation Stall                                  0 / 0                 0 / 0                 0 / 0                 0 / 0           ops/s
[2026-04-11T14:14:49.709+0530][140.528s][info][gc,stats    ]    Critical: Relocation Stall                              0.000 / 0.000         0.000 / 0.000         0.000 / 0.000         0.000 / 0.000       ms
[2026-04-11T14:14:49.709+0530][140.528s][info][gc,stats    ]      Memory: Allocation Rate                                 684 / 832             633 / 972             633 / 972             633 / 972         MB/s
[2026-04-11T14:14:49.709+0530][140.528s][info][gc,stats    ]      Memory: Defragment                                        0 / 0                 0 / 1                 0 / 1                 0 / 1           ops/s
[2026-04-11T14:14:49.709+0530][140.528s][info][gc,stats    ]      Memory: Out Of Memory                                     0 / 0                 0 / 0                 0 / 0                 0 / 0           ops/s
[2026-04-11T14:14:49.709+0530][140.528s][info][gc,stats    ]      Memory: Page Cache Flush                                  0 / 0                 7 / 262               7 / 262               7 / 262         MB/s
[2026-04-11T14:14:49.709+0530][140.528s][info][gc,stats    ]      Memory: Page Cache Hit L1                               351 / 455             290 / 485             290 / 485             290 / 485         ops/s
[2026-04-11T14:14:49.709+0530][140.528s][info][gc,stats    ]      Memory: Page Cache Hit L2                                 0 / 0                 0 / 0                 0 / 0                 0 / 0           ops/s
[2026-04-11T14:14:49.709+0530][140.528s][info][gc,stats    ]      Memory: Page Cache Hit L3                                 0 / 0                15 / 401              15 / 401              15 / 401         ops/s
[2026-04-11T14:14:49.709+0530][140.528s][info][gc,stats    ]      Memory: Page Cache Miss                                   0 / 0                15 / 252              15 / 252              15 / 252         ops/s
[2026-04-11T14:14:49.709+0530][140.528s][info][gc,stats    ]      Memory: Uncommit                                          0 / 0                 0 / 0                 0 / 0                 0 / 0           MB/s
[2026-04-11T14:14:49.709+0530][140.528s][info][gc,stats    ]      Memory: Undo Object Allocation Failed                     0 / 0                 0 / 1                 0 / 1                 0 / 1           ops/s
[2026-04-11T14:14:49.709+0530][140.528s][info][gc,stats    ]      Memory: Undo Object Allocation Succeeded                  0 / 2                 0 / 8                 0 / 8                 0 / 8           ops/s
[2026-04-11T14:14:49.709+0530][140.528s][info][gc,stats    ]      Memory: Undo Page Allocation                              0 / 0                 0 / 0                 0 / 0                 0 / 0           ops/s
[2026-04-11T14:14:49.709+0530][140.528s][info][gc,stats    ]       Phase: Concurrent Mark                            3057.510 / 3150.472   2025.941 / 4302.047   2025.941 / 4302.047   2025.941 / 4302.047    ms
[2026-04-11T14:14:49.709+0530][140.528s][info][gc,stats    ]       Phase: Concurrent Mark Continue                      0.000 / 0.000         0.000 / 0.000         0.000 / 0.000         0.000 / 0.000       ms
[2026-04-11T14:14:49.709+0530][140.528s][info][gc,stats    ]       Phase: Concurrent Mark Free                          0.002 / 0.002         0.003 / 0.025         0.003 / 0.025         0.003 / 0.025       ms
[2026-04-11T14:14:49.709+0530][140.528s][info][gc,stats    ]       Phase: Concurrent Process Non-Strong References      1.984 / 2.320         3.673 / 37.015        3.673 / 37.015        3.673 / 37.015      ms
[2026-04-11T14:14:49.709+0530][140.528s][info][gc,stats    ]       Phase: Concurrent Relocate                          27.746 / 38.248       65.836 / 289.683      65.836 / 289.683      65.836 / 289.683     ms
[2026-04-11T14:14:49.709+0530][140.528s][info][gc,stats    ]       Phase: Concurrent Reset Relocation Set               0.048 / 0.068         0.077 / 0.149         0.077 / 0.149         0.077 / 0.149       ms
[2026-04-11T14:14:49.709+0530][140.528s][info][gc,stats    ]       Phase: Concurrent Select Relocation Set              8.542 / 13.606       13.863 / 33.837       13.863 / 33.837       13.863 / 33.837      ms
[2026-04-11T14:14:49.709+0530][140.528s][info][gc,stats    ]       Phase: Pause Mark End                                0.022 / 0.025         0.023 / 0.037         0.023 / 0.037         0.023 / 0.037       ms
[2026-04-11T14:14:49.709+0530][140.528s][info][gc,stats    ]       Phase: Pause Mark Start                              0.010 / 0.011         0.017 / 0.071         0.017 / 0.071         0.017 / 0.071       ms
[2026-04-11T14:14:49.709+0530][140.528s][info][gc,stats    ]       Phase: Pause Relocate Start                          0.015 / 0.017         0.015 / 0.053         0.015 / 0.053         0.015 / 0.053       ms
[2026-04-11T14:14:49.709+0530][140.528s][info][gc,stats    ]    Subphase: Concurrent Classes Purge                      0.017 / 0.017         0.091 / 0.807         0.091 / 0.807         0.091 / 0.807       ms
[2026-04-11T14:14:49.709+0530][140.528s][info][gc,stats    ]    Subphase: Concurrent Classes Unlink                     1.343 / 1.618         2.883 / 36.057        2.883 / 36.057        2.883 / 36.057      ms
[2026-04-11T14:14:49.709+0530][140.528s][info][gc,stats    ]    Subphase: Concurrent Mark                            3052.688 / 3149.869   1947.522 / 4300.528   1947.522 / 4300.528   1947.522 / 4300.528    ms
[2026-04-11T14:14:49.709+0530][140.528s][info][gc,stats    ]    Subphase: Concurrent Mark Try Flush                     0.147 / 0.234         0.179 / 0.844         0.179 / 0.844         0.179 / 0.844       ms
[2026-04-11T14:14:49.709+0530][140.528s][info][gc,stats    ]    Subphase: Concurrent Mark Try Terminate                13.042 / 18.628       11.233 / 18.628       11.233 / 18.628       11.233 / 18.628      ms
[2026-04-11T14:14:49.709+0530][140.528s][info][gc,stats    ]    Subphase: Concurrent References Enqueue                 0.000 / 0.001         0.002 / 0.015         0.002 / 0.015         0.002 / 0.015       ms
[2026-04-11T14:14:49.709+0530][140.528s][info][gc,stats    ]    Subphase: Concurrent References Process                 0.148 / 0.210         0.136 / 0.382         0.136 / 0.382         0.136 / 0.382       ms
[2026-04-11T14:14:49.709+0530][140.528s][info][gc,stats    ]    Subphase: Concurrent Roots ClassLoaderDataGraph         0.059 / 0.192         0.095 / 0.499         0.095 / 0.499         0.095 / 0.499       ms
[2026-04-11T14:14:49.709+0530][140.528s][info][gc,stats    ]    Subphase: Concurrent Roots CodeCache                    0.000 / 0.000         0.000 / 0.000         0.000 / 0.000         0.000 / 0.000       ms
[2026-04-11T14:14:49.709+0530][140.528s][info][gc,stats    ]    Subphase: Concurrent Roots JavaThreads                  0.553 / 1.023         0.399 / 1.042         0.399 / 1.042         0.399 / 1.042       ms
[2026-04-11T14:14:49.709+0530][140.529s][info][gc,stats    ]    Subphase: Concurrent Roots OopStorageSet                0.018 / 0.031         0.032 / 0.182         0.032 / 0.182         0.032 / 0.182       ms
[2026-04-11T14:14:49.710+0530][140.529s][info][gc,stats    ]    Subphase: Concurrent Weak Roots OopStorageSet           0.164 / 0.197         0.238 / 0.613         0.238 / 0.613         0.238 / 0.613       ms
[2026-04-11T14:14:49.710+0530][140.529s][info][gc,stats    ]    Subphase: Pause Mark Try Complete                       0.000 / 0.000         0.000 / 0.000         0.000 / 0.000         0.000 / 0.000       ms
[2026-04-11T14:14:49.710+0530][140.529s][info][gc,stats    ]      System: Java Threads                                     18 / 18               18 / 20               18 / 20               18 / 20          threads
[2026-04-11T14:14:49.710+0530][140.529s][info][gc,stats    ] =========================================================================================================================================================
[2026-04-11T14:14:50.302+0530][141.121s][info][gc,start    ] GC(25) Garbage Collection (Allocation Rate)
[2026-04-11T14:14:50.302+0530][141.121s][info][gc,task     ] GC(25) Using 3 workers
[2026-04-11T14:14:50.302+0530][141.121s][info][gc,phases   ] GC(25) Pause Mark Start 0.009ms
[2026-04-11T14:14:53.524+0530][144.343s][info][gc,phases   ] GC(25) Concurrent Mark 3221.681ms
[2026-04-11T14:14:53.524+0530][144.343s][info][gc,phases   ] GC(25) Pause Mark End 0.019ms
[2026-04-11T14:14:53.524+0530][144.343s][info][gc,phases   ] GC(25) Concurrent Mark Free 0.001ms
[2026-04-11T14:14:53.526+0530][144.345s][info][gc,phases   ] GC(25) Concurrent Process Non-Strong References 1.589ms
[2026-04-11T14:14:53.526+0530][144.345s][info][gc,phases   ] GC(25) Concurrent Reset Relocation Set 0.053ms
[2026-04-11T14:14:53.540+0530][144.359s][info][gc,phases   ] GC(25) Concurrent Select Relocation Set 14.485ms
[2026-04-11T14:14:53.540+0530][144.360s][info][gc,phases   ] GC(25) Pause Relocate Start 0.012ms
[2026-04-11T14:14:53.578+0530][144.397s][info][gc,phases   ] GC(25) Concurrent Relocate 37.364ms
[2026-04-11T14:14:53.578+0530][144.397s][info][gc,load     ] GC(25) Load: 0.00/0.00/0.00
[2026-04-11T14:14:53.578+0530][144.397s][info][gc,mmu      ] GC(25) MMU: 2ms/96.4%, 5ms/98.6%, 10ms/99.3%, 20ms/99.6%, 50ms/99.9%, 100ms/99.9%
[2026-04-11T14:14:53.578+0530][144.397s][info][gc,marking  ] GC(25) Mark: 2 stripe(s), 10 proactive flush(es), 1 terminate flush(es), 0 completion(s), 0 continuation(s) 
[2026-04-11T14:14:53.578+0530][144.397s][info][gc,marking  ] GC(25) Mark Stack Usage: 32M
[2026-04-11T14:14:53.578+0530][144.397s][info][gc,nmethod  ] GC(25) NMethods: 1493 registered, 506 unregistered
[2026-04-11T14:14:53.579+0530][144.397s][info][gc,metaspace] GC(25) Metaspace: 6M used, 6M committed, 1088M reserved
[2026-04-11T14:14:53.579+0530][144.397s][info][gc,ref      ] GC(25) Soft: 161 encountered, 0 discovered, 0 enqueued
[2026-04-11T14:14:53.579+0530][144.397s][info][gc,ref      ] GC(25) Weak: 595 encountered, 93 discovered, 0 enqueued
[2026-04-11T14:14:53.579+0530][144.397s][info][gc,ref      ] GC(25) Final: 0 encountered, 0 discovered, 0 enqueued
[2026-04-11T14:14:53.579+0530][144.397s][info][gc,ref      ] GC(25) Phantom: 136 encountered, 56 discovered, 0 enqueued
[2026-04-11T14:14:53.579+0530][144.398s][info][gc,reloc    ] GC(25) Small Pages: 2196 / 4392M, Empty: 586M, Relocated: 69M, In-Place: 0
[2026-04-11T14:14:53.579+0530][144.398s][info][gc,reloc    ] GC(25) Medium Pages: 1 / 32M, Empty: 0M, Relocated: 0M, In-Place: 0
[2026-04-11T14:14:53.579+0530][144.398s][info][gc,reloc    ] GC(25) Large Pages: 4 / 520M, Empty: 0M, Relocated: 0M, In-Place: 0
[2026-04-11T14:14:53.579+0530][144.398s][info][gc,reloc    ] GC(25) Forwarding Usage: 15M
[2026-04-11T14:14:53.579+0530][144.398s][info][gc,heap     ] GC(25) Min Capacity: 4096M(50%)
[2026-04-11T14:14:53.579+0530][144.398s][info][gc,heap     ] GC(25) Max Capacity: 8192M(100%)
[2026-04-11T14:14:53.579+0530][144.398s][info][gc,heap     ] GC(25) Soft Max Capacity: 8192M(100%)
[2026-04-11T14:14:53.579+0530][144.398s][info][gc,heap     ] GC(25)                Mark Start          Mark End        Relocate Start      Relocate End           High               Low         
[2026-04-11T14:14:53.579+0530][144.398s][info][gc,heap     ] GC(25)  Capacity:     8192M (100%)       8192M (100%)       8192M (100%)       8192M (100%)       8192M (100%)       8192M (100%)   
[2026-04-11T14:14:53.579+0530][144.398s][info][gc,heap     ] GC(25)      Free:     3248M (40%)        1182M (14%)        1760M (21%)        3762M (46%)        3762M (46%)        1182M (14%)    
[2026-04-11T14:14:53.579+0530][144.398s][info][gc,heap     ] GC(25)      Used:     4944M (60%)        7010M (86%)        6432M (79%)        4430M (54%)        7010M (86%)        4430M (54%)    
[2026-04-11T14:14:53.579+0530][144.398s][info][gc,heap     ] GC(25)      Live:         -              2251M (27%)        2251M (27%)        2251M (27%)            -                  -          
[2026-04-11T14:14:53.579+0530][144.398s][info][gc,heap     ] GC(25) Allocated:         -              2066M (25%)        2074M (25%)        2111M (26%)            -                  -          
[2026-04-11T14:14:53.579+0530][144.398s][info][gc,heap     ] GC(25)   Garbage:         -              2692M (33%)        2106M (26%)          66M (1%)             -                  -          
[2026-04-11T14:14:53.579+0530][144.398s][info][gc,heap     ] GC(25) Reclaimed:         -                  -               586M (7%)         2625M (32%)            -                  -          
[2026-04-11T14:14:53.579+0530][144.398s][info][gc          ] GC(25) Garbage Collection (Allocation Rate) 4944M(60%)->4430M(54%)
[2026-04-11T14:14:53.996+0530][144.815s][info][gc,start    ] GC(26) Garbage Collection (Allocation Rate)
[2026-04-11T14:14:53.996+0530][144.815s][info][gc,task     ] GC(26) Using 3 workers
[2026-04-11T14:14:53.996+0530][144.815s][info][gc,phases   ] GC(26) Pause Mark Start 0.012ms
[2026-04-11T14:14:57.485+0530][148.304s][info][gc,phases   ] GC(26) Concurrent Mark 3488.398ms
[2026-04-11T14:14:57.485+0530][148.304s][info][gc,phases   ] GC(26) Pause Mark End 0.022ms
[2026-04-11T14:14:57.485+0530][148.304s][info][gc,phases   ] GC(26) Concurrent Mark Free 0.002ms
[2026-04-11T14:14:57.486+0530][148.306s][info][gc,phases   ] GC(26) Concurrent Process Non-Strong References 1.897ms
[2026-04-11T14:14:57.486+0530][148.306s][info][gc,phases   ] GC(26) Concurrent Reset Relocation Set 0.061ms
[2026-04-11T14:14:57.491+0530][148.311s][info][gc,phases   ] GC(26) Concurrent Select Relocation Set 5.020ms
[2026-04-11T14:14:57.493+0530][148.312s][info][gc,phases   ] GC(26) Pause Relocate Start 0.013ms
[2026-04-11T14:14:57.516+0530][148.337s][info][gc,phases   ] GC(26) Concurrent Relocate 25.064ms
[2026-04-11T14:14:57.516+0530][148.337s][info][gc,load     ] GC(26) Load: 0.00/0.00/0.00
[2026-04-11T14:14:57.516+0530][148.337s][info][gc,mmu      ] GC(26) MMU: 2ms/96.4%, 5ms/98.6%, 10ms/99.3%, 20ms/99.6%, 50ms/99.9%, 100ms/99.9%
[2026-04-11T14:14:57.516+0530][148.337s][info][gc,marking  ] GC(26) Mark: 2 stripe(s), 10 proactive flush(es), 2 terminate flush(es), 0 completion(s), 0 continuation(s) 
[2026-04-11T14:14:57.516+0530][148.337s][info][gc,marking  ] GC(26) Mark Stack Usage: 32M
[2026-04-11T14:14:57.516+0530][148.337s][info][gc,nmethod  ] GC(26) NMethods: 1498 registered, 506 unregistered
[2026-04-11T14:14:57.516+0530][148.337s][info][gc,metaspace] GC(26) Metaspace: 6M used, 6M committed, 1088M reserved
[2026-04-11T14:14:57.516+0530][148.337s][info][gc,ref      ] GC(26) Soft: 161 encountered, 0 discovered, 0 enqueued
[2026-04-11T14:14:57.516+0530][148.337s][info][gc,ref      ] GC(26) Weak: 595 encountered, 176 discovered, 0 enqueued
[2026-04-11T14:14:57.516+0530][148.337s][info][gc,ref      ] GC(26) Final: 0 encountered, 0 discovered, 0 enqueued
[2026-04-11T14:14:57.516+0530][148.337s][info][gc,ref      ] GC(26) Phantom: 136 encountered, 56 discovered, 0 enqueued
[2026-04-11T14:14:57.516+0530][148.337s][info][gc,reloc    ] GC(26) Small Pages: 2112 / 4224M, Empty: 562M, Relocated: 59M, In-Place: 0
[2026-04-11T14:14:57.516+0530][148.337s][info][gc,reloc    ] GC(26) Medium Pages: 1 / 32M, Empty: 0M, Relocated: 0M, In-Place: 0
[2026-04-11T14:14:57.516+0530][148.337s][info][gc,reloc    ] GC(26) Large Pages: 4 / 520M, Empty: 0M, Relocated: 0M, In-Place: 0
[2026-04-11T14:14:57.516+0530][148.337s][info][gc,reloc    ] GC(26) Forwarding Usage: 11M
[2026-04-11T14:14:57.516+0530][148.337s][info][gc,heap     ] GC(26) Min Capacity: 4096M(50%)
[2026-04-11T14:14:57.516+0530][148.337s][info][gc,heap     ] GC(26) Max Capacity: 8192M(100%)
[2026-04-11T14:14:57.516+0530][148.337s][info][gc,heap     ] GC(26) Soft Max Capacity: 8192M(100%)
[2026-04-11T14:14:57.516+0530][148.338s][info][gc,heap     ] GC(26)                Mark Start          Mark End        Relocate Start      Relocate End           High               Low         
[2026-04-11T14:14:57.516+0530][148.338s][info][gc,heap     ] GC(26)  Capacity:     8192M (100%)       8192M (100%)       8192M (100%)       8192M (100%)       8192M (100%)       8192M (100%)   
[2026-04-11T14:14:57.516+0530][148.338s][info][gc,heap     ] GC(26)      Free:     3416M (42%)        1188M (15%)        1746M (21%)        3580M (44%)        3580M (44%)        1188M (15%)    
[2026-04-11T14:14:57.516+0530][148.338s][info][gc,heap     ] GC(26)      Used:     4776M (58%)        7004M (85%)        6446M (79%)        4612M (56%)        7004M (85%)        4612M (56%)    
[2026-04-11T14:14:57.516+0530][148.338s][info][gc,heap     ] GC(26)      Live:         -              2296M (28%)        2296M (28%)        2296M (28%)            -                  -          
[2026-04-11T14:14:57.516+0530][148.338s][info][gc,heap     ] GC(26) Allocated:         -              2228M (27%)        2232M (27%)        2251M (27%)            -                  -          
[2026-04-11T14:14:57.516+0530][148.338s][info][gc,heap     ] GC(26)   Garbage:         -              2479M (30%)        1917M (23%)          64M (1%)             -                  -          
[2026-04-11T14:14:57.516+0530][148.338s][info][gc,heap     ] GC(26) Reclaimed:         -                  -               562M (7%)         2415M (29%)            -                  -          
[2026-04-11T14:14:57.516+0530][148.338s][info][gc          ] GC(26) Garbage Collection (Allocation Rate) 4776M(58%)->4612M(56%)
[2026-04-11T14:14:58.003+0530][148.822s][info][gc,start    ] GC(27) Garbage Collection (Allocation Rate)
[2026-04-11T14:14:58.003+0530][148.822s][info][gc,task     ] GC(27) Using 3 workers
[2026-04-11T14:14:58.003+0530][148.823s][info][gc,phases   ] GC(27) Pause Mark Start 0.010ms
[2026-04-11T14:14:59.700+0530][150.519s][info][gc,stats    ] === Garbage Collection Statistics =======================================================================================================================
[2026-04-11T14:14:59.700+0530][150.519s][info][gc,stats    ]                                                              Last 10s              Last 10m              Last 10h                Total
[2026-04-11T14:14:59.700+0530][150.519s][info][gc,stats    ]                                                              Avg / Max             Avg / Max             Avg / Max             Avg / Max
[2026-04-11T14:14:59.700+0530][150.519s][info][gc,stats    ]   Collector: Garbage Collection Cycle                   3399.505 / 3522.397   2206.741 / 4618.033   2206.741 / 4618.033   2206.741 / 4618.033    ms
[2026-04-11T14:14:59.700+0530][150.520s][info][gc,stats    ]  Contention: Mark Segment Reset Contention                     0 / 3                 0 / 7                 0 / 7                 0 / 7           ops/s
[2026-04-11T14:14:59.700+0530][150.520s][info][gc,stats    ]  Contention: Mark SeqNum Reset Contention                      0 / 2                 0 / 2                 0 / 2                 0 / 2           ops/s
[2026-04-11T14:14:59.700+0530][150.520s][info][gc,stats    ]    Critical: Allocation Stall                                  0 / 0                 0 / 2                 0 / 2                 0 / 2           ops/s
[2026-04-11T14:14:59.700+0530][150.520s][info][gc,stats    ]    Critical: Allocation Stall                              0.000 / 0.000      3147.256 / 3147.636   3147.256 / 3147.636   3147.256 / 3147.636    ms
[2026-04-11T14:14:59.700+0530][150.520s][info][gc,stats    ]    Critical: GC Locker Stall                                   0 / 0                 0 / 0                 0 / 0                 0 / 0           ops/s
[2026-04-11T14:14:59.700+0530][150.520s][info][gc,stats    ]    Critical: GC Locker Stall                               0.000 / 0.000         0.000 / 0.000         0.000 / 0.000         0.000 / 0.000       ms
[2026-04-11T14:14:59.700+0530][150.520s][info][gc,stats    ]    Critical: Relocation Stall                                  0 / 0                 0 / 0                 0 / 0                 0 / 0           ops/s
[2026-04-11T14:14:59.700+0530][150.520s][info][gc,stats    ]    Critical: Relocation Stall                              0.000 / 0.000         0.000 / 0.000         0.000 / 0.000         0.000 / 0.000       ms
[2026-04-11T14:14:59.700+0530][150.520s][info][gc,stats    ]      Memory: Allocation Rate                                 672 / 786             636 / 972             636 / 972             636 / 972         MB/s
[2026-04-11T14:14:59.700+0530][150.520s][info][gc,stats    ]      Memory: Defragment                                        0 / 0                 0 / 1                 0 / 1                 0 / 1           ops/s
[2026-04-11T14:14:59.700+0530][150.520s][info][gc,stats    ]      Memory: Out Of Memory                                     0 / 0                 0 / 0                 0 / 0                 0 / 0           ops/s
[2026-04-11T14:14:59.700+0530][150.520s][info][gc,stats    ]      Memory: Page Cache Flush                                  0 / 0                 6 / 262               6 / 262               6 / 262         MB/s
[2026-04-11T14:14:59.700+0530][150.520s][info][gc,stats    ]      Memory: Page Cache Hit L1                               342 / 393             293 / 485             293 / 485             293 / 485         ops/s
[2026-04-11T14:14:59.700+0530][150.520s][info][gc,stats    ]      Memory: Page Cache Hit L2                                 0 / 0                 0 / 0                 0 / 0                 0 / 0           ops/s
[2026-04-11T14:14:59.700+0530][150.520s][info][gc,stats    ]      Memory: Page Cache Hit L3                                 0 / 0                14 / 401              14 / 401              14 / 401         ops/s
[2026-04-11T14:14:59.700+0530][150.520s][info][gc,stats    ]      Memory: Page Cache Miss                                   0 / 0                14 / 252              14 / 252              14 / 252         ops/s
[2026-04-11T14:14:59.700+0530][150.520s][info][gc,stats    ]      Memory: Uncommit                                          0 / 0                 0 / 0                 0 / 0                 0 / 0           MB/s
[2026-04-11T14:14:59.700+0530][150.520s][info][gc,stats    ]      Memory: Undo Object Allocation Failed                     0 / 0                 0 / 1                 0 / 1                 0 / 1           ops/s
[2026-04-11T14:14:59.700+0530][150.520s][info][gc,stats    ]      Memory: Undo Object Allocation Succeeded                  0 / 2                 0 / 8                 0 / 8                 0 / 8           ops/s
[2026-04-11T14:14:59.700+0530][150.520s][info][gc,stats    ]      Memory: Undo Page Allocation                              0 / 1                 0 / 1                 0 / 1                 0 / 1           ops/s
[2026-04-11T14:14:59.700+0530][150.520s][info][gc,stats    ]       Phase: Concurrent Mark                            3355.039 / 3488.398   2124.392 / 4302.047   2124.392 / 4302.047   2124.392 / 4302.047    ms
[2026-04-11T14:14:59.700+0530][150.520s][info][gc,stats    ]       Phase: Concurrent Mark Continue                      0.000 / 0.000         0.000 / 0.000         0.000 / 0.000         0.000 / 0.000       ms
[2026-04-11T14:14:59.700+0530][150.520s][info][gc,stats    ]       Phase: Concurrent Mark Free                          0.001 / 0.002         0.003 / 0.025         0.003 / 0.025         0.003 / 0.025       ms
[2026-04-11T14:14:59.700+0530][150.520s][info][gc,stats    ]       Phase: Concurrent Process Non-Strong References      1.743 / 1.897         3.530 / 37.015        3.530 / 37.015        3.530 / 37.015      ms
[2026-04-11T14:14:59.700+0530][150.520s][info][gc,stats    ]       Phase: Concurrent Relocate                          31.214 / 37.364       63.271 / 289.683      63.271 / 289.683      63.271 / 289.683     ms
[2026-04-11T14:14:59.700+0530][150.520s][info][gc,stats    ]       Phase: Concurrent Reset Relocation Set               0.056 / 0.061         0.075 / 0.149         0.075 / 0.149         0.075 / 0.149       ms
[2026-04-11T14:14:59.700+0530][150.520s][info][gc,stats    ]       Phase: Concurrent Select Relocation Set              9.753 / 14.485       13.558 / 33.837       13.558 / 33.837       13.558 / 33.837      ms
[2026-04-11T14:14:59.700+0530][150.520s][info][gc,stats    ]       Phase: Pause Mark End                                0.020 / 0.022         0.022 / 0.037         0.022 / 0.037         0.022 / 0.037       ms
[2026-04-11T14:14:59.700+0530][150.520s][info][gc,stats    ]       Phase: Pause Mark Start                              0.010 / 0.012         0.016 / 0.071         0.016 / 0.071         0.016 / 0.071       ms
[2026-04-11T14:14:59.700+0530][150.520s][info][gc,stats    ]       Phase: Pause Relocate Start                          0.013 / 0.013         0.015 / 0.053         0.015 / 0.053         0.015 / 0.053       ms
[2026-04-11T14:14:59.700+0530][150.520s][info][gc,stats    ]    Subphase: Concurrent Classes Purge                      0.025 / 0.030         0.086 / 0.807         0.086 / 0.807         0.086 / 0.807       ms
[2026-04-11T14:14:59.700+0530][150.520s][info][gc,stats    ]    Subphase: Concurrent Classes Unlink                     1.183 / 1.214         2.757 / 36.057        2.757 / 36.057        2.757 / 36.057      ms
[2026-04-11T14:14:59.700+0530][150.520s][info][gc,stats    ]    Subphase: Concurrent Mark                            3351.875 / 3487.629   2062.948 / 4300.528   2062.948 / 4300.528   2062.948 / 4300.528    ms
[2026-04-11T14:14:59.700+0530][150.520s][info][gc,stats    ]    Subphase: Concurrent Mark Try Flush                     0.176 / 0.878         0.178 / 0.878         0.178 / 0.878         0.178 / 0.878       ms
[2026-04-11T14:14:59.700+0530][150.520s][info][gc,stats    ]    Subphase: Concurrent Mark Try Terminate                12.589 / 19.626       11.514 / 19.626       11.514 / 19.626       11.514 / 19.626      ms
[2026-04-11T14:14:59.700+0530][150.521s][info][gc,stats    ]    Subphase: Concurrent References Enqueue                 0.000 / 0.001         0.002 / 0.015         0.002 / 0.015         0.002 / 0.015       ms
[2026-04-11T14:14:59.700+0530][150.521s][info][gc,stats    ]    Subphase: Concurrent References Process                 0.125 / 0.188         0.135 / 0.382         0.135 / 0.382         0.135 / 0.382       ms
[2026-04-11T14:14:59.700+0530][150.521s][info][gc,stats    ]    Subphase: Concurrent Roots ClassLoaderDataGraph         0.068 / 0.163         0.092 / 0.499         0.092 / 0.499         0.092 / 0.499       ms
[2026-04-11T14:14:59.700+0530][150.521s][info][gc,stats    ]    Subphase: Concurrent Roots CodeCache                    0.000 / 0.000         0.000 / 0.000         0.000 / 0.000         0.000 / 0.000       ms
[2026-04-11T14:14:59.700+0530][150.521s][info][gc,stats    ]    Subphase: Concurrent Roots JavaThreads                  0.325 / 0.455         0.390 / 1.042         0.390 / 1.042         0.390 / 1.042       ms
[2026-04-11T14:14:59.700+0530][150.521s][info][gc,stats    ]    Subphase: Concurrent Roots OopStorageSet                0.017 / 0.025         0.031 / 0.182         0.031 / 0.182         0.031 / 0.182       ms
[2026-04-11T14:14:59.700+0530][150.521s][info][gc,stats    ]    Subphase: Concurrent Weak Roots OopStorageSet           0.161 / 0.196         0.232 / 0.613         0.232 / 0.613         0.232 / 0.613       ms
[2026-04-11T14:14:59.700+0530][150.521s][info][gc,stats    ]    Subphase: Pause Mark Try Complete                       0.000 / 0.000         0.000 / 0.000         0.000 / 0.000         0.000 / 0.000       ms
[2026-04-11T14:14:59.700+0530][150.521s][info][gc,stats    ]      System: Java Threads                                     18 / 18               18 / 20               18 / 20               18 / 20          threads
[2026-04-11T14:14:59.702+0530][150.521s][info][gc,stats    ] =========================================================================================================================================================
[2026-04-11T14:15:01.408+0530][152.227s][info][gc,phases   ] GC(27) Concurrent Mark 3403.858ms
[2026-04-11T14:15:01.408+0530][152.227s][info][gc,phases   ] GC(27) Pause Mark End 0.023ms
[2026-04-11T14:15:01.408+0530][152.227s][info][gc,phases   ] GC(27) Concurrent Mark Free 0.001ms
[2026-04-11T14:15:01.410+0530][152.230s][info][gc,phases   ] GC(27) Concurrent Process Non-Strong References 2.131ms
[2026-04-11T14:15:01.410+0530][152.230s][info][gc,phases   ] GC(27) Concurrent Reset Relocation Set 0.066ms
[2026-04-11T14:15:01.415+0530][152.234s][info][gc,phases   ] GC(27) Concurrent Select Relocation Set 3.900ms
[2026-04-11T14:15:01.415+0530][152.234s][info][gc,phases   ] GC(27) Pause Relocate Start 0.011ms
[2026-04-11T14:15:01.441+0530][152.260s][info][gc,phases   ] GC(27) Concurrent Relocate 25.800ms
[2026-04-11T14:15:01.441+0530][152.260s][info][gc,load     ] GC(27) Load: 0.00/0.00/0.00
[2026-04-11T14:15:01.441+0530][152.260s][info][gc,mmu      ] GC(27) MMU: 2ms/96.4%, 5ms/98.6%, 10ms/99.3%, 20ms/99.6%, 50ms/99.9%, 100ms/99.9%
[2026-04-11T14:15:01.441+0530][152.260s][info][gc,marking  ] GC(27) Mark: 2 stripe(s), 2 proactive flush(es), 1 terminate flush(es), 0 completion(s), 0 continuation(s) 
[2026-04-11T14:15:01.441+0530][152.260s][info][gc,marking  ] GC(27) Mark Stack Usage: 32M
[2026-04-11T14:15:01.441+0530][152.260s][info][gc,nmethod  ] GC(27) NMethods: 1499 registered, 508 unregistered
[2026-04-11T14:15:01.441+0530][152.260s][info][gc,metaspace] GC(27) Metaspace: 6M used, 6M committed, 1088M reserved
[2026-04-11T14:15:01.441+0530][152.260s][info][gc,ref      ] GC(27) Soft: 161 encountered, 0 discovered, 0 enqueued
[2026-04-11T14:15:01.441+0530][152.260s][info][gc,ref      ] GC(27) Weak: 595 encountered, 182 discovered, 0 enqueued
[2026-04-11T14:15:01.441+0530][152.260s][info][gc,ref      ] GC(27) Final: 0 encountered, 0 discovered, 0 enqueued
[2026-04-11T14:15:01.441+0530][152.260s][info][gc,ref      ] GC(27) Phantom: 136 encountered, 56 discovered, 0 enqueued
[2026-04-11T14:15:01.441+0530][152.260s][info][gc,reloc    ] GC(27) Small Pages: 2226 / 4452M, Empty: 566M, Relocated: 52M, In-Place: 0
[2026-04-11T14:15:01.441+0530][152.260s][info][gc,reloc    ] GC(27) Medium Pages: 1 / 32M, Empty: 0M, Relocated: 0M, In-Place: 0
[2026-04-11T14:15:01.441+0530][152.260s][info][gc,reloc    ] GC(27) Large Pages: 4 / 520M, Empty: 0M, Relocated: 0M, In-Place: 0
[2026-04-11T14:15:01.441+0530][152.260s][info][gc,reloc    ] GC(27) Forwarding Usage: 11M
[2026-04-11T14:15:01.441+0530][152.260s][info][gc,heap     ] GC(27) Min Capacity: 4096M(50%)
[2026-04-11T14:15:01.441+0530][152.260s][info][gc,heap     ] GC(27) Max Capacity: 8192M(100%)
[2026-04-11T14:15:01.441+0530][152.260s][info][gc,heap     ] GC(27) Soft Max Capacity: 8192M(100%)
[2026-04-11T14:15:01.441+0530][152.260s][info][gc,heap     ] GC(27)                Mark Start          Mark End        Relocate Start      Relocate End           High               Low         
[2026-04-11T14:15:01.441+0530][152.261s][info][gc,heap     ] GC(27)  Capacity:     8192M (100%)       8192M (100%)       8192M (100%)       8192M (100%)       8192M (100%)       8192M (100%)   
[2026-04-11T14:15:01.441+0530][152.261s][info][gc,heap     ] GC(27)      Free:     3188M (39%)        1072M (13%)        1636M (20%)        3644M (44%)        3646M (45%)        1070M (13%)    
[2026-04-11T14:15:01.441+0530][152.261s][info][gc,heap     ] GC(27)      Used:     5004M (61%)        7120M (87%)        6556M (80%)        4548M (56%)        7122M (87%)        4546M (55%)    
[2026-04-11T14:15:01.441+0530][152.261s][info][gc,heap     ] GC(27)      Live:         -              2349M (29%)        2349M (29%)        2349M (29%)            -                  -          
[2026-04-11T14:15:01.441+0530][152.261s][info][gc,heap     ] GC(27) Allocated:         -              2116M (26%)        2118M (26%)        2129M (26%)            -                  -          
[2026-04-11T14:15:01.441+0530][152.261s][info][gc,heap     ] GC(27)   Garbage:         -              2654M (32%)        2088M (25%)          69M (1%)             -                  -          
[2026-04-11T14:15:01.441+0530][152.261s][info][gc,heap     ] GC(27) Reclaimed:         -                  -               566M (7%)         2585M (32%)            -                  -          
[2026-04-11T14:15:01.441+0530][152.261s][info][gc          ] GC(27) Garbage Collection (Allocation Rate) 5004M(61%)->4548M(56%)
[2026-04-11T14:15:02.109+0530][152.928s][info][gc,start    ] GC(28) Garbage Collection (Allocation Rate)
[2026-04-11T14:15:02.109+0530][152.928s][info][gc,task     ] GC(28) Using 3 workers
[2026-04-11T14:15:02.109+0530][152.928s][info][gc,phases   ] GC(28) Pause Mark Start 0.009ms
[2026-04-11T14:15:05.554+0530][156.373s][info][gc,phases   ] GC(28) Concurrent Mark 3444.856ms
[2026-04-11T14:15:05.554+0530][156.374s][info][gc,phases   ] GC(28) Pause Mark End 0.019ms
[2026-04-11T14:15:05.554+0530][156.374s][info][gc,phases   ] GC(28) Concurrent Mark Free 0.002ms
[2026-04-11T14:15:05.556+0530][156.376s][info][gc,phases   ] GC(28) Concurrent Process Non-Strong References 1.800ms
[2026-04-11T14:15:05.556+0530][156.376s][info][gc,phases   ] GC(28) Concurrent Reset Relocation Set 0.065ms
[2026-04-11T14:15:05.563+0530][156.382s][info][gc,phases   ] GC(28) Concurrent Select Relocation Set 6.136ms
[2026-04-11T14:15:05.563+0530][156.382s][info][gc,phases   ] GC(28) Pause Relocate Start 0.012ms
[2026-04-11T14:15:05.604+0530][156.423s][info][gc,phases   ] GC(28) Concurrent Relocate 40.162ms
[2026-04-11T14:15:05.604+0530][156.423s][info][gc,load     ] GC(28) Load: 0.00/0.00/0.00
[2026-04-11T14:15:05.604+0530][156.423s][info][gc,mmu      ] GC(28) MMU: 2ms/96.4%, 5ms/98.6%, 10ms/99.3%, 20ms/99.6%, 50ms/99.9%, 100ms/99.9%
[2026-04-11T14:15:05.604+0530][156.423s][info][gc,marking  ] GC(28) Mark: 2 stripe(s), 3 proactive flush(es), 1 terminate flush(es), 0 completion(s), 0 continuation(s) 
[2026-04-11T14:15:05.604+0530][156.423s][info][gc,marking  ] GC(28) Mark Stack Usage: 32M
[2026-04-11T14:15:05.604+0530][156.423s][info][gc,nmethod  ] GC(28) NMethods: 1499 registered, 508 unregistered
[2026-04-11T14:15:05.604+0530][156.423s][info][gc,metaspace] GC(28) Metaspace: 6M used, 6M committed, 1088M reserved
[2026-04-11T14:15:05.604+0530][156.423s][info][gc,ref      ] GC(28) Soft: 161 encountered, 0 discovered, 0 enqueued
[2026-04-11T14:15:05.604+0530][156.423s][info][gc,ref      ] GC(28) Weak: 595 encountered, 154 discovered, 0 enqueued
[2026-04-11T14:15:05.604+0530][156.423s][info][gc,ref      ] GC(28) Final: 0 encountered, 0 discovered, 0 enqueued
[2026-04-11T14:15:05.604+0530][156.423s][info][gc,ref      ] GC(28) Phantom: 136 encountered, 66 discovered, 0 enqueued
[2026-04-11T14:15:05.604+0530][156.423s][info][gc,reloc    ] GC(28) Small Pages: 2265 / 4530M, Empty: 610M, Relocated: 31M, In-Place: 0
[2026-04-11T14:15:05.604+0530][156.423s][info][gc,reloc    ] GC(28) Medium Pages: 1 / 32M, Empty: 0M, Relocated: 0M, In-Place: 0
[2026-04-11T14:15:05.604+0530][156.423s][info][gc,reloc    ] GC(28) Large Pages: 4 / 520M, Empty: 0M, Relocated: 0M, In-Place: 0
[2026-04-11T14:15:05.604+0530][156.423s][info][gc,reloc    ] GC(28) Forwarding Usage: 7M
[2026-04-11T14:15:05.604+0530][156.423s][info][gc,heap     ] GC(28) Min Capacity: 4096M(50%)
[2026-04-11T14:15:05.604+0530][156.423s][info][gc,heap     ] GC(28) Max Capacity: 8192M(100%)
[2026-04-11T14:15:05.604+0530][156.423s][info][gc,heap     ] GC(28) Soft Max Capacity: 8192M(100%)
[2026-04-11T14:15:05.604+0530][156.423s][info][gc,heap     ] GC(28)                Mark Start          Mark End        Relocate Start      Relocate End           High               Low         
[2026-04-11T14:15:05.604+0530][156.423s][info][gc,heap     ] GC(28)  Capacity:     8192M (100%)       8192M (100%)       8192M (100%)       8192M (100%)       8192M (100%)       8192M (100%)   
[2026-04-11T14:15:05.604+0530][156.423s][info][gc,heap     ] GC(28)      Free:     3110M (38%)        1064M (13%)        1668M (20%)        3670M (45%)        3672M (45%)        1062M (13%)    
[2026-04-11T14:15:05.605+0530][156.423s][info][gc,heap     ] GC(28)      Used:     5082M (62%)        7128M (87%)        6524M (80%)        4522M (55%)        7130M (87%)        4520M (55%)    
[2026-04-11T14:15:05.605+0530][156.423s][info][gc,heap     ] GC(28)      Live:         -              2375M (29%)        2375M (29%)        2375M (29%)            -                  -          
[2026-04-11T14:15:05.605+0530][156.423s][info][gc,heap     ] GC(28) Allocated:         -              2046M (25%)        2052M (25%)        2073M (25%)            -                  -          
[2026-04-11T14:15:05.605+0530][156.423s][info][gc,heap     ] GC(28)   Garbage:         -              2706M (33%)        2096M (26%)          73M (1%)             -                  -          
[2026-04-11T14:15:05.605+0530][156.424s][info][gc,heap     ] GC(28) Reclaimed:         -                  -               610M (7%)         2633M (32%)            -                  -          
[2026-04-11T14:15:05.605+0530][156.424s][info][gc          ] GC(28) Garbage Collection (Allocation Rate) 5082M(62%)->4522M(55%)
[2026-04-11T14:15:06.304+0530][157.123s][info][gc,start    ] GC(29) Garbage Collection (Allocation Rate)
[2026-04-11T14:15:06.304+0530][157.123s][info][gc,task     ] GC(29) Using 3 workers
[2026-04-11T14:15:06.304+0530][157.123s][info][gc,phases   ] GC(29) Pause Mark Start 0.013ms
[2026-04-11T14:15:09.628+0530][160.447s][info][gc,phases   ] GC(29) Concurrent Mark 3322.981ms
[2026-04-11T14:15:09.628+0530][160.447s][info][gc,phases   ] GC(29) Pause Mark End 0.020ms
[2026-04-11T14:15:09.628+0530][160.447s][info][gc,phases   ] GC(29) Concurrent Mark Free 0.001ms
[2026-04-11T14:15:09.630+0530][160.449s][info][gc,phases   ] GC(29) Concurrent Process Non-Strong References 1.757ms
[2026-04-11T14:15:09.630+0530][160.449s][info][gc,phases   ] GC(29) Concurrent Reset Relocation Set 0.058ms
[2026-04-11T14:15:09.640+0530][160.460s][info][gc,phases   ] GC(29) Concurrent Select Relocation Set 10.469ms
[2026-04-11T14:15:09.641+0530][160.460s][info][gc,phases   ] GC(29) Pause Relocate Start 0.013ms
[2026-04-11T14:15:09.680+0530][160.499s][info][gc,phases   ] GC(29) Concurrent Relocate 39.261ms
[2026-04-11T14:15:09.680+0530][160.499s][info][gc,load     ] GC(29) Load: 0.00/0.00/0.00
[2026-04-11T14:15:09.680+0530][160.499s][info][gc,mmu      ] GC(29) MMU: 2ms/96.4%, 5ms/98.6%, 10ms/99.3%, 20ms/99.6%, 50ms/99.9%, 100ms/99.9%
[2026-04-11T14:15:09.680+0530][160.500s][info][gc,marking  ] GC(29) Mark: 2 stripe(s), 10 proactive flush(es), 1 terminate flush(es), 0 completion(s), 0 continuation(s) 
[2026-04-11T14:15:09.680+0530][160.500s][info][gc,marking  ] GC(29) Mark Stack Usage: 32M
[2026-04-11T14:15:09.680+0530][160.500s][info][gc,nmethod  ] GC(29) NMethods: 1502 registered, 508 unregistered
[2026-04-11T14:15:09.680+0530][160.500s][info][gc,metaspace] GC(29) Metaspace: 6M used, 6M committed, 1088M reserved
[2026-04-11T14:15:09.680+0530][160.500s][info][gc,ref      ] GC(29) Soft: 161 encountered, 0 discovered, 0 enqueued
[2026-04-11T14:15:09.680+0530][160.500s][info][gc,ref      ] GC(29) Weak: 595 encountered, 38 discovered, 0 enqueued
[2026-04-11T14:15:09.680+0530][160.500s][info][gc,ref      ] GC(29) Final: 0 encountered, 0 discovered, 0 enqueued
[2026-04-11T14:15:09.680+0530][160.500s][info][gc,ref      ] GC(29) Phantom: 136 encountered, 56 discovered, 0 enqueued
[2026-04-11T14:15:09.680+0530][160.500s][info][gc,reloc    ] GC(29) Small Pages: 2249 / 4498M, Empty: 596M, Relocated: 34M, In-Place: 0
[2026-04-11T14:15:09.680+0530][160.500s][info][gc,reloc    ] GC(29) Medium Pages: 1 / 32M, Empty: 0M, Relocated: 0M, In-Place: 0
[2026-04-11T14:15:09.680+0530][160.500s][info][gc,reloc    ] GC(29) Large Pages: 4 / 520M, Empty: 0M, Relocated: 0M, In-Place: 0
[2026-04-11T14:15:09.680+0530][160.500s][info][gc,reloc    ] GC(29) Forwarding Usage: 7M
[2026-04-11T14:15:09.680+0530][160.500s][info][gc,heap     ] GC(29) Min Capacity: 4096M(50%)
[2026-04-11T14:15:09.680+0530][160.500s][info][gc,heap     ] GC(29) Max Capacity: 8192M(100%)
[2026-04-11T14:15:09.680+0530][160.500s][info][gc,heap     ] GC(29) Soft Max Capacity: 8192M(100%)
[2026-04-11T14:15:09.680+0530][160.500s][info][gc,heap     ] GC(29)                Mark Start          Mark End        Relocate Start      Relocate End           High               Low         
[2026-04-11T14:15:09.680+0530][160.500s][info][gc,heap     ] GC(29)  Capacity:     8192M (100%)       8192M (100%)       8192M (100%)       8192M (100%)       8192M (100%)       8192M (100%)   
[2026-04-11T14:15:09.680+0530][160.500s][info][gc,heap     ] GC(29)      Free:     3142M (38%)        1032M (13%)        1622M (20%)        3588M (44%)        3590M (44%)        1030M (13%)    
[2026-04-11T14:15:09.680+0530][160.500s][info][gc,heap     ] GC(29)      Used:     5050M (62%)        7160M (87%)        6570M (80%)        4604M (56%)        7162M (87%)        4602M (56%)    
[2026-04-11T14:15:09.681+0530][160.500s][info][gc,heap     ] GC(29)      Live:         -              2395M (29%)        2395M (29%)        2395M (29%)            -                  -          
[2026-04-11T14:15:09.681+0530][160.500s][info][gc,heap     ] GC(29) Allocated:         -              2110M (26%)        2116M (26%)        2139M (26%)            -                  -          
[2026-04-11T14:15:09.681+0530][160.500s][info][gc,heap     ] GC(29)   Garbage:         -              2654M (32%)        2058M (25%)          68M (1%)             -                  -          
[2026-04-11T14:15:09.681+0530][160.500s][info][gc,heap     ] GC(29) Reclaimed:         -                  -               596M (7%)         2585M (32%)            -                  -          
[2026-04-11T14:15:09.681+0530][160.500s][info][gc          ] GC(29) Garbage Collection (Allocation Rate) 5050M(62%)->4604M(56%)
[2026-04-11T14:15:09.705+0530][160.524s][info][gc,stats    ] === Garbage Collection Statistics =======================================================================================================================
[2026-04-11T14:15:09.705+0530][160.524s][info][gc,stats    ]                                                              Last 10s              Last 10m              Last 10h                Total
[2026-04-11T14:15:09.705+0530][160.524s][info][gc,stats    ]                                                              Avg / Max             Avg / Max             Avg / Max             Avg / Max
[2026-04-11T14:15:09.705+0530][160.524s][info][gc,stats    ]   Collector: Garbage Collection Cycle                   3436.315 / 3494.640   2329.698 / 4618.033   2329.698 / 4618.033   2329.698 / 4618.033    ms
[2026-04-11T14:15:09.705+0530][160.524s][info][gc,stats    ]  Contention: Mark Segment Reset Contention                     0 / 4                 0 / 7                 0 / 7                 0 / 7           ops/s
[2026-04-11T14:15:09.705+0530][160.524s][info][gc,stats    ]  Contention: Mark SeqNum Reset Contention                      0 / 1                 0 / 2                 0 / 2                 0 / 2           ops/s
[2026-04-11T14:15:09.705+0530][160.524s][info][gc,stats    ]    Critical: Allocation Stall                                  0 / 0                 0 / 2                 0 / 2                 0 / 2           ops/s
[2026-04-11T14:15:09.705+0530][160.524s][info][gc,stats    ]    Critical: Allocation Stall                              0.000 / 0.000      3147.256 / 3147.636   3147.256 / 3147.636   3147.256 / 3147.636    ms
[2026-04-11T14:15:09.705+0530][160.525s][info][gc,stats    ]    Critical: GC Locker Stall                                   0 / 0                 0 / 0                 0 / 0                 0 / 0           ops/s
[2026-04-11T14:15:09.705+0530][160.525s][info][gc,stats    ]    Critical: GC Locker Stall                               0.000 / 0.000         0.000 / 0.000         0.000 / 0.000         0.000 / 0.000       ms
[2026-04-11T14:15:09.705+0530][160.525s][info][gc,stats    ]    Critical: Relocation Stall                                  0 / 0                 0 / 0                 0 / 0                 0 / 0           ops/s
[2026-04-11T14:15:09.705+0530][160.525s][info][gc,stats    ]    Critical: Relocation Stall                              0.000 / 0.000         0.000 / 0.000         0.000 / 0.000         0.000 / 0.000       ms
[2026-04-11T14:15:09.705+0530][160.525s][info][gc,stats    ]      Memory: Allocation Rate                                 631 / 736             636 / 972             636 / 972             636 / 972         MB/s
[2026-04-11T14:15:09.705+0530][160.525s][info][gc,stats    ]      Memory: Defragment                                        0 / 0                 0 / 1                 0 / 1                 0 / 1           ops/s
[2026-04-11T14:15:09.705+0530][160.525s][info][gc,stats    ]      Memory: Out Of Memory                                     0 / 0                 0 / 0                 0 / 0                 0 / 0           ops/s
[2026-04-11T14:15:09.705+0530][160.525s][info][gc,stats    ]      Memory: Page Cache Flush                                  0 / 0                 6 / 262               6 / 262               6 / 262         MB/s
[2026-04-11T14:15:09.705+0530][160.525s][info][gc,stats    ]      Memory: Page Cache Hit L1                               322 / 368             295 / 485             295 / 485             295 / 485         ops/s
[2026-04-11T14:15:09.705+0530][160.525s][info][gc,stats    ]      Memory: Page Cache Hit L2                                 0 / 0                 0 / 0                 0 / 0                 0 / 0           ops/s
[2026-04-11T14:15:09.705+0530][160.525s][info][gc,stats    ]      Memory: Page Cache Hit L3                                 0 / 0                13 / 401              13 / 401              13 / 401         ops/s
[2026-04-11T14:15:09.705+0530][160.525s][info][gc,stats    ]      Memory: Page Cache Miss                                   0 / 0                13 / 252              13 / 252              13 / 252         ops/s
[2026-04-11T14:15:09.705+0530][160.525s][info][gc,stats    ]      Memory: Uncommit                                          0 / 0                 0 / 0                 0 / 0                 0 / 0           MB/s
[2026-04-11T14:15:09.705+0530][160.525s][info][gc,stats    ]      Memory: Undo Object Allocation Failed                     0 / 0                 0 / 1                 0 / 1                 0 / 1           ops/s
[2026-04-11T14:15:09.705+0530][160.525s][info][gc,stats    ]      Memory: Undo Object Allocation Succeeded                  0 / 2                 0 / 8                 0 / 8                 0 / 8           ops/s
[2026-04-11T14:15:09.705+0530][160.525s][info][gc,stats    ]      Memory: Undo Page Allocation                              0 / 0                 0 / 1                 0 / 1                 0 / 1           ops/s
[2026-04-11T14:15:09.705+0530][160.525s][info][gc,stats    ]       Phase: Concurrent Mark                            3390.565 / 3444.856   2251.010 / 4302.047   2251.010 / 4302.047   2251.010 / 4302.047    ms
[2026-04-11T14:15:09.705+0530][160.525s][info][gc,stats    ]       Phase: Concurrent Mark Continue                      0.000 / 0.000         0.000 / 0.000         0.000 / 0.000         0.000 / 0.000       ms
[2026-04-11T14:15:09.705+0530][160.525s][info][gc,stats    ]       Phase: Concurrent Mark Free                          0.001 / 0.002         0.002 / 0.025         0.002 / 0.025         0.002 / 0.025       ms
[2026-04-11T14:15:09.705+0530][160.525s][info][gc,stats    ]       Phase: Concurrent Process Non-Strong References      1.896 / 2.131         3.367 / 37.015        3.367 / 37.015        3.367 / 37.015      ms
[2026-04-11T14:15:09.705+0530][160.525s][info][gc,stats    ]       Phase: Concurrent Relocate                          35.074 / 40.162       60.452 / 289.683      60.452 / 289.683      60.452 / 289.683     ms
[2026-04-11T14:15:09.705+0530][160.525s][info][gc,stats    ]       Phase: Concurrent Reset Relocation Set               0.063 / 0.066         0.074 / 0.149         0.074 / 0.149         0.074 / 0.149       ms
[2026-04-11T14:15:09.705+0530][160.525s][info][gc,stats    ]       Phase: Concurrent Select Relocation Set              6.835 / 10.469       12.886 / 33.837       12.886 / 33.837       12.886 / 33.837      ms
[2026-04-11T14:15:09.705+0530][160.525s][info][gc,stats    ]       Phase: Pause Mark End                                0.021 / 0.023         0.022 / 0.037         0.022 / 0.037         0.022 / 0.037       ms
[2026-04-11T14:15:09.706+0530][160.525s][info][gc,stats    ]       Phase: Pause Mark Start                              0.011 / 0.013         0.016 / 0.071         0.016 / 0.071         0.016 / 0.071       ms
[2026-04-11T14:15:09.706+0530][160.525s][info][gc,stats    ]       Phase: Pause Relocate Start                          0.012 / 0.013         0.015 / 0.053         0.015 / 0.053         0.015 / 0.053       ms
[2026-04-11T14:15:09.706+0530][160.525s][info][gc,stats    ]    Subphase: Concurrent Classes Purge                      0.040 / 0.090         0.082 / 0.807         0.082 / 0.807         0.082 / 0.807       ms
[2026-04-11T14:15:09.706+0530][160.525s][info][gc,stats    ]    Subphase: Concurrent Classes Unlink                     1.261 / 1.296         2.608 / 36.057        2.608 / 36.057        2.608 / 36.057      ms
[2026-04-11T14:15:09.706+0530][160.525s][info][gc,stats    ]    Subphase: Concurrent Mark                            3389.145 / 3444.048   2208.506 / 4300.528   2208.506 / 4300.528   2208.506 / 4300.528    ms
[2026-04-11T14:15:09.706+0530][160.525s][info][gc,stats    ]    Subphase: Concurrent Mark Try Flush                     0.161 / 0.374         0.177 / 0.878         0.177 / 0.878         0.177 / 0.878       ms
[2026-04-11T14:15:09.706+0530][160.525s][info][gc,stats    ]    Subphase: Concurrent Mark Try Terminate                13.275 / 16.740       11.737 / 19.626       11.737 / 19.626       11.737 / 19.626      ms
[2026-04-11T14:15:09.706+0530][160.525s][info][gc,stats    ]    Subphase: Concurrent References Enqueue                 0.000 / 0.001         0.002 / 0.015         0.002 / 0.015         0.002 / 0.015       ms
[2026-04-11T14:15:09.706+0530][160.525s][info][gc,stats    ]    Subphase: Concurrent References Process                 0.148 / 0.220         0.136 / 0.382         0.136 / 0.382         0.136 / 0.382       ms
[2026-04-11T14:15:09.706+0530][160.525s][info][gc,stats    ]    Subphase: Concurrent Roots ClassLoaderDataGraph         0.079 / 0.194         0.091 / 0.499         0.091 / 0.499         0.091 / 0.499       ms
[2026-04-11T14:15:09.706+0530][160.525s][info][gc,stats    ]    Subphase: Concurrent Roots CodeCache                    0.000 / 0.000         0.000 / 0.000         0.000 / 0.000         0.000 / 0.000       ms
[2026-04-11T14:15:09.706+0530][160.525s][info][gc,stats    ]    Subphase: Concurrent Roots JavaThreads                  0.298 / 0.427         0.383 / 1.042         0.383 / 1.042         0.383 / 1.042       ms
[2026-04-11T14:15:09.706+0530][160.525s][info][gc,stats    ]    Subphase: Concurrent Roots OopStorageSet                0.020 / 0.032         0.030 / 0.182         0.030 / 0.182         0.030 / 0.182       ms
[2026-04-11T14:15:09.706+0530][160.525s][info][gc,stats    ]    Subphase: Concurrent Weak Roots OopStorageSet           0.181 / 0.214         0.226 / 0.613         0.226 / 0.613         0.226 / 0.613       ms
[2026-04-11T14:15:09.706+0530][160.526s][info][gc,stats    ]    Subphase: Pause Mark Try Complete                       0.000 / 0.000         0.000 / 0.000         0.000 / 0.000         0.000 / 0.000       ms
[2026-04-11T14:15:09.706+0530][160.526s][info][gc,stats    ]      System: Java Threads                                     18 / 18               18 / 20               18 / 20               18 / 20          threads
[2026-04-11T14:15:09.706+0530][160.526s][info][gc,stats    ] =========================================================================================================================================================
[2026-04-11T14:15:10.706+0530][161.525s][info][gc,start    ] GC(30) Garbage Collection (Allocation Rate)
[2026-04-11T14:15:10.706+0530][161.525s][info][gc,task     ] GC(30) Using 3 workers
[2026-04-11T14:15:10.706+0530][161.526s][info][gc,phases   ] GC(30) Pause Mark Start 0.036ms
[2026-04-11T14:15:14.712+0530][165.531s][info][gc,phases   ] GC(30) Concurrent Mark 4005.211ms
[2026-04-11T14:15:14.712+0530][165.532s][info][gc,phases   ] GC(30) Pause Mark End 0.023ms
[2026-04-11T14:15:14.712+0530][165.532s][info][gc,phases   ] GC(30) Concurrent Mark Free 0.001ms
[2026-04-11T14:15:14.713+0530][165.534s][info][gc,phases   ] GC(30) Concurrent Process Non-Strong References 1.736ms
[2026-04-11T14:15:14.713+0530][165.534s][info][gc,phases   ] GC(30) Concurrent Reset Relocation Set 0.059ms
[2026-04-11T14:15:14.726+0530][165.545s][info][gc,phases   ] GC(30) Concurrent Select Relocation Set 11.122ms
[2026-04-11T14:15:14.726+0530][165.545s][info][gc,phases   ] GC(30) Pause Relocate Start 0.012ms
[2026-04-11T14:15:14.758+0530][165.579s][info][gc,phases   ] GC(30) Concurrent Relocate 33.190ms
[2026-04-11T14:15:14.760+0530][165.579s][info][gc,load     ] GC(30) Load: 0.00/0.00/0.00
[2026-04-11T14:15:14.760+0530][165.579s][info][gc,mmu      ] GC(30) MMU: 2ms/96.4%, 5ms/98.6%, 10ms/99.3%, 20ms/99.6%, 50ms/99.9%, 100ms/99.9%
[2026-04-11T14:15:14.760+0530][165.579s][info][gc,marking  ] GC(30) Mark: 2 stripe(s), 10 proactive flush(es), 2 terminate flush(es), 0 completion(s), 0 continuation(s) 
[2026-04-11T14:15:14.760+0530][165.579s][info][gc,marking  ] GC(30) Mark Stack Usage: 32M
[2026-04-11T14:15:14.760+0530][165.579s][info][gc,nmethod  ] GC(30) NMethods: 1502 registered, 510 unregistered
[2026-04-11T14:15:14.760+0530][165.579s][info][gc,metaspace] GC(30) Metaspace: 6M used, 6M committed, 1088M reserved
[2026-04-11T14:15:14.760+0530][165.579s][info][gc,ref      ] GC(30) Soft: 161 encountered, 0 discovered, 0 enqueued
[2026-04-11T14:15:14.760+0530][165.579s][info][gc,ref      ] GC(30) Weak: 595 encountered, 48 discovered, 0 enqueued
[2026-04-11T14:15:14.760+0530][165.579s][info][gc,ref      ] GC(30) Final: 0 encountered, 0 discovered, 0 enqueued
[2026-04-11T14:15:14.760+0530][165.579s][info][gc,ref      ] GC(30) Phantom: 136 encountered, 68 discovered, 0 enqueued
[2026-04-11T14:15:14.760+0530][165.579s][info][gc,reloc    ] GC(30) Small Pages: 2380 / 4760M, Empty: 638M, Relocated: 43M, In-Place: 0
[2026-04-11T14:15:14.760+0530][165.579s][info][gc,reloc    ] GC(30) Medium Pages: 1 / 32M, Empty: 0M, Relocated: 0M, In-Place: 0
[2026-04-11T14:15:14.760+0530][165.579s][info][gc,reloc    ] GC(30) Large Pages: 4 / 520M, Empty: 0M, Relocated: 0M, In-Place: 0
[2026-04-11T14:15:14.760+0530][165.579s][info][gc,reloc    ] GC(30) Forwarding Usage: 10M
[2026-04-11T14:15:14.760+0530][165.579s][info][gc,heap     ] GC(30) Min Capacity: 4096M(50%)
[2026-04-11T14:15:14.760+0530][165.579s][info][gc,heap     ] GC(30) Max Capacity: 8192M(100%)
[2026-04-11T14:15:14.760+0530][165.579s][info][gc,heap     ] GC(30) Soft Max Capacity: 8192M(100%)
[2026-04-11T14:15:14.760+0530][165.579s][info][gc,heap     ] GC(30)                Mark Start          Mark End        Relocate Start      Relocate End           High               Low         
[2026-04-11T14:15:14.760+0530][165.579s][info][gc,heap     ] GC(30)  Capacity:     8192M (100%)       8192M (100%)       8192M (100%)       8192M (100%)       8192M (100%)       8192M (100%)   
[2026-04-11T14:15:14.760+0530][165.579s][info][gc,heap     ] GC(30)      Free:     2880M (35%)         844M (10%)        1480M (18%)        3628M (44%)        3628M (44%)         844M (10%)    
[2026-04-11T14:15:14.760+0530][165.579s][info][gc,heap     ] GC(30)      Used:     5312M (65%)        7348M (90%)        6712M (82%)        4564M (56%)        7348M (90%)        4564M (56%)    
[2026-04-11T14:15:14.760+0530][165.579s][info][gc,heap     ] GC(30)      Live:         -              2432M (30%)        2432M (30%)        2432M (30%)            -                  -          
[2026-04-11T14:15:14.760+0530][165.579s][info][gc,heap     ] GC(30) Allocated:         -              2036M (25%)        2038M (25%)        2061M (25%)            -                  -          
[2026-04-11T14:15:14.760+0530][165.579s][info][gc,heap     ] GC(30)   Garbage:         -              2879M (35%)        2241M (27%)          70M (1%)             -                  -          
[2026-04-11T14:15:14.760+0530][165.579s][info][gc,heap     ] GC(30) Reclaimed:         -                  -               638M (8%)         2809M (34%)            -                  -          
[2026-04-11T14:15:14.760+0530][165.580s][info][gc          ] GC(30) Garbage Collection (Allocation Rate) 5312M(65%)->4564M(56%)
[2026-04-11T14:15:14.806+0530][165.625s][info][gc,start    ] GC(31) Garbage Collection (Allocation Rate)
[2026-04-11T14:15:14.806+0530][165.625s][info][gc,task     ] GC(31) Using 3 workers
[2026-04-11T14:15:14.806+0530][165.625s][info][gc,phases   ] GC(31) Pause Mark Start 0.013ms
[2026-04-11T14:15:18.497+0530][169.316s][info][gc,phases   ] GC(31) Concurrent Mark 3690.830ms
[2026-04-11T14:15:18.497+0530][169.316s][info][gc,phases   ] GC(31) Pause Mark End 0.022ms
[2026-04-11T14:15:18.498+0530][169.317s][info][gc,phases   ] GC(31) Concurrent Mark Free 0.001ms
[2026-04-11T14:15:18.499+0530][169.318s][info][gc,phases   ] GC(31) Concurrent Process Non-Strong References 1.842ms
[2026-04-11T14:15:18.499+0530][169.319s][info][gc,phases   ] GC(31) Concurrent Reset Relocation Set 0.060ms
[2026-04-11T14:15:18.504+0530][169.324s][info][gc,phases   ] GC(31) Concurrent Select Relocation Set 5.334ms
[2026-04-11T14:15:18.505+0530][169.324s][info][gc,phases   ] GC(31) Pause Relocate Start 0.014ms
[2026-04-11T14:15:18.547+0530][169.366s][info][gc,phases   ] GC(31) Concurrent Relocate 41.347ms
[2026-04-11T14:15:18.547+0530][169.366s][info][gc,load     ] GC(31) Load: 0.00/0.00/0.00
[2026-04-11T14:15:18.547+0530][169.366s][info][gc,mmu      ] GC(31) MMU: 2ms/96.4%, 5ms/98.6%, 10ms/99.3%, 20ms/99.6%, 50ms/99.9%, 100ms/99.9%
[2026-04-11T14:15:18.547+0530][169.366s][info][gc,marking  ] GC(31) Mark: 2 stripe(s), 3 proactive flush(es), 1 terminate flush(es), 0 completion(s), 0 continuation(s) 
[2026-04-11T14:15:18.547+0530][169.366s][info][gc,marking  ] GC(31) Mark Stack Usage: 32M
[2026-04-11T14:15:18.547+0530][169.366s][info][gc,nmethod  ] GC(31) NMethods: 1502 registered, 511 unregistered
[2026-04-11T14:15:18.547+0530][169.366s][info][gc,metaspace] GC(31) Metaspace: 6M used, 6M committed, 1088M reserved
[2026-04-11T14:15:18.547+0530][169.366s][info][gc,ref      ] GC(31) Soft: 161 encountered, 0 discovered, 0 enqueued
[2026-04-11T14:15:18.547+0530][169.366s][info][gc,ref      ] GC(31) Weak: 595 encountered, 30 discovered, 0 enqueued
[2026-04-11T14:15:18.547+0530][169.366s][info][gc,ref      ] GC(31) Final: 0 encountered, 0 discovered, 0 enqueued
[2026-04-11T14:15:18.547+0530][169.366s][info][gc,ref      ] GC(31) Phantom: 136 encountered, 69 discovered, 0 enqueued
[2026-04-11T14:15:18.547+0530][169.366s][info][gc,reloc    ] GC(31) Small Pages: 2022 / 4044M, Empty: 466M, Relocated: 33M, In-Place: 0
[2026-04-11T14:15:18.547+0530][169.366s][info][gc,reloc    ] GC(31) Medium Pages: 1 / 32M, Empty: 0M, Relocated: 0M, In-Place: 0
[2026-04-11T14:15:18.547+0530][169.366s][info][gc,reloc    ] GC(31) Large Pages: 4 / 520M, Empty: 0M, Relocated: 0M, In-Place: 0
[2026-04-11T14:15:18.547+0530][169.366s][info][gc,reloc    ] GC(31) Forwarding Usage: 7M
[2026-04-11T14:15:18.547+0530][169.366s][info][gc,heap     ] GC(31) Min Capacity: 4096M(50%)
[2026-04-11T14:15:18.547+0530][169.366s][info][gc,heap     ] GC(31) Max Capacity: 8192M(100%)
[2026-04-11T14:15:18.547+0530][169.366s][info][gc,heap     ] GC(31) Soft Max Capacity: 8192M(100%)
[2026-04-11T14:15:18.547+0530][169.366s][info][gc,heap     ] GC(31)                Mark Start          Mark End        Relocate Start      Relocate End           High               Low         
[2026-04-11T14:15:18.547+0530][169.366s][info][gc,heap     ] GC(31)  Capacity:     8192M (100%)       8192M (100%)       8192M (100%)       8192M (100%)       8192M (100%)       8192M (100%)   
[2026-04-11T14:15:18.547+0530][169.366s][info][gc,heap     ] GC(31)      Free:     3596M (44%)        1468M (18%)        1930M (24%)        3526M (43%)        3596M (44%)        1468M (18%)    
[2026-04-11T14:15:18.547+0530][169.366s][info][gc,heap     ] GC(31)      Used:     4596M (56%)        6724M (82%)        6262M (76%)        4666M (57%)        6724M (82%)        4596M (56%)    
[2026-04-11T14:15:18.547+0530][169.366s][info][gc,heap     ] GC(31)      Live:         -              2450M (30%)        2450M (30%)        2450M (30%)            -                  -          
[2026-04-11T14:15:18.547+0530][169.366s][info][gc,heap     ] GC(31) Allocated:         -              2128M (26%)        2132M (26%)        2147M (26%)            -                  -          
[2026-04-11T14:15:18.547+0530][169.366s][info][gc,heap     ] GC(31)   Garbage:         -              2145M (26%)        1679M (21%)          68M (1%)             -                  -          
[2026-04-11T14:15:18.547+0530][169.366s][info][gc,heap     ] GC(31) Reclaimed:         -                  -               466M (6%)         2077M (25%)            -                  -          
[2026-04-11T14:15:18.547+0530][169.366s][info][gc          ] GC(31) Garbage Collection (Allocation Rate) 4596M(56%)->4666M(57%)
[2026-04-11T14:15:18.904+0530][169.723s][info][gc,start    ] GC(32) Garbage Collection (Allocation Rate)
[2026-04-11T14:15:18.904+0530][169.723s][info][gc,task     ] GC(32) Using 3 workers
[2026-04-11T14:15:18.904+0530][169.723s][info][gc,phases   ] GC(32) Pause Mark Start 0.011ms
[2026-04-11T14:15:19.703+0530][170.522s][info][gc,stats    ] === Garbage Collection Statistics =======================================================================================================================
[2026-04-11T14:15:19.703+0530][170.522s][info][gc,stats    ]                                                              Last 10s              Last 10m              Last 10h                Total
[2026-04-11T14:15:19.703+0530][170.522s][info][gc,stats    ]                                                              Avg / Max             Avg / Max             Avg / Max             Avg / Max
[2026-04-11T14:15:19.703+0530][170.522s][info][gc,stats    ]   Collector: Garbage Collection Cycle                   3897.325 / 4053.391   2427.675 / 4618.033   2427.675 / 4618.033   2427.675 / 4618.033    ms
[2026-04-11T14:15:19.703+0530][170.522s][info][gc,stats    ]  Contention: Mark Segment Reset Contention                     2 / 15                0 / 15                0 / 15                0 / 15          ops/s
[2026-04-11T14:15:19.703+0530][170.522s][info][gc,stats    ]  Contention: Mark SeqNum Reset Contention                      0 / 0                 0 / 2                 0 / 2                 0 / 2           ops/s
[2026-04-11T14:15:19.703+0530][170.522s][info][gc,stats    ]    Critical: Allocation Stall                                  0 / 0                 0 / 2                 0 / 2                 0 / 2           ops/s
[2026-04-11T14:15:19.703+0530][170.522s][info][gc,stats    ]    Critical: Allocation Stall                              0.000 / 0.000      3147.256 / 3147.636   3147.256 / 3147.636   3147.256 / 3147.636    ms
[2026-04-11T14:15:19.703+0530][170.522s][info][gc,stats    ]    Critical: GC Locker Stall                                   0 / 0                 0 / 0                 0 / 0                 0 / 0           ops/s
[2026-04-11T14:15:19.703+0530][170.522s][info][gc,stats    ]    Critical: GC Locker Stall                               0.000 / 0.000         0.000 / 0.000         0.000 / 0.000         0.000 / 0.000       ms
[2026-04-11T14:15:19.703+0530][170.522s][info][gc,stats    ]    Critical: Relocation Stall                                  0 / 0                 0 / 0                 0 / 0                 0 / 0           ops/s
[2026-04-11T14:15:19.703+0530][170.522s][info][gc,stats    ]    Critical: Relocation Stall                              0.000 / 0.000         0.000 / 0.000         0.000 / 0.000         0.000 / 0.000       ms
[2026-04-11T14:15:19.703+0530][170.522s][info][gc,stats    ]      Memory: Allocation Rate                                 563 / 694             631 / 972             631 / 972             631 / 972         MB/s
[2026-04-11T14:15:19.703+0530][170.522s][info][gc,stats    ]      Memory: Defragment                                        0 / 0                 0 / 1                 0 / 1                 0 / 1           ops/s
[2026-04-11T14:15:19.703+0530][170.522s][info][gc,stats    ]      Memory: Out Of Memory                                     0 / 0                 0 / 0                 0 / 0                 0 / 0           ops/s
[2026-04-11T14:15:19.704+0530][170.522s][info][gc,stats    ]      Memory: Page Cache Flush                                  0 / 0                 6 / 262               6 / 262               6 / 262         MB/s
[2026-04-11T14:15:19.704+0530][170.522s][info][gc,stats    ]      Memory: Page Cache Hit L1                               285 / 347             295 / 485             295 / 485             295 / 485         ops/s
[2026-04-11T14:15:19.704+0530][170.522s][info][gc,stats    ]      Memory: Page Cache Hit L2                                 0 / 0                 0 / 0                 0 / 0                 0 / 0           ops/s
[2026-04-11T14:15:19.704+0530][170.522s][info][gc,stats    ]      Memory: Page Cache Hit L3                                 0 / 0                12 / 401              12 / 401              12 / 401         ops/s
[2026-04-11T14:15:19.704+0530][170.522s][info][gc,stats    ]      Memory: Page Cache Miss                                   0 / 0                12 / 252              12 / 252              12 / 252         ops/s
[2026-04-11T14:15:19.704+0530][170.523s][info][gc,stats    ]      Memory: Uncommit                                          0 / 0                 0 / 0                 0 / 0                 0 / 0           MB/s
[2026-04-11T14:15:19.704+0530][170.523s][info][gc,stats    ]      Memory: Undo Object Allocation Failed                     0 / 0                 0 / 1                 0 / 1                 0 / 1           ops/s
[2026-04-11T14:15:19.704+0530][170.523s][info][gc,stats    ]      Memory: Undo Object Allocation Succeeded                  0 / 2                 0 / 8                 0 / 8                 0 / 8           ops/s
[2026-04-11T14:15:19.704+0530][170.523s][info][gc,stats    ]      Memory: Undo Page Allocation                              0 / 0                 0 / 1                 0 / 1                 0 / 1           ops/s
[2026-04-11T14:15:19.704+0530][170.523s][info][gc,stats    ]       Phase: Concurrent Mark                            3848.021 / 4005.211   2350.823 / 4302.047   2350.823 / 4302.047   2350.823 / 4302.047    ms
[2026-04-11T14:15:19.704+0530][170.523s][info][gc,stats    ]       Phase: Concurrent Mark Continue                      0.000 / 0.000         0.000 / 0.000         0.000 / 0.000         0.000 / 0.000       ms
[2026-04-11T14:15:19.704+0530][170.523s][info][gc,stats    ]       Phase: Concurrent Mark Free                          0.001 / 0.001         0.002 / 0.025         0.002 / 0.025         0.002 / 0.025       ms
[2026-04-11T14:15:19.704+0530][170.523s][info][gc,stats    ]       Phase: Concurrent Process Non-Strong References      1.789 / 1.842         3.268 / 37.015        3.268 / 37.015        3.268 / 37.015      ms
[2026-04-11T14:15:19.704+0530][170.523s][info][gc,stats    ]       Phase: Concurrent Relocate                          37.268 / 41.347       59.003 / 289.683      59.003 / 289.683      59.003 / 289.683     ms
[2026-04-11T14:15:19.704+0530][170.523s][info][gc,stats    ]       Phase: Concurrent Reset Relocation Set               0.060 / 0.060         0.073 / 0.149         0.073 / 0.149         0.073 / 0.149       ms
[2026-04-11T14:15:19.704+0530][170.523s][info][gc,stats    ]       Phase: Concurrent Select Relocation Set              8.228 / 11.122       12.595 / 33.837       12.595 / 33.837       12.595 / 33.837      ms
[2026-04-11T14:15:19.704+0530][170.523s][info][gc,stats    ]       Phase: Pause Mark End                                0.023 / 0.023         0.022 / 0.037         0.022 / 0.037         0.022 / 0.037       ms
[2026-04-11T14:15:19.704+0530][170.523s][info][gc,stats    ]       Phase: Pause Mark Start                              0.020 / 0.036         0.016 / 0.071         0.016 / 0.071         0.016 / 0.071       ms
[2026-04-11T14:15:19.704+0530][170.523s][info][gc,stats    ]       Phase: Pause Relocate Start                          0.013 / 0.014         0.015 / 0.053         0.015 / 0.053         0.015 / 0.053       ms
[2026-04-11T14:15:19.704+0530][170.523s][info][gc,stats    ]    Subphase: Concurrent Classes Purge                      0.043 / 0.045         0.079 / 0.807         0.079 / 0.807         0.079 / 0.807       ms
[2026-04-11T14:15:19.704+0530][170.523s][info][gc,stats    ]    Subphase: Concurrent Classes Unlink                     1.247 / 1.257         2.523 / 36.057        2.523 / 36.057        2.523 / 36.057      ms
[2026-04-11T14:15:19.704+0530][170.523s][info][gc,stats    ]    Subphase: Concurrent Mark                            3841.163 / 4004.302   2319.824 / 4300.528   2319.824 / 4300.528   2319.824 / 4300.528    ms
[2026-04-11T14:15:19.704+0530][170.523s][info][gc,stats    ]    Subphase: Concurrent Mark Try Flush                     0.142 / 0.243         0.174 / 0.878         0.174 / 0.878         0.174 / 0.878       ms
[2026-04-11T14:15:19.704+0530][170.523s][info][gc,stats    ]    Subphase: Concurrent Mark Try Terminate                13.129 / 17.109       11.886 / 19.626       11.886 / 19.626       11.886 / 19.626      ms
[2026-04-11T14:15:19.704+0530][170.523s][info][gc,stats    ]    Subphase: Concurrent References Enqueue                 0.001 / 0.001         0.002 / 0.015         0.002 / 0.015         0.002 / 0.015       ms
[2026-04-11T14:15:19.704+0530][170.523s][info][gc,stats    ]    Subphase: Concurrent References Process                 0.112 / 0.127         0.135 / 0.382         0.135 / 0.382         0.135 / 0.382       ms
[2026-04-11T14:15:19.706+0530][170.525s][info][gc,stats    ]    Subphase: Concurrent Roots ClassLoaderDataGraph         0.076 / 0.228         0.090 / 0.499         0.090 / 0.499         0.090 / 0.499       ms
[2026-04-11T14:15:19.706+0530][170.525s][info][gc,stats    ]    Subphase: Concurrent Roots CodeCache                    0.000 / 0.000         0.000 / 0.000         0.000 / 0.000         0.000 / 0.000       ms
[2026-04-11T14:15:19.706+0530][170.525s][info][gc,stats    ]    Subphase: Concurrent Roots JavaThreads                  0.528 / 0.783         0.398 / 1.042         0.398 / 1.042         0.398 / 1.042       ms
[2026-04-11T14:15:19.706+0530][170.525s][info][gc,stats    ]    Subphase: Concurrent Roots OopStorageSet                0.022 / 0.047         0.029 / 0.182         0.029 / 0.182         0.029 / 0.182       ms
[2026-04-11T14:15:19.706+0530][170.525s][info][gc,stats    ]    Subphase: Concurrent Weak Roots OopStorageSet           0.172 / 0.200         0.223 / 0.613         0.223 / 0.613         0.223 / 0.613       ms
[2026-04-11T14:15:19.706+0530][170.525s][info][gc,stats    ]    Subphase: Pause Mark Try Complete                       0.000 / 0.000         0.000 / 0.000         0.000 / 0.000         0.000 / 0.000       ms
[2026-04-11T14:15:19.706+0530][170.526s][info][gc,stats    ]      System: Java Threads                                     18 / 18               18 / 20               18 / 20               18 / 20          threads
[2026-04-11T14:15:19.706+0530][170.526s][info][gc,stats    ] =========================================================================================================================================================
[2026-04-11T14:15:22.592+0530][173.411s][info][gc,phases   ] GC(32) Concurrent Mark 3688.297ms
[2026-04-11T14:15:22.592+0530][173.412s][info][gc,phases   ] GC(32) Pause Mark End 0.020ms
[2026-04-11T14:15:22.592+0530][173.412s][info][gc,phases   ] GC(32) Concurrent Mark Free 0.002ms
[2026-04-11T14:15:22.595+0530][173.414s][info][gc,phases   ] GC(32) Concurrent Process Non-Strong References 1.746ms
[2026-04-11T14:15:22.595+0530][173.414s][info][gc,phases   ] GC(32) Concurrent Reset Relocation Set 0.042ms
[2026-04-11T14:15:22.603+0530][173.422s][info][gc,phases   ] GC(32) Concurrent Select Relocation Set 7.978ms
[2026-04-11T14:15:22.603+0530][173.422s][info][gc,phases   ] GC(32) Pause Relocate Start 0.012ms
[2026-04-11T14:15:22.638+0530][173.457s][info][gc,phases   ] GC(32) Concurrent Relocate 34.552ms
[2026-04-11T14:15:22.638+0530][173.457s][info][gc,load     ] GC(32) Load: 0.00/0.00/0.00
[2026-04-11T14:15:22.638+0530][173.457s][info][gc,mmu      ] GC(32) MMU: 2ms/96.4%, 5ms/98.6%, 10ms/99.3%, 20ms/99.6%, 50ms/99.9%, 100ms/99.9%
[2026-04-11T14:15:22.638+0530][173.457s][info][gc,marking  ] GC(32) Mark: 2 stripe(s), 10 proactive flush(es), 2 terminate flush(es), 0 completion(s), 0 continuation(s) 
[2026-04-11T14:15:22.638+0530][173.457s][info][gc,marking  ] GC(32) Mark Stack Usage: 32M
[2026-04-11T14:15:22.638+0530][173.457s][info][gc,nmethod  ] GC(32) NMethods: 1503 registered, 512 unregistered
[2026-04-11T14:15:22.639+0530][173.457s][info][gc,metaspace] GC(32) Metaspace: 6M used, 6M committed, 1088M reserved
[2026-04-11T14:15:22.639+0530][173.457s][info][gc,ref      ] GC(32) Soft: 161 encountered, 0 discovered, 0 enqueued
[2026-04-11T14:15:22.639+0530][173.457s][info][gc,ref      ] GC(32) Weak: 595 encountered, 179 discovered, 0 enqueued
[2026-04-11T14:15:22.639+0530][173.457s][info][gc,ref      ] GC(32) Final: 0 encountered, 0 discovered, 0 enqueued
[2026-04-11T14:15:22.639+0530][173.457s][info][gc,ref      ] GC(32) Phantom: 136 encountered, 55 discovered, 0 enqueued
[2026-04-11T14:15:22.639+0530][173.457s][info][gc,reloc    ] GC(32) Small Pages: 2188 / 4376M, Empty: 522M, Relocated: 41M, In-Place: 0
[2026-04-11T14:15:22.639+0530][173.457s][info][gc,reloc    ] GC(32) Medium Pages: 1 / 32M, Empty: 0M, Relocated: 0M, In-Place: 0
[2026-04-11T14:15:22.639+0530][173.457s][info][gc,reloc    ] GC(32) Large Pages: 4 / 520M, Empty: 0M, Relocated: 0M, In-Place: 0
[2026-04-11T14:15:22.639+0530][173.457s][info][gc,reloc    ] GC(32) Forwarding Usage: 9M
[2026-04-11T14:15:22.639+0530][173.457s][info][gc,heap     ] GC(32) Min Capacity: 4096M(50%)
[2026-04-11T14:15:22.639+0530][173.458s][info][gc,heap     ] GC(32) Max Capacity: 8192M(100%)
[2026-04-11T14:15:22.639+0530][173.458s][info][gc,heap     ] GC(32) Soft Max Capacity: 8192M(100%)
[2026-04-11T14:15:22.639+0530][173.458s][info][gc,heap     ] GC(32)                Mark Start          Mark End        Relocate Start      Relocate End           High               Low         
[2026-04-11T14:15:22.639+0530][173.458s][info][gc,heap     ] GC(32)  Capacity:     8192M (100%)       8192M (100%)       8192M (100%)       8192M (100%)       8192M (100%)       8192M (100%)   
[2026-04-11T14:15:22.639+0530][173.458s][info][gc,heap     ] GC(32)      Free:     3264M (40%)         980M (12%)        1496M (18%)        3320M (41%)        3320M (41%)         978M (12%)    
[2026-04-11T14:15:22.639+0530][173.458s][info][gc,heap     ] GC(32)      Used:     4928M (60%)        7212M (88%)        6696M (82%)        4872M (59%)        7214M (88%)        4872M (59%)    
[2026-04-11T14:15:22.639+0530][173.458s][info][gc,heap     ] GC(32)      Live:         -              2483M (30%)        2483M (30%)        2483M (30%)            -                  -          
[2026-04-11T14:15:22.639+0530][173.458s][info][gc,heap     ] GC(32) Allocated:         -              2284M (28%)        2290M (28%)        2315M (28%)            -                  -          
[2026-04-11T14:15:22.639+0530][173.458s][info][gc,heap     ] GC(32)   Garbage:         -              2444M (30%)        1922M (23%)          73M (1%)             -                  -          
[2026-04-11T14:15:22.639+0530][173.458s][info][gc,heap     ] GC(32) Reclaimed:         -                  -               522M (6%)         2371M (29%)            -                  -          
[2026-04-11T14:15:22.639+0530][173.458s][info][gc          ] GC(32) Garbage Collection (Allocation Rate) 4928M(60%)->4872M(59%)
[2026-04-11T14:15:22.910+0530][173.729s][info][gc,start    ] GC(33) Garbage Collection (Allocation Rate)
[2026-04-11T14:15:22.910+0530][173.729s][info][gc,task     ] GC(33) Using 3 workers
[2026-04-11T14:15:22.910+0530][173.729s][info][gc,phases   ] GC(33) Pause Mark Start 0.011ms
[2026-04-11T14:15:26.637+0530][177.456s][info][gc,phases   ] GC(33) Concurrent Mark 3726.949ms
[2026-04-11T14:15:26.637+0530][177.457s][info][gc,phases   ] GC(33) Pause Mark End 0.019ms
[2026-04-11T14:15:26.638+0530][177.457s][info][gc,phases   ] GC(33) Concurrent Mark Free 0.001ms
[2026-04-11T14:15:26.640+0530][177.459s][info][gc,phases   ] GC(33) Concurrent Process Non-Strong References 1.762ms
[2026-04-11T14:15:26.640+0530][177.459s][info][gc,phases   ] GC(33) Concurrent Reset Relocation Set 0.053ms
[2026-04-11T14:15:26.652+0530][177.471s][info][gc,phases   ] GC(33) Concurrent Select Relocation Set 12.062ms
[2026-04-11T14:15:26.652+0530][177.471s][info][gc,phases   ] GC(33) Pause Relocate Start 0.045ms
[2026-04-11T14:15:26.703+0530][177.522s][info][gc,phases   ] GC(33) Concurrent Relocate 50.730ms
[2026-04-11T14:15:26.703+0530][177.522s][info][gc,load     ] GC(33) Load: 0.00/0.00/0.00
[2026-04-11T14:15:26.703+0530][177.522s][info][gc,mmu      ] GC(33) MMU: 2ms/96.4%, 5ms/98.6%, 10ms/99.3%, 20ms/99.6%, 50ms/99.9%, 100ms/99.9%
[2026-04-11T14:15:26.703+0530][177.522s][info][gc,marking  ] GC(33) Mark: 2 stripe(s), 10 proactive flush(es), 1 terminate flush(es), 0 completion(s), 0 continuation(s) 
[2026-04-11T14:15:26.703+0530][177.522s][info][gc,marking  ] GC(33) Mark Stack Usage: 32M
[2026-04-11T14:15:26.703+0530][177.522s][info][gc,nmethod  ] GC(33) NMethods: 1505 registered, 513 unregistered
[2026-04-11T14:15:26.703+0530][177.522s][info][gc,metaspace] GC(33) Metaspace: 6M used, 6M committed, 1088M reserved
[2026-04-11T14:15:26.703+0530][177.522s][info][gc,ref      ] GC(33) Soft: 161 encountered, 0 discovered, 0 enqueued
[2026-04-11T14:15:26.703+0530][177.523s][info][gc,ref      ] GC(33) Weak: 595 encountered, 143 discovered, 0 enqueued
[2026-04-11T14:15:26.703+0530][177.523s][info][gc,ref      ] GC(33) Final: 0 encountered, 0 discovered, 0 enqueued
[2026-04-11T14:15:26.703+0530][177.523s][info][gc,ref      ] GC(33) Phantom: 136 encountered, 71 discovered, 0 enqueued
[2026-04-11T14:15:26.703+0530][177.523s][info][gc,reloc    ] GC(33) Small Pages: 2276 / 4552M, Empty: 570M, Relocated: 50M, In-Place: 0
[2026-04-11T14:15:26.703+0530][177.523s][info][gc,reloc    ] GC(33) Medium Pages: 1 / 32M, Empty: 0M, Relocated: 0M, In-Place: 0
[2026-04-11T14:15:26.703+0530][177.523s][info][gc,reloc    ] GC(33) Large Pages: 4 / 520M, Empty: 0M, Relocated: 0M, In-Place: 0
[2026-04-11T14:15:26.703+0530][177.523s][info][gc,reloc    ] GC(33) Forwarding Usage: 10M
[2026-04-11T14:15:26.703+0530][177.523s][info][gc,heap     ] GC(33) Min Capacity: 4096M(50%)
[2026-04-11T14:15:26.703+0530][177.523s][info][gc,heap     ] GC(33) Max Capacity: 8192M(100%)
[2026-04-11T14:15:26.703+0530][177.523s][info][gc,heap     ] GC(33) Soft Max Capacity: 8192M(100%)
[2026-04-11T14:15:26.703+0530][177.523s][info][gc,heap     ] GC(33)                Mark Start          Mark End        Relocate Start      Relocate End           High               Low         
[2026-04-11T14:15:26.703+0530][177.523s][info][gc,heap     ] GC(33)  Capacity:     8192M (100%)       8192M (100%)       8192M (100%)       8192M (100%)       8192M (100%)       8192M (100%)   
[2026-04-11T14:15:26.703+0530][177.523s][info][gc,heap     ] GC(33)      Free:     3088M (38%)         810M (10%)        1368M (17%)        3280M (40%)        3280M (40%)         810M (10%)    
[2026-04-11T14:15:26.703+0530][177.523s][info][gc,heap     ] GC(33)      Used:     5104M (62%)        7382M (90%)        6824M (83%)        4912M (60%)        7382M (90%)        4912M (60%)    
[2026-04-11T14:15:26.703+0530][177.523s][info][gc,heap     ] GC(33)      Live:         -              2526M (31%)        2526M (31%)        2526M (31%)            -                  -          
[2026-04-11T14:15:26.703+0530][177.523s][info][gc,heap     ] GC(33) Allocated:         -              2278M (28%)        2290M (28%)        2311M (28%)            -                  -          
[2026-04-11T14:15:26.703+0530][177.523s][info][gc,heap     ] GC(33)   Garbage:         -              2577M (31%)        2007M (25%)          74M (1%)             -                  -          
[2026-04-11T14:15:26.703+0530][177.523s][info][gc,heap     ] GC(33) Reclaimed:         -                  -               570M (7%)         2503M (31%)            -                  -          
[2026-04-11T14:15:26.703+0530][177.523s][info][gc          ] GC(33) Garbage Collection (Allocation Rate) 5104M(62%)->4912M(60%)
[2026-04-11T14:15:27.198+0530][178.017s][info][gc,start    ] GC(34) Garbage Collection (Allocation Rate)
[2026-04-11T14:15:27.198+0530][178.017s][info][gc,task     ] GC(34) Using 3 workers
[2026-04-11T14:15:27.198+0530][178.017s][info][gc,phases   ] GC(34) Pause Mark Start 0.009ms
[2026-04-11T14:15:29.701+0530][180.519s][info][gc,stats    ] === Garbage Collection Statistics =======================================================================================================================
[2026-04-11T14:15:29.701+0530][180.519s][info][gc,stats    ]                                                              Last 10s              Last 10m              Last 10h                Total
[2026-04-11T14:15:29.701+0530][180.519s][info][gc,stats    ]                                                              Avg / Max             Avg / Max             Avg / Max             Avg / Max
[2026-04-11T14:15:29.701+0530][180.519s][info][gc,stats    ]   Collector: Garbage Collection Cycle                   3763.917 / 3793.435   2506.277 / 4618.033   2506.277 / 4618.033   2506.277 / 4618.033    ms
[2026-04-11T14:15:29.701+0530][180.520s][info][gc,stats    ]  Contention: Mark Segment Reset Contention                     0 / 2                 0 / 15                0 / 15                0 / 15          ops/s
[2026-04-11T14:15:29.701+0530][180.520s][info][gc,stats    ]  Contention: Mark SeqNum Reset Contention                      0 / 0                 0 / 2                 0 / 2                 0 / 2           ops/s
[2026-04-11T14:15:29.701+0530][180.520s][info][gc,stats    ]    Critical: Allocation Stall                                  0 / 0                 0 / 2                 0 / 2                 0 / 2           ops/s
[2026-04-11T14:15:29.701+0530][180.520s][info][gc,stats    ]    Critical: Allocation Stall                              0.000 / 0.000      3147.256 / 3147.636   3147.256 / 3147.636   3147.256 / 3147.636    ms
[2026-04-11T14:15:29.701+0530][180.520s][info][gc,stats    ]    Critical: GC Locker Stall                                   0 / 0                 0 / 0                 0 / 0                 0 / 0           ops/s
[2026-04-11T14:15:29.701+0530][180.520s][info][gc,stats    ]    Critical: GC Locker Stall                               0.000 / 0.000         0.000 / 0.000         0.000 / 0.000         0.000 / 0.000       ms
[2026-04-11T14:15:29.701+0530][180.520s][info][gc,stats    ]    Critical: Relocation Stall                                  0 / 0                 0 / 0                 0 / 0                 0 / 0           ops/s
[2026-04-11T14:15:29.701+0530][180.520s][info][gc,stats    ]    Critical: Relocation Stall                              0.000 / 0.000         0.000 / 0.000         0.000 / 0.000         0.000 / 0.000       ms
[2026-04-11T14:15:29.701+0530][180.520s][info][gc,stats    ]      Memory: Allocation Rate                                 638 / 694             632 / 972             632 / 972             632 / 972         MB/s
[2026-04-11T14:15:29.701+0530][180.520s][info][gc,stats    ]      Memory: Defragment                                        0 / 0                 0 / 1                 0 / 1                 0 / 1           ops/s
[2026-04-11T14:15:29.701+0530][180.520s][info][gc,stats    ]      Memory: Out Of Memory                                     0 / 0                 0 / 0                 0 / 0                 0 / 0           ops/s
[2026-04-11T14:15:29.701+0530][180.520s][info][gc,stats    ]      Memory: Page Cache Flush                                  0 / 0                 5 / 262               5 / 262               5 / 262         MB/s
[2026-04-11T14:15:29.701+0530][180.520s][info][gc,stats    ]      Memory: Page Cache Hit L1                               324 / 351             296 / 485             296 / 485             296 / 485         ops/s
[2026-04-11T14:15:29.701+0530][180.520s][info][gc,stats    ]      Memory: Page Cache Hit L2                                 0 / 0                 0 / 0                 0 / 0                 0 / 0           ops/s
[2026-04-11T14:15:29.701+0530][180.520s][info][gc,stats    ]      Memory: Page Cache Hit L3                                 0 / 0                11 / 401              11 / 401              11 / 401         ops/s
[2026-04-11T14:15:29.701+0530][180.520s][info][gc,stats    ]      Memory: Page Cache Miss                                   0 / 0                11 / 252              11 / 252              11 / 252         ops/s
[2026-04-11T14:15:29.701+0530][180.520s][info][gc,stats    ]      Memory: Uncommit                                          0 / 0                 0 / 0                 0 / 0                 0 / 0           MB/s
[2026-04-11T14:15:29.701+0530][180.520s][info][gc,stats    ]      Memory: Undo Object Allocation Failed                     0 / 0                 0 / 1                 0 / 1                 0 / 1           ops/s
[2026-04-11T14:15:29.701+0530][180.520s][info][gc,stats    ]      Memory: Undo Object Allocation Succeeded                  0 / 2                 0 / 8                 0 / 8                 0 / 8           ops/s
[2026-04-11T14:15:29.701+0530][180.520s][info][gc,stats    ]      Memory: Undo Page Allocation                              0 / 1                 0 / 1                 0 / 1                 0 / 1           ops/s
[2026-04-11T14:15:29.701+0530][180.520s][info][gc,stats    ]       Phase: Concurrent Mark                            3707.623 / 3726.949   2430.635 / 4302.047   2430.635 / 4302.047   2430.635 / 4302.047    ms
[2026-04-11T14:15:29.701+0530][180.520s][info][gc,stats    ]       Phase: Concurrent Mark Continue                      0.000 / 0.000         0.000 / 0.000         0.000 / 0.000         0.000 / 0.000       ms
[2026-04-11T14:15:29.701+0530][180.520s][info][gc,stats    ]       Phase: Concurrent Mark Free                          0.002 / 0.002         0.002 / 0.025         0.002 / 0.025         0.002 / 0.025       ms
[2026-04-11T14:15:29.701+0530][180.520s][info][gc,stats    ]       Phase: Concurrent Process Non-Strong References      1.754 / 1.762         3.179 / 37.015        3.179 / 37.015        3.179 / 37.015      ms
[2026-04-11T14:15:29.701+0530][180.520s][info][gc,stats    ]       Phase: Concurrent Relocate                          42.641 / 50.730       58.040 / 289.683      58.040 / 289.683      58.040 / 289.683     ms
[2026-04-11T14:15:29.701+0530][180.520s][info][gc,stats    ]       Phase: Concurrent Reset Relocation Set               0.047 / 0.053         0.072 / 0.149         0.072 / 0.149         0.072 / 0.149       ms
[2026-04-11T14:15:29.701+0530][180.520s][info][gc,stats    ]       Phase: Concurrent Select Relocation Set             10.020 / 12.062       12.443 / 33.837       12.443 / 33.837       12.443 / 33.837      ms
[2026-04-11T14:15:29.701+0530][180.520s][info][gc,stats    ]       Phase: Pause Mark End                                0.019 / 0.020         0.022 / 0.037         0.022 / 0.037         0.022 / 0.037       ms
[2026-04-11T14:15:29.701+0530][180.520s][info][gc,stats    ]       Phase: Pause Mark Start                              0.010 / 0.011         0.016 / 0.071         0.016 / 0.071         0.016 / 0.071       ms
[2026-04-11T14:15:29.701+0530][180.520s][info][gc,stats    ]       Phase: Pause Relocate Start                          0.029 / 0.045         0.015 / 0.053         0.015 / 0.053         0.015 / 0.053       ms
[2026-04-11T14:15:29.701+0530][180.520s][info][gc,stats    ]    Subphase: Concurrent Classes Purge                      0.032 / 0.034         0.076 / 0.807         0.076 / 0.807         0.076 / 0.807       ms
[2026-04-11T14:15:29.701+0530][180.520s][info][gc,stats    ]    Subphase: Concurrent Classes Unlink                     1.246 / 1.250         2.448 / 36.057        2.448 / 36.057        2.448 / 36.057      ms
[2026-04-11T14:15:29.701+0530][180.520s][info][gc,stats    ]    Subphase: Concurrent Mark                            3705.826 / 3726.286   2408.292 / 4300.528   2408.292 / 4300.528   2408.292 / 4300.528    ms
[2026-04-11T14:15:29.701+0530][180.520s][info][gc,stats    ]    Subphase: Concurrent Mark Try Flush                     0.137 / 0.375         0.170 / 0.878         0.170 / 0.878         0.170 / 0.878       ms
[2026-04-11T14:15:29.701+0530][180.520s][info][gc,stats    ]    Subphase: Concurrent Mark Try Terminate                13.556 / 16.739       12.046 / 19.626       12.046 / 19.626       12.046 / 19.626      ms
[2026-04-11T14:15:29.701+0530][180.520s][info][gc,stats    ]    Subphase: Concurrent References Enqueue                 0.000 / 0.001         0.002 / 0.015         0.002 / 0.015         0.002 / 0.015       ms
[2026-04-11T14:15:29.701+0530][180.520s][info][gc,stats    ]    Subphase: Concurrent References Process                 0.092 / 0.109         0.132 / 0.382         0.132 / 0.382         0.132 / 0.382       ms
[2026-04-11T14:15:29.701+0530][180.520s][info][gc,stats    ]    Subphase: Concurrent Roots ClassLoaderDataGraph         0.098 / 0.197         0.090 / 0.499         0.090 / 0.499         0.090 / 0.499       ms
[2026-04-11T14:15:29.701+0530][180.520s][info][gc,stats    ]    Subphase: Concurrent Roots CodeCache                    0.000 / 0.000         0.000 / 0.000         0.000 / 0.000         0.000 / 0.000       ms
[2026-04-11T14:15:29.701+0530][180.520s][info][gc,stats    ]    Subphase: Concurrent Roots JavaThreads                  0.301 / 0.446         0.391 / 1.042         0.391 / 1.042         0.391 / 1.042       ms
[2026-04-11T14:15:29.701+0530][180.520s][info][gc,stats    ]    Subphase: Concurrent Roots OopStorageSet                0.019 / 0.025         0.028 / 0.182         0.028 / 0.182         0.028 / 0.182       ms
[2026-04-11T14:15:29.701+0530][180.520s][info][gc,stats    ]    Subphase: Concurrent Weak Roots OopStorageSet           0.174 / 0.185         0.220 / 0.613         0.220 / 0.613         0.220 / 0.613       ms
[2026-04-11T14:15:29.701+0530][180.520s][info][gc,stats    ]    Subphase: Pause Mark Try Complete                       0.000 / 0.000         0.000 / 0.000         0.000 / 0.000         0.000 / 0.000       ms
[2026-04-11T14:15:29.701+0530][180.520s][info][gc,stats    ]      System: Java Threads                                     18 / 18               18 / 20               18 / 20               18 / 20          threads
[2026-04-11T14:15:29.701+0530][180.520s][info][gc,stats    ] =========================================================================================================================================================
[2026-04-11T14:15:30.890+0530][181.709s][info][gc,phases   ] GC(34) Concurrent Mark 3691.190ms
[2026-04-11T14:15:30.890+0530][181.709s][info][gc,phases   ] GC(34) Pause Mark End 0.024ms
[2026-04-11T14:15:30.890+0530][181.709s][info][gc,phases   ] GC(34) Concurrent Mark Free 0.002ms
[2026-04-11T14:15:30.891+0530][181.711s][info][gc,phases   ] GC(34) Concurrent Process Non-Strong References 1.677ms
[2026-04-11T14:15:30.891+0530][181.711s][info][gc,phases   ] GC(34) Concurrent Reset Relocation Set 0.044ms
[2026-04-11T14:15:30.896+0530][181.715s][info][gc,phases   ] GC(34) Concurrent Select Relocation Set 3.513ms
[2026-04-11T14:15:30.896+0530][181.715s][info][gc,phases   ] GC(34) Pause Relocate Start 0.012ms
[2026-04-11T14:15:30.924+0530][181.743s][info][gc,phases   ] GC(34) Concurrent Relocate 27.697ms
[2026-04-11T14:15:30.924+0530][181.743s][info][gc,load     ] GC(34) Load: 0.00/0.00/0.00
[2026-04-11T14:15:30.924+0530][181.743s][info][gc,mmu      ] GC(34) MMU: 2ms/96.4%, 5ms/98.6%, 10ms/99.3%, 20ms/99.6%, 50ms/99.9%, 100ms/99.9%
[2026-04-11T14:15:30.924+0530][181.743s][info][gc,marking  ] GC(34) Mark: 2 stripe(s), 10 proactive flush(es), 1 terminate flush(es), 0 completion(s), 0 continuation(s) 
[2026-04-11T14:15:30.924+0530][181.743s][info][gc,marking  ] GC(34) Mark Stack Usage: 32M
[2026-04-11T14:15:30.924+0530][181.743s][info][gc,nmethod  ] GC(34) NMethods: 1506 registered, 513 unregistered
[2026-04-11T14:15:30.924+0530][181.743s][info][gc,metaspace] GC(34) Metaspace: 6M used, 6M committed, 1088M reserved
[2026-04-11T14:15:30.924+0530][181.743s][info][gc,ref      ] GC(34) Soft: 161 encountered, 0 discovered, 0 enqueued
[2026-04-11T14:15:30.924+0530][181.743s][info][gc,ref      ] GC(34) Weak: 595 encountered, 211 discovered, 0 enqueued
[2026-04-11T14:15:30.924+0530][181.743s][info][gc,ref      ] GC(34) Final: 0 encountered, 0 discovered, 0 enqueued
[2026-04-11T14:15:30.924+0530][181.743s][info][gc,ref      ] GC(34) Phantom: 136 encountered, 66 discovered, 0 enqueued
[2026-04-11T14:15:30.924+0530][181.743s][info][gc,reloc    ] GC(34) Small Pages: 2367 / 4734M, Empty: 600M, Relocated: 40M, In-Place: 0
[2026-04-11T14:15:30.924+0530][181.743s][info][gc,reloc    ] GC(34) Medium Pages: 1 / 32M, Empty: 0M, Relocated: 0M, In-Place: 0
[2026-04-11T14:15:30.924+0530][181.743s][info][gc,reloc    ] GC(34) Large Pages: 4 / 520M, Empty: 0M, Relocated: 0M, In-Place: 0
[2026-04-11T14:15:30.924+0530][181.743s][info][gc,reloc    ] GC(34) Forwarding Usage: 9M
[2026-04-11T14:15:30.924+0530][181.743s][info][gc,heap     ] GC(34) Min Capacity: 4096M(50%)
[2026-04-11T14:15:30.924+0530][181.743s][info][gc,heap     ] GC(34) Max Capacity: 8192M(100%)
[2026-04-11T14:15:30.924+0530][181.743s][info][gc,heap     ] GC(34) Soft Max Capacity: 8192M(100%)
[2026-04-11T14:15:30.924+0530][181.743s][info][gc,heap     ] GC(34)                Mark Start          Mark End        Relocate Start      Relocate End           High               Low         
[2026-04-11T14:15:30.924+0530][181.743s][info][gc,heap     ] GC(34)  Capacity:     8192M (100%)       8192M (100%)       8192M (100%)       8192M (100%)       8192M (100%)       8192M (100%)   
[2026-04-11T14:15:30.924+0530][181.743s][info][gc,heap     ] GC(34)      Free:     2906M (35%)         736M (9%)         1334M (16%)        3378M (41%)        3378M (41%)         736M (9%)     
[2026-04-11T14:15:30.924+0530][181.743s][info][gc,heap     ] GC(34)      Used:     5286M (65%)        7456M (91%)        6858M (84%)        4814M (59%)        7456M (91%)        4814M (59%)    
[2026-04-11T14:15:30.924+0530][181.743s][info][gc,heap     ] GC(34)      Live:         -              2556M (31%)        2556M (31%)        2556M (31%)            -                  -          
[2026-04-11T14:15:30.924+0530][181.743s][info][gc,heap     ] GC(34) Allocated:         -              2170M (26%)        2172M (27%)        2183M (27%)            -                  -          
[2026-04-11T14:15:30.924+0530][181.743s][info][gc,heap     ] GC(34)   Garbage:         -              2729M (33%)        2129M (26%)          74M (1%)             -                  -          
[2026-04-11T14:15:30.924+0530][181.743s][info][gc,heap     ] GC(34) Reclaimed:         -                  -               600M (7%)         2655M (32%)            -                  -          
[2026-04-11T14:15:30.924+0530][181.743s][info][gc          ] GC(34) Garbage Collection (Allocation Rate) 5286M(65%)->4814M(59%)
[2026-04-11T14:15:31.002+0530][181.821s][info][gc,start    ] GC(35) Garbage Collection (Allocation Rate)
[2026-04-11T14:15:31.002+0530][181.821s][info][gc,task     ] GC(35) Using 3 workers
[2026-04-11T14:15:31.019+0530][181.838s][info][gc,phases   ] GC(35) Pause Mark Start 0.036ms
[2026-04-11T14:15:34.653+0530][185.471s][info][gc,phases   ] GC(35) Concurrent Mark 3633.079ms
[2026-04-11T14:15:34.653+0530][185.472s][info][gc,phases   ] GC(35) Pause Mark End 0.023ms
[2026-04-11T14:15:34.653+0530][185.472s][info][gc,phases   ] GC(35) Concurrent Mark Free 0.002ms
[2026-04-11T14:15:34.655+0530][185.474s][info][gc,phases   ] GC(35) Concurrent Process Non-Strong References 1.978ms
[2026-04-11T14:15:34.655+0530][185.474s][info][gc,phases   ] GC(35) Concurrent Reset Relocation Set 0.056ms
[2026-04-11T14:15:34.661+0530][185.480s][info][gc,phases   ] GC(35) Concurrent Select Relocation Set 5.677ms
[2026-04-11T14:15:34.661+0530][185.480s][info][gc,phases   ] GC(35) Pause Relocate Start 0.011ms
[2026-04-11T14:15:34.685+0530][185.505s][info][gc,phases   ] GC(35) Concurrent Relocate 24.365ms
[2026-04-11T14:15:34.685+0530][185.505s][info][gc,load     ] GC(35) Load: 0.00/0.00/0.00
[2026-04-11T14:15:34.685+0530][185.505s][info][gc,mmu      ] GC(35) MMU: 2ms/96.4%, 5ms/98.6%, 10ms/99.3%, 20ms/99.6%, 50ms/99.9%, 100ms/99.9%
[2026-04-11T14:15:34.685+0530][185.505s][info][gc,marking  ] GC(35) Mark: 2 stripe(s), 5 proactive flush(es), 1 terminate flush(es), 0 completion(s), 0 continuation(s) 
[2026-04-11T14:15:34.685+0530][185.505s][info][gc,marking  ] GC(35) Mark Stack Usage: 32M
[2026-04-11T14:15:34.685+0530][185.505s][info][gc,nmethod  ] GC(35) NMethods: 1506 registered, 513 unregistered
[2026-04-11T14:15:34.685+0530][185.505s][info][gc,metaspace] GC(35) Metaspace: 6M used, 6M committed, 1088M reserved
[2026-04-11T14:15:34.686+0530][185.505s][info][gc,ref      ] GC(35) Soft: 161 encountered, 0 discovered, 0 enqueued
[2026-04-11T14:15:34.686+0530][185.505s][info][gc,ref      ] GC(35) Weak: 595 encountered, 165 discovered, 0 enqueued
[2026-04-11T14:15:34.686+0530][185.505s][info][gc,ref      ] GC(35) Final: 0 encountered, 0 discovered, 0 enqueued
[2026-04-11T14:15:34.686+0530][185.505s][info][gc,ref      ] GC(35) Phantom: 136 encountered, 56 discovered, 0 enqueued
[2026-04-11T14:15:34.686+0530][185.505s][info][gc,reloc    ] GC(35) Small Pages: 2150 / 4300M, Empty: 514M, Relocated: 25M, In-Place: 0
[2026-04-11T14:15:34.686+0530][185.505s][info][gc,reloc    ] GC(35) Medium Pages: 1 / 32M, Empty: 0M, Relocated: 0M, In-Place: 0
[2026-04-11T14:15:34.686+0530][185.505s][info][gc,reloc    ] GC(35) Large Pages: 4 / 520M, Empty: 0M, Relocated: 0M, In-Place: 0
[2026-04-11T14:15:34.686+0530][185.505s][info][gc,reloc    ] GC(35) Forwarding Usage: 5M
[2026-04-11T14:15:34.686+0530][185.505s][info][gc,heap     ] GC(35) Min Capacity: 4096M(50%)
[2026-04-11T14:15:34.686+0530][185.505s][info][gc,heap     ] GC(35) Max Capacity: 8192M(100%)
[2026-04-11T14:15:34.686+0530][185.505s][info][gc,heap     ] GC(35) Soft Max Capacity: 8192M(100%)
[2026-04-11T14:15:34.686+0530][185.506s][info][gc,heap     ] GC(35)                Mark Start          Mark End        Relocate Start      Relocate End           High               Low         
[2026-04-11T14:15:34.686+0530][185.506s][info][gc,heap     ] GC(35)  Capacity:     8192M (100%)       8192M (100%)       8192M (100%)       8192M (100%)       8192M (100%)       8192M (100%)   
[2026-04-11T14:15:34.686+0530][185.506s][info][gc,heap     ] GC(35)      Free:     3340M (41%)         938M (11%)        1446M (18%)        3122M (38%)        3340M (41%)         936M (11%)    
[2026-04-11T14:15:34.686+0530][185.506s][info][gc,heap     ] GC(35)      Used:     4852M (59%)        7254M (89%)        6746M (82%)        5070M (62%)        7256M (89%)        4852M (59%)    
[2026-04-11T14:15:34.686+0530][185.506s][info][gc,heap     ] GC(35)      Live:         -              2567M (31%)        2567M (31%)        2567M (31%)            -                  -          
[2026-04-11T14:15:34.686+0530][185.506s][info][gc,heap     ] GC(35) Allocated:         -              2402M (29%)        2408M (29%)        2427M (30%)            -                  -          
[2026-04-11T14:15:34.686+0530][185.506s][info][gc,heap     ] GC(35)   Garbage:         -              2284M (28%)        1770M (22%)          75M (1%)             -                  -          
[2026-04-11T14:15:34.686+0530][185.506s][info][gc,heap     ] GC(35) Reclaimed:         -                  -               514M (6%)         2209M (27%)            -                  -          
[2026-04-11T14:15:34.686+0530][185.506s][info][gc          ] GC(35) Garbage Collection (Allocation Rate) 4852M(59%)->5070M(62%)
[2026-04-11T14:15:34.904+0530][185.723s][info][gc,start    ] GC(36) Garbage Collection (Allocation Rate)
[2026-04-11T14:15:34.904+0530][185.723s][info][gc,task     ] GC(36) Using 3 workers
[2026-04-11T14:15:34.904+0530][185.724s][info][gc,phases   ] GC(36) Pause Mark Start 0.014ms
[2026-04-11T14:15:38.686+0530][189.505s][info][gc          ] GC(36) Garbage Collection (Allocation Rate) Aborted
[2026-04-11T14:15:38.686+0530][189.506s][info][gc,heap,exit] Heap
[2026-04-11T14:15:38.686+0530][189.506s][info][gc,heap,exit]  ZHeap           used 6354M, capacity 8192M, max capacity 8192M
[2026-04-11T14:15:38.686+0530][189.506s][info][gc,heap,exit]  Metaspace       used 7111K, committed 7360K, reserved 1114112K
[2026-04-11T14:15:38.686+0530][189.506s][info][gc,heap,exit]   class space    used 793K, committed 896K, reserved 1048576K
